06:56:28.679 [main                     ] DEBUG Logger               - Configured Logger
06:56:28.696 [main                     ] DEBUG GameApplication      - Logging settings
Title: Metegol - Champs 2026
Version: 0.0
Width: 1280
Height: 720
Fullscreen: false
Intro: false
Profiling: false
Single step:false
App Mode: DEVELOPER
Menu Key: ESCAPE
Stage Style: DECORATED
Scene Factory: class com.almasb.fxgl.app.scene.SceneFactory

06:56:28.966 [JavaFX Application Thread] DEBUG FXGLApplication      - Initializing FXGL
06:56:28.969 [JavaFX Application Thread] INFO  Engine               - FXGL-21 (28.12.2023 13.35) on LINUX (J:25.0.3 FX:26)
06:56:28.970 [JavaFX Application Thread] DEBUG Engine               - JRE Vendor Name: Flathub
06:56:28.970 [JavaFX Application Thread] DEBUG Engine               - Running on OS: Linux version 7.1.3-201.fc44.x86_64
06:56:28.970 [JavaFX Application Thread] DEBUG Engine               - Architecture: amd64
06:56:28.970 [JavaFX Application Thread] INFO  Engine               - Source code and latest versions at: https://github.com/AlmasB/FXGL
06:56:28.970 [JavaFX Application Thread] INFO  Engine               -       Ask questions and discuss at: https://github.com/AlmasB/FXGL/discussions
06:56:28.971 [JavaFX Application Thread] INFO  Engine               -              Join the FXGL chat at: https://gitter.im/AlmasB/FXGL
06:56:29.060 [JavaFX Application Thread] DEBUG PrimaryStageWindow   - Creating a JavaFX scene
06:56:29.125 [JavaFX Application Thread] DEBUG PrimaryStageWindow   - Target settings size: 1280.0 x 720.0
06:56:29.125 [JavaFX Application Thread] DEBUG PrimaryStageWindow   - Scaled scene size:    1280.0 x 720.0
06:56:29.125 [JavaFX Application Thread] DEBUG PrimaryStageWindow   - Scaled ratio: (1.0, 1.0)
06:56:29.126 [JavaFX Application Thread] DEBUG PrimaryStageWindow   - Set initial scene to FXGLStartupScene
06:56:29.130 [JavaFX Application Thread] DEBUG PrimaryStageWindow   - Opening main window
06:56:29.163 [JavaFX Application Thread] DEBUG PrimaryStageWindow   - Window border size: (0.0, 35.0)
06:56:29.163 [JavaFX Application Thread] DEBUG PrimaryStageWindow   - Scaled size: 1280.0 x 685.3720703125
06:56:29.164 [JavaFX Application Thread] DEBUG PrimaryStageWindow   - Scaled ratio: (1.0, 0.9519056532118055)
06:56:29.164 [JavaFX Application Thread] DEBUG PrimaryStageWindow   - Scene size: 1280.0 x 720.0
06:56:29.164 [JavaFX Application Thread] DEBUG PrimaryStageWindow   - Stage size: 1280.0 x 720.3720703125
06:56:29.169 [FXGL Background Thread 1 ] DEBUG Engine               - Initializing environment variables
06:56:29.285 [FXGL Background Thread 1 ] DEBUG FXGLAssetLoaderServi - User app class for loading assets: class Metegol.Metegol
06:56:29.286 [FXGL Background Thread 1 ] DEBUG GameApplicationServi - Applying CSS: fxgl_dark.css
06:56:29.287 [FXGL Background Thread 1 ] DEBUG FXGLAssetLoaderServi - Loading from file system: jar:file:/home/legasov/.m2/repository/com/github/almasb/fxgl/21/fxgl-21.jar!/fxglassets/ui/css/fxgl_dark.css
06:56:29.343 [FXGL Background Thread 1 ] DEBUG GameApplicationServi - Initializing application scenes
06:56:29.413 [FXGL Background Thread 1 ] DEBUG GameWorld            - Game world initialized
06:56:29.465 [FXGL Background Thread 1 ] DEBUG PhysicsWorld         - Physics world initialized: appHeight=720, physics.ppm=50.0
06:56:29.465 [FXGL Background Thread 1 ] DEBUG PhysicsWorld         - Using strategy: BRUTE_FORCE
06:56:29.470 [FXGL Background Thread 1 ] DEBUG GameScene            - Game scene initialized: 1280x720
06:56:29.480 [FXGL Background Thread 1 ] DEBUG FXGL.DefaultMenu     - createMenuBodyGameMenu()
06:56:29.492 [FXGL Background Thread 1 ] DEBUG FXGL.DefaultMenu     - createOptionsMenu()
06:56:29.501 [FXGL Background Thread 1 ] DEBUG FXGLAssetLoaderServi - Loading from file system: jar:file:/home/legasov/.m2/repository/com/github/almasb/fxgl/21/fxgl-21.jar!/fxglassets/textures/particles/smoke.png
06:56:29.591 [FXGL Background Thread 1 ] DEBUG FXGLAssetLoaderServi - Loading from file system: jar:file:/home/legasov/.m2/repository/com/github/almasb/fxgl/21/fxgl-21.jar!/fxglassets/textures/particles/trace_horizontal.png
06:56:29.616 [FXGL Background Thread 1 ] DEBUG GameApplicationServi - Application scenes initialized
06:56:29.630 [FXGL Background Thread 1 ] DEBUG SystemBundleService  - Loading FXGL system data
06:56:29.633 [FXGL Background Thread 1 ] DEBUG FileSystemAccess     - Reading from: /home/legasov/NetBeansProjects/Metegol/system/fxgl.bundle
06:56:29.641 [FXGL Background Thread 1 ] DEBUG SystemBundleService  - Bundle FXGL: {}
06:56:29.641 [FXGL Background Thread 1 ] DEBUG UpdaterService       - Checking for updates
06:56:29.647 [FXGL Background Thread 4 ] DEBUG FXGLApplication      - Loading fonts
06:56:29.647 [FXGL Background Thread 4 ] DEBUG FXGLAssetLoaderServi - Loading from file system: jar:file:/home/legasov/.m2/repository/com/github/almasb/fxgl/21/fxgl-21.jar!/fxglassets/ui/fonts/VarelaRound-Regular.ttf
06:56:29.650 [FXGL Background Thread 1 ] DEBUG FXGLApplication      - Loading default localization
06:56:29.651 [FXGL Background Thread 1 ] DEBUG FXGLAssetLoaderServi - Loading from file system: jar:file:/home/legasov/.m2/repository/com/github/almasb/fxgl/21/fxgl-21.jar!/fxglassets/languages/english.lang
06:56:29.663 [FXGL Background Thread 4 ] DEBUG FXGLAssetLoaderServi - Loading from file system: jar:file:/home/legasov/.m2/repository/com/github/almasb/fxgl/21/fxgl-21.jar!/fxglassets/ui/fonts/Abel-Regular.ttf
06:56:29.665 [FXGL Background Thread 4 ] DEBUG FXGLAssetLoaderServi - Loading from file system: jar:file:/home/legasov/.m2/repository/com/github/almasb/fxgl/21/fxgl-21.jar!/fxglassets/ui/fonts/TerminalLandMono-Regular.otf
06:56:29.668 [FXGL Background Thread 4 ] DEBUG FXGLAssetLoaderServi - Loading from file system: jar:file:/home/legasov/.m2/repository/com/github/almasb/fxgl/21/fxgl-21.jar!/fxglassets/ui/fonts/Courier-Prime.ttf
06:56:29.673 [JavaFX Application Thread] DEBUG FXGLApplication      - Registering font factories with UI factory
06:56:29.678 [FXGL Background Thread 1 ] INFO  FXGLApplication      - FXGL initialization took: 0.509 sec
06:56:29.686 [JavaFX Application Thread] DEBUG Input                - Registered new binding: action0 - LMB
06:56:29.687 [JavaFX Application Thread] DEBUG FXGLAssetLoaderServi - Loading from file system: jar:file:/home/legasov/.m2/repository/com/github/almasb/fxgl/21/fxgl-21.jar!/fxglassets/textures/fxgl_icon.png
06:56:29.720 [JavaFX Application Thread] DEBUG FXGLAssetLoaderServi - Loading from file system: jar:file:/home/legasov/.m2/repository/com/github/almasb/fxgl/21/fxgl-21.jar!/fxglassets/textures/fxgl_default_cursor.png
06:56:29.736 [JavaFX Application Thread] DEBUG Input                - Registered new binding: Screenshot - CTRL+8
06:56:29.737 [JavaFX Application Thread] DEBUG Input                - Registered new binding: System info dump - CTRL+9
06:56:29.737 [JavaFX Application Thread] DEBUG Input                - Registered new binding: Restart - CTRL+R
06:56:29.738 [JavaFX Application Thread] DEBUG Input                - Registered new binding: Toggle Debug Camera - CTRL+7
06:56:29.740 [JavaFX Application Thread] DEBUG LoopRunner           - Starting loop
06:56:29.742 [JavaFX Application Thread] DEBUG LoopRunner           - Initializing JavaFX AnimationTimerLoop
06:56:29.744 [JavaFX Application Thread] DEBUG GameApplicationServi - Starting new game
06:56:29.744 [JavaFX Application Thread] DEBUG Input                - Clearing active input actions
06:56:29.761 [JavaFX Application Thread] DEBUG GameApplicationServi - Removing overlay from FXGLStartupScene and adding to FXGLLoadingScene
06:56:29.763 [JavaFX Application Thread] DEBUG PrimaryStageWindow   - FXGLStartupScene -> FXGLLoadingScene
06:56:29.763 [JavaFX Application Thread] DEBUG GameApplicationServi - Clearing previous game
06:56:29.763 [JavaFX Application Thread] DEBUG GameScene            - Clearing game scene
06:56:29.763 [JavaFX Application Thread] DEBUG GameWorld            - Clearing game world
06:56:29.763 [JavaFX Application Thread] DEBUG PhysicsWorld         - Clearing physics world
06:56:29.765 [FXGL Background Thread 1 ] DEBUG FXGLApplication      - Initializing game
06:56:29.783 [FXGL Background Thread 1 ] DEBUG FXGLAssetLoaderServi - Loading from file system: file:/home/legasov/NetBeansProjects/Metegol/target/classes/assets/textures/fondoMenu.png
06:56:29.876 [FXGL Background Thread 1 ] INFO  FXGLApplication      - Game initialization took: 0.111 sec
06:56:29.990 [JavaFX Application Thread] DEBUG Input                - Clearing active input actions
06:56:30.005 [JavaFX Application Thread] DEBUG GameApplicationServi - Removing overlay from FXGLLoadingScene and adding to GameScene
06:56:30.005 [JavaFX Application Thread] DEBUG PrimaryStageWindow   - FXGLLoadingScene -> GameScene
06:56:30.613 [FXGL Background Thread 2 ] INFO  UpdaterService       - Your current version:  21
06:56:30.617 [FXGL Background Thread 2 ] INFO  UpdaterService       - Latest stable version: 25
06:56:32.644 [FXGL Background Thread 3 ] DEBUG Engine               - Logging environment variables
06:56:32.645 [FXGL Background Thread 3 ] DEBUG Engine               - achievements: []
06:56:32.645 [FXGL Background Thread 3 ] DEBUG Engine               - actualHeight: 685.3720703125
06:56:32.646 [FXGL Background Thread 3 ] DEBUG Engine               - actualHeightProperty: ReadOnlyDoubleProperty [value: 712.906982421875]
06:56:32.646 [FXGL Background Thread 3 ] DEBUG Engine               - actualWidth: 1280.0
06:56:32.646 [FXGL Background Thread 3 ] DEBUG Engine               - actualWidthProperty: ReadOnlyDoubleProperty [value: 1280.0]
06:56:32.646 [FXGL Background Thread 3 ] DEBUG Engine               - appIcon: fxgl_icon.png
06:56:32.646 [FXGL Background Thread 3 ] DEBUG Engine               - applicationMode: DEVELOPER
06:56:32.646 [FXGL Background Thread 3 ] DEBUG Engine               - cSSList: [fxgl_dark.css]
06:56:32.646 [FXGL Background Thread 3 ] DEBUG Engine               - collisionDetectionStrategy: BRUTE_FORCE
06:56:32.647 [FXGL Background Thread 3 ] DEBUG Engine               - configClass: Optional.empty
06:56:32.647 [FXGL Background Thread 3 ] DEBUG Engine               - credits: []
06:56:32.647 [FXGL Background Thread 3 ] DEBUG Engine               - defaultCursor: CursorInfo(imageName=fxgl_default_cursor.png, hotspotX=7.0, hotspotY=6.0)
06:56:32.648 [FXGL Background Thread 3 ] DEBUG Engine               - devBBoxColorProperty: ObjectProperty [value: 0xff0000ff]
06:56:32.648 [FXGL Background Thread 3 ] DEBUG Engine               - devEnableDebugCameraProperty: BooleanProperty [value: false]
06:56:32.648 [FXGL Background Thread 3 ] DEBUG Engine               - devSensorColorProperty: ObjectProperty [value: 0xffff00ff]
06:56:32.648 [FXGL Background Thread 3 ] DEBUG Engine               - devShowBBoxProperty: BooleanProperty [value: false]
06:56:32.648 [FXGL Background Thread 3 ] DEBUG Engine               - devShowPositionProperty: BooleanProperty [value: false]
06:56:32.648 [FXGL Background Thread 3 ] DEBUG Engine               - enabledMenuItems: []
06:56:32.649 [FXGL Background Thread 3 ] DEBUG Engine               - engineServices: [class com.almasb.fxgl.app.services.FXGLAssetLoaderService, class com.almasb.fxgl.app.FXGLApplication$GameApplicationService, class com.almasb.fxgl.app.services.FXGLDialogService, class com.almasb.fxgl.app.services.IOTaskExecutorService, class com.almasb.fxgl.io.FileSystemService, class com.almasb.fxgl.localization.LocalizationService, class com.almasb.fxgl.app.services.SystemBundleService, class com.almasb.fxgl.profile.SaveLoadService, class com.almasb.fxgl.ui.FXGLUIFactoryServiceProvider, class com.almasb.fxgl.ui.FXGLDialogFactoryServiceProvider, class com.almasb.fxgl.audio.AudioPlayer, class com.almasb.fxgl.notification.impl.NotificationServiceProvider, class com.almasb.fxgl.achievement.AchievementService, class com.almasb.fxgl.cutscene.CutsceneService, class com.almasb.fxgl.minigames.MiniGameService, class com.almasb.fxgl.net.NetService, class com.almasb.fxgl.app.services.UpdaterService, class com.almasb.fxgl.dev.DevService]
06:56:32.649 [FXGL Background Thread 3 ] DEBUG Engine               - fontGame: Abel-Regular.ttf
06:56:32.649 [FXGL Background Thread 3 ] DEBUG Engine               - fontMono: TerminalLandMono-Regular.otf
06:56:32.649 [FXGL Background Thread 3 ] DEBUG Engine               - fontSizeScaleUI: 1.0
06:56:32.649 [FXGL Background Thread 3 ] DEBUG Engine               - fontText: Courier-Prime.ttf
06:56:32.649 [FXGL Background Thread 3 ] DEBUG Engine               - fontUI: VarelaRound-Regular.ttf
06:56:32.649 [FXGL Background Thread 3 ] DEBUG Engine               - fullScreen: BooleanProperty [value: false]
06:56:32.650 [FXGL Background Thread 3 ] DEBUG Engine               - gameDifficulty: MEDIUM
06:56:32.650 [FXGL Background Thread 3 ] DEBUG Engine               - gameDifficultyProperty: ObjectProperty [value: MEDIUM]
06:56:32.650 [FXGL Background Thread 3 ] DEBUG Engine               - globalMusicVolume: 0.5
06:56:32.650 [FXGL Background Thread 3 ] DEBUG Engine               - globalMusicVolumeProperty: DoubleProperty [value: 0.5]
06:56:32.650 [FXGL Background Thread 3 ] DEBUG Engine               - globalSoundVolume: 0.5
06:56:32.650 [FXGL Background Thread 3 ] DEBUG Engine               - globalSoundVolumeProperty: DoubleProperty [value: 0.5]
06:56:32.650 [FXGL Background Thread 3 ] DEBUG Engine               - height: 720
06:56:32.650 [FXGL Background Thread 3 ] DEBUG Engine               - is3D: false
06:56:32.651 [FXGL Background Thread 3 ] DEBUG Engine               - isAndroid: false
06:56:32.651 [FXGL Background Thread 3 ] DEBUG Engine               - isBrowser: false
06:56:32.651 [FXGL Background Thread 3 ] DEBUG Engine               - isClickFeedbackEnabled: false
06:56:32.651 [FXGL Background Thread 3 ] DEBUG Engine               - isCloseConfirmation: false
06:56:32.651 [FXGL Background Thread 3 ] DEBUG Engine               - isDesktop: true
06:56:32.652 [FXGL Background Thread 3 ] DEBUG Engine               - isDeveloperMenuEnabled: false
06:56:32.652 [FXGL Background Thread 3 ] DEBUG Engine               - isEmbedded: false
06:56:32.652 [FXGL Background Thread 3 ] DEBUG Engine               - isEntityPreloadEnabled: true
06:56:32.652 [FXGL Background Thread 3 ] DEBUG Engine               - isExperimentalTiledLargeMap: false
06:56:32.652 [FXGL Background Thread 3 ] DEBUG Engine               - isFileSystemWriteAllowed: true
06:56:32.652 [FXGL Background Thread 3 ] DEBUG Engine               - isFullScreenAllowed: false
06:56:32.652 [FXGL Background Thread 3 ] DEBUG Engine               - isFullScreenFromStart: false
06:56:32.652 [FXGL Background Thread 3 ] DEBUG Engine               - isGameMenuEnabled: true
06:56:32.653 [FXGL Background Thread 3 ] DEBUG Engine               - isIOS: false
06:56:32.653 [FXGL Background Thread 3 ] DEBUG Engine               - isIntroEnabled: false
06:56:32.653 [FXGL Background Thread 3 ] DEBUG Engine               - isLinux: true
06:56:32.653 [FXGL Background Thread 3 ] DEBUG Engine               - isMac: false
06:56:32.653 [FXGL Background Thread 3 ] DEBUG Engine               - isMainMenuEnabled: false
06:56:32.653 [FXGL Background Thread 3 ] DEBUG Engine               - isManualResizeEnabled: false
06:56:32.653 [FXGL Background Thread 3 ] DEBUG Engine               - isMobile: false
06:56:32.653 [FXGL Background Thread 3 ] DEBUG Engine               - isNative: false
06:56:32.654 [FXGL Background Thread 3 ] DEBUG Engine               - isPauseMusicWhenMinimized: true
06:56:32.654 [FXGL Background Thread 3 ] DEBUG Engine               - isPreserveResizeRatio: false
06:56:32.654 [FXGL Background Thread 3 ] DEBUG Engine               - isProfilingEnabled: false
06:56:32.654 [FXGL Background Thread 3 ] DEBUG Engine               - isScaleAffectedOnResize: true
06:56:32.654 [FXGL Background Thread 3 ] DEBUG Engine               - isSingleStep: false
06:56:32.654 [FXGL Background Thread 3 ] DEBUG Engine               - isUserProfileEnabled: false
06:56:32.654 [FXGL Background Thread 3 ] DEBUG Engine               - isWindows: false
06:56:32.654 [FXGL Background Thread 3 ] DEBUG Engine               - language: ObjectProperty [value: ENGLISH]
06:56:32.654 [FXGL Background Thread 3 ] DEBUG Engine               - menuKey: ESCAPE
06:56:32.654 [FXGL Background Thread 3 ] DEBUG Engine               - mouseSensitivity: 0.2
06:56:32.654 [FXGL Background Thread 3 ] DEBUG Engine               - notificationViewClass: class com.almasb.fxgl.notification.view.XboxNotificationView
06:56:32.654 [FXGL Background Thread 3 ] DEBUG Engine               - pixelsPerMeter: 50.0
06:56:32.655 [FXGL Background Thread 3 ] DEBUG Engine               - platform: LINUX
06:56:32.655 [FXGL Background Thread 3 ] DEBUG Engine               - prefHeightProperty: ReadOnlyDoubleProperty [value: 720.0]
06:56:32.655 [FXGL Background Thread 3 ] DEBUG Engine               - prefWidthProperty: ReadOnlyDoubleProperty [value: 1280.0]
06:56:32.655 [FXGL Background Thread 3 ] DEBUG Engine               - profileDir: profiles/
06:56:32.655 [FXGL Background Thread 3 ] DEBUG Engine               - profileName: StringProperty [value: DEFAULT]
06:56:32.655 [FXGL Background Thread 3 ] DEBUG Engine               - randomSeed: -1
06:56:32.655 [FXGL Background Thread 3 ] DEBUG Engine               - runtimeInfo: RuntimeInfo(platform=LINUX, version=21, build=28.12.2023 13.35)
06:56:32.656 [FXGL Background Thread 3 ] DEBUG Engine               - saveFileExt: sav
06:56:32.656 [FXGL Background Thread 3 ] DEBUG Engine               - scaledHeightProp$fxgl: DoubleProperty [bound, value: 712.906982421875]
06:56:32.656 [FXGL Background Thread 3 ] DEBUG Engine               - scaledWidthProp$fxgl: DoubleProperty [bound, value: 1280.0]
06:56:32.656 [FXGL Background Thread 3 ] DEBUG Engine               - sceneFactory: com.almasb.fxgl.app.scene.SceneFactory@64a7fdfd
06:56:32.656 [FXGL Background Thread 3 ] DEBUG Engine               - secondsIn24h: 60
06:56:32.656 [FXGL Background Thread 3 ] DEBUG Engine               - soundMenuBack: menu/back.wav
06:56:32.656 [FXGL Background Thread 3 ] DEBUG Engine               - soundMenuPress: menu/press.wav
06:56:32.656 [FXGL Background Thread 3 ] DEBUG Engine               - soundMenuSelect: menu/select.wav
06:56:32.656 [FXGL Background Thread 3 ] DEBUG Engine               - soundNotification: core/notification.wav
06:56:32.656 [FXGL Background Thread 3 ] DEBUG Engine               - stageStyle: DECORATED
06:56:32.656 [FXGL Background Thread 3 ] DEBUG Engine               - supportedLanguages: [ENGLISH, FRENCH, GERMAN, HUNGARIAN, RUSSIAN]
06:56:32.656 [FXGL Background Thread 3 ] DEBUG Engine               - ticksPerSecond: -1
06:56:32.656 [FXGL Background Thread 3 ] DEBUG Engine               - title: Metegol - Champs 2026
06:56:32.657 [FXGL Background Thread 3 ] DEBUG Engine               - urlGithub: https://github.com/AlmasB/FXGL
06:56:32.657 [FXGL Background Thread 3 ] DEBUG Engine               - urlLeaderboard: http://fxgl-top.herokuapp.com/
06:56:32.657 [FXGL Background Thread 3 ] DEBUG Engine               - urlPOM: https://raw.githubusercontent.com/AlmasB/FXGL/release/README.md
06:56:32.657 [FXGL Background Thread 3 ] DEBUG Engine               - userAppClass: class Metegol.Metegol
06:56:32.657 [FXGL Background Thread 3 ] DEBUG Engine               - version: 0.0
06:56:32.657 [FXGL Background Thread 3 ] DEBUG Engine               - versionCheckDays: 7
06:56:32.657 [FXGL Background Thread 3 ] DEBUG Engine               - width: 1280
06:56:32.657 [FXGL Background Thread 3 ] DEBUG Engine               - Logging services
06:56:32.657 [FXGL Background Thread 3 ] DEBUG Engine               - class com.almasb.fxgl.app.services.FXGLAssetLoaderService
06:56:32.657 [FXGL Background Thread 3 ] DEBUG Engine               - class com.almasb.fxgl.app.FXGLApplication$GameApplicationService
06:56:32.657 [FXGL Background Thread 3 ] DEBUG Engine               - class com.almasb.fxgl.app.services.FXGLDialogService
06:56:32.657 [FXGL Background Thread 3 ] DEBUG Engine               - class com.almasb.fxgl.app.services.IOTaskExecutorService
06:56:32.657 [FXGL Background Thread 3 ] DEBUG Engine               - class com.almasb.fxgl.io.FileSystemService
06:56:32.657 [FXGL Background Thread 3 ] DEBUG Engine               - class com.almasb.fxgl.localization.LocalizationService
06:56:32.657 [FXGL Background Thread 3 ] DEBUG Engine               - class com.almasb.fxgl.app.services.SystemBundleService
06:56:32.657 [FXGL Background Thread 3 ] DEBUG Engine               - class com.almasb.fxgl.profile.SaveLoadService
06:56:32.657 [FXGL Background Thread 3 ] DEBUG Engine               - class com.almasb.fxgl.ui.FXGLUIFactoryServiceProvider
06:56:32.658 [FXGL Background Thread 3 ] DEBUG Engine               - class com.almasb.fxgl.ui.FXGLDialogFactoryServiceProvider
06:56:32.658 [FXGL Background Thread 3 ] DEBUG Engine               - class com.almasb.fxgl.audio.AudioPlayer
06:56:32.658 [FXGL Background Thread 3 ] DEBUG Engine               - class com.almasb.fxgl.notification.impl.NotificationServiceProvider
06:56:32.658 [FXGL Background Thread 3 ] DEBUG Engine               - class com.almasb.fxgl.achievement.AchievementService
06:56:32.658 [FXGL Background Thread 3 ] DEBUG Engine               - class com.almasb.fxgl.cutscene.CutsceneService
06:56:32.658 [FXGL Background Thread 3 ] DEBUG Engine               - class com.almasb.fxgl.minigames.MiniGameService
06:56:32.658 [FXGL Background Thread 3 ] DEBUG Engine               - class com.almasb.fxgl.net.NetService
06:56:32.658 [FXGL Background Thread 3 ] DEBUG Engine               - class com.almasb.fxgl.app.services.UpdaterService
06:56:32.658 [FXGL Background Thread 3 ] DEBUG Engine               - class com.almasb.fxgl.dev.DevService
06:56:55.473 [JavaFX Application Thread] DEBUG FXGLAssetLoaderServi - Loading from file system: file:/home/legasov/NetBeansProjects/Metegol/target/classes/assets/textures/FondoSimulacion.png
06:57:02.024 [JavaFX Application Thread] WARN  TMXLevelLoader       - TiledMap generated from 1.12.2. Supported version: 1.9.0. Some features may not be parsed fully.
06:57:02.033 [JavaFX Application Thread] DEBUG TMXLevelLoader       - Parsed TiledMap: file:/home/legasov/NetBeansProjects/Metegol/target/classes/assets/levels/cancha.tmx
06:57:02.034 [JavaFX Application Thread] DEBUG TMXLevelLoader       - Creating tile layer entities
06:57:02.035 [JavaFX Application Thread] DEBUG TilesetLoader        - Loading view for layer Tile Layer 1
06:57:02.036 [JavaFX Application Thread] DEBUG TilesetLoader        - Created buffer with size 1280.0x1440.0
06:57:02.076 [JavaFX Application Thread] DEBUG TMXLevelLoader       - Creating object layer entities
06:57:02.096 [JavaFX Application Thread] DEBUG GameWorld            - Clearing removable entities
06:57:02.098 [JavaFX Application Thread] DEBUG GameWorld            - Setting level: com.almasb.fxgl.entity.level.Level@c92903b
06:57:02.132 [JavaFX Application Thread] DEBUG Input                - Registered new binding: Arriba - W
06:57:02.132 [JavaFX Application Thread] DEBUG Input                - Registered new binding: Abajo - S
06:57:02.132 [JavaFX Application Thread] DEBUG Input                - Registered new binding: Izquierda - A
06:57:02.132 [JavaFX Application Thread] DEBUG Input                - Registered new binding: Derecha - D
06:57:02.132 [JavaFX Application Thread] DEBUG Input                - Registered new binding: Alternar Defensor - Q
06:57:02.132 [JavaFX Application Thread] DEBUG Input                - Registered new binding: Controlar Portero - Space
06:57:12.244 [JavaFX Application Thread] WARN  TMXLevelLoader       - TiledMap generated from 1.12.2. Supported version: 1.9.0. Some features may not be parsed fully.
06:57:12.253 [JavaFX Application Thread] DEBUG TMXLevelLoader       - Parsed TiledMap: file:/home/legasov/NetBeansProjects/Metegol/target/classes/assets/levels/cancha.tmx
06:57:12.253 [JavaFX Application Thread] DEBUG TMXLevelLoader       - Creating tile layer entities
06:57:12.253 [JavaFX Application Thread] DEBUG TilesetLoader        - Loading view for layer Tile Layer 1
06:57:12.257 [JavaFX Application Thread] DEBUG TilesetLoader        - Created buffer with size 1280.0x1440.0
06:57:12.283 [JavaFX Application Thread] DEBUG TMXLevelLoader       - Creating object layer entities
06:57:12.286 [JavaFX Application Thread] DEBUG GameWorld            - Clearing removable entities
06:57:12.286 [JavaFX Application Thread] DEBUG GameWorld            - Setting level: com.almasb.fxgl.entity.level.Level@35ffc2c9
06:57:22.931 [JavaFX Application Thread] WARN  TMXLevelLoader       - TiledMap generated from 1.12.2. Supported version: 1.9.0. Some features may not be parsed fully.
06:57:22.942 [JavaFX Application Thread] DEBUG TMXLevelLoader       - Parsed TiledMap: file:/home/legasov/NetBeansProjects/Metegol/target/classes/assets/levels/cancha.tmx
06:57:22.942 [JavaFX Application Thread] DEBUG TMXLevelLoader       - Creating tile layer entities
06:57:22.943 [JavaFX Application Thread] DEBUG TilesetLoader        - Loading view for layer Tile Layer 1
06:57:22.947 [JavaFX Application Thread] DEBUG TilesetLoader        - Created buffer with size 1280.0x1440.0
06:57:22.984 [JavaFX Application Thread] DEBUG TMXLevelLoader       - Creating object layer entities
06:57:22.987 [JavaFX Application Thread] DEBUG GameWorld            - Clearing removable entities
06:57:22.987 [JavaFX Application Thread] DEBUG GameWorld            - Setting level: com.almasb.fxgl.entity.level.Level@29374c2c
06:57:41.762 [JavaFX Application Thread] WARN  TMXLevelLoader       - TiledMap generated from 1.12.2. Supported version: 1.9.0. Some features may not be parsed fully.
06:57:41.771 [JavaFX Application Thread] DEBUG TMXLevelLoader       - Parsed TiledMap: file:/home/legasov/NetBeansProjects/Metegol/target/classes/assets/levels/cancha.tmx
06:57:41.771 [JavaFX Application Thread] DEBUG TMXLevelLoader       - Creating tile layer entities
06:57:41.771 [JavaFX Application Thread] DEBUG TilesetLoader        - Loading view for layer Tile Layer 1
06:57:41.772 [JavaFX Application Thread] DEBUG TilesetLoader        - Created buffer with size 1280.0x1440.0
06:57:41.793 [JavaFX Application Thread] DEBUG TMXLevelLoader       - Creating object layer entities
06:57:41.796 [JavaFX Application Thread] DEBUG GameWorld            - Clearing removable entities
06:57:41.796 [JavaFX Application Thread] DEBUG GameWorld            - Setting level: com.almasb.fxgl.entity.level.Level@468db006
06:58:00.877 [JavaFX Application Thread] WARN  TMXLevelLoader       - TiledMap generated from 1.12.2. Supported version: 1.9.0. Some features may not be parsed fully.
06:58:00.885 [JavaFX Application Thread] DEBUG TMXLevelLoader       - Parsed TiledMap: file:/home/legasov/NetBeansProjects/Metegol/target/classes/assets/levels/cancha.tmx
06:58:00.885 [JavaFX Application Thread] DEBUG TMXLevelLoader       - Creating tile layer entities
06:58:00.885 [JavaFX Application Thread] DEBUG TilesetLoader        - Loading view for layer Tile Layer 1
06:58:00.891 [JavaFX Application Thread] DEBUG TilesetLoader        - Created buffer with size 1280.0x1440.0
06:58:00.910 [JavaFX Application Thread] DEBUG TMXLevelLoader       - Creating object layer entities
06:58:00.913 [JavaFX Application Thread] DEBUG GameWorld            - Clearing removable entities
06:58:00.913 [JavaFX Application Thread] DEBUG GameWorld            - Setting level: com.almasb.fxgl.entity.level.Level@3740858b
06:58:07.279 [JavaFX Application Thread] DEBUG LoopRunner           - Stopping loop
06:58:07.281 [JavaFX Application Thread] FATAL FXGLApplication      - Uncaught Exception:
java.lang.IllegalArgumentException: Component AtributosFutbolistaComponent not found!
	at com.almasb.fxgl.entity.Entity.getComponent(Entity.java:366)
	at Minijuego.EscenaMinijuego$5.onAction(EscenaMinijuego.java:278)
	at com.almasb.fxgl.input.UserAction.action$fxgl_core(UserAction.kt:38)
	at com.almasb.fxgl.input.Input.update(Input.kt:288)
	at com.almasb.fxgl.scene.Scene.update(Scene.kt:103)
	at com.almasb.fxgl.app.MainWindow$update$1.invoke(MainWindow.kt:121)
	at com.almasb.fxgl.app.MainWindow$update$1.invoke(MainWindow.kt:121)
	at com.almasb.fxgl.core.fsm.StateMachine.runOnActiveStates(StateMachine.kt:69)
	at com.almasb.fxgl.app.MainWindow.update(MainWindow.kt:121)
	at com.almasb.fxgl.app.FXGLApplication$GameApplicationService.onUpdate(FXGLApplication.kt:426)
	at com.almasb.fxgl.app.Engine.loop(Engine.kt:134)
	at com.almasb.fxgl.app.Engine.access$loop(Engine.kt:24)
	at com.almasb.fxgl.app.Engine$loop$1.invoke(Engine.kt:28)
	at com.almasb.fxgl.app.Engine$loop$1.invoke(Engine.kt:28)
	at com.almasb.fxgl.app.LoopRunner.frame(LoopRunner.kt:103)
	at com.almasb.fxgl.app.LoopRunner.access$frame(LoopRunner.kt:23)
	at com.almasb.fxgl.app.LoopRunner$impl$2$1.onTick(LoopRunner.kt:57)
	at com.almasb.fxgl.app.AnimationTimerLoop$timer$1.handle(LoopRunner.kt:137)
	at javafx.animation.AnimationTimer$AnimationTimerReceiver.handle(AnimationTimer.java:51)
	at com.sun.scenario.animation.AbstractPrimaryTimer.timePulseImpl(AbstractPrimaryTimer.java:342)
	at com.sun.scenario.animation.AbstractPrimaryTimer$MainLoop.run(AbstractPrimaryTimer.java:247)
	at com.sun.javafx.tk.quantum.QuantumToolkit.pulse(QuantumToolkit.java:593)
	at com.sun.javafx.tk.quantum.QuantumToolkit.pulse(QuantumToolkit.java:577)
	at com.sun.javafx.tk.quantum.QuantumToolkit.pulseFromQueue(QuantumToolkit.java:570)
	at com.sun.javafx.tk.quantum.QuantumToolkit.lambda$runToolkit$0(QuantumToolkit.java:351)
	at com.sun.glass.ui.InvokeLaterDispatcher$Future.run(InvokeLaterDispatcher.java:95)
	at com.sun.glass.ui.gtk.GtkApplication._runLoop(Native Method)
	at com.sun.glass.ui.gtk.GtkApplication.lambda$runLoop$0(GtkApplication.java:242)
	at java.base/java.lang.Thread.run(Thread.java:1474)

06:58:07.281 [JavaFX Application Thread] FATAL FXGLApplication      - Application will now exit
06:58:07.289 [JavaFX Application Thread] DEBUG PrimaryStageWindow   - Push state: ErrorSubScene
06:58:07.290 [JavaFX Application Thread] DEBUG Input                - Clearing active input actions
07:00:38.501 [JavaFX Application Thread] DEBUG FXGLApplication      - Exiting FXGL
07:00:38.501 [JavaFX Application Thread] DEBUG Async                - Shutting down background threads
07:00:38.502 [JavaFX Application Thread] DEBUG PrimaryStageWindow   - Closing main window
07:00:38.504 [JavaFX Application Thread] DEBUG Logger               - Closing Logger
