05:00:32.666 [main                     ] DEBUG Logger               - Configured Logger
05:00:32.681 [main                     ] DEBUG GameApplication      - Logging settings
Title: Metegol - Champs 2026
Version: 0.0
Width: 1280
Height: 720
Fullscreen: false
Intro: false
Profiling: false
Single step:false
App Mode: DEVELOPER
Menu Key: ESCAPE
Stage Style: DECORATED
Scene Factory: class com.almasb.fxgl.app.scene.SceneFactory

05:00:32.995 [JavaFX Application Thread] DEBUG FXGLApplication      - Initializing FXGL
05:00:32.997 [JavaFX Application Thread] INFO  Engine               - FXGL-21 (28.12.2023 13.35) on LINUX (J:25.0.3 FX:26)
05:00:32.997 [JavaFX Application Thread] DEBUG Engine               - JRE Vendor Name: Flathub
05:00:32.998 [JavaFX Application Thread] DEBUG Engine               - Running on OS: Linux version 7.1.3-201.fc44.x86_64
05:00:32.998 [JavaFX Application Thread] DEBUG Engine               - Architecture: amd64
05:00:32.998 [JavaFX Application Thread] INFO  Engine               - Source code and latest versions at: https://github.com/AlmasB/FXGL
05:00:32.998 [JavaFX Application Thread] INFO  Engine               -       Ask questions and discuss at: https://github.com/AlmasB/FXGL/discussions
05:00:32.998 [JavaFX Application Thread] INFO  Engine               -              Join the FXGL chat at: https://gitter.im/AlmasB/FXGL
05:00:33.064 [JavaFX Application Thread] DEBUG PrimaryStageWindow   - Creating a JavaFX scene
05:00:33.120 [JavaFX Application Thread] DEBUG PrimaryStageWindow   - Target settings size: 1280.0 x 720.0
05:00:33.120 [JavaFX Application Thread] DEBUG PrimaryStageWindow   - Scaled scene size:    1280.0 x 720.0
05:00:33.120 [JavaFX Application Thread] DEBUG PrimaryStageWindow   - Scaled ratio: (1.0, 1.0)
05:00:33.121 [JavaFX Application Thread] DEBUG PrimaryStageWindow   - Set initial scene to FXGLStartupScene
05:00:33.124 [JavaFX Application Thread] DEBUG PrimaryStageWindow   - Opening main window
05:00:33.160 [JavaFX Application Thread] DEBUG PrimaryStageWindow   - Window border size: (0.0, 35.0)
05:00:33.160 [JavaFX Application Thread] DEBUG PrimaryStageWindow   - Scaled size: 1280.0 x 685.3720703125
05:00:33.160 [JavaFX Application Thread] DEBUG PrimaryStageWindow   - Scaled ratio: (1.0, 0.9519056532118055)
05:00:33.160 [JavaFX Application Thread] DEBUG PrimaryStageWindow   - Scene size: 1280.0 x 720.0
05:00:33.161 [JavaFX Application Thread] DEBUG PrimaryStageWindow   - Stage size: 1280.0 x 720.3720703125
05:00:33.167 [FXGL Background Thread 1 ] DEBUG Engine               - Initializing environment variables
05:00:33.301 [FXGL Background Thread 1 ] DEBUG FXGLAssetLoaderServi - User app class for loading assets: class Metegol.Metegol
05:00:33.302 [FXGL Background Thread 1 ] DEBUG GameApplicationServi - Applying CSS: fxgl_dark.css
05:00:33.303 [FXGL Background Thread 1 ] DEBUG FXGLAssetLoaderServi - Loading from file system: jar:file:/home/legasov/.m2/repository/com/github/almasb/fxgl/21/fxgl-21.jar!/fxglassets/ui/css/fxgl_dark.css
05:00:33.371 [FXGL Background Thread 1 ] DEBUG GameApplicationServi - Initializing application scenes
05:00:33.422 [FXGL Background Thread 1 ] DEBUG GameWorld            - Game world initialized
05:00:33.465 [FXGL Background Thread 1 ] DEBUG PhysicsWorld         - Physics world initialized: appHeight=720, physics.ppm=50.0
05:00:33.465 [FXGL Background Thread 1 ] DEBUG PhysicsWorld         - Using strategy: BRUTE_FORCE
05:00:33.468 [FXGL Background Thread 1 ] DEBUG GameScene            - Game scene initialized: 1280x720
05:00:33.475 [FXGL Background Thread 1 ] DEBUG FXGL.DefaultMenu     - createMenuBodyGameMenu()
05:00:33.485 [FXGL Background Thread 1 ] DEBUG FXGL.DefaultMenu     - createOptionsMenu()
05:00:33.493 [FXGL Background Thread 1 ] DEBUG FXGLAssetLoaderServi - Loading from file system: jar:file:/home/legasov/.m2/repository/com/github/almasb/fxgl/21/fxgl-21.jar!/fxglassets/textures/particles/smoke.png
05:00:33.566 [FXGL Background Thread 1 ] DEBUG FXGLAssetLoaderServi - Loading from file system: jar:file:/home/legasov/.m2/repository/com/github/almasb/fxgl/21/fxgl-21.jar!/fxglassets/textures/particles/trace_horizontal.png
05:00:33.611 [FXGL Background Thread 1 ] DEBUG GameApplicationServi - Application scenes initialized
05:00:33.632 [FXGL Background Thread 1 ] DEBUG SystemBundleService  - Loading FXGL system data
05:00:33.636 [FXGL Background Thread 1 ] DEBUG FileSystemAccess     - Reading from: /home/legasov/NetBeansProjects/Metegol/system/fxgl.bundle
05:00:33.645 [FXGL Background Thread 1 ] DEBUG SystemBundleService  - Bundle FXGL: {}
05:00:33.645 [FXGL Background Thread 1 ] DEBUG UpdaterService       - Checking for updates
05:00:33.654 [FXGL Background Thread 4 ] DEBUG FXGLApplication      - Loading fonts
05:00:33.655 [FXGL Background Thread 4 ] DEBUG FXGLAssetLoaderServi - Loading from file system: jar:file:/home/legasov/.m2/repository/com/github/almasb/fxgl/21/fxgl-21.jar!/fxglassets/ui/fonts/VarelaRound-Regular.ttf
05:00:33.655 [FXGL Background Thread 1 ] DEBUG FXGLApplication      - Loading default localization
05:00:33.655 [FXGL Background Thread 1 ] DEBUG FXGLAssetLoaderServi - Loading from file system: jar:file:/home/legasov/.m2/repository/com/github/almasb/fxgl/21/fxgl-21.jar!/fxglassets/languages/english.lang
05:00:33.668 [FXGL Background Thread 4 ] DEBUG FXGLAssetLoaderServi - Loading from file system: jar:file:/home/legasov/.m2/repository/com/github/almasb/fxgl/21/fxgl-21.jar!/fxglassets/ui/fonts/Abel-Regular.ttf
05:00:33.670 [FXGL Background Thread 4 ] DEBUG FXGLAssetLoaderServi - Loading from file system: jar:file:/home/legasov/.m2/repository/com/github/almasb/fxgl/21/fxgl-21.jar!/fxglassets/ui/fonts/TerminalLandMono-Regular.otf
05:00:33.672 [FXGL Background Thread 4 ] DEBUG FXGLAssetLoaderServi - Loading from file system: jar:file:/home/legasov/.m2/repository/com/github/almasb/fxgl/21/fxgl-21.jar!/fxglassets/ui/fonts/Courier-Prime.ttf
05:00:33.678 [FXGL Background Thread 1 ] INFO  FXGLApplication      - FXGL initialization took: 0.511 sec
05:00:33.685 [JavaFX Application Thread] DEBUG FXGLApplication      - Registering font factories with UI factory
05:00:33.697 [JavaFX Application Thread] DEBUG Input                - Registered new binding: action0 - LMB
05:00:33.698 [JavaFX Application Thread] DEBUG FXGLAssetLoaderServi - Loading from file system: jar:file:/home/legasov/.m2/repository/com/github/almasb/fxgl/21/fxgl-21.jar!/fxglassets/textures/fxgl_icon.png
05:00:33.756 [JavaFX Application Thread] DEBUG FXGLAssetLoaderServi - Loading from file system: jar:file:/home/legasov/.m2/repository/com/github/almasb/fxgl/21/fxgl-21.jar!/fxglassets/textures/fxgl_default_cursor.png
05:00:33.765 [JavaFX Application Thread] DEBUG Input                - Registered new binding: Screenshot - CTRL+8
05:00:33.766 [JavaFX Application Thread] DEBUG Input                - Registered new binding: System info dump - CTRL+9
05:00:33.766 [JavaFX Application Thread] DEBUG Input                - Registered new binding: Restart - CTRL+R
05:00:33.766 [JavaFX Application Thread] DEBUG Input                - Registered new binding: Toggle Debug Camera - CTRL+7
05:00:33.769 [JavaFX Application Thread] DEBUG LoopRunner           - Starting loop
05:00:33.769 [JavaFX Application Thread] DEBUG LoopRunner           - Initializing JavaFX AnimationTimerLoop
05:00:33.770 [JavaFX Application Thread] DEBUG GameApplicationServi - Starting new game
05:00:33.771 [JavaFX Application Thread] DEBUG Input                - Clearing active input actions
05:00:33.793 [JavaFX Application Thread] DEBUG GameApplicationServi - Removing overlay from FXGLStartupScene and adding to FXGLLoadingScene
05:00:33.793 [JavaFX Application Thread] DEBUG PrimaryStageWindow   - FXGLStartupScene -> FXGLLoadingScene
05:00:33.793 [JavaFX Application Thread] DEBUG GameApplicationServi - Clearing previous game
05:00:33.793 [JavaFX Application Thread] DEBUG GameScene            - Clearing game scene
05:00:33.794 [JavaFX Application Thread] DEBUG GameWorld            - Clearing game world
05:00:33.794 [JavaFX Application Thread] DEBUG PhysicsWorld         - Clearing physics world
05:00:33.799 [FXGL Background Thread 1 ] DEBUG FXGLApplication      - Initializing game
05:00:33.815 [FXGL Background Thread 1 ] DEBUG FXGLAssetLoaderServi - Loading from file system: file:/home/legasov/NetBeansProjects/Metegol/target/classes/assets/textures/fondoMenu.png
05:00:33.872 [FXGL Background Thread 1 ] INFO  FXGLApplication      - Game initialization took: 0.073 sec
05:00:34.020 [JavaFX Application Thread] DEBUG Input                - Clearing active input actions
05:00:34.031 [JavaFX Application Thread] DEBUG GameApplicationServi - Removing overlay from FXGLLoadingScene and adding to GameScene
05:00:34.031 [JavaFX Application Thread] DEBUG PrimaryStageWindow   - FXGLLoadingScene -> GameScene
05:00:34.430 [FXGL Background Thread 2 ] INFO  UpdaterService       - Your current version:  21
05:00:34.430 [FXGL Background Thread 2 ] INFO  UpdaterService       - Latest stable version: 25
05:00:36.650 [FXGL Background Thread 3 ] DEBUG Engine               - Logging environment variables
05:00:36.651 [FXGL Background Thread 3 ] DEBUG Engine               - achievements: []
05:00:36.652 [FXGL Background Thread 3 ] DEBUG Engine               - actualHeight: 685.3720703125
05:00:36.652 [FXGL Background Thread 3 ] DEBUG Engine               - actualHeightProperty: ReadOnlyDoubleProperty [value: 712.906982421875]
05:00:36.652 [FXGL Background Thread 3 ] DEBUG Engine               - actualWidth: 1280.0
05:00:36.652 [FXGL Background Thread 3 ] DEBUG Engine               - actualWidthProperty: ReadOnlyDoubleProperty [value: 1280.0]
05:00:36.652 [FXGL Background Thread 3 ] DEBUG Engine               - appIcon: fxgl_icon.png
05:00:36.652 [FXGL Background Thread 3 ] DEBUG Engine               - applicationMode: DEVELOPER
05:00:36.653 [FXGL Background Thread 3 ] DEBUG Engine               - cSSList: [fxgl_dark.css]
05:00:36.653 [FXGL Background Thread 3 ] DEBUG Engine               - collisionDetectionStrategy: BRUTE_FORCE
05:00:36.653 [FXGL Background Thread 3 ] DEBUG Engine               - configClass: Optional.empty
05:00:36.653 [FXGL Background Thread 3 ] DEBUG Engine               - credits: []
05:00:36.654 [FXGL Background Thread 3 ] DEBUG Engine               - defaultCursor: CursorInfo(imageName=fxgl_default_cursor.png, hotspotX=7.0, hotspotY=6.0)
05:00:36.654 [FXGL Background Thread 3 ] DEBUG Engine               - devBBoxColorProperty: ObjectProperty [value: 0xff0000ff]
05:00:36.654 [FXGL Background Thread 3 ] DEBUG Engine               - devEnableDebugCameraProperty: BooleanProperty [value: false]
05:00:36.654 [FXGL Background Thread 3 ] DEBUG Engine               - devSensorColorProperty: ObjectProperty [value: 0xffff00ff]
05:00:36.655 [FXGL Background Thread 3 ] DEBUG Engine               - devShowBBoxProperty: BooleanProperty [value: false]
05:00:36.655 [FXGL Background Thread 3 ] DEBUG Engine               - devShowPositionProperty: BooleanProperty [value: false]
05:00:36.655 [FXGL Background Thread 3 ] DEBUG Engine               - enabledMenuItems: []
05:00:36.655 [FXGL Background Thread 3 ] DEBUG Engine               - engineServices: [class com.almasb.fxgl.app.services.FXGLAssetLoaderService, class com.almasb.fxgl.app.FXGLApplication$GameApplicationService, class com.almasb.fxgl.app.services.FXGLDialogService, class com.almasb.fxgl.app.services.IOTaskExecutorService, class com.almasb.fxgl.io.FileSystemService, class com.almasb.fxgl.localization.LocalizationService, class com.almasb.fxgl.app.services.SystemBundleService, class com.almasb.fxgl.profile.SaveLoadService, class com.almasb.fxgl.ui.FXGLUIFactoryServiceProvider, class com.almasb.fxgl.ui.FXGLDialogFactoryServiceProvider, class com.almasb.fxgl.audio.AudioPlayer, class com.almasb.fxgl.notification.impl.NotificationServiceProvider, class com.almasb.fxgl.achievement.AchievementService, class com.almasb.fxgl.cutscene.CutsceneService, class com.almasb.fxgl.minigames.MiniGameService, class com.almasb.fxgl.net.NetService, class com.almasb.fxgl.app.services.UpdaterService, class com.almasb.fxgl.dev.DevService]
05:00:36.655 [FXGL Background Thread 3 ] DEBUG Engine               - fontGame: Abel-Regular.ttf
05:00:36.655 [FXGL Background Thread 3 ] DEBUG Engine               - fontMono: TerminalLandMono-Regular.otf
05:00:36.655 [FXGL Background Thread 3 ] DEBUG Engine               - fontSizeScaleUI: 1.0
05:00:36.655 [FXGL Background Thread 3 ] DEBUG Engine               - fontText: Courier-Prime.ttf
05:00:36.655 [FXGL Background Thread 3 ] DEBUG Engine               - fontUI: VarelaRound-Regular.ttf
05:00:36.656 [FXGL Background Thread 3 ] DEBUG Engine               - fullScreen: BooleanProperty [value: false]
05:00:36.656 [FXGL Background Thread 3 ] DEBUG Engine               - gameDifficulty: MEDIUM
05:00:36.656 [FXGL Background Thread 3 ] DEBUG Engine               - gameDifficultyProperty: ObjectProperty [value: MEDIUM]
05:00:36.656 [FXGL Background Thread 3 ] DEBUG Engine               - globalMusicVolume: 0.5
05:00:36.656 [FXGL Background Thread 3 ] DEBUG Engine               - globalMusicVolumeProperty: DoubleProperty [value: 0.5]
05:00:36.656 [FXGL Background Thread 3 ] DEBUG Engine               - globalSoundVolume: 0.5
05:00:36.656 [FXGL Background Thread 3 ] DEBUG Engine               - globalSoundVolumeProperty: DoubleProperty [value: 0.5]
05:00:36.656 [FXGL Background Thread 3 ] DEBUG Engine               - height: 720
05:00:36.657 [FXGL Background Thread 3 ] DEBUG Engine               - is3D: false
05:00:36.657 [FXGL Background Thread 3 ] DEBUG Engine               - isAndroid: false
05:00:36.657 [FXGL Background Thread 3 ] DEBUG Engine               - isBrowser: false
05:00:36.657 [FXGL Background Thread 3 ] DEBUG Engine               - isClickFeedbackEnabled: false
05:00:36.657 [FXGL Background Thread 3 ] DEBUG Engine               - isCloseConfirmation: false
05:00:36.657 [FXGL Background Thread 3 ] DEBUG Engine               - isDesktop: true
05:00:36.657 [FXGL Background Thread 3 ] DEBUG Engine               - isDeveloperMenuEnabled: false
05:00:36.657 [FXGL Background Thread 3 ] DEBUG Engine               - isEmbedded: false
05:00:36.657 [FXGL Background Thread 3 ] DEBUG Engine               - isEntityPreloadEnabled: true
05:00:36.657 [FXGL Background Thread 3 ] DEBUG Engine               - isExperimentalTiledLargeMap: false
05:00:36.658 [FXGL Background Thread 3 ] DEBUG Engine               - isFileSystemWriteAllowed: true
05:00:36.658 [FXGL Background Thread 3 ] DEBUG Engine               - isFullScreenAllowed: false
05:00:36.658 [FXGL Background Thread 3 ] DEBUG Engine               - isFullScreenFromStart: false
05:00:36.658 [FXGL Background Thread 3 ] DEBUG Engine               - isGameMenuEnabled: true
05:00:36.658 [FXGL Background Thread 3 ] DEBUG Engine               - isIOS: false
05:00:36.658 [FXGL Background Thread 3 ] DEBUG Engine               - isIntroEnabled: false
05:00:36.658 [FXGL Background Thread 3 ] DEBUG Engine               - isLinux: true
05:00:36.658 [FXGL Background Thread 3 ] DEBUG Engine               - isMac: false
05:00:36.658 [FXGL Background Thread 3 ] DEBUG Engine               - isMainMenuEnabled: false
05:00:36.658 [FXGL Background Thread 3 ] DEBUG Engine               - isManualResizeEnabled: false
05:00:36.658 [FXGL Background Thread 3 ] DEBUG Engine               - isMobile: false
05:00:36.659 [FXGL Background Thread 3 ] DEBUG Engine               - isNative: false
05:00:36.659 [FXGL Background Thread 3 ] DEBUG Engine               - isPauseMusicWhenMinimized: true
05:00:36.659 [FXGL Background Thread 3 ] DEBUG Engine               - isPreserveResizeRatio: false
05:00:36.659 [FXGL Background Thread 3 ] DEBUG Engine               - isProfilingEnabled: false
05:00:36.659 [FXGL Background Thread 3 ] DEBUG Engine               - isScaleAffectedOnResize: true
05:00:36.659 [FXGL Background Thread 3 ] DEBUG Engine               - isSingleStep: false
05:00:36.659 [FXGL Background Thread 3 ] DEBUG Engine               - isUserProfileEnabled: false
05:00:36.659 [FXGL Background Thread 3 ] DEBUG Engine               - isWindows: false
05:00:36.659 [FXGL Background Thread 3 ] DEBUG Engine               - language: ObjectProperty [value: ENGLISH]
05:00:36.659 [FXGL Background Thread 3 ] DEBUG Engine               - menuKey: ESCAPE
05:00:36.659 [FXGL Background Thread 3 ] DEBUG Engine               - mouseSensitivity: 0.2
05:00:36.659 [FXGL Background Thread 3 ] DEBUG Engine               - notificationViewClass: class com.almasb.fxgl.notification.view.XboxNotificationView
05:00:36.660 [FXGL Background Thread 3 ] DEBUG Engine               - pixelsPerMeter: 50.0
05:00:36.660 [FXGL Background Thread 3 ] DEBUG Engine               - platform: LINUX
05:00:36.660 [FXGL Background Thread 3 ] DEBUG Engine               - prefHeightProperty: ReadOnlyDoubleProperty [value: 720.0]
05:00:36.660 [FXGL Background Thread 3 ] DEBUG Engine               - prefWidthProperty: ReadOnlyDoubleProperty [value: 1280.0]
05:00:36.660 [FXGL Background Thread 3 ] DEBUG Engine               - profileDir: profiles/
05:00:36.660 [FXGL Background Thread 3 ] DEBUG Engine               - profileName: StringProperty [value: DEFAULT]
05:00:36.660 [FXGL Background Thread 3 ] DEBUG Engine               - randomSeed: -1
05:00:36.660 [FXGL Background Thread 3 ] DEBUG Engine               - runtimeInfo: RuntimeInfo(platform=LINUX, version=21, build=28.12.2023 13.35)
05:00:36.660 [FXGL Background Thread 3 ] DEBUG Engine               - saveFileExt: sav
05:00:36.661 [FXGL Background Thread 3 ] DEBUG Engine               - scaledHeightProp$fxgl: DoubleProperty [bound, value: 712.906982421875]
05:00:36.661 [FXGL Background Thread 3 ] DEBUG Engine               - scaledWidthProp$fxgl: DoubleProperty [bound, value: 1280.0]
05:00:36.661 [FXGL Background Thread 3 ] DEBUG Engine               - sceneFactory: com.almasb.fxgl.app.scene.SceneFactory@48132c08
05:00:36.661 [FXGL Background Thread 3 ] DEBUG Engine               - secondsIn24h: 60
05:00:36.661 [FXGL Background Thread 3 ] DEBUG Engine               - soundMenuBack: menu/back.wav
05:00:36.661 [FXGL Background Thread 3 ] DEBUG Engine               - soundMenuPress: menu/press.wav
05:00:36.661 [FXGL Background Thread 3 ] DEBUG Engine               - soundMenuSelect: menu/select.wav
05:00:36.661 [FXGL Background Thread 3 ] DEBUG Engine               - soundNotification: core/notification.wav
05:00:36.661 [FXGL Background Thread 3 ] DEBUG Engine               - stageStyle: DECORATED
05:00:36.661 [FXGL Background Thread 3 ] DEBUG Engine               - supportedLanguages: [ENGLISH, FRENCH, GERMAN, HUNGARIAN, RUSSIAN]
05:00:36.661 [FXGL Background Thread 3 ] DEBUG Engine               - ticksPerSecond: -1
05:00:36.661 [FXGL Background Thread 3 ] DEBUG Engine               - title: Metegol - Champs 2026
05:00:36.662 [FXGL Background Thread 3 ] DEBUG Engine               - urlGithub: https://github.com/AlmasB/FXGL
05:00:36.662 [FXGL Background Thread 3 ] DEBUG Engine               - urlLeaderboard: http://fxgl-top.herokuapp.com/
05:00:36.662 [FXGL Background Thread 3 ] DEBUG Engine               - urlPOM: https://raw.githubusercontent.com/AlmasB/FXGL/release/README.md
05:00:36.662 [FXGL Background Thread 3 ] DEBUG Engine               - userAppClass: class Metegol.Metegol
05:00:36.662 [FXGL Background Thread 3 ] DEBUG Engine               - version: 0.0
05:00:36.662 [FXGL Background Thread 3 ] DEBUG Engine               - versionCheckDays: 7
05:00:36.662 [FXGL Background Thread 3 ] DEBUG Engine               - width: 1280
05:00:36.662 [FXGL Background Thread 3 ] DEBUG Engine               - Logging services
05:00:36.662 [FXGL Background Thread 3 ] DEBUG Engine               - class com.almasb.fxgl.app.services.FXGLAssetLoaderService
05:00:36.662 [FXGL Background Thread 3 ] DEBUG Engine               - class com.almasb.fxgl.app.FXGLApplication$GameApplicationService
05:00:36.662 [FXGL Background Thread 3 ] DEBUG Engine               - class com.almasb.fxgl.app.services.FXGLDialogService
05:00:36.662 [FXGL Background Thread 3 ] DEBUG Engine               - class com.almasb.fxgl.app.services.IOTaskExecutorService
05:00:36.662 [FXGL Background Thread 3 ] DEBUG Engine               - class com.almasb.fxgl.io.FileSystemService
05:00:36.662 [FXGL Background Thread 3 ] DEBUG Engine               - class com.almasb.fxgl.localization.LocalizationService
05:00:36.662 [FXGL Background Thread 3 ] DEBUG Engine               - class com.almasb.fxgl.app.services.SystemBundleService
05:00:36.662 [FXGL Background Thread 3 ] DEBUG Engine               - class com.almasb.fxgl.profile.SaveLoadService
05:00:36.662 [FXGL Background Thread 3 ] DEBUG Engine               - class com.almasb.fxgl.ui.FXGLUIFactoryServiceProvider
05:00:36.663 [FXGL Background Thread 3 ] DEBUG Engine               - class com.almasb.fxgl.ui.FXGLDialogFactoryServiceProvider
05:00:36.663 [FXGL Background Thread 3 ] DEBUG Engine               - class com.almasb.fxgl.audio.AudioPlayer
05:00:36.663 [FXGL Background Thread 3 ] DEBUG Engine               - class com.almasb.fxgl.notification.impl.NotificationServiceProvider
05:00:36.663 [FXGL Background Thread 3 ] DEBUG Engine               - class com.almasb.fxgl.achievement.AchievementService
05:00:36.663 [FXGL Background Thread 3 ] DEBUG Engine               - class com.almasb.fxgl.cutscene.CutsceneService
05:00:36.663 [FXGL Background Thread 3 ] DEBUG Engine               - class com.almasb.fxgl.minigames.MiniGameService
05:00:36.663 [FXGL Background Thread 3 ] DEBUG Engine               - class com.almasb.fxgl.net.NetService
05:00:36.663 [FXGL Background Thread 3 ] DEBUG Engine               - class com.almasb.fxgl.app.services.UpdaterService
05:00:36.663 [FXGL Background Thread 3 ] DEBUG Engine               - class com.almasb.fxgl.dev.DevService
05:00:43.959 [JavaFX Application Thread] DEBUG FXGLApplication      - Exiting FXGL
05:00:43.959 [JavaFX Application Thread] DEBUG LoopRunner           - Stopping loop
05:00:43.960 [JavaFX Application Thread] DEBUG SystemBundleService  - Saving FXGL system data
05:00:43.963 [JavaFX Application Thread] DEBUG FileSystemAccess     - Writing to: /home/legasov/NetBeansProjects/Metegol/system/fxgl.bundle
05:00:43.967 [JavaFX Application Thread] DEBUG Async                - Shutting down background threads
05:00:43.967 [JavaFX Application Thread] DEBUG PrimaryStageWindow   - Closing main window
05:00:43.971 [JavaFX Application Thread] DEBUG Logger               - Closing Logger
