06:38:38.419 [main                     ] DEBUG Logger               - Configured Logger
06:38:38.427 [main                     ] DEBUG GameApplication      - Logging settings
Title: Metegol - Champs 2026
Version: 0.0
Width: 1280
Height: 720
Fullscreen: false
Intro: false
Profiling: false
Single step:false
App Mode: DEVELOPER
Menu Key: ESCAPE
Stage Style: DECORATED
Scene Factory: class com.almasb.fxgl.app.scene.SceneFactory

06:38:38.857 [JavaFX Application Thread] DEBUG FXGLApplication      - Initializing FXGL
06:38:38.861 [JavaFX Application Thread] INFO  Engine               - FXGL-21 (28.12.2023 13.35) on LINUX (J:25.0.3 FX:26)
06:38:38.861 [JavaFX Application Thread] DEBUG Engine               - JRE Vendor Name: Flathub
06:38:38.861 [JavaFX Application Thread] DEBUG Engine               - Running on OS: Linux version 7.1.3-201.fc44.x86_64
06:38:38.861 [JavaFX Application Thread] DEBUG Engine               - Architecture: amd64
06:38:38.861 [JavaFX Application Thread] INFO  Engine               - Source code and latest versions at: https://github.com/AlmasB/FXGL
06:38:38.861 [JavaFX Application Thread] INFO  Engine               -       Ask questions and discuss at: https://github.com/AlmasB/FXGL/discussions
06:38:38.861 [JavaFX Application Thread] INFO  Engine               -              Join the FXGL chat at: https://gitter.im/AlmasB/FXGL
06:38:38.943 [JavaFX Application Thread] DEBUG PrimaryStageWindow   - Creating a JavaFX scene
06:38:39.004 [JavaFX Application Thread] DEBUG PrimaryStageWindow   - Target settings size: 1280.0 x 720.0
06:38:39.004 [JavaFX Application Thread] DEBUG PrimaryStageWindow   - Scaled scene size:    1280.0 x 720.0
06:38:39.004 [JavaFX Application Thread] DEBUG PrimaryStageWindow   - Scaled ratio: (1.0, 1.0)
06:38:39.005 [JavaFX Application Thread] DEBUG PrimaryStageWindow   - Set initial scene to FXGLStartupScene
06:38:39.009 [JavaFX Application Thread] DEBUG PrimaryStageWindow   - Opening main window
06:38:39.043 [JavaFX Application Thread] DEBUG PrimaryStageWindow   - Window border size: (0.0, 35.0)
06:38:39.043 [JavaFX Application Thread] DEBUG PrimaryStageWindow   - Scaled size: 1280.0 x 685.3720703125
06:38:39.043 [JavaFX Application Thread] DEBUG PrimaryStageWindow   - Scaled ratio: (1.0, 0.9519056532118055)
06:38:39.043 [JavaFX Application Thread] DEBUG PrimaryStageWindow   - Scene size: 1280.0 x 720.0
06:38:39.043 [JavaFX Application Thread] DEBUG PrimaryStageWindow   - Stage size: 1280.0 x 720.3720703125
06:38:39.048 [FXGL Background Thread 1 ] DEBUG Engine               - Initializing environment variables
06:38:39.136 [FXGL Background Thread 1 ] DEBUG FXGLAssetLoaderServi - User app class for loading assets: class Metegol.Metegol
06:38:39.137 [FXGL Background Thread 1 ] DEBUG GameApplicationServi - Applying CSS: fxgl_dark.css
06:38:39.137 [FXGL Background Thread 1 ] DEBUG FXGLAssetLoaderServi - Loading from file system: jar:file:/home/legasov/.m2/repository/com/github/almasb/fxgl/21/fxgl-21.jar!/fxglassets/ui/css/fxgl_dark.css
06:38:39.187 [FXGL Background Thread 1 ] DEBUG GameApplicationServi - Initializing application scenes
06:38:39.242 [FXGL Background Thread 1 ] DEBUG GameWorld            - Game world initialized
06:38:39.310 [FXGL Background Thread 1 ] DEBUG PhysicsWorld         - Physics world initialized: appHeight=720, physics.ppm=50.0
06:38:39.310 [FXGL Background Thread 1 ] DEBUG PhysicsWorld         - Using strategy: BRUTE_FORCE
06:38:39.315 [FXGL Background Thread 1 ] DEBUG GameScene            - Game scene initialized: 1280x720
06:38:39.329 [FXGL Background Thread 1 ] DEBUG FXGL.DefaultMenu     - createMenuBodyGameMenu()
06:38:39.345 [FXGL Background Thread 1 ] DEBUG FXGL.DefaultMenu     - createOptionsMenu()
06:38:39.360 [FXGL Background Thread 1 ] DEBUG FXGLAssetLoaderServi - Loading from file system: jar:file:/home/legasov/.m2/repository/com/github/almasb/fxgl/21/fxgl-21.jar!/fxglassets/textures/particles/smoke.png
06:38:39.455 [FXGL Background Thread 1 ] DEBUG FXGLAssetLoaderServi - Loading from file system: jar:file:/home/legasov/.m2/repository/com/github/almasb/fxgl/21/fxgl-21.jar!/fxglassets/textures/particles/trace_horizontal.png
06:38:39.481 [FXGL Background Thread 1 ] DEBUG GameApplicationServi - Application scenes initialized
06:38:39.494 [FXGL Background Thread 1 ] DEBUG SystemBundleService  - Loading FXGL system data
06:38:39.497 [FXGL Background Thread 1 ] DEBUG FileSystemAccess     - Reading from: /home/legasov/NetBeansProjects/Metegol/system/fxgl.bundle
06:38:39.505 [FXGL Background Thread 1 ] DEBUG SystemBundleService  - Bundle FXGL: {}
06:38:39.505 [FXGL Background Thread 1 ] DEBUG UpdaterService       - Checking for updates
06:38:39.516 [FXGL Background Thread 4 ] DEBUG FXGLApplication      - Loading fonts
06:38:39.517 [FXGL Background Thread 4 ] DEBUG FXGLAssetLoaderServi - Loading from file system: jar:file:/home/legasov/.m2/repository/com/github/almasb/fxgl/21/fxgl-21.jar!/fxglassets/ui/fonts/VarelaRound-Regular.ttf
06:38:39.517 [FXGL Background Thread 1 ] DEBUG FXGLAssetLoaderServi - Loading from file system: jar:file:/home/legasov/.m2/repository/com/github/almasb/fxgl/21/fxgl-21.jar!/fxglassets/languages/english.lang
06:38:39.529 [FXGL Background Thread 4 ] DEBUG FXGLAssetLoaderServi - Loading from file system: jar:file:/home/legasov/.m2/repository/com/github/almasb/fxgl/21/fxgl-21.jar!/fxglassets/ui/fonts/Abel-Regular.ttf
06:38:39.530 [FXGL Background Thread 4 ] DEBUG FXGLAssetLoaderServi - Loading from file system: jar:file:/home/legasov/.m2/repository/com/github/almasb/fxgl/21/fxgl-21.jar!/fxglassets/ui/fonts/TerminalLandMono-Regular.otf
06:38:39.534 [FXGL Background Thread 4 ] DEBUG FXGLAssetLoaderServi - Loading from file system: jar:file:/home/legasov/.m2/repository/com/github/almasb/fxgl/21/fxgl-21.jar!/fxglassets/ui/fonts/Courier-Prime.ttf
06:38:39.542 [JavaFX Application Thread] DEBUG FXGLApplication      - Registering font factories with UI factory
06:38:39.547 [FXGL Background Thread 1 ] INFO  FXGLApplication      - FXGL initialization took: 0.499 sec
06:38:39.553 [JavaFX Application Thread] DEBUG Input                - Registered new binding: action0 - LMB
06:38:39.570 [JavaFX Application Thread] DEBUG FXGLAssetLoaderServi - Loading from file system: jar:file:/home/legasov/.m2/repository/com/github/almasb/fxgl/21/fxgl-21.jar!/fxglassets/textures/fxgl_icon.png
06:38:39.631 [JavaFX Application Thread] DEBUG FXGLAssetLoaderServi - Loading from file system: jar:file:/home/legasov/.m2/repository/com/github/almasb/fxgl/21/fxgl-21.jar!/fxglassets/textures/fxgl_default_cursor.png
06:38:39.648 [JavaFX Application Thread] DEBUG Input                - Registered new binding: Screenshot - CTRL+8
06:38:39.648 [JavaFX Application Thread] DEBUG Input                - Registered new binding: System info dump - CTRL+9
06:38:39.648 [JavaFX Application Thread] DEBUG Input                - Registered new binding: Restart - CTRL+R
06:38:39.649 [JavaFX Application Thread] DEBUG Input                - Registered new binding: Toggle Debug Camera - CTRL+7
06:38:39.653 [JavaFX Application Thread] DEBUG LoopRunner           - Starting loop
06:38:39.655 [JavaFX Application Thread] DEBUG LoopRunner           - Initializing JavaFX AnimationTimerLoop
06:38:39.661 [JavaFX Application Thread] DEBUG GameApplicationServi - Starting new game
06:38:39.662 [JavaFX Application Thread] DEBUG Input                - Clearing active input actions
06:38:39.685 [JavaFX Application Thread] DEBUG GameApplicationServi - Removing overlay from FXGLStartupScene and adding to FXGLLoadingScene
06:38:39.686 [JavaFX Application Thread] DEBUG PrimaryStageWindow   - FXGLStartupScene -> FXGLLoadingScene
06:38:39.686 [JavaFX Application Thread] DEBUG GameApplicationServi - Clearing previous game
06:38:39.686 [JavaFX Application Thread] DEBUG GameScene            - Clearing game scene
06:38:39.686 [JavaFX Application Thread] DEBUG GameWorld            - Clearing game world
06:38:39.686 [JavaFX Application Thread] DEBUG PhysicsWorld         - Clearing physics world
06:38:39.692 [FXGL Background Thread 1 ] DEBUG FXGLApplication      - Initializing game
06:38:39.723 [FXGL Background Thread 1 ] DEBUG FXGLAssetLoaderServi - Loading from file system: file:/home/legasov/NetBeansProjects/Metegol/target/classes/assets/textures/fondoMenu.png
06:38:39.787 [FXGL Background Thread 1 ] INFO  FXGLApplication      - Game initialization took: 0.094 sec
06:38:39.931 [JavaFX Application Thread] DEBUG Input                - Clearing active input actions
06:38:39.976 [JavaFX Application Thread] DEBUG GameApplicationServi - Removing overlay from FXGLLoadingScene and adding to GameScene
06:38:39.976 [JavaFX Application Thread] DEBUG PrimaryStageWindow   - FXGLLoadingScene -> GameScene
06:38:40.394 [FXGL Background Thread 2 ] INFO  UpdaterService       - Your current version:  21
06:38:40.394 [FXGL Background Thread 2 ] INFO  UpdaterService       - Latest stable version: 25
06:38:42.513 [FXGL Background Thread 3 ] DEBUG Engine               - Logging environment variables
06:38:42.514 [FXGL Background Thread 3 ] DEBUG Engine               - achievements: []
06:38:42.514 [FXGL Background Thread 3 ] DEBUG Engine               - actualHeight: 712.906982421875
06:38:42.515 [FXGL Background Thread 3 ] DEBUG Engine               - actualHeightProperty: ReadOnlyDoubleProperty [value: 712.906982421875]
06:38:42.515 [FXGL Background Thread 3 ] DEBUG Engine               - actualWidth: 1280.0
06:38:42.515 [FXGL Background Thread 3 ] DEBUG Engine               - actualWidthProperty: ReadOnlyDoubleProperty [value: 1280.0]
06:38:42.515 [FXGL Background Thread 3 ] DEBUG Engine               - appIcon: fxgl_icon.png
06:38:42.515 [FXGL Background Thread 3 ] DEBUG Engine               - applicationMode: DEVELOPER
06:38:42.515 [FXGL Background Thread 3 ] DEBUG Engine               - cSSList: [fxgl_dark.css]
06:38:42.516 [FXGL Background Thread 3 ] DEBUG Engine               - collisionDetectionStrategy: BRUTE_FORCE
06:38:42.516 [FXGL Background Thread 3 ] DEBUG Engine               - configClass: Optional.empty
06:38:42.516 [FXGL Background Thread 3 ] DEBUG Engine               - credits: []
06:38:42.516 [FXGL Background Thread 3 ] DEBUG Engine               - defaultCursor: CursorInfo(imageName=fxgl_default_cursor.png, hotspotX=7.0, hotspotY=6.0)
06:38:42.517 [FXGL Background Thread 3 ] DEBUG Engine               - devBBoxColorProperty: ObjectProperty [value: 0xff0000ff]
06:38:42.517 [FXGL Background Thread 3 ] DEBUG Engine               - devEnableDebugCameraProperty: BooleanProperty [value: false]
06:38:42.517 [FXGL Background Thread 3 ] DEBUG Engine               - devSensorColorProperty: ObjectProperty [value: 0xffff00ff]
06:38:42.518 [FXGL Background Thread 3 ] DEBUG Engine               - devShowBBoxProperty: BooleanProperty [value: false]
06:38:42.518 [FXGL Background Thread 3 ] DEBUG Engine               - devShowPositionProperty: BooleanProperty [value: false]
06:38:42.518 [FXGL Background Thread 3 ] DEBUG Engine               - enabledMenuItems: []
06:38:42.518 [FXGL Background Thread 3 ] DEBUG Engine               - engineServices: [class com.almasb.fxgl.app.services.FXGLAssetLoaderService, class com.almasb.fxgl.app.FXGLApplication$GameApplicationService, class com.almasb.fxgl.app.services.FXGLDialogService, class com.almasb.fxgl.app.services.IOTaskExecutorService, class com.almasb.fxgl.io.FileSystemService, class com.almasb.fxgl.localization.LocalizationService, class com.almasb.fxgl.app.services.SystemBundleService, class com.almasb.fxgl.profile.SaveLoadService, class com.almasb.fxgl.ui.FXGLUIFactoryServiceProvider, class com.almasb.fxgl.ui.FXGLDialogFactoryServiceProvider, class com.almasb.fxgl.audio.AudioPlayer, class com.almasb.fxgl.notification.impl.NotificationServiceProvider, class com.almasb.fxgl.achievement.AchievementService, class com.almasb.fxgl.cutscene.CutsceneService, class com.almasb.fxgl.minigames.MiniGameService, class com.almasb.fxgl.net.NetService, class com.almasb.fxgl.app.services.UpdaterService, class com.almasb.fxgl.dev.DevService]
06:38:42.519 [FXGL Background Thread 3 ] DEBUG Engine               - fontGame: Abel-Regular.ttf
06:38:42.519 [FXGL Background Thread 3 ] DEBUG Engine               - fontMono: TerminalLandMono-Regular.otf
06:38:42.519 [FXGL Background Thread 3 ] DEBUG Engine               - fontSizeScaleUI: 1.0
06:38:42.519 [FXGL Background Thread 3 ] DEBUG Engine               - fontText: Courier-Prime.ttf
06:38:42.519 [FXGL Background Thread 3 ] DEBUG Engine               - fontUI: VarelaRound-Regular.ttf
06:38:42.520 [FXGL Background Thread 3 ] DEBUG Engine               - fullScreen: BooleanProperty [value: false]
06:38:42.520 [FXGL Background Thread 3 ] DEBUG Engine               - gameDifficulty: MEDIUM
06:38:42.520 [FXGL Background Thread 3 ] DEBUG Engine               - gameDifficultyProperty: ObjectProperty [value: MEDIUM]
06:38:42.520 [FXGL Background Thread 3 ] DEBUG Engine               - globalMusicVolume: 0.5
06:38:42.521 [FXGL Background Thread 3 ] DEBUG Engine               - globalMusicVolumeProperty: DoubleProperty [value: 0.5]
06:38:42.521 [FXGL Background Thread 3 ] DEBUG Engine               - globalSoundVolume: 0.5
06:38:42.521 [FXGL Background Thread 3 ] DEBUG Engine               - globalSoundVolumeProperty: DoubleProperty [value: 0.5]
06:38:42.521 [FXGL Background Thread 3 ] DEBUG Engine               - height: 720
06:38:42.521 [FXGL Background Thread 3 ] DEBUG Engine               - is3D: false
06:38:42.521 [FXGL Background Thread 3 ] DEBUG Engine               - isAndroid: false
06:38:42.521 [FXGL Background Thread 3 ] DEBUG Engine               - isBrowser: false
06:38:42.522 [FXGL Background Thread 3 ] DEBUG Engine               - isClickFeedbackEnabled: false
06:38:42.522 [FXGL Background Thread 3 ] DEBUG Engine               - isCloseConfirmation: false
06:38:42.522 [FXGL Background Thread 3 ] DEBUG Engine               - isDesktop: true
06:38:42.522 [FXGL Background Thread 3 ] DEBUG Engine               - isDeveloperMenuEnabled: false
06:38:42.522 [FXGL Background Thread 3 ] DEBUG Engine               - isEmbedded: false
06:38:42.522 [FXGL Background Thread 3 ] DEBUG Engine               - isEntityPreloadEnabled: true
06:38:42.522 [FXGL Background Thread 3 ] DEBUG Engine               - isExperimentalTiledLargeMap: false
06:38:42.522 [FXGL Background Thread 3 ] DEBUG Engine               - isFileSystemWriteAllowed: true
06:38:42.522 [FXGL Background Thread 3 ] DEBUG Engine               - isFullScreenAllowed: false
06:38:42.523 [FXGL Background Thread 3 ] DEBUG Engine               - isFullScreenFromStart: false
06:38:42.523 [FXGL Background Thread 3 ] DEBUG Engine               - isGameMenuEnabled: true
06:38:42.523 [FXGL Background Thread 3 ] DEBUG Engine               - isIOS: false
06:38:42.523 [FXGL Background Thread 3 ] DEBUG Engine               - isIntroEnabled: false
06:38:42.523 [FXGL Background Thread 3 ] DEBUG Engine               - isLinux: true
06:38:42.523 [FXGL Background Thread 3 ] DEBUG Engine               - isMac: false
06:38:42.523 [FXGL Background Thread 3 ] DEBUG Engine               - isMainMenuEnabled: false
06:38:42.523 [FXGL Background Thread 3 ] DEBUG Engine               - isManualResizeEnabled: false
06:38:42.523 [FXGL Background Thread 3 ] DEBUG Engine               - isMobile: false
06:38:42.524 [FXGL Background Thread 3 ] DEBUG Engine               - isNative: false
06:38:42.524 [FXGL Background Thread 3 ] DEBUG Engine               - isPauseMusicWhenMinimized: true
06:38:42.524 [FXGL Background Thread 3 ] DEBUG Engine               - isPreserveResizeRatio: false
06:38:42.524 [FXGL Background Thread 3 ] DEBUG Engine               - isProfilingEnabled: false
06:38:42.524 [FXGL Background Thread 3 ] DEBUG Engine               - isScaleAffectedOnResize: true
06:38:42.524 [FXGL Background Thread 3 ] DEBUG Engine               - isSingleStep: false
06:38:42.524 [FXGL Background Thread 3 ] DEBUG Engine               - isUserProfileEnabled: false
06:38:42.524 [FXGL Background Thread 3 ] DEBUG Engine               - isWindows: false
06:38:42.524 [FXGL Background Thread 3 ] DEBUG Engine               - language: ObjectProperty [value: ENGLISH]
06:38:42.524 [FXGL Background Thread 3 ] DEBUG Engine               - menuKey: ESCAPE
06:38:42.525 [FXGL Background Thread 3 ] DEBUG Engine               - mouseSensitivity: 0.2
06:38:42.525 [FXGL Background Thread 3 ] DEBUG Engine               - notificationViewClass: class com.almasb.fxgl.notification.view.XboxNotificationView
06:38:42.525 [FXGL Background Thread 3 ] DEBUG Engine               - pixelsPerMeter: 50.0
06:38:42.525 [FXGL Background Thread 3 ] DEBUG Engine               - platform: LINUX
06:38:42.525 [FXGL Background Thread 3 ] DEBUG Engine               - prefHeightProperty: ReadOnlyDoubleProperty [value: 720.0]
06:38:42.525 [FXGL Background Thread 3 ] DEBUG Engine               - prefWidthProperty: ReadOnlyDoubleProperty [value: 1280.0]
06:38:42.525 [FXGL Background Thread 3 ] DEBUG Engine               - profileDir: profiles/
06:38:42.525 [FXGL Background Thread 3 ] DEBUG Engine               - profileName: StringProperty [value: DEFAULT]
06:38:42.525 [FXGL Background Thread 3 ] DEBUG Engine               - randomSeed: -1
06:38:42.526 [FXGL Background Thread 3 ] DEBUG Engine               - runtimeInfo: RuntimeInfo(platform=LINUX, version=21, build=28.12.2023 13.35)
06:38:42.526 [FXGL Background Thread 3 ] DEBUG Engine               - saveFileExt: sav
06:38:42.526 [FXGL Background Thread 3 ] DEBUG Engine               - scaledHeightProp$fxgl: DoubleProperty [bound, value: 712.906982421875]
06:38:42.526 [FXGL Background Thread 3 ] DEBUG Engine               - scaledWidthProp$fxgl: DoubleProperty [bound, value: 1280.0]
06:38:42.526 [FXGL Background Thread 3 ] DEBUG Engine               - sceneFactory: com.almasb.fxgl.app.scene.SceneFactory@7ea93ccc
06:38:42.526 [FXGL Background Thread 3 ] DEBUG Engine               - secondsIn24h: 60
06:38:42.526 [FXGL Background Thread 3 ] DEBUG Engine               - soundMenuBack: menu/back.wav
06:38:42.526 [FXGL Background Thread 3 ] DEBUG Engine               - soundMenuPress: menu/press.wav
06:38:42.526 [FXGL Background Thread 3 ] DEBUG Engine               - soundMenuSelect: menu/select.wav
06:38:42.526 [FXGL Background Thread 3 ] DEBUG Engine               - soundNotification: core/notification.wav
06:38:42.526 [FXGL Background Thread 3 ] DEBUG Engine               - stageStyle: DECORATED
06:38:42.527 [FXGL Background Thread 3 ] DEBUG Engine               - supportedLanguages: [ENGLISH, FRENCH, GERMAN, HUNGARIAN, RUSSIAN]
06:38:42.527 [FXGL Background Thread 3 ] DEBUG Engine               - ticksPerSecond: -1
06:38:42.527 [FXGL Background Thread 3 ] DEBUG Engine               - title: Metegol - Champs 2026
06:38:42.527 [FXGL Background Thread 3 ] DEBUG Engine               - urlGithub: https://github.com/AlmasB/FXGL
06:38:42.527 [FXGL Background Thread 3 ] DEBUG Engine               - urlLeaderboard: http://fxgl-top.herokuapp.com/
06:38:42.527 [FXGL Background Thread 3 ] DEBUG Engine               - urlPOM: https://raw.githubusercontent.com/AlmasB/FXGL/release/README.md
06:38:42.527 [FXGL Background Thread 3 ] DEBUG Engine               - userAppClass: class Metegol.Metegol
06:38:42.527 [FXGL Background Thread 3 ] DEBUG Engine               - version: 0.0
06:38:42.527 [FXGL Background Thread 3 ] DEBUG Engine               - versionCheckDays: 7
06:38:42.527 [FXGL Background Thread 3 ] DEBUG Engine               - width: 1280
06:38:42.527 [FXGL Background Thread 3 ] DEBUG Engine               - Logging services
06:38:42.527 [FXGL Background Thread 3 ] DEBUG Engine               - class com.almasb.fxgl.app.services.FXGLAssetLoaderService
06:38:42.527 [FXGL Background Thread 3 ] DEBUG Engine               - class com.almasb.fxgl.app.FXGLApplication$GameApplicationService
06:38:42.528 [FXGL Background Thread 3 ] DEBUG Engine               - class com.almasb.fxgl.app.services.FXGLDialogService
06:38:42.528 [FXGL Background Thread 3 ] DEBUG Engine               - class com.almasb.fxgl.app.services.IOTaskExecutorService
06:38:42.528 [FXGL Background Thread 3 ] DEBUG Engine               - class com.almasb.fxgl.io.FileSystemService
06:38:42.528 [FXGL Background Thread 3 ] DEBUG Engine               - class com.almasb.fxgl.localization.LocalizationService
06:38:42.528 [FXGL Background Thread 3 ] DEBUG Engine               - class com.almasb.fxgl.app.services.SystemBundleService
06:38:42.528 [FXGL Background Thread 3 ] DEBUG Engine               - class com.almasb.fxgl.profile.SaveLoadService
06:38:42.528 [FXGL Background Thread 3 ] DEBUG Engine               - class com.almasb.fxgl.ui.FXGLUIFactoryServiceProvider
06:38:42.528 [FXGL Background Thread 3 ] DEBUG Engine               - class com.almasb.fxgl.ui.FXGLDialogFactoryServiceProvider
06:38:42.528 [FXGL Background Thread 3 ] DEBUG Engine               - class com.almasb.fxgl.audio.AudioPlayer
06:38:42.528 [FXGL Background Thread 3 ] DEBUG Engine               - class com.almasb.fxgl.notification.impl.NotificationServiceProvider
06:38:42.528 [FXGL Background Thread 3 ] DEBUG Engine               - class com.almasb.fxgl.achievement.AchievementService
06:38:42.528 [FXGL Background Thread 3 ] DEBUG Engine               - class com.almasb.fxgl.cutscene.CutsceneService
06:38:42.528 [FXGL Background Thread 3 ] DEBUG Engine               - class com.almasb.fxgl.minigames.MiniGameService
06:38:42.528 [FXGL Background Thread 3 ] DEBUG Engine               - class com.almasb.fxgl.net.NetService
06:38:42.528 [FXGL Background Thread 3 ] DEBUG Engine               - class com.almasb.fxgl.app.services.UpdaterService
06:38:42.528 [FXGL Background Thread 3 ] DEBUG Engine               - class com.almasb.fxgl.dev.DevService
06:38:58.850 [JavaFX Application Thread] DEBUG FXGLAssetLoaderServi - Loading from file system: file:/home/legasov/NetBeansProjects/Metegol/target/classes/assets/textures/FondoSimulacion.png
06:39:09.919 [JavaFX Application Thread] WARN  TMXLevelLoader       - TiledMap generated from 1.12.2. Supported version: 1.9.0. Some features may not be parsed fully.
06:39:09.927 [JavaFX Application Thread] DEBUG TMXLevelLoader       - Parsed TiledMap: file:/home/legasov/NetBeansProjects/Metegol/target/classes/assets/levels/cancha.tmx
06:39:09.928 [JavaFX Application Thread] DEBUG TMXLevelLoader       - Creating tile layer entities
06:39:09.929 [JavaFX Application Thread] DEBUG TilesetLoader        - Loading view for layer Tile Layer 1
06:39:09.930 [JavaFX Application Thread] DEBUG TilesetLoader        - Created buffer with size 1280.0x1440.0
06:39:09.965 [JavaFX Application Thread] DEBUG TMXLevelLoader       - Creating object layer entities
06:39:09.983 [JavaFX Application Thread] DEBUG GameWorld            - Clearing removable entities
06:39:09.984 [JavaFX Application Thread] DEBUG GameWorld            - Setting level: com.almasb.fxgl.entity.level.Level@6b21f42
06:39:10.021 [JavaFX Application Thread] DEBUG Input                - Registered new binding: Arriba - W
06:39:10.021 [JavaFX Application Thread] DEBUG Input                - Registered new binding: Abajo - S
06:39:10.021 [JavaFX Application Thread] DEBUG Input                - Registered new binding: Izquierda - A
06:39:10.022 [JavaFX Application Thread] DEBUG Input                - Registered new binding: Derecha - D
06:39:10.022 [JavaFX Application Thread] DEBUG Input                - Registered new binding: Alternar Defensor - Q
06:39:10.022 [JavaFX Application Thread] DEBUG Input                - Registered new binding: Controlar Portero - Space
06:39:27.707 [JavaFX Application Thread] DEBUG LoopRunner           - Stopping loop
06:39:27.712 [JavaFX Application Thread] FATAL FXGLApplication      - Uncaught Exception:
java.lang.IllegalArgumentException: Duplicated @Spawns(futbolista) in Minijuego.FabricaMinijuego@c7d6f5f. Already exists in Minijuego.FabricaMinijuego@2a8d1e6=[futbolista, palo, porteria, balon, limite]
	at com.almasb.fxgl.entity.GameWorld.checkDuplicateSpawners(GameWorld.kt:341)
	at com.almasb.fxgl.entity.GameWorld.access$checkDuplicateSpawners(GameWorld.kt:35)
	at com.almasb.fxgl.entity.GameWorld$addEntityFactory$1.invoke(GameWorld.kt:314)
	at com.almasb.fxgl.entity.GameWorld$addEntityFactory$1.invoke(GameWorld.kt:310)
	at com.almasb.fxgl.entity.GameWorld.addEntityFactory$lambda$8(GameWorld.kt:310)
	at java.base/java.util.HashMap.forEach(HashMap.java:1430)
	at com.almasb.fxgl.entity.GameWorld.addEntityFactory(GameWorld.kt:310)
	at Minijuego.EscenaMinijuego.iniciarMinijuego(EscenaMinijuego.java:58)
	at MenuJuego.PantallaSimulacion.lambda$crearInterfaz$5(PantallaSimulacion.java:238)
	at com.almasb.fxgl.time.TimerAction.update(TimerAction.kt:69)
	at com.almasb.fxgl.time.Timer.update(Timer.kt:38)
	at com.almasb.fxgl.scene.Scene.update(Scene.kt:104)
	at com.almasb.fxgl.app.MainWindow$update$1.invoke(MainWindow.kt:121)
	at com.almasb.fxgl.app.MainWindow$update$1.invoke(MainWindow.kt:121)
	at com.almasb.fxgl.core.fsm.StateMachine.runOnActiveStates(StateMachine.kt:69)
	at com.almasb.fxgl.app.MainWindow.update(MainWindow.kt:121)
	at com.almasb.fxgl.app.FXGLApplication$GameApplicationService.onUpdate(FXGLApplication.kt:426)
	at com.almasb.fxgl.app.Engine.loop(Engine.kt:134)
	at com.almasb.fxgl.app.Engine.access$loop(Engine.kt:24)
	at com.almasb.fxgl.app.Engine$loop$1.invoke(Engine.kt:28)
	at com.almasb.fxgl.app.Engine$loop$1.invoke(Engine.kt:28)
	at com.almasb.fxgl.app.LoopRunner.frame(LoopRunner.kt:103)
	at com.almasb.fxgl.app.LoopRunner.access$frame(LoopRunner.kt:23)
	at com.almasb.fxgl.app.LoopRunner$impl$2$1.onTick(LoopRunner.kt:57)
	at com.almasb.fxgl.app.AnimationTimerLoop$timer$1.handle(LoopRunner.kt:137)
	at javafx.animation.AnimationTimer$AnimationTimerReceiver.handle(AnimationTimer.java:51)
	at com.sun.scenario.animation.AbstractPrimaryTimer.timePulseImpl(AbstractPrimaryTimer.java:342)
	at com.sun.scenario.animation.AbstractPrimaryTimer$MainLoop.run(AbstractPrimaryTimer.java:247)
	at com.sun.javafx.tk.quantum.QuantumToolkit.pulse(QuantumToolkit.java:593)
	at com.sun.javafx.tk.quantum.QuantumToolkit.pulse(QuantumToolkit.java:577)
	at com.sun.javafx.tk.quantum.QuantumToolkit.pulseFromQueue(QuantumToolkit.java:570)
	at com.sun.javafx.tk.quantum.QuantumToolkit.lambda$runToolkit$0(QuantumToolkit.java:351)
	at com.sun.glass.ui.InvokeLaterDispatcher$Future.run(InvokeLaterDispatcher.java:95)
	at com.sun.glass.ui.gtk.GtkApplication._runLoop(Native Method)
	at com.sun.glass.ui.gtk.GtkApplication.lambda$runLoop$0(GtkApplication.java:242)
	at java.base/java.lang.Thread.run(Thread.java:1474)

06:39:27.712 [JavaFX Application Thread] FATAL FXGLApplication      - Application will now exit
06:39:27.727 [JavaFX Application Thread] DEBUG PrimaryStageWindow   - Push state: ErrorSubScene
06:39:27.728 [JavaFX Application Thread] DEBUG Input                - Clearing active input actions
06:39:27.728 [JavaFX Application Thread] DEBUG GameApplicationServi - Removing overlay from GameScene and adding to ErrorSubScene
06:39:27.729 [JavaFX Application Thread] DEBUG PrimaryStageWindow   - GameScene -> ErrorSubScene
06:39:31.213 [JavaFX Application Thread] DEBUG FXGLApplication      - Exiting FXGL
06:39:31.214 [JavaFX Application Thread] DEBUG Async                - Shutting down background threads
06:39:31.214 [JavaFX Application Thread] DEBUG PrimaryStageWindow   - Closing main window
06:39:31.220 [JavaFX Application Thread] DEBUG Logger               - Closing Logger
