06:44:20.539 [main                     ] DEBUG Logger               - Configured Logger
06:44:20.548 [main                     ] DEBUG GameApplication      - Logging settings
Title: Metegol - Champs 2026
Version: 0.0
Width: 1280
Height: 720
Fullscreen: false
Intro: false
Profiling: false
Single step:false
App Mode: DEVELOPER
Menu Key: ESCAPE
Stage Style: DECORATED
Scene Factory: class com.almasb.fxgl.app.scene.SceneFactory

06:44:20.821 [JavaFX Application Thread] DEBUG FXGLApplication      - Initializing FXGL
06:44:20.823 [JavaFX Application Thread] INFO  Engine               - FXGL-21 (28.12.2023 13.35) on LINUX (J:25.0.3 FX:26)
06:44:20.823 [JavaFX Application Thread] DEBUG Engine               - JRE Vendor Name: Flathub
06:44:20.823 [JavaFX Application Thread] DEBUG Engine               - Running on OS: Linux version 7.1.3-201.fc44.x86_64
06:44:20.823 [JavaFX Application Thread] DEBUG Engine               - Architecture: amd64
06:44:20.823 [JavaFX Application Thread] INFO  Engine               - Source code and latest versions at: https://github.com/AlmasB/FXGL
06:44:20.823 [JavaFX Application Thread] INFO  Engine               -       Ask questions and discuss at: https://github.com/AlmasB/FXGL/discussions
06:44:20.823 [JavaFX Application Thread] INFO  Engine               -              Join the FXGL chat at: https://gitter.im/AlmasB/FXGL
06:44:20.901 [JavaFX Application Thread] DEBUG PrimaryStageWindow   - Creating a JavaFX scene
06:44:20.960 [JavaFX Application Thread] DEBUG PrimaryStageWindow   - Target settings size: 1280.0 x 720.0
06:44:20.961 [JavaFX Application Thread] DEBUG PrimaryStageWindow   - Scaled scene size:    1280.0 x 720.0
06:44:20.961 [JavaFX Application Thread] DEBUG PrimaryStageWindow   - Scaled ratio: (1.0, 1.0)
06:44:20.962 [JavaFX Application Thread] DEBUG PrimaryStageWindow   - Set initial scene to FXGLStartupScene
06:44:20.965 [JavaFX Application Thread] DEBUG PrimaryStageWindow   - Opening main window
06:44:20.998 [JavaFX Application Thread] DEBUG PrimaryStageWindow   - Window border size: (0.0, 35.0)
06:44:20.999 [JavaFX Application Thread] DEBUG PrimaryStageWindow   - Scaled size: 1280.0 x 685.3720703125
06:44:20.999 [JavaFX Application Thread] DEBUG PrimaryStageWindow   - Scaled ratio: (1.0, 0.9519056532118055)
06:44:20.999 [JavaFX Application Thread] DEBUG PrimaryStageWindow   - Scene size: 1280.0 x 720.0
06:44:20.999 [JavaFX Application Thread] DEBUG PrimaryStageWindow   - Stage size: 1280.0 x 720.3720703125
06:44:21.005 [FXGL Background Thread 1 ] DEBUG Engine               - Initializing environment variables
06:44:21.090 [FXGL Background Thread 1 ] DEBUG FXGLAssetLoaderServi - User app class for loading assets: class Metegol.Metegol
06:44:21.090 [FXGL Background Thread 1 ] DEBUG GameApplicationServi - Applying CSS: fxgl_dark.css
06:44:21.092 [FXGL Background Thread 1 ] DEBUG FXGLAssetLoaderServi - Loading from file system: jar:file:/home/legasov/.m2/repository/com/github/almasb/fxgl/21/fxgl-21.jar!/fxglassets/ui/css/fxgl_dark.css
06:44:21.166 [FXGL Background Thread 1 ] DEBUG GameApplicationServi - Initializing application scenes
06:44:21.217 [FXGL Background Thread 1 ] DEBUG GameWorld            - Game world initialized
06:44:21.274 [FXGL Background Thread 1 ] DEBUG PhysicsWorld         - Physics world initialized: appHeight=720, physics.ppm=50.0
06:44:21.275 [FXGL Background Thread 1 ] DEBUG PhysicsWorld         - Using strategy: BRUTE_FORCE
06:44:21.280 [FXGL Background Thread 1 ] DEBUG GameScene            - Game scene initialized: 1280x720
06:44:21.291 [FXGL Background Thread 1 ] DEBUG FXGL.DefaultMenu     - createMenuBodyGameMenu()
06:44:21.303 [FXGL Background Thread 1 ] DEBUG FXGL.DefaultMenu     - createOptionsMenu()
06:44:21.315 [FXGL Background Thread 1 ] DEBUG FXGLAssetLoaderServi - Loading from file system: jar:file:/home/legasov/.m2/repository/com/github/almasb/fxgl/21/fxgl-21.jar!/fxglassets/textures/particles/smoke.png
06:44:21.403 [FXGL Background Thread 1 ] DEBUG FXGLAssetLoaderServi - Loading from file system: jar:file:/home/legasov/.m2/repository/com/github/almasb/fxgl/21/fxgl-21.jar!/fxglassets/textures/particles/trace_horizontal.png
06:44:21.437 [FXGL Background Thread 1 ] DEBUG GameApplicationServi - Application scenes initialized
06:44:21.449 [FXGL Background Thread 1 ] DEBUG SystemBundleService  - Loading FXGL system data
06:44:21.453 [FXGL Background Thread 1 ] DEBUG FileSystemAccess     - Reading from: /home/legasov/NetBeansProjects/Metegol/system/fxgl.bundle
06:44:21.459 [FXGL Background Thread 1 ] DEBUG SystemBundleService  - Bundle FXGL: {}
06:44:21.459 [FXGL Background Thread 1 ] DEBUG UpdaterService       - Checking for updates
06:44:21.469 [FXGL Background Thread 4 ] DEBUG FXGLApplication      - Loading fonts
06:44:21.470 [FXGL Background Thread 4 ] DEBUG FXGLAssetLoaderServi - Loading from file system: jar:file:/home/legasov/.m2/repository/com/github/almasb/fxgl/21/fxgl-21.jar!/fxglassets/ui/fonts/VarelaRound-Regular.ttf
06:44:21.472 [FXGL Background Thread 1 ] DEBUG FXGLApplication      - Loading default localization
06:44:21.473 [FXGL Background Thread 1 ] DEBUG FXGLAssetLoaderServi - Loading from file system: jar:file:/home/legasov/.m2/repository/com/github/almasb/fxgl/21/fxgl-21.jar!/fxglassets/languages/english.lang
06:44:21.484 [FXGL Background Thread 4 ] DEBUG FXGLAssetLoaderServi - Loading from file system: jar:file:/home/legasov/.m2/repository/com/github/almasb/fxgl/21/fxgl-21.jar!/fxglassets/ui/fonts/Abel-Regular.ttf
06:44:21.486 [FXGL Background Thread 4 ] DEBUG FXGLAssetLoaderServi - Loading from file system: jar:file:/home/legasov/.m2/repository/com/github/almasb/fxgl/21/fxgl-21.jar!/fxglassets/ui/fonts/TerminalLandMono-Regular.otf
06:44:21.489 [FXGL Background Thread 4 ] DEBUG FXGLAssetLoaderServi - Loading from file system: jar:file:/home/legasov/.m2/repository/com/github/almasb/fxgl/21/fxgl-21.jar!/fxglassets/ui/fonts/Courier-Prime.ttf
06:44:21.496 [JavaFX Application Thread] DEBUG FXGLApplication      - Registering font factories with UI factory
06:44:21.503 [FXGL Background Thread 1 ] INFO  FXGLApplication      - FXGL initialization took: 0.498 sec
06:44:21.507 [JavaFX Application Thread] DEBUG Input                - Registered new binding: action0 - LMB
06:44:21.508 [JavaFX Application Thread] DEBUG FXGLAssetLoaderServi - Loading from file system: jar:file:/home/legasov/.m2/repository/com/github/almasb/fxgl/21/fxgl-21.jar!/fxglassets/textures/fxgl_icon.png
06:44:21.540 [JavaFX Application Thread] DEBUG FXGLAssetLoaderServi - Loading from file system: jar:file:/home/legasov/.m2/repository/com/github/almasb/fxgl/21/fxgl-21.jar!/fxglassets/textures/fxgl_default_cursor.png
06:44:21.567 [JavaFX Application Thread] DEBUG Input                - Registered new binding: Screenshot - CTRL+8
06:44:21.568 [JavaFX Application Thread] DEBUG Input                - Registered new binding: System info dump - CTRL+9
06:44:21.568 [JavaFX Application Thread] DEBUG Input                - Registered new binding: Restart - CTRL+R
06:44:21.569 [JavaFX Application Thread] DEBUG Input                - Registered new binding: Toggle Debug Camera - CTRL+7
06:44:21.573 [JavaFX Application Thread] DEBUG LoopRunner           - Starting loop
06:44:21.573 [JavaFX Application Thread] DEBUG LoopRunner           - Initializing JavaFX AnimationTimerLoop
06:44:21.577 [JavaFX Application Thread] DEBUG GameApplicationServi - Starting new game
06:44:21.578 [JavaFX Application Thread] DEBUG Input                - Clearing active input actions
06:44:21.607 [JavaFX Application Thread] DEBUG GameApplicationServi - Removing overlay from FXGLStartupScene and adding to FXGLLoadingScene
06:44:21.608 [JavaFX Application Thread] DEBUG PrimaryStageWindow   - FXGLStartupScene -> FXGLLoadingScene
06:44:21.608 [JavaFX Application Thread] DEBUG GameApplicationServi - Clearing previous game
06:44:21.608 [JavaFX Application Thread] DEBUG GameScene            - Clearing game scene
06:44:21.608 [JavaFX Application Thread] DEBUG GameWorld            - Clearing game world
06:44:21.608 [JavaFX Application Thread] DEBUG PhysicsWorld         - Clearing physics world
06:44:21.610 [FXGL Background Thread 1 ] DEBUG FXGLApplication      - Initializing game
06:44:21.633 [FXGL Background Thread 1 ] DEBUG FXGLAssetLoaderServi - Loading from file system: file:/home/legasov/NetBeansProjects/Metegol/target/classes/assets/textures/fondoMenu.png
06:44:21.728 [FXGL Background Thread 1 ] INFO  FXGLApplication      - Game initialization took: 0.117 sec
06:44:21.890 [JavaFX Application Thread] DEBUG Input                - Clearing active input actions
06:44:21.905 [JavaFX Application Thread] DEBUG GameApplicationServi - Removing overlay from FXGLLoadingScene and adding to GameScene
06:44:21.906 [JavaFX Application Thread] DEBUG PrimaryStageWindow   - FXGLLoadingScene -> GameScene
06:44:22.441 [FXGL Background Thread 2 ] INFO  UpdaterService       - Your current version:  21
06:44:22.442 [FXGL Background Thread 2 ] INFO  UpdaterService       - Latest stable version: 25
06:44:24.464 [FXGL Background Thread 3 ] DEBUG Engine               - Logging environment variables
06:44:24.464 [FXGL Background Thread 3 ] DEBUG Engine               - achievements: []
06:44:24.465 [FXGL Background Thread 3 ] DEBUG Engine               - actualHeight: 685.3720703125
06:44:24.465 [FXGL Background Thread 3 ] DEBUG Engine               - actualHeightProperty: ReadOnlyDoubleProperty [value: 712.906982421875]
06:44:24.465 [FXGL Background Thread 3 ] DEBUG Engine               - actualWidth: 1280.0
06:44:24.465 [FXGL Background Thread 3 ] DEBUG Engine               - actualWidthProperty: ReadOnlyDoubleProperty [value: 1280.0]
06:44:24.465 [FXGL Background Thread 3 ] DEBUG Engine               - appIcon: fxgl_icon.png
06:44:24.465 [FXGL Background Thread 3 ] DEBUG Engine               - applicationMode: DEVELOPER
06:44:24.465 [FXGL Background Thread 3 ] DEBUG Engine               - cSSList: [fxgl_dark.css]
06:44:24.465 [FXGL Background Thread 3 ] DEBUG Engine               - collisionDetectionStrategy: BRUTE_FORCE
06:44:24.465 [FXGL Background Thread 3 ] DEBUG Engine               - configClass: Optional.empty
06:44:24.465 [FXGL Background Thread 3 ] DEBUG Engine               - credits: []
06:44:24.465 [FXGL Background Thread 3 ] DEBUG Engine               - defaultCursor: CursorInfo(imageName=fxgl_default_cursor.png, hotspotX=7.0, hotspotY=6.0)
06:44:24.465 [FXGL Background Thread 3 ] DEBUG Engine               - devBBoxColorProperty: ObjectProperty [value: 0xff0000ff]
06:44:24.466 [FXGL Background Thread 3 ] DEBUG Engine               - devEnableDebugCameraProperty: BooleanProperty [value: false]
06:44:24.466 [FXGL Background Thread 3 ] DEBUG Engine               - devSensorColorProperty: ObjectProperty [value: 0xffff00ff]
06:44:24.466 [FXGL Background Thread 3 ] DEBUG Engine               - devShowBBoxProperty: BooleanProperty [value: false]
06:44:24.466 [FXGL Background Thread 3 ] DEBUG Engine               - devShowPositionProperty: BooleanProperty [value: false]
06:44:24.466 [FXGL Background Thread 3 ] DEBUG Engine               - enabledMenuItems: []
06:44:24.466 [FXGL Background Thread 3 ] DEBUG Engine               - engineServices: [class com.almasb.fxgl.app.services.FXGLAssetLoaderService, class com.almasb.fxgl.app.FXGLApplication$GameApplicationService, class com.almasb.fxgl.app.services.FXGLDialogService, class com.almasb.fxgl.app.services.IOTaskExecutorService, class com.almasb.fxgl.io.FileSystemService, class com.almasb.fxgl.localization.LocalizationService, class com.almasb.fxgl.app.services.SystemBundleService, class com.almasb.fxgl.profile.SaveLoadService, class com.almasb.fxgl.ui.FXGLUIFactoryServiceProvider, class com.almasb.fxgl.ui.FXGLDialogFactoryServiceProvider, class com.almasb.fxgl.audio.AudioPlayer, class com.almasb.fxgl.notification.impl.NotificationServiceProvider, class com.almasb.fxgl.achievement.AchievementService, class com.almasb.fxgl.cutscene.CutsceneService, class com.almasb.fxgl.minigames.MiniGameService, class com.almasb.fxgl.net.NetService, class com.almasb.fxgl.app.services.UpdaterService, class com.almasb.fxgl.dev.DevService]
06:44:24.466 [FXGL Background Thread 3 ] DEBUG Engine               - fontGame: Abel-Regular.ttf
06:44:24.466 [FXGL Background Thread 3 ] DEBUG Engine               - fontMono: TerminalLandMono-Regular.otf
06:44:24.466 [FXGL Background Thread 3 ] DEBUG Engine               - fontSizeScaleUI: 1.0
06:44:24.466 [FXGL Background Thread 3 ] DEBUG Engine               - fontText: Courier-Prime.ttf
06:44:24.466 [FXGL Background Thread 3 ] DEBUG Engine               - fontUI: VarelaRound-Regular.ttf
06:44:24.466 [FXGL Background Thread 3 ] DEBUG Engine               - fullScreen: BooleanProperty [value: false]
06:44:24.466 [FXGL Background Thread 3 ] DEBUG Engine               - gameDifficulty: MEDIUM
06:44:24.466 [FXGL Background Thread 3 ] DEBUG Engine               - gameDifficultyProperty: ObjectProperty [value: MEDIUM]
06:44:24.467 [FXGL Background Thread 3 ] DEBUG Engine               - globalMusicVolume: 0.5
06:44:24.467 [FXGL Background Thread 3 ] DEBUG Engine               - globalMusicVolumeProperty: DoubleProperty [value: 0.5]
06:44:24.467 [FXGL Background Thread 3 ] DEBUG Engine               - globalSoundVolume: 0.5
06:44:24.467 [FXGL Background Thread 3 ] DEBUG Engine               - globalSoundVolumeProperty: DoubleProperty [value: 0.5]
06:44:24.467 [FXGL Background Thread 3 ] DEBUG Engine               - height: 720
06:44:24.467 [FXGL Background Thread 3 ] DEBUG Engine               - is3D: false
06:44:24.467 [FXGL Background Thread 3 ] DEBUG Engine               - isAndroid: false
06:44:24.467 [FXGL Background Thread 3 ] DEBUG Engine               - isBrowser: false
06:44:24.467 [FXGL Background Thread 3 ] DEBUG Engine               - isClickFeedbackEnabled: false
06:44:24.467 [FXGL Background Thread 3 ] DEBUG Engine               - isCloseConfirmation: false
06:44:24.467 [FXGL Background Thread 3 ] DEBUG Engine               - isDesktop: true
06:44:24.468 [FXGL Background Thread 3 ] DEBUG Engine               - isDeveloperMenuEnabled: false
06:44:24.468 [FXGL Background Thread 3 ] DEBUG Engine               - isEmbedded: false
06:44:24.468 [FXGL Background Thread 3 ] DEBUG Engine               - isEntityPreloadEnabled: true
06:44:24.468 [FXGL Background Thread 3 ] DEBUG Engine               - isExperimentalTiledLargeMap: false
06:44:24.468 [FXGL Background Thread 3 ] DEBUG Engine               - isFileSystemWriteAllowed: true
06:44:24.468 [FXGL Background Thread 3 ] DEBUG Engine               - isFullScreenAllowed: false
06:44:24.468 [FXGL Background Thread 3 ] DEBUG Engine               - isFullScreenFromStart: false
06:44:24.468 [FXGL Background Thread 3 ] DEBUG Engine               - isGameMenuEnabled: true
06:44:24.468 [FXGL Background Thread 3 ] DEBUG Engine               - isIOS: false
06:44:24.468 [FXGL Background Thread 3 ] DEBUG Engine               - isIntroEnabled: false
06:44:24.468 [FXGL Background Thread 3 ] DEBUG Engine               - isLinux: true
06:44:24.468 [FXGL Background Thread 3 ] DEBUG Engine               - isMac: false
06:44:24.468 [FXGL Background Thread 3 ] DEBUG Engine               - isMainMenuEnabled: false
06:44:24.468 [FXGL Background Thread 3 ] DEBUG Engine               - isManualResizeEnabled: false
06:44:24.468 [FXGL Background Thread 3 ] DEBUG Engine               - isMobile: false
06:44:24.468 [FXGL Background Thread 3 ] DEBUG Engine               - isNative: false
06:44:24.468 [FXGL Background Thread 3 ] DEBUG Engine               - isPauseMusicWhenMinimized: true
06:44:24.469 [FXGL Background Thread 3 ] DEBUG Engine               - isPreserveResizeRatio: false
06:44:24.469 [FXGL Background Thread 3 ] DEBUG Engine               - isProfilingEnabled: false
06:44:24.469 [FXGL Background Thread 3 ] DEBUG Engine               - isScaleAffectedOnResize: true
06:44:24.469 [FXGL Background Thread 3 ] DEBUG Engine               - isSingleStep: false
06:44:24.469 [FXGL Background Thread 3 ] DEBUG Engine               - isUserProfileEnabled: false
06:44:24.469 [FXGL Background Thread 3 ] DEBUG Engine               - isWindows: false
06:44:24.469 [FXGL Background Thread 3 ] DEBUG Engine               - language: ObjectProperty [value: ENGLISH]
06:44:24.469 [FXGL Background Thread 3 ] DEBUG Engine               - menuKey: ESCAPE
06:44:24.469 [FXGL Background Thread 3 ] DEBUG Engine               - mouseSensitivity: 0.2
06:44:24.469 [FXGL Background Thread 3 ] DEBUG Engine               - notificationViewClass: class com.almasb.fxgl.notification.view.XboxNotificationView
06:44:24.469 [FXGL Background Thread 3 ] DEBUG Engine               - pixelsPerMeter: 50.0
06:44:24.469 [FXGL Background Thread 3 ] DEBUG Engine               - platform: LINUX
06:44:24.469 [FXGL Background Thread 3 ] DEBUG Engine               - prefHeightProperty: ReadOnlyDoubleProperty [value: 720.0]
06:44:24.469 [FXGL Background Thread 3 ] DEBUG Engine               - prefWidthProperty: ReadOnlyDoubleProperty [value: 1280.0]
06:44:24.469 [FXGL Background Thread 3 ] DEBUG Engine               - profileDir: profiles/
06:44:24.469 [FXGL Background Thread 3 ] DEBUG Engine               - profileName: StringProperty [value: DEFAULT]
06:44:24.470 [FXGL Background Thread 3 ] DEBUG Engine               - randomSeed: -1
06:44:24.470 [FXGL Background Thread 3 ] DEBUG Engine               - runtimeInfo: RuntimeInfo(platform=LINUX, version=21, build=28.12.2023 13.35)
06:44:24.470 [FXGL Background Thread 3 ] DEBUG Engine               - saveFileExt: sav
06:44:24.470 [FXGL Background Thread 3 ] DEBUG Engine               - scaledHeightProp$fxgl: DoubleProperty [bound, value: 712.906982421875]
06:44:24.470 [FXGL Background Thread 3 ] DEBUG Engine               - scaledWidthProp$fxgl: DoubleProperty [bound, value: 1280.0]
06:44:24.470 [FXGL Background Thread 3 ] DEBUG Engine               - sceneFactory: com.almasb.fxgl.app.scene.SceneFactory@4f38a8bb
06:44:24.470 [FXGL Background Thread 3 ] DEBUG Engine               - secondsIn24h: 60
06:44:24.470 [FXGL Background Thread 3 ] DEBUG Engine               - soundMenuBack: menu/back.wav
06:44:24.470 [FXGL Background Thread 3 ] DEBUG Engine               - soundMenuPress: menu/press.wav
06:44:24.470 [FXGL Background Thread 3 ] DEBUG Engine               - soundMenuSelect: menu/select.wav
06:44:24.470 [FXGL Background Thread 3 ] DEBUG Engine               - soundNotification: core/notification.wav
06:44:24.470 [FXGL Background Thread 3 ] DEBUG Engine               - stageStyle: DECORATED
06:44:24.470 [FXGL Background Thread 3 ] DEBUG Engine               - supportedLanguages: [ENGLISH, FRENCH, GERMAN, HUNGARIAN, RUSSIAN]
06:44:24.470 [FXGL Background Thread 3 ] DEBUG Engine               - ticksPerSecond: -1
06:44:24.470 [FXGL Background Thread 3 ] DEBUG Engine               - title: Metegol - Champs 2026
06:44:24.470 [FXGL Background Thread 3 ] DEBUG Engine               - urlGithub: https://github.com/AlmasB/FXGL
06:44:24.471 [FXGL Background Thread 3 ] DEBUG Engine               - urlLeaderboard: http://fxgl-top.herokuapp.com/
06:44:24.471 [FXGL Background Thread 3 ] DEBUG Engine               - urlPOM: https://raw.githubusercontent.com/AlmasB/FXGL/release/README.md
06:44:24.471 [FXGL Background Thread 3 ] DEBUG Engine               - userAppClass: class Metegol.Metegol
06:44:24.471 [FXGL Background Thread 3 ] DEBUG Engine               - version: 0.0
06:44:24.471 [FXGL Background Thread 3 ] DEBUG Engine               - versionCheckDays: 7
06:44:24.471 [FXGL Background Thread 3 ] DEBUG Engine               - width: 1280
06:44:24.471 [FXGL Background Thread 3 ] DEBUG Engine               - Logging services
06:44:24.471 [FXGL Background Thread 3 ] DEBUG Engine               - class com.almasb.fxgl.app.services.FXGLAssetLoaderService
06:44:24.471 [FXGL Background Thread 3 ] DEBUG Engine               - class com.almasb.fxgl.app.FXGLApplication$GameApplicationService
06:44:24.471 [FXGL Background Thread 3 ] DEBUG Engine               - class com.almasb.fxgl.app.services.FXGLDialogService
06:44:24.471 [FXGL Background Thread 3 ] DEBUG Engine               - class com.almasb.fxgl.app.services.IOTaskExecutorService
06:44:24.471 [FXGL Background Thread 3 ] DEBUG Engine               - class com.almasb.fxgl.io.FileSystemService
06:44:24.471 [FXGL Background Thread 3 ] DEBUG Engine               - class com.almasb.fxgl.localization.LocalizationService
06:44:24.471 [FXGL Background Thread 3 ] DEBUG Engine               - class com.almasb.fxgl.app.services.SystemBundleService
06:44:24.471 [FXGL Background Thread 3 ] DEBUG Engine               - class com.almasb.fxgl.profile.SaveLoadService
06:44:24.471 [FXGL Background Thread 3 ] DEBUG Engine               - class com.almasb.fxgl.ui.FXGLUIFactoryServiceProvider
06:44:24.471 [FXGL Background Thread 3 ] DEBUG Engine               - class com.almasb.fxgl.ui.FXGLDialogFactoryServiceProvider
06:44:24.471 [FXGL Background Thread 3 ] DEBUG Engine               - class com.almasb.fxgl.audio.AudioPlayer
06:44:24.471 [FXGL Background Thread 3 ] DEBUG Engine               - class com.almasb.fxgl.notification.impl.NotificationServiceProvider
06:44:24.471 [FXGL Background Thread 3 ] DEBUG Engine               - class com.almasb.fxgl.achievement.AchievementService
06:44:24.471 [FXGL Background Thread 3 ] DEBUG Engine               - class com.almasb.fxgl.cutscene.CutsceneService
06:44:24.471 [FXGL Background Thread 3 ] DEBUG Engine               - class com.almasb.fxgl.minigames.MiniGameService
06:44:24.472 [FXGL Background Thread 3 ] DEBUG Engine               - class com.almasb.fxgl.net.NetService
06:44:24.472 [FXGL Background Thread 3 ] DEBUG Engine               - class com.almasb.fxgl.app.services.UpdaterService
06:44:24.472 [FXGL Background Thread 3 ] DEBUG Engine               - class com.almasb.fxgl.dev.DevService
06:45:04.011 [JavaFX Application Thread] DEBUG FXGLAssetLoaderServi - Loading from file system: file:/home/legasov/NetBeansProjects/Metegol/target/classes/assets/textures/FondoSimulacion.png
06:45:18.119 [JavaFX Application Thread] WARN  TMXLevelLoader       - TiledMap generated from 1.12.2. Supported version: 1.9.0. Some features may not be parsed fully.
06:45:18.127 [JavaFX Application Thread] DEBUG TMXLevelLoader       - Parsed TiledMap: file:/home/legasov/NetBeansProjects/Metegol/target/classes/assets/levels/cancha.tmx
06:45:18.128 [JavaFX Application Thread] DEBUG TMXLevelLoader       - Creating tile layer entities
06:45:18.130 [JavaFX Application Thread] DEBUG TilesetLoader        - Loading view for layer Tile Layer 1
06:45:18.134 [JavaFX Application Thread] DEBUG TilesetLoader        - Created buffer with size 1280.0x1440.0
06:45:18.185 [JavaFX Application Thread] DEBUG TMXLevelLoader       - Creating object layer entities
06:45:18.218 [JavaFX Application Thread] DEBUG GameWorld            - Clearing removable entities
06:45:18.220 [JavaFX Application Thread] DEBUG GameWorld            - Setting level: com.almasb.fxgl.entity.level.Level@c92903b
06:45:18.261 [JavaFX Application Thread] DEBUG Input                - Registered new binding: Arriba - W
06:45:18.261 [JavaFX Application Thread] DEBUG Input                - Registered new binding: Abajo - S
06:45:18.262 [JavaFX Application Thread] DEBUG Input                - Registered new binding: Izquierda - A
06:45:18.262 [JavaFX Application Thread] DEBUG Input                - Registered new binding: Derecha - D
06:45:18.262 [JavaFX Application Thread] DEBUG Input                - Registered new binding: Alternar Defensor - Q
06:45:18.262 [JavaFX Application Thread] DEBUG Input                - Registered new binding: Controlar Portero - Space
06:45:23.794 [JavaFX Application Thread] DEBUG LoopRunner           - Stopping loop
06:45:23.796 [JavaFX Application Thread] FATAL FXGLApplication      - Uncaught Exception:
java.lang.IllegalArgumentException: Component AtributosFutbolistaComponent not found!
	at com.almasb.fxgl.entity.Entity.getComponent(Entity.java:366)
	at Minijuego.EscenaMinijuego$5.onAction(EscenaMinijuego.java:299)
	at com.almasb.fxgl.input.UserAction.action$fxgl_core(UserAction.kt:38)
	at com.almasb.fxgl.input.Input.update(Input.kt:288)
	at com.almasb.fxgl.scene.Scene.update(Scene.kt:103)
	at com.almasb.fxgl.app.MainWindow$update$1.invoke(MainWindow.kt:121)
	at com.almasb.fxgl.app.MainWindow$update$1.invoke(MainWindow.kt:121)
	at com.almasb.fxgl.core.fsm.StateMachine.runOnActiveStates(StateMachine.kt:69)
	at com.almasb.fxgl.app.MainWindow.update(MainWindow.kt:121)
	at com.almasb.fxgl.app.FXGLApplication$GameApplicationService.onUpdate(FXGLApplication.kt:426)
	at com.almasb.fxgl.app.Engine.loop(Engine.kt:134)
	at com.almasb.fxgl.app.Engine.access$loop(Engine.kt:24)
	at com.almasb.fxgl.app.Engine$loop$1.invoke(Engine.kt:28)
	at com.almasb.fxgl.app.Engine$loop$1.invoke(Engine.kt:28)
	at com.almasb.fxgl.app.LoopRunner.frame(LoopRunner.kt:103)
	at com.almasb.fxgl.app.LoopRunner.access$frame(LoopRunner.kt:23)
	at com.almasb.fxgl.app.LoopRunner$impl$2$1.onTick(LoopRunner.kt:57)
	at com.almasb.fxgl.app.AnimationTimerLoop$timer$1.handle(LoopRunner.kt:137)
	at javafx.animation.AnimationTimer$AnimationTimerReceiver.handle(AnimationTimer.java:51)
	at com.sun.scenario.animation.AbstractPrimaryTimer.timePulseImpl(AbstractPrimaryTimer.java:342)
	at com.sun.scenario.animation.AbstractPrimaryTimer$MainLoop.run(AbstractPrimaryTimer.java:247)
	at com.sun.javafx.tk.quantum.QuantumToolkit.pulse(QuantumToolkit.java:593)
	at com.sun.javafx.tk.quantum.QuantumToolkit.pulse(QuantumToolkit.java:577)
	at com.sun.javafx.tk.quantum.QuantumToolkit.pulseFromQueue(QuantumToolkit.java:570)
	at com.sun.javafx.tk.quantum.QuantumToolkit.lambda$runToolkit$0(QuantumToolkit.java:351)
	at com.sun.glass.ui.InvokeLaterDispatcher$Future.run(InvokeLaterDispatcher.java:95)
	at com.sun.glass.ui.gtk.GtkApplication._runLoop(Native Method)
	at com.sun.glass.ui.gtk.GtkApplication.lambda$runLoop$0(GtkApplication.java:242)
	at java.base/java.lang.Thread.run(Thread.java:1474)

06:45:23.796 [JavaFX Application Thread] FATAL FXGLApplication      - Application will now exit
06:45:23.805 [JavaFX Application Thread] DEBUG PrimaryStageWindow   - Push state: ErrorSubScene
06:45:23.805 [JavaFX Application Thread] DEBUG Input                - Clearing active input actions
06:51:10.649 [JavaFX Application Thread] DEBUG FXGLApplication      - Exiting FXGL
06:51:10.649 [JavaFX Application Thread] DEBUG Async                - Shutting down background threads
06:51:10.649 [JavaFX Application Thread] DEBUG PrimaryStageWindow   - Closing main window
06:51:10.654 [JavaFX Application Thread] DEBUG Logger               - Closing Logger
