13:19:04.859 [main                     ] DEBUG Logger               - Configured Logger
13:19:04.864 [main                     ] DEBUG GameApplication      - Logging settings
Title: Metegol - Champs 2026
Version: 0.0
Width: 1280
Height: 720
Fullscreen: false
Intro: false
Profiling: false
Single step:false
App Mode: DEVELOPER
Menu Key: ESCAPE
Stage Style: DECORATED
Scene Factory: class com.almasb.fxgl.app.scene.SceneFactory

13:19:05.116 [JavaFX Application Thread] DEBUG FXGLApplication      - Initializing FXGL
13:19:05.119 [JavaFX Application Thread] INFO  Engine               - FXGL-21 (28.12.2023 13.35) on LINUX (J:25.0.3 FX:26)
13:19:05.120 [JavaFX Application Thread] DEBUG Engine               - JRE Vendor Name: Flathub
13:19:05.120 [JavaFX Application Thread] DEBUG Engine               - Running on OS: Linux version 7.1.3-201.fc44.x86_64
13:19:05.120 [JavaFX Application Thread] DEBUG Engine               - Architecture: amd64
13:19:05.120 [JavaFX Application Thread] INFO  Engine               - Source code and latest versions at: https://github.com/AlmasB/FXGL
13:19:05.120 [JavaFX Application Thread] INFO  Engine               -       Ask questions and discuss at: https://github.com/AlmasB/FXGL/discussions
13:19:05.120 [JavaFX Application Thread] INFO  Engine               -              Join the FXGL chat at: https://gitter.im/AlmasB/FXGL
13:19:05.217 [JavaFX Application Thread] DEBUG PrimaryStageWindow   - Creating a JavaFX scene
13:19:05.321 [JavaFX Application Thread] DEBUG PrimaryStageWindow   - Target settings size: 1280.0 x 720.0
13:19:05.321 [JavaFX Application Thread] DEBUG PrimaryStageWindow   - Scaled scene size:    1280.0 x 720.0
13:19:05.321 [JavaFX Application Thread] DEBUG PrimaryStageWindow   - Scaled ratio: (1.0, 1.0)
13:19:05.325 [JavaFX Application Thread] DEBUG PrimaryStageWindow   - Set initial scene to FXGLStartupScene
13:19:05.333 [JavaFX Application Thread] DEBUG PrimaryStageWindow   - Opening main window
13:19:05.394 [JavaFX Application Thread] DEBUG PrimaryStageWindow   - Window border size: (0.0, 35.0)
13:19:05.394 [JavaFX Application Thread] DEBUG PrimaryStageWindow   - Scaled size: 1280.0 x 685.3720703125
13:19:05.394 [JavaFX Application Thread] DEBUG PrimaryStageWindow   - Scaled ratio: (1.0, 0.9519056532118055)
13:19:05.394 [JavaFX Application Thread] DEBUG PrimaryStageWindow   - Scene size: 1280.0 x 720.0
13:19:05.394 [JavaFX Application Thread] DEBUG PrimaryStageWindow   - Stage size: 1280.0 x 720.3720703125
13:19:05.401 [FXGL Background Thread 1 ] DEBUG Engine               - Initializing environment variables
13:19:05.472 [FXGL Background Thread 1 ] DEBUG FXGLAssetLoaderServi - User app class for loading assets: class Metegol.Metegol
13:19:05.472 [FXGL Background Thread 1 ] DEBUG GameApplicationServi - Applying CSS: fxgl_dark.css
13:19:05.473 [FXGL Background Thread 1 ] DEBUG FXGLAssetLoaderServi - Loading from file system: jar:file:/home/legasov/.m2/repository/com/github/almasb/fxgl/21/fxgl-21.jar!/fxglassets/ui/css/fxgl_dark.css
13:19:05.519 [FXGL Background Thread 1 ] DEBUG GameApplicationServi - Initializing application scenes
13:19:05.556 [FXGL Background Thread 1 ] DEBUG GameWorld            - Game world initialized
13:19:05.601 [FXGL Background Thread 1 ] DEBUG PhysicsWorld         - Physics world initialized: appHeight=720, physics.ppm=50.0
13:19:05.601 [FXGL Background Thread 1 ] DEBUG PhysicsWorld         - Using strategy: BRUTE_FORCE
13:19:05.604 [FXGL Background Thread 1 ] DEBUG GameScene            - Game scene initialized: 1280x720
13:19:05.611 [FXGL Background Thread 1 ] DEBUG FXGL.DefaultMenu     - createMenuBodyGameMenu()
13:19:05.622 [FXGL Background Thread 1 ] DEBUG FXGL.DefaultMenu     - createOptionsMenu()
13:19:05.631 [FXGL Background Thread 1 ] DEBUG FXGLAssetLoaderServi - Loading from file system: jar:file:/home/legasov/.m2/repository/com/github/almasb/fxgl/21/fxgl-21.jar!/fxglassets/textures/particles/smoke.png
13:19:05.704 [FXGL Background Thread 1 ] DEBUG FXGLAssetLoaderServi - Loading from file system: jar:file:/home/legasov/.m2/repository/com/github/almasb/fxgl/21/fxgl-21.jar!/fxglassets/textures/particles/trace_horizontal.png
13:19:05.722 [FXGL Background Thread 1 ] DEBUG GameApplicationServi - Application scenes initialized
13:19:05.731 [FXGL Background Thread 1 ] DEBUG SystemBundleService  - Loading FXGL system data
13:19:05.734 [FXGL Background Thread 1 ] DEBUG FileSystemAccess     - Reading from: /home/legasov/NetBeansProjects/Metegol/system/fxgl.bundle
13:19:05.740 [FXGL Background Thread 1 ] DEBUG SystemBundleService  - Bundle FXGL: {}
13:19:05.740 [FXGL Background Thread 1 ] DEBUG UpdaterService       - Checking for updates
13:19:05.745 [FXGL Background Thread 4 ] DEBUG FXGLApplication      - Loading fonts
13:19:05.745 [FXGL Background Thread 4 ] DEBUG FXGLAssetLoaderServi - Loading from file system: jar:file:/home/legasov/.m2/repository/com/github/almasb/fxgl/21/fxgl-21.jar!/fxglassets/ui/fonts/VarelaRound-Regular.ttf
13:19:05.747 [FXGL Background Thread 1 ] DEBUG FXGLApplication      - Loading default localization
13:19:05.748 [FXGL Background Thread 1 ] DEBUG FXGLAssetLoaderServi - Loading from file system: jar:file:/home/legasov/.m2/repository/com/github/almasb/fxgl/21/fxgl-21.jar!/fxglassets/languages/english.lang
13:19:05.762 [FXGL Background Thread 4 ] DEBUG FXGLAssetLoaderServi - Loading from file system: jar:file:/home/legasov/.m2/repository/com/github/almasb/fxgl/21/fxgl-21.jar!/fxglassets/ui/fonts/Abel-Regular.ttf
13:19:05.763 [FXGL Background Thread 4 ] DEBUG FXGLAssetLoaderServi - Loading from file system: jar:file:/home/legasov/.m2/repository/com/github/almasb/fxgl/21/fxgl-21.jar!/fxglassets/ui/fonts/TerminalLandMono-Regular.otf
13:19:05.764 [FXGL Background Thread 1 ] INFO  FXGLApplication      - FXGL initialization took: 0.363 sec
13:19:05.765 [FXGL Background Thread 4 ] DEBUG FXGLAssetLoaderServi - Loading from file system: jar:file:/home/legasov/.m2/repository/com/github/almasb/fxgl/21/fxgl-21.jar!/fxglassets/ui/fonts/Courier-Prime.ttf
13:19:05.769 [JavaFX Application Thread] DEBUG Input                - Registered new binding: action0 - LMB
13:19:05.770 [JavaFX Application Thread] DEBUG FXGLAssetLoaderServi - Loading from file system: jar:file:/home/legasov/.m2/repository/com/github/almasb/fxgl/21/fxgl-21.jar!/fxglassets/textures/fxgl_icon.png
13:19:05.797 [JavaFX Application Thread] DEBUG FXGLAssetLoaderServi - Loading from file system: jar:file:/home/legasov/.m2/repository/com/github/almasb/fxgl/21/fxgl-21.jar!/fxglassets/textures/fxgl_default_cursor.png
13:19:05.822 [JavaFX Application Thread] DEBUG Input                - Registered new binding: Screenshot - CTRL+8
13:19:05.825 [JavaFX Application Thread] DEBUG Input                - Registered new binding: System info dump - CTRL+9
13:19:05.825 [JavaFX Application Thread] DEBUG Input                - Registered new binding: Restart - CTRL+R
13:19:05.827 [JavaFX Application Thread] DEBUG Input                - Registered new binding: Toggle Debug Camera - CTRL+7
13:19:05.834 [JavaFX Application Thread] DEBUG LoopRunner           - Starting loop
13:19:05.834 [JavaFX Application Thread] DEBUG LoopRunner           - Initializing JavaFX AnimationTimerLoop
13:19:05.840 [JavaFX Application Thread] DEBUG GameApplicationServi - Starting new game
13:19:05.841 [JavaFX Application Thread] DEBUG Input                - Clearing active input actions
13:19:05.863 [JavaFX Application Thread] DEBUG GameApplicationServi - Removing overlay from FXGLStartupScene and adding to FXGLLoadingScene
13:19:05.864 [JavaFX Application Thread] DEBUG PrimaryStageWindow   - FXGLStartupScene -> FXGLLoadingScene
13:19:05.864 [JavaFX Application Thread] DEBUG GameApplicationServi - Clearing previous game
13:19:05.864 [JavaFX Application Thread] DEBUG GameScene            - Clearing game scene
13:19:05.864 [JavaFX Application Thread] DEBUG GameWorld            - Clearing game world
13:19:05.864 [JavaFX Application Thread] DEBUG PhysicsWorld         - Clearing physics world
13:19:05.866 [FXGL Background Thread 4 ] DEBUG FXGLApplication      - Initializing game
13:19:05.872 [FXGL Background Thread 4 ] DEBUG FXGLAssetLoaderServi - Loading from file system: file:/home/legasov/NetBeansProjects/Metegol/target/classes/assets/textures/fondoMenu.png
13:19:05.894 [JavaFX Application Thread] DEBUG FXGLApplication      - Registering font factories with UI factory
13:19:05.939 [FXGL Background Thread 4 ] INFO  FXGLApplication      - Game initialization took: 0.073 sec
13:19:06.044 [JavaFX Application Thread] DEBUG Input                - Clearing active input actions
13:19:06.057 [JavaFX Application Thread] DEBUG GameApplicationServi - Removing overlay from FXGLLoadingScene and adding to GameScene
13:19:06.058 [JavaFX Application Thread] DEBUG PrimaryStageWindow   - FXGLLoadingScene -> GameScene
13:19:06.460 [FXGL Background Thread 2 ] INFO  UpdaterService       - Your current version:  21
13:19:06.460 [FXGL Background Thread 2 ] INFO  UpdaterService       - Latest stable version: 25
13:19:08.742 [FXGL Background Thread 3 ] DEBUG Engine               - Logging environment variables
13:19:08.743 [FXGL Background Thread 3 ] DEBUG Engine               - achievements: []
13:19:08.743 [FXGL Background Thread 3 ] DEBUG Engine               - actualHeight: 685.3720703125
13:19:08.743 [FXGL Background Thread 3 ] DEBUG Engine               - actualHeightProperty: ReadOnlyDoubleProperty [value: 712.1627807617188]
13:19:08.744 [FXGL Background Thread 3 ] DEBUG Engine               - actualWidth: 1280.0
13:19:08.744 [FXGL Background Thread 3 ] DEBUG Engine               - actualWidthProperty: ReadOnlyDoubleProperty [value: 1280.0]
13:19:08.744 [FXGL Background Thread 3 ] DEBUG Engine               - appIcon: fxgl_icon.png
13:19:08.744 [FXGL Background Thread 3 ] DEBUG Engine               - applicationMode: DEVELOPER
13:19:08.744 [FXGL Background Thread 3 ] DEBUG Engine               - cSSList: [fxgl_dark.css]
13:19:08.744 [FXGL Background Thread 3 ] DEBUG Engine               - collisionDetectionStrategy: BRUTE_FORCE
13:19:08.744 [FXGL Background Thread 3 ] DEBUG Engine               - configClass: Optional.empty
13:19:08.744 [FXGL Background Thread 3 ] DEBUG Engine               - credits: []
13:19:08.745 [FXGL Background Thread 3 ] DEBUG Engine               - defaultCursor: CursorInfo(imageName=fxgl_default_cursor.png, hotspotX=7.0, hotspotY=6.0)
13:19:08.745 [FXGL Background Thread 3 ] DEBUG Engine               - devBBoxColorProperty: ObjectProperty [value: 0xff0000ff]
13:19:08.745 [FXGL Background Thread 3 ] DEBUG Engine               - devEnableDebugCameraProperty: BooleanProperty [value: false]
13:19:08.746 [FXGL Background Thread 3 ] DEBUG Engine               - devSensorColorProperty: ObjectProperty [value: 0xffff00ff]
13:19:08.746 [FXGL Background Thread 3 ] DEBUG Engine               - devShowBBoxProperty: BooleanProperty [value: false]
13:19:08.746 [FXGL Background Thread 3 ] DEBUG Engine               - devShowPositionProperty: BooleanProperty [value: false]
13:19:08.746 [FXGL Background Thread 3 ] DEBUG Engine               - enabledMenuItems: []
13:19:08.746 [FXGL Background Thread 3 ] DEBUG Engine               - engineServices: [class com.almasb.fxgl.app.services.FXGLAssetLoaderService, class com.almasb.fxgl.app.FXGLApplication$GameApplicationService, class com.almasb.fxgl.app.services.FXGLDialogService, class com.almasb.fxgl.app.services.IOTaskExecutorService, class com.almasb.fxgl.io.FileSystemService, class com.almasb.fxgl.localization.LocalizationService, class com.almasb.fxgl.app.services.SystemBundleService, class com.almasb.fxgl.profile.SaveLoadService, class com.almasb.fxgl.ui.FXGLUIFactoryServiceProvider, class com.almasb.fxgl.ui.FXGLDialogFactoryServiceProvider, class com.almasb.fxgl.audio.AudioPlayer, class com.almasb.fxgl.notification.impl.NotificationServiceProvider, class com.almasb.fxgl.achievement.AchievementService, class com.almasb.fxgl.cutscene.CutsceneService, class com.almasb.fxgl.minigames.MiniGameService, class com.almasb.fxgl.net.NetService, class com.almasb.fxgl.app.services.UpdaterService, class com.almasb.fxgl.dev.DevService]
13:19:08.746 [FXGL Background Thread 3 ] DEBUG Engine               - fontGame: Abel-Regular.ttf
13:19:08.746 [FXGL Background Thread 3 ] DEBUG Engine               - fontMono: TerminalLandMono-Regular.otf
13:19:08.747 [FXGL Background Thread 3 ] DEBUG Engine               - fontSizeScaleUI: 1.0
13:19:08.747 [FXGL Background Thread 3 ] DEBUG Engine               - fontText: Courier-Prime.ttf
13:19:08.747 [FXGL Background Thread 3 ] DEBUG Engine               - fontUI: VarelaRound-Regular.ttf
13:19:08.747 [FXGL Background Thread 3 ] DEBUG Engine               - fullScreen: BooleanProperty [value: false]
13:19:08.747 [FXGL Background Thread 3 ] DEBUG Engine               - gameDifficulty: MEDIUM
13:19:08.747 [FXGL Background Thread 3 ] DEBUG Engine               - gameDifficultyProperty: ObjectProperty [value: MEDIUM]
13:19:08.748 [FXGL Background Thread 3 ] DEBUG Engine               - globalMusicVolume: 0.5
13:19:08.748 [FXGL Background Thread 3 ] DEBUG Engine               - globalMusicVolumeProperty: DoubleProperty [value: 0.5]
13:19:08.748 [FXGL Background Thread 3 ] DEBUG Engine               - globalSoundVolume: 0.5
13:19:08.749 [FXGL Background Thread 3 ] DEBUG Engine               - globalSoundVolumeProperty: DoubleProperty [value: 0.5]
13:19:08.749 [FXGL Background Thread 3 ] DEBUG Engine               - height: 720
13:19:08.749 [FXGL Background Thread 3 ] DEBUG Engine               - is3D: false
13:19:08.749 [FXGL Background Thread 3 ] DEBUG Engine               - isAndroid: false
13:19:08.749 [FXGL Background Thread 3 ] DEBUG Engine               - isBrowser: false
13:19:08.749 [FXGL Background Thread 3 ] DEBUG Engine               - isClickFeedbackEnabled: false
13:19:08.749 [FXGL Background Thread 3 ] DEBUG Engine               - isCloseConfirmation: false
13:19:08.750 [FXGL Background Thread 3 ] DEBUG Engine               - isDesktop: true
13:19:08.750 [FXGL Background Thread 3 ] DEBUG Engine               - isDeveloperMenuEnabled: false
13:19:08.750 [FXGL Background Thread 3 ] DEBUG Engine               - isEmbedded: false
13:19:08.750 [FXGL Background Thread 3 ] DEBUG Engine               - isEntityPreloadEnabled: true
13:19:08.750 [FXGL Background Thread 3 ] DEBUG Engine               - isExperimentalTiledLargeMap: false
13:19:08.750 [FXGL Background Thread 3 ] DEBUG Engine               - isFileSystemWriteAllowed: true
13:19:08.751 [FXGL Background Thread 3 ] DEBUG Engine               - isFullScreenAllowed: false
13:19:08.751 [FXGL Background Thread 3 ] DEBUG Engine               - isFullScreenFromStart: false
13:19:08.751 [FXGL Background Thread 3 ] DEBUG Engine               - isGameMenuEnabled: true
13:19:08.751 [FXGL Background Thread 3 ] DEBUG Engine               - isIOS: false
13:19:08.751 [FXGL Background Thread 3 ] DEBUG Engine               - isIntroEnabled: false
13:19:08.751 [FXGL Background Thread 3 ] DEBUG Engine               - isLinux: true
13:19:08.751 [FXGL Background Thread 3 ] DEBUG Engine               - isMac: false
13:19:08.752 [FXGL Background Thread 3 ] DEBUG Engine               - isMainMenuEnabled: false
13:19:08.752 [FXGL Background Thread 3 ] DEBUG Engine               - isManualResizeEnabled: false
13:19:08.752 [FXGL Background Thread 3 ] DEBUG Engine               - isMobile: false
13:19:08.752 [FXGL Background Thread 3 ] DEBUG Engine               - isNative: false
13:19:08.752 [FXGL Background Thread 3 ] DEBUG Engine               - isPauseMusicWhenMinimized: true
13:19:08.752 [FXGL Background Thread 3 ] DEBUG Engine               - isPreserveResizeRatio: false
13:19:08.752 [FXGL Background Thread 3 ] DEBUG Engine               - isProfilingEnabled: false
13:19:08.752 [FXGL Background Thread 3 ] DEBUG Engine               - isScaleAffectedOnResize: true
13:19:08.752 [FXGL Background Thread 3 ] DEBUG Engine               - isSingleStep: false
13:19:08.752 [FXGL Background Thread 3 ] DEBUG Engine               - isUserProfileEnabled: false
13:19:08.752 [FXGL Background Thread 3 ] DEBUG Engine               - isWindows: false
13:19:08.753 [FXGL Background Thread 3 ] DEBUG Engine               - language: ObjectProperty [value: ENGLISH]
13:19:08.753 [FXGL Background Thread 3 ] DEBUG Engine               - menuKey: ESCAPE
13:19:08.753 [FXGL Background Thread 3 ] DEBUG Engine               - mouseSensitivity: 0.2
13:19:08.753 [FXGL Background Thread 3 ] DEBUG Engine               - notificationViewClass: class com.almasb.fxgl.notification.view.XboxNotificationView
13:19:08.753 [FXGL Background Thread 3 ] DEBUG Engine               - pixelsPerMeter: 50.0
13:19:08.753 [FXGL Background Thread 3 ] DEBUG Engine               - platform: LINUX
13:19:08.753 [FXGL Background Thread 3 ] DEBUG Engine               - prefHeightProperty: ReadOnlyDoubleProperty [value: 720.0]
13:19:08.753 [FXGL Background Thread 3 ] DEBUG Engine               - prefWidthProperty: ReadOnlyDoubleProperty [value: 1280.0]
13:19:08.753 [FXGL Background Thread 3 ] DEBUG Engine               - profileDir: profiles/
13:19:08.753 [FXGL Background Thread 3 ] DEBUG Engine               - profileName: StringProperty [value: DEFAULT]
13:19:08.753 [FXGL Background Thread 3 ] DEBUG Engine               - randomSeed: -1
13:19:08.754 [FXGL Background Thread 3 ] DEBUG Engine               - runtimeInfo: RuntimeInfo(platform=LINUX, version=21, build=28.12.2023 13.35)
13:19:08.754 [FXGL Background Thread 3 ] DEBUG Engine               - saveFileExt: sav
13:19:08.754 [FXGL Background Thread 3 ] DEBUG Engine               - scaledHeightProp$fxgl: DoubleProperty [bound, value: 712.1627807617188]
13:19:08.754 [FXGL Background Thread 3 ] DEBUG Engine               - scaledWidthProp$fxgl: DoubleProperty [bound, value: 1280.0]
13:19:08.754 [FXGL Background Thread 3 ] DEBUG Engine               - sceneFactory: com.almasb.fxgl.app.scene.SceneFactory@480d8e16
13:19:08.754 [FXGL Background Thread 3 ] DEBUG Engine               - secondsIn24h: 60
13:19:08.754 [FXGL Background Thread 3 ] DEBUG Engine               - soundMenuBack: menu/back.wav
13:19:08.754 [FXGL Background Thread 3 ] DEBUG Engine               - soundMenuPress: menu/press.wav
13:19:08.755 [FXGL Background Thread 3 ] DEBUG Engine               - soundMenuSelect: menu/select.wav
13:19:08.755 [FXGL Background Thread 3 ] DEBUG Engine               - soundNotification: core/notification.wav
13:19:08.755 [FXGL Background Thread 3 ] DEBUG Engine               - stageStyle: DECORATED
13:19:08.755 [FXGL Background Thread 3 ] DEBUG Engine               - supportedLanguages: [ENGLISH, FRENCH, GERMAN, HUNGARIAN, RUSSIAN]
13:19:08.755 [FXGL Background Thread 3 ] DEBUG Engine               - ticksPerSecond: -1
13:19:08.755 [FXGL Background Thread 3 ] DEBUG Engine               - title: Metegol - Champs 2026
13:19:08.755 [FXGL Background Thread 3 ] DEBUG Engine               - urlGithub: https://github.com/AlmasB/FXGL
13:19:08.755 [FXGL Background Thread 3 ] DEBUG Engine               - urlLeaderboard: http://fxgl-top.herokuapp.com/
13:19:08.755 [FXGL Background Thread 3 ] DEBUG Engine               - urlPOM: https://raw.githubusercontent.com/AlmasB/FXGL/release/README.md
13:19:08.755 [FXGL Background Thread 3 ] DEBUG Engine               - userAppClass: class Metegol.Metegol
13:19:08.755 [FXGL Background Thread 3 ] DEBUG Engine               - version: 0.0
13:19:08.755 [FXGL Background Thread 3 ] DEBUG Engine               - versionCheckDays: 7
13:19:08.755 [FXGL Background Thread 3 ] DEBUG Engine               - width: 1280
13:19:08.755 [FXGL Background Thread 3 ] DEBUG Engine               - Logging services
13:19:08.755 [FXGL Background Thread 3 ] DEBUG Engine               - class com.almasb.fxgl.app.services.FXGLAssetLoaderService
13:19:08.755 [FXGL Background Thread 3 ] DEBUG Engine               - class com.almasb.fxgl.app.FXGLApplication$GameApplicationService
13:19:08.755 [FXGL Background Thread 3 ] DEBUG Engine               - class com.almasb.fxgl.app.services.FXGLDialogService
13:19:08.756 [FXGL Background Thread 3 ] DEBUG Engine               - class com.almasb.fxgl.app.services.IOTaskExecutorService
13:19:08.756 [FXGL Background Thread 3 ] DEBUG Engine               - class com.almasb.fxgl.io.FileSystemService
13:19:08.756 [FXGL Background Thread 3 ] DEBUG Engine               - class com.almasb.fxgl.localization.LocalizationService
13:19:08.756 [FXGL Background Thread 3 ] DEBUG Engine               - class com.almasb.fxgl.app.services.SystemBundleService
13:19:08.756 [FXGL Background Thread 3 ] DEBUG Engine               - class com.almasb.fxgl.profile.SaveLoadService
13:19:08.756 [FXGL Background Thread 3 ] DEBUG Engine               - class com.almasb.fxgl.ui.FXGLUIFactoryServiceProvider
13:19:08.756 [FXGL Background Thread 3 ] DEBUG Engine               - class com.almasb.fxgl.ui.FXGLDialogFactoryServiceProvider
13:19:08.756 [FXGL Background Thread 3 ] DEBUG Engine               - class com.almasb.fxgl.audio.AudioPlayer
13:19:08.756 [FXGL Background Thread 3 ] DEBUG Engine               - class com.almasb.fxgl.notification.impl.NotificationServiceProvider
13:19:08.756 [FXGL Background Thread 3 ] DEBUG Engine               - class com.almasb.fxgl.achievement.AchievementService
13:19:08.756 [FXGL Background Thread 3 ] DEBUG Engine               - class com.almasb.fxgl.cutscene.CutsceneService
13:19:08.756 [FXGL Background Thread 3 ] DEBUG Engine               - class com.almasb.fxgl.minigames.MiniGameService
13:19:08.756 [FXGL Background Thread 3 ] DEBUG Engine               - class com.almasb.fxgl.net.NetService
13:19:08.756 [FXGL Background Thread 3 ] DEBUG Engine               - class com.almasb.fxgl.app.services.UpdaterService
13:19:08.756 [FXGL Background Thread 3 ] DEBUG Engine               - class com.almasb.fxgl.dev.DevService
13:20:09.094 [JavaFX Application Thread] DEBUG FXGLAssetLoaderServi - Loading from file system: file:/home/legasov/NetBeansProjects/Metegol/target/classes/assets/textures/FondoSimulacion.png
13:20:27.746 [JavaFX Application Thread] WARN  TMXLevelLoader       - TiledMap generated from 1.12.2. Supported version: 1.9.0. Some features may not be parsed fully.
13:20:27.760 [JavaFX Application Thread] DEBUG TMXLevelLoader       - Parsed TiledMap: file:/home/legasov/NetBeansProjects/Metegol/target/classes/assets/levels/cancha.tmx
13:20:27.763 [JavaFX Application Thread] DEBUG TMXLevelLoader       - Creating tile layer entities
13:20:27.765 [JavaFX Application Thread] DEBUG TilesetLoader        - Loading view for layer Tile Layer 1
13:20:27.766 [JavaFX Application Thread] DEBUG TilesetLoader        - Created buffer with size 1280.0x1440.0
13:20:27.810 [JavaFX Application Thread] DEBUG TMXLevelLoader       - Creating object layer entities
13:20:27.837 [JavaFX Application Thread] DEBUG GameWorld            - Clearing removable entities
13:20:27.838 [JavaFX Application Thread] DEBUG GameWorld            - Setting level: com.almasb.fxgl.entity.level.Level@514e3d99
13:20:27.892 [JavaFX Application Thread] DEBUG Input                - Registered new binding: Arriba - W
13:20:27.892 [JavaFX Application Thread] DEBUG Input                - Registered new binding: Abajo - S
13:20:27.893 [JavaFX Application Thread] DEBUG Input                - Registered new binding: Izquierda - A
13:20:27.893 [JavaFX Application Thread] DEBUG Input                - Registered new binding: Derecha - D
13:20:27.893 [JavaFX Application Thread] DEBUG Input                - Registered new binding: Alternar Defensor - Q
13:20:27.894 [JavaFX Application Thread] DEBUG Input                - Registered new binding: Controlar Portero - Space
13:20:38.091 [JavaFX Application Thread] WARN  TMXLevelLoader       - TiledMap generated from 1.12.2. Supported version: 1.9.0. Some features may not be parsed fully.
13:20:38.098 [JavaFX Application Thread] DEBUG TMXLevelLoader       - Parsed TiledMap: file:/home/legasov/NetBeansProjects/Metegol/target/classes/assets/levels/cancha.tmx
13:20:38.098 [JavaFX Application Thread] DEBUG TMXLevelLoader       - Creating tile layer entities
13:20:38.099 [JavaFX Application Thread] DEBUG TilesetLoader        - Loading view for layer Tile Layer 1
13:20:38.102 [JavaFX Application Thread] DEBUG TilesetLoader        - Created buffer with size 1280.0x1440.0
13:20:38.136 [JavaFX Application Thread] DEBUG TMXLevelLoader       - Creating object layer entities
13:20:38.150 [JavaFX Application Thread] DEBUG GameWorld            - Clearing removable entities
13:20:38.150 [JavaFX Application Thread] DEBUG GameWorld            - Setting level: com.almasb.fxgl.entity.level.Level@253d279e
13:21:25.104 [JavaFX Application Thread] WARN  TMXLevelLoader       - TiledMap generated from 1.12.2. Supported version: 1.9.0. Some features may not be parsed fully.
13:21:25.112 [JavaFX Application Thread] DEBUG TMXLevelLoader       - Parsed TiledMap: file:/home/legasov/NetBeansProjects/Metegol/target/classes/assets/levels/cancha.tmx
13:21:25.112 [JavaFX Application Thread] DEBUG TMXLevelLoader       - Creating tile layer entities
13:21:25.112 [JavaFX Application Thread] DEBUG TilesetLoader        - Loading view for layer Tile Layer 1
13:21:25.113 [JavaFX Application Thread] DEBUG TilesetLoader        - Created buffer with size 1280.0x1440.0
13:21:25.137 [JavaFX Application Thread] DEBUG TMXLevelLoader       - Creating object layer entities
13:21:25.140 [JavaFX Application Thread] DEBUG GameWorld            - Clearing removable entities
13:21:25.140 [JavaFX Application Thread] DEBUG GameWorld            - Setting level: com.almasb.fxgl.entity.level.Level@4f5315dc
13:21:37.730 [JavaFX Application Thread] WARN  TMXLevelLoader       - TiledMap generated from 1.12.2. Supported version: 1.9.0. Some features may not be parsed fully.
13:21:37.733 [JavaFX Application Thread] DEBUG TMXLevelLoader       - Parsed TiledMap: file:/home/legasov/NetBeansProjects/Metegol/target/classes/assets/levels/cancha.tmx
13:21:37.733 [JavaFX Application Thread] DEBUG TMXLevelLoader       - Creating tile layer entities
13:21:37.733 [JavaFX Application Thread] DEBUG TilesetLoader        - Loading view for layer Tile Layer 1
13:21:37.734 [JavaFX Application Thread] DEBUG TilesetLoader        - Created buffer with size 1280.0x1440.0
13:21:37.771 [JavaFX Application Thread] DEBUG TMXLevelLoader       - Creating object layer entities
13:21:37.773 [JavaFX Application Thread] DEBUG GameWorld            - Clearing removable entities
13:21:37.773 [JavaFX Application Thread] DEBUG GameWorld            - Setting level: com.almasb.fxgl.entity.level.Level@1dc146c4
13:21:47.120 [JavaFX Application Thread] WARN  TMXLevelLoader       - TiledMap generated from 1.12.2. Supported version: 1.9.0. Some features may not be parsed fully.
13:21:47.126 [JavaFX Application Thread] DEBUG TMXLevelLoader       - Parsed TiledMap: file:/home/legasov/NetBeansProjects/Metegol/target/classes/assets/levels/cancha.tmx
13:21:47.126 [JavaFX Application Thread] DEBUG TMXLevelLoader       - Creating tile layer entities
13:21:47.127 [JavaFX Application Thread] DEBUG TilesetLoader        - Loading view for layer Tile Layer 1
13:21:47.128 [JavaFX Application Thread] DEBUG TilesetLoader        - Created buffer with size 1280.0x1440.0
13:21:47.157 [JavaFX Application Thread] DEBUG TMXLevelLoader       - Creating object layer entities
13:21:47.159 [JavaFX Application Thread] DEBUG GameWorld            - Clearing removable entities
13:21:47.159 [JavaFX Application Thread] DEBUG GameWorld            - Setting level: com.almasb.fxgl.entity.level.Level@41ff9fd2
13:22:09.698 [JavaFX Application Thread] WARN  TMXLevelLoader       - TiledMap generated from 1.12.2. Supported version: 1.9.0. Some features may not be parsed fully.
13:22:09.700 [JavaFX Application Thread] DEBUG TMXLevelLoader       - Parsed TiledMap: file:/home/legasov/NetBeansProjects/Metegol/target/classes/assets/levels/cancha.tmx
13:22:09.700 [JavaFX Application Thread] DEBUG TMXLevelLoader       - Creating tile layer entities
13:22:09.701 [JavaFX Application Thread] DEBUG TilesetLoader        - Loading view for layer Tile Layer 1
13:22:09.701 [JavaFX Application Thread] DEBUG TilesetLoader        - Created buffer with size 1280.0x1440.0
13:22:09.723 [JavaFX Application Thread] DEBUG TMXLevelLoader       - Creating object layer entities
13:22:09.725 [JavaFX Application Thread] DEBUG GameWorld            - Clearing removable entities
13:22:09.725 [JavaFX Application Thread] DEBUG GameWorld            - Setting level: com.almasb.fxgl.entity.level.Level@623dd059
13:22:22.360 [JavaFX Application Thread] WARN  TMXLevelLoader       - TiledMap generated from 1.12.2. Supported version: 1.9.0. Some features may not be parsed fully.
13:22:22.365 [JavaFX Application Thread] DEBUG TMXLevelLoader       - Parsed TiledMap: file:/home/legasov/NetBeansProjects/Metegol/target/classes/assets/levels/cancha.tmx
13:22:22.365 [JavaFX Application Thread] DEBUG TMXLevelLoader       - Creating tile layer entities
13:22:22.366 [JavaFX Application Thread] DEBUG TilesetLoader        - Loading view for layer Tile Layer 1
13:22:22.366 [JavaFX Application Thread] DEBUG TilesetLoader        - Created buffer with size 1280.0x1440.0
13:22:22.401 [JavaFX Application Thread] DEBUG TMXLevelLoader       - Creating object layer entities
13:22:22.404 [JavaFX Application Thread] DEBUG GameWorld            - Clearing removable entities
13:22:22.404 [JavaFX Application Thread] DEBUG GameWorld            - Setting level: com.almasb.fxgl.entity.level.Level@7b2b1fb
13:22:33.157 [JavaFX Application Thread] WARN  TMXLevelLoader       - TiledMap generated from 1.12.2. Supported version: 1.9.0. Some features may not be parsed fully.
13:22:33.163 [JavaFX Application Thread] DEBUG TMXLevelLoader       - Parsed TiledMap: file:/home/legasov/NetBeansProjects/Metegol/target/classes/assets/levels/cancha.tmx
13:22:33.163 [JavaFX Application Thread] DEBUG TMXLevelLoader       - Creating tile layer entities
13:22:33.163 [JavaFX Application Thread] DEBUG TilesetLoader        - Loading view for layer Tile Layer 1
13:22:33.166 [JavaFX Application Thread] DEBUG TilesetLoader        - Created buffer with size 1280.0x1440.0
13:22:33.195 [JavaFX Application Thread] DEBUG TMXLevelLoader       - Creating object layer entities
13:22:33.198 [JavaFX Application Thread] DEBUG GameWorld            - Clearing removable entities
13:22:33.198 [JavaFX Application Thread] DEBUG GameWorld            - Setting level: com.almasb.fxgl.entity.level.Level@4cff673
13:22:43.926 [JavaFX Application Thread] WARN  TMXLevelLoader       - TiledMap generated from 1.12.2. Supported version: 1.9.0. Some features may not be parsed fully.
13:22:43.930 [JavaFX Application Thread] DEBUG TMXLevelLoader       - Parsed TiledMap: file:/home/legasov/NetBeansProjects/Metegol/target/classes/assets/levels/cancha.tmx
13:22:43.930 [JavaFX Application Thread] DEBUG TMXLevelLoader       - Creating tile layer entities
13:22:43.930 [JavaFX Application Thread] DEBUG TilesetLoader        - Loading view for layer Tile Layer 1
13:22:43.934 [JavaFX Application Thread] DEBUG TilesetLoader        - Created buffer with size 1280.0x1440.0
13:22:43.953 [JavaFX Application Thread] DEBUG TMXLevelLoader       - Creating object layer entities
13:22:43.958 [JavaFX Application Thread] DEBUG GameWorld            - Clearing removable entities
13:22:43.958 [JavaFX Application Thread] DEBUG GameWorld            - Setting level: com.almasb.fxgl.entity.level.Level@4294caf1
13:23:00.408 [JavaFX Application Thread] WARN  TMXLevelLoader       - TiledMap generated from 1.12.2. Supported version: 1.9.0. Some features may not be parsed fully.
13:23:00.414 [JavaFX Application Thread] DEBUG TMXLevelLoader       - Parsed TiledMap: file:/home/legasov/NetBeansProjects/Metegol/target/classes/assets/levels/cancha.tmx
13:23:00.415 [JavaFX Application Thread] DEBUG TMXLevelLoader       - Creating tile layer entities
13:23:00.415 [JavaFX Application Thread] DEBUG TilesetLoader        - Loading view for layer Tile Layer 1
13:23:00.421 [JavaFX Application Thread] DEBUG TilesetLoader        - Created buffer with size 1280.0x1440.0
13:23:00.438 [JavaFX Application Thread] DEBUG TMXLevelLoader       - Creating object layer entities
13:23:00.440 [JavaFX Application Thread] DEBUG GameWorld            - Clearing removable entities
13:23:00.440 [JavaFX Application Thread] DEBUG GameWorld            - Setting level: com.almasb.fxgl.entity.level.Level@52ff4cf0
13:23:12.667 [JavaFX Application Thread] WARN  TMXLevelLoader       - TiledMap generated from 1.12.2. Supported version: 1.9.0. Some features may not be parsed fully.
13:23:12.670 [JavaFX Application Thread] DEBUG TMXLevelLoader       - Parsed TiledMap: file:/home/legasov/NetBeansProjects/Metegol/target/classes/assets/levels/cancha.tmx
13:23:12.670 [JavaFX Application Thread] DEBUG TMXLevelLoader       - Creating tile layer entities
13:23:12.670 [JavaFX Application Thread] DEBUG TilesetLoader        - Loading view for layer Tile Layer 1
13:23:12.673 [JavaFX Application Thread] DEBUG TilesetLoader        - Created buffer with size 1280.0x1440.0
13:23:12.693 [JavaFX Application Thread] DEBUG TMXLevelLoader       - Creating object layer entities
13:23:12.695 [JavaFX Application Thread] DEBUG GameWorld            - Clearing removable entities
13:23:12.695 [JavaFX Application Thread] DEBUG GameWorld            - Setting level: com.almasb.fxgl.entity.level.Level@405b175c
13:23:51.974 [JavaFX Application Thread] WARN  TMXLevelLoader       - TiledMap generated from 1.12.2. Supported version: 1.9.0. Some features may not be parsed fully.
13:23:51.977 [JavaFX Application Thread] DEBUG TMXLevelLoader       - Parsed TiledMap: file:/home/legasov/NetBeansProjects/Metegol/target/classes/assets/levels/cancha.tmx
13:23:51.977 [JavaFX Application Thread] DEBUG TMXLevelLoader       - Creating tile layer entities
13:23:51.979 [JavaFX Application Thread] DEBUG TilesetLoader        - Loading view for layer Tile Layer 1
13:23:51.983 [JavaFX Application Thread] DEBUG TilesetLoader        - Created buffer with size 1280.0x1440.0
13:23:52.011 [JavaFX Application Thread] DEBUG TMXLevelLoader       - Creating object layer entities
13:23:52.014 [JavaFX Application Thread] DEBUG GameWorld            - Clearing removable entities
13:23:52.014 [JavaFX Application Thread] DEBUG GameWorld            - Setting level: com.almasb.fxgl.entity.level.Level@3f2977cf
13:24:03.537 [JavaFX Application Thread] WARN  TMXLevelLoader       - TiledMap generated from 1.12.2. Supported version: 1.9.0. Some features may not be parsed fully.
13:24:03.540 [JavaFX Application Thread] DEBUG TMXLevelLoader       - Parsed TiledMap: file:/home/legasov/NetBeansProjects/Metegol/target/classes/assets/levels/cancha.tmx
13:24:03.540 [JavaFX Application Thread] DEBUG TMXLevelLoader       - Creating tile layer entities
13:24:03.541 [JavaFX Application Thread] DEBUG TilesetLoader        - Loading view for layer Tile Layer 1
13:24:03.548 [JavaFX Application Thread] DEBUG TilesetLoader        - Created buffer with size 1280.0x1440.0
13:24:03.584 [JavaFX Application Thread] DEBUG TMXLevelLoader       - Creating object layer entities
13:24:03.587 [JavaFX Application Thread] DEBUG GameWorld            - Clearing removable entities
13:24:03.587 [JavaFX Application Thread] DEBUG GameWorld            - Setting level: com.almasb.fxgl.entity.level.Level@59547e68
13:24:15.223 [JavaFX Application Thread] WARN  TMXLevelLoader       - TiledMap generated from 1.12.2. Supported version: 1.9.0. Some features may not be parsed fully.
13:24:15.225 [JavaFX Application Thread] DEBUG TMXLevelLoader       - Parsed TiledMap: file:/home/legasov/NetBeansProjects/Metegol/target/classes/assets/levels/cancha.tmx
13:24:15.225 [JavaFX Application Thread] DEBUG TMXLevelLoader       - Creating tile layer entities
13:24:15.225 [JavaFX Application Thread] DEBUG TilesetLoader        - Loading view for layer Tile Layer 1
13:24:15.228 [JavaFX Application Thread] DEBUG TilesetLoader        - Created buffer with size 1280.0x1440.0
13:24:15.247 [JavaFX Application Thread] DEBUG TMXLevelLoader       - Creating object layer entities
13:24:15.250 [JavaFX Application Thread] DEBUG GameWorld            - Clearing removable entities
13:24:15.250 [JavaFX Application Thread] DEBUG GameWorld            - Setting level: com.almasb.fxgl.entity.level.Level@63614d89
13:24:29.933 [JavaFX Application Thread] WARN  TMXLevelLoader       - TiledMap generated from 1.12.2. Supported version: 1.9.0. Some features may not be parsed fully.
13:24:29.938 [JavaFX Application Thread] DEBUG TMXLevelLoader       - Parsed TiledMap: file:/home/legasov/NetBeansProjects/Metegol/target/classes/assets/levels/cancha.tmx
13:24:29.938 [JavaFX Application Thread] DEBUG TMXLevelLoader       - Creating tile layer entities
13:24:29.939 [JavaFX Application Thread] DEBUG TilesetLoader        - Loading view for layer Tile Layer 1
13:24:29.946 [JavaFX Application Thread] DEBUG TilesetLoader        - Created buffer with size 1280.0x1440.0
13:24:29.975 [JavaFX Application Thread] DEBUG TMXLevelLoader       - Creating object layer entities
13:24:29.977 [JavaFX Application Thread] DEBUG GameWorld            - Clearing removable entities
13:24:29.977 [JavaFX Application Thread] DEBUG GameWorld            - Setting level: com.almasb.fxgl.entity.level.Level@4a4cec64
13:24:59.371 [JavaFX Application Thread] DEBUG FXGLApplication      - Exiting FXGL
13:24:59.372 [JavaFX Application Thread] DEBUG LoopRunner           - Stopping loop
13:24:59.373 [JavaFX Application Thread] DEBUG SystemBundleService  - Saving FXGL system data
13:24:59.382 [JavaFX Application Thread] DEBUG FileSystemAccess     - Writing to: /home/legasov/NetBeansProjects/Metegol/system/fxgl.bundle
13:24:59.384 [JavaFX Application Thread] DEBUG Async                - Shutting down background threads
13:24:59.384 [JavaFX Application Thread] DEBUG PrimaryStageWindow   - Closing main window
13:24:59.389 [JavaFX Application Thread] DEBUG Logger               - Closing Logger
