07:09:00.659 [main                     ] DEBUG Logger               - Configured Logger
07:09:00.671 [main                     ] DEBUG GameApplication      - Logging settings
Title: Metegol - Champs 2026
Version: 0.0
Width: 1280
Height: 720
Fullscreen: false
Intro: false
Profiling: false
Single step:false
App Mode: DEVELOPER
Menu Key: ESCAPE
Stage Style: DECORATED
Scene Factory: class com.almasb.fxgl.app.scene.SceneFactory

07:09:00.960 [JavaFX Application Thread] DEBUG FXGLApplication      - Initializing FXGL
07:09:00.966 [JavaFX Application Thread] INFO  Engine               - FXGL-21 (28.12.2023 13.35) on LINUX (J:25.0.3 FX:26)
07:09:00.967 [JavaFX Application Thread] DEBUG Engine               - JRE Vendor Name: Flathub
07:09:00.969 [JavaFX Application Thread] DEBUG Engine               - Running on OS: Linux version 7.1.3-201.fc44.x86_64
07:09:00.969 [JavaFX Application Thread] DEBUG Engine               - Architecture: amd64
07:09:00.969 [JavaFX Application Thread] INFO  Engine               - Source code and latest versions at: https://github.com/AlmasB/FXGL
07:09:00.969 [JavaFX Application Thread] INFO  Engine               -       Ask questions and discuss at: https://github.com/AlmasB/FXGL/discussions
07:09:00.970 [JavaFX Application Thread] INFO  Engine               -              Join the FXGL chat at: https://gitter.im/AlmasB/FXGL
07:09:01.057 [JavaFX Application Thread] DEBUG PrimaryStageWindow   - Creating a JavaFX scene
07:09:01.119 [JavaFX Application Thread] DEBUG PrimaryStageWindow   - Target settings size: 1280.0 x 720.0
07:09:01.119 [JavaFX Application Thread] DEBUG PrimaryStageWindow   - Scaled scene size:    1280.0 x 720.0
07:09:01.119 [JavaFX Application Thread] DEBUG PrimaryStageWindow   - Scaled ratio: (1.0, 1.0)
07:09:01.120 [JavaFX Application Thread] DEBUG PrimaryStageWindow   - Set initial scene to FXGLStartupScene
07:09:01.124 [JavaFX Application Thread] DEBUG PrimaryStageWindow   - Opening main window
07:09:01.158 [JavaFX Application Thread] DEBUG PrimaryStageWindow   - Window border size: (0.0, 35.0)
07:09:01.158 [JavaFX Application Thread] DEBUG PrimaryStageWindow   - Scaled size: 1280.0 x 685.3720703125
07:09:01.158 [JavaFX Application Thread] DEBUG PrimaryStageWindow   - Scaled ratio: (1.0, 0.9519056532118055)
07:09:01.158 [JavaFX Application Thread] DEBUG PrimaryStageWindow   - Scene size: 1280.0 x 720.0
07:09:01.158 [JavaFX Application Thread] DEBUG PrimaryStageWindow   - Stage size: 1280.0 x 720.3720703125
07:09:01.168 [FXGL Background Thread 1 ] DEBUG Engine               - Initializing environment variables
07:09:01.273 [FXGL Background Thread 1 ] DEBUG FXGLAssetLoaderServi - User app class for loading assets: class Metegol.Metegol
07:09:01.273 [FXGL Background Thread 1 ] DEBUG GameApplicationServi - Applying CSS: fxgl_dark.css
07:09:01.274 [FXGL Background Thread 1 ] DEBUG FXGLAssetLoaderServi - Loading from file system: jar:file:/home/legasov/.m2/repository/com/github/almasb/fxgl/21/fxgl-21.jar!/fxglassets/ui/css/fxgl_dark.css
07:09:01.331 [FXGL Background Thread 1 ] DEBUG GameApplicationServi - Initializing application scenes
07:09:01.392 [FXGL Background Thread 1 ] DEBUG GameWorld            - Game world initialized
07:09:01.458 [FXGL Background Thread 1 ] DEBUG PhysicsWorld         - Physics world initialized: appHeight=720, physics.ppm=50.0
07:09:01.459 [FXGL Background Thread 1 ] DEBUG PhysicsWorld         - Using strategy: BRUTE_FORCE
07:09:01.463 [FXGL Background Thread 1 ] DEBUG GameScene            - Game scene initialized: 1280x720
07:09:01.474 [FXGL Background Thread 1 ] DEBUG FXGL.DefaultMenu     - createMenuBodyGameMenu()
07:09:01.487 [FXGL Background Thread 1 ] DEBUG FXGL.DefaultMenu     - createOptionsMenu()
07:09:01.502 [FXGL Background Thread 1 ] DEBUG FXGLAssetLoaderServi - Loading from file system: jar:file:/home/legasov/.m2/repository/com/github/almasb/fxgl/21/fxgl-21.jar!/fxglassets/textures/particles/smoke.png
07:09:01.608 [FXGL Background Thread 1 ] DEBUG FXGLAssetLoaderServi - Loading from file system: jar:file:/home/legasov/.m2/repository/com/github/almasb/fxgl/21/fxgl-21.jar!/fxglassets/textures/particles/trace_horizontal.png
07:09:01.648 [FXGL Background Thread 1 ] DEBUG GameApplicationServi - Application scenes initialized
07:09:01.658 [FXGL Background Thread 1 ] DEBUG SystemBundleService  - Loading FXGL system data
07:09:01.661 [FXGL Background Thread 1 ] DEBUG FileSystemAccess     - Reading from: /home/legasov/NetBeansProjects/Metegol/system/fxgl.bundle
07:09:01.668 [FXGL Background Thread 1 ] DEBUG SystemBundleService  - Bundle FXGL: {}
07:09:01.668 [FXGL Background Thread 1 ] DEBUG UpdaterService       - Checking for updates
07:09:01.674 [FXGL Background Thread 4 ] DEBUG FXGLApplication      - Loading fonts
07:09:01.675 [FXGL Background Thread 4 ] DEBUG FXGLAssetLoaderServi - Loading from file system: jar:file:/home/legasov/.m2/repository/com/github/almasb/fxgl/21/fxgl-21.jar!/fxglassets/ui/fonts/VarelaRound-Regular.ttf
07:09:01.675 [FXGL Background Thread 1 ] DEBUG FXGLApplication      - Loading default localization
07:09:01.675 [FXGL Background Thread 1 ] DEBUG FXGLAssetLoaderServi - Loading from file system: jar:file:/home/legasov/.m2/repository/com/github/almasb/fxgl/21/fxgl-21.jar!/fxglassets/languages/english.lang
07:09:01.687 [FXGL Background Thread 4 ] DEBUG FXGLAssetLoaderServi - Loading from file system: jar:file:/home/legasov/.m2/repository/com/github/almasb/fxgl/21/fxgl-21.jar!/fxglassets/ui/fonts/Abel-Regular.ttf
07:09:01.689 [FXGL Background Thread 4 ] DEBUG FXGLAssetLoaderServi - Loading from file system: jar:file:/home/legasov/.m2/repository/com/github/almasb/fxgl/21/fxgl-21.jar!/fxglassets/ui/fonts/TerminalLandMono-Regular.otf
07:09:01.690 [FXGL Background Thread 4 ] DEBUG FXGLAssetLoaderServi - Loading from file system: jar:file:/home/legasov/.m2/repository/com/github/almasb/fxgl/21/fxgl-21.jar!/fxglassets/ui/fonts/Courier-Prime.ttf
07:09:01.693 [FXGL Background Thread 1 ] INFO  FXGLApplication      - FXGL initialization took: 0.525 sec
07:09:01.699 [JavaFX Application Thread] DEBUG Input                - Registered new binding: action0 - LMB
07:09:01.702 [JavaFX Application Thread] DEBUG FXGLAssetLoaderServi - Loading from file system: jar:file:/home/legasov/.m2/repository/com/github/almasb/fxgl/21/fxgl-21.jar!/fxglassets/textures/fxgl_icon.png
07:09:01.721 [JavaFX Application Thread] DEBUG FXGLAssetLoaderServi - Loading from file system: jar:file:/home/legasov/.m2/repository/com/github/almasb/fxgl/21/fxgl-21.jar!/fxglassets/textures/fxgl_default_cursor.png
07:09:01.731 [JavaFX Application Thread] DEBUG Input                - Registered new binding: Screenshot - CTRL+8
07:09:01.732 [JavaFX Application Thread] DEBUG Input                - Registered new binding: System info dump - CTRL+9
07:09:01.732 [JavaFX Application Thread] DEBUG Input                - Registered new binding: Restart - CTRL+R
07:09:01.733 [JavaFX Application Thread] DEBUG Input                - Registered new binding: Toggle Debug Camera - CTRL+7
07:09:01.735 [JavaFX Application Thread] DEBUG LoopRunner           - Starting loop
07:09:01.735 [JavaFX Application Thread] DEBUG LoopRunner           - Initializing JavaFX AnimationTimerLoop
07:09:01.737 [JavaFX Application Thread] DEBUG GameApplicationServi - Starting new game
07:09:01.737 [JavaFX Application Thread] DEBUG Input                - Clearing active input actions
07:09:01.749 [JavaFX Application Thread] DEBUG GameApplicationServi - Removing overlay from FXGLStartupScene and adding to FXGLLoadingScene
07:09:01.750 [JavaFX Application Thread] DEBUG PrimaryStageWindow   - FXGLStartupScene -> FXGLLoadingScene
07:09:01.750 [JavaFX Application Thread] DEBUG GameApplicationServi - Clearing previous game
07:09:01.750 [JavaFX Application Thread] DEBUG GameScene            - Clearing game scene
07:09:01.750 [JavaFX Application Thread] DEBUG GameWorld            - Clearing game world
07:09:01.750 [JavaFX Application Thread] DEBUG PhysicsWorld         - Clearing physics world
07:09:01.752 [JavaFX Application Thread] DEBUG FXGLApplication      - Registering font factories with UI factory
07:09:01.757 [FXGL Background Thread 4 ] DEBUG FXGLApplication      - Initializing game
07:09:01.764 [FXGL Background Thread 4 ] DEBUG FXGLAssetLoaderServi - Loading from file system: file:/home/legasov/NetBeansProjects/Metegol/target/classes/assets/textures/fondoMenu.png
07:09:01.885 [FXGL Background Thread 4 ] INFO  FXGLApplication      - Game initialization took: 0.128 sec
07:09:02.000 [JavaFX Application Thread] DEBUG Input                - Clearing active input actions
07:09:02.018 [JavaFX Application Thread] DEBUG GameApplicationServi - Removing overlay from FXGLLoadingScene and adding to GameScene
07:09:02.018 [JavaFX Application Thread] DEBUG PrimaryStageWindow   - FXGLLoadingScene -> GameScene
07:09:02.652 [FXGL Background Thread 2 ] INFO  UpdaterService       - Your current version:  21
07:09:02.654 [FXGL Background Thread 2 ] INFO  UpdaterService       - Latest stable version: 25
07:09:04.670 [FXGL Background Thread 3 ] DEBUG Engine               - Logging environment variables
07:09:04.671 [FXGL Background Thread 3 ] DEBUG Engine               - achievements: []
07:09:04.671 [FXGL Background Thread 3 ] DEBUG Engine               - actualHeight: 685.3720703125
07:09:04.672 [FXGL Background Thread 3 ] DEBUG Engine               - actualHeightProperty: ReadOnlyDoubleProperty [value: 712.906982421875]
07:09:04.672 [FXGL Background Thread 3 ] DEBUG Engine               - actualWidth: 1280.0
07:09:04.672 [FXGL Background Thread 3 ] DEBUG Engine               - actualWidthProperty: ReadOnlyDoubleProperty [value: 1280.0]
07:09:04.672 [FXGL Background Thread 3 ] DEBUG Engine               - appIcon: fxgl_icon.png
07:09:04.672 [FXGL Background Thread 3 ] DEBUG Engine               - applicationMode: DEVELOPER
07:09:04.672 [FXGL Background Thread 3 ] DEBUG Engine               - cSSList: [fxgl_dark.css]
07:09:04.673 [FXGL Background Thread 3 ] DEBUG Engine               - collisionDetectionStrategy: BRUTE_FORCE
07:09:04.673 [FXGL Background Thread 3 ] DEBUG Engine               - configClass: Optional.empty
07:09:04.673 [FXGL Background Thread 3 ] DEBUG Engine               - credits: []
07:09:04.673 [FXGL Background Thread 3 ] DEBUG Engine               - defaultCursor: CursorInfo(imageName=fxgl_default_cursor.png, hotspotX=7.0, hotspotY=6.0)
07:09:04.674 [FXGL Background Thread 3 ] DEBUG Engine               - devBBoxColorProperty: ObjectProperty [value: 0xff0000ff]
07:09:04.674 [FXGL Background Thread 3 ] DEBUG Engine               - devEnableDebugCameraProperty: BooleanProperty [value: false]
07:09:04.674 [FXGL Background Thread 3 ] DEBUG Engine               - devSensorColorProperty: ObjectProperty [value: 0xffff00ff]
07:09:04.674 [FXGL Background Thread 3 ] DEBUG Engine               - devShowBBoxProperty: BooleanProperty [value: false]
07:09:04.674 [FXGL Background Thread 3 ] DEBUG Engine               - devShowPositionProperty: BooleanProperty [value: false]
07:09:04.674 [FXGL Background Thread 3 ] DEBUG Engine               - enabledMenuItems: []
07:09:04.675 [FXGL Background Thread 3 ] DEBUG Engine               - engineServices: [class com.almasb.fxgl.app.services.FXGLAssetLoaderService, class com.almasb.fxgl.app.FXGLApplication$GameApplicationService, class com.almasb.fxgl.app.services.FXGLDialogService, class com.almasb.fxgl.app.services.IOTaskExecutorService, class com.almasb.fxgl.io.FileSystemService, class com.almasb.fxgl.localization.LocalizationService, class com.almasb.fxgl.app.services.SystemBundleService, class com.almasb.fxgl.profile.SaveLoadService, class com.almasb.fxgl.ui.FXGLUIFactoryServiceProvider, class com.almasb.fxgl.ui.FXGLDialogFactoryServiceProvider, class com.almasb.fxgl.audio.AudioPlayer, class com.almasb.fxgl.notification.impl.NotificationServiceProvider, class com.almasb.fxgl.achievement.AchievementService, class com.almasb.fxgl.cutscene.CutsceneService, class com.almasb.fxgl.minigames.MiniGameService, class com.almasb.fxgl.net.NetService, class com.almasb.fxgl.app.services.UpdaterService, class com.almasb.fxgl.dev.DevService]
07:09:04.675 [FXGL Background Thread 3 ] DEBUG Engine               - fontGame: Abel-Regular.ttf
07:09:04.675 [FXGL Background Thread 3 ] DEBUG Engine               - fontMono: TerminalLandMono-Regular.otf
07:09:04.675 [FXGL Background Thread 3 ] DEBUG Engine               - fontSizeScaleUI: 1.0
07:09:04.675 [FXGL Background Thread 3 ] DEBUG Engine               - fontText: Courier-Prime.ttf
07:09:04.675 [FXGL Background Thread 3 ] DEBUG Engine               - fontUI: VarelaRound-Regular.ttf
07:09:04.675 [FXGL Background Thread 3 ] DEBUG Engine               - fullScreen: BooleanProperty [value: false]
07:09:04.676 [FXGL Background Thread 3 ] DEBUG Engine               - gameDifficulty: MEDIUM
07:09:04.676 [FXGL Background Thread 3 ] DEBUG Engine               - gameDifficultyProperty: ObjectProperty [value: MEDIUM]
07:09:04.676 [FXGL Background Thread 3 ] DEBUG Engine               - globalMusicVolume: 0.5
07:09:04.676 [FXGL Background Thread 3 ] DEBUG Engine               - globalMusicVolumeProperty: DoubleProperty [value: 0.5]
07:09:04.676 [FXGL Background Thread 3 ] DEBUG Engine               - globalSoundVolume: 0.5
07:09:04.676 [FXGL Background Thread 3 ] DEBUG Engine               - globalSoundVolumeProperty: DoubleProperty [value: 0.5]
07:09:04.677 [FXGL Background Thread 3 ] DEBUG Engine               - height: 720
07:09:04.677 [FXGL Background Thread 3 ] DEBUG Engine               - is3D: false
07:09:04.677 [FXGL Background Thread 3 ] DEBUG Engine               - isAndroid: false
07:09:04.677 [FXGL Background Thread 3 ] DEBUG Engine               - isBrowser: false
07:09:04.677 [FXGL Background Thread 3 ] DEBUG Engine               - isClickFeedbackEnabled: false
07:09:04.677 [FXGL Background Thread 3 ] DEBUG Engine               - isCloseConfirmation: false
07:09:04.677 [FXGL Background Thread 3 ] DEBUG Engine               - isDesktop: true
07:09:04.677 [FXGL Background Thread 3 ] DEBUG Engine               - isDeveloperMenuEnabled: false
07:09:04.678 [FXGL Background Thread 3 ] DEBUG Engine               - isEmbedded: false
07:09:04.678 [FXGL Background Thread 3 ] DEBUG Engine               - isEntityPreloadEnabled: true
07:09:04.678 [FXGL Background Thread 3 ] DEBUG Engine               - isExperimentalTiledLargeMap: false
07:09:04.678 [FXGL Background Thread 3 ] DEBUG Engine               - isFileSystemWriteAllowed: true
07:09:04.678 [FXGL Background Thread 3 ] DEBUG Engine               - isFullScreenAllowed: false
07:09:04.678 [FXGL Background Thread 3 ] DEBUG Engine               - isFullScreenFromStart: false
07:09:04.678 [FXGL Background Thread 3 ] DEBUG Engine               - isGameMenuEnabled: true
07:09:04.678 [FXGL Background Thread 3 ] DEBUG Engine               - isIOS: false
07:09:04.679 [FXGL Background Thread 3 ] DEBUG Engine               - isIntroEnabled: false
07:09:04.679 [FXGL Background Thread 3 ] DEBUG Engine               - isLinux: true
07:09:04.679 [FXGL Background Thread 3 ] DEBUG Engine               - isMac: false
07:09:04.679 [FXGL Background Thread 3 ] DEBUG Engine               - isMainMenuEnabled: false
07:09:04.679 [FXGL Background Thread 3 ] DEBUG Engine               - isManualResizeEnabled: false
07:09:04.679 [FXGL Background Thread 3 ] DEBUG Engine               - isMobile: false
07:09:04.680 [FXGL Background Thread 3 ] DEBUG Engine               - isNative: false
07:09:04.680 [FXGL Background Thread 3 ] DEBUG Engine               - isPauseMusicWhenMinimized: true
07:09:04.680 [FXGL Background Thread 3 ] DEBUG Engine               - isPreserveResizeRatio: false
07:09:04.680 [FXGL Background Thread 3 ] DEBUG Engine               - isProfilingEnabled: false
07:09:04.680 [FXGL Background Thread 3 ] DEBUG Engine               - isScaleAffectedOnResize: true
07:09:04.680 [FXGL Background Thread 3 ] DEBUG Engine               - isSingleStep: false
07:09:04.681 [FXGL Background Thread 3 ] DEBUG Engine               - isUserProfileEnabled: false
07:09:04.681 [FXGL Background Thread 3 ] DEBUG Engine               - isWindows: false
07:09:04.681 [FXGL Background Thread 3 ] DEBUG Engine               - language: ObjectProperty [value: ENGLISH]
07:09:04.681 [FXGL Background Thread 3 ] DEBUG Engine               - menuKey: ESCAPE
07:09:04.681 [FXGL Background Thread 3 ] DEBUG Engine               - mouseSensitivity: 0.2
07:09:04.681 [FXGL Background Thread 3 ] DEBUG Engine               - notificationViewClass: class com.almasb.fxgl.notification.view.XboxNotificationView
07:09:04.681 [FXGL Background Thread 3 ] DEBUG Engine               - pixelsPerMeter: 50.0
07:09:04.681 [FXGL Background Thread 3 ] DEBUG Engine               - platform: LINUX
07:09:04.681 [FXGL Background Thread 3 ] DEBUG Engine               - prefHeightProperty: ReadOnlyDoubleProperty [value: 720.0]
07:09:04.682 [FXGL Background Thread 3 ] DEBUG Engine               - prefWidthProperty: ReadOnlyDoubleProperty [value: 1280.0]
07:09:04.682 [FXGL Background Thread 3 ] DEBUG Engine               - profileDir: profiles/
07:09:04.682 [FXGL Background Thread 3 ] DEBUG Engine               - profileName: StringProperty [value: DEFAULT]
07:09:04.682 [FXGL Background Thread 3 ] DEBUG Engine               - randomSeed: -1
07:09:04.682 [FXGL Background Thread 3 ] DEBUG Engine               - runtimeInfo: RuntimeInfo(platform=LINUX, version=21, build=28.12.2023 13.35)
07:09:04.682 [FXGL Background Thread 3 ] DEBUG Engine               - saveFileExt: sav
07:09:04.682 [FXGL Background Thread 3 ] DEBUG Engine               - scaledHeightProp$fxgl: DoubleProperty [bound, value: 712.906982421875]
07:09:04.683 [FXGL Background Thread 3 ] DEBUG Engine               - scaledWidthProp$fxgl: DoubleProperty [bound, value: 1280.0]
07:09:04.683 [FXGL Background Thread 3 ] DEBUG Engine               - sceneFactory: com.almasb.fxgl.app.scene.SceneFactory@70dfea14
07:09:04.683 [FXGL Background Thread 3 ] DEBUG Engine               - secondsIn24h: 60
07:09:04.683 [FXGL Background Thread 3 ] DEBUG Engine               - soundMenuBack: menu/back.wav
07:09:04.683 [FXGL Background Thread 3 ] DEBUG Engine               - soundMenuPress: menu/press.wav
07:09:04.683 [FXGL Background Thread 3 ] DEBUG Engine               - soundMenuSelect: menu/select.wav
07:09:04.683 [FXGL Background Thread 3 ] DEBUG Engine               - soundNotification: core/notification.wav
07:09:04.683 [FXGL Background Thread 3 ] DEBUG Engine               - stageStyle: DECORATED
07:09:04.684 [FXGL Background Thread 3 ] DEBUG Engine               - supportedLanguages: [ENGLISH, FRENCH, GERMAN, HUNGARIAN, RUSSIAN]
07:09:04.684 [FXGL Background Thread 3 ] DEBUG Engine               - ticksPerSecond: -1
07:09:04.684 [FXGL Background Thread 3 ] DEBUG Engine               - title: Metegol - Champs 2026
07:09:04.684 [FXGL Background Thread 3 ] DEBUG Engine               - urlGithub: https://github.com/AlmasB/FXGL
07:09:04.684 [FXGL Background Thread 3 ] DEBUG Engine               - urlLeaderboard: http://fxgl-top.herokuapp.com/
07:09:04.684 [FXGL Background Thread 3 ] DEBUG Engine               - urlPOM: https://raw.githubusercontent.com/AlmasB/FXGL/release/README.md
07:09:04.684 [FXGL Background Thread 3 ] DEBUG Engine               - userAppClass: class Metegol.Metegol
07:09:04.684 [FXGL Background Thread 3 ] DEBUG Engine               - version: 0.0
07:09:04.685 [FXGL Background Thread 3 ] DEBUG Engine               - versionCheckDays: 7
07:09:04.685 [FXGL Background Thread 3 ] DEBUG Engine               - width: 1280
07:09:04.685 [FXGL Background Thread 3 ] DEBUG Engine               - Logging services
07:09:04.685 [FXGL Background Thread 3 ] DEBUG Engine               - class com.almasb.fxgl.app.services.FXGLAssetLoaderService
07:09:04.685 [FXGL Background Thread 3 ] DEBUG Engine               - class com.almasb.fxgl.app.FXGLApplication$GameApplicationService
07:09:04.685 [FXGL Background Thread 3 ] DEBUG Engine               - class com.almasb.fxgl.app.services.FXGLDialogService
07:09:04.685 [FXGL Background Thread 3 ] DEBUG Engine               - class com.almasb.fxgl.app.services.IOTaskExecutorService
07:09:04.685 [FXGL Background Thread 3 ] DEBUG Engine               - class com.almasb.fxgl.io.FileSystemService
07:09:04.685 [FXGL Background Thread 3 ] DEBUG Engine               - class com.almasb.fxgl.localization.LocalizationService
07:09:04.685 [FXGL Background Thread 3 ] DEBUG Engine               - class com.almasb.fxgl.app.services.SystemBundleService
07:09:04.685 [FXGL Background Thread 3 ] DEBUG Engine               - class com.almasb.fxgl.profile.SaveLoadService
07:09:04.685 [FXGL Background Thread 3 ] DEBUG Engine               - class com.almasb.fxgl.ui.FXGLUIFactoryServiceProvider
07:09:04.685 [FXGL Background Thread 3 ] DEBUG Engine               - class com.almasb.fxgl.ui.FXGLDialogFactoryServiceProvider
07:09:04.685 [FXGL Background Thread 3 ] DEBUG Engine               - class com.almasb.fxgl.audio.AudioPlayer
07:09:04.685 [FXGL Background Thread 3 ] DEBUG Engine               - class com.almasb.fxgl.notification.impl.NotificationServiceProvider
07:09:04.685 [FXGL Background Thread 3 ] DEBUG Engine               - class com.almasb.fxgl.achievement.AchievementService
07:09:04.685 [FXGL Background Thread 3 ] DEBUG Engine               - class com.almasb.fxgl.cutscene.CutsceneService
07:09:04.686 [FXGL Background Thread 3 ] DEBUG Engine               - class com.almasb.fxgl.minigames.MiniGameService
07:09:04.686 [FXGL Background Thread 3 ] DEBUG Engine               - class com.almasb.fxgl.net.NetService
07:09:04.686 [FXGL Background Thread 3 ] DEBUG Engine               - class com.almasb.fxgl.app.services.UpdaterService
07:09:04.686 [FXGL Background Thread 3 ] DEBUG Engine               - class com.almasb.fxgl.dev.DevService
07:09:54.897 [JavaFX Application Thread] DEBUG FXGLAssetLoaderServi - Loading from file system: file:/home/legasov/NetBeansProjects/Metegol/target/classes/assets/textures/FondoSimulacion.png
07:10:01.439 [JavaFX Application Thread] WARN  TMXLevelLoader       - TiledMap generated from 1.12.2. Supported version: 1.9.0. Some features may not be parsed fully.
07:10:01.449 [JavaFX Application Thread] DEBUG TMXLevelLoader       - Parsed TiledMap: file:/home/legasov/NetBeansProjects/Metegol/target/classes/assets/levels/cancha.tmx
07:10:01.450 [JavaFX Application Thread] DEBUG TMXLevelLoader       - Creating tile layer entities
07:10:01.451 [JavaFX Application Thread] DEBUG TilesetLoader        - Loading view for layer Tile Layer 1
07:10:01.452 [JavaFX Application Thread] DEBUG TilesetLoader        - Created buffer with size 1280.0x1440.0
07:10:01.491 [JavaFX Application Thread] DEBUG TMXLevelLoader       - Creating object layer entities
07:10:01.510 [JavaFX Application Thread] DEBUG GameWorld            - Clearing removable entities
07:10:01.512 [JavaFX Application Thread] DEBUG GameWorld            - Setting level: com.almasb.fxgl.entity.level.Level@107aeba7
07:10:01.549 [JavaFX Application Thread] DEBUG Input                - Registered new binding: Arriba - W
07:10:01.549 [JavaFX Application Thread] DEBUG Input                - Registered new binding: Abajo - S
07:10:01.549 [JavaFX Application Thread] DEBUG Input                - Registered new binding: Izquierda - A
07:10:01.549 [JavaFX Application Thread] DEBUG Input                - Registered new binding: Derecha - D
07:10:01.549 [JavaFX Application Thread] DEBUG Input                - Registered new binding: Alternar Defensor - Q
07:10:01.549 [JavaFX Application Thread] DEBUG Input                - Registered new binding: Controlar Portero - Space
07:10:07.087 [JavaFX Application Thread] DEBUG LoopRunner           - Stopping loop
07:10:07.089 [JavaFX Application Thread] FATAL FXGLApplication      - Uncaught Exception:
java.lang.IllegalArgumentException: Component AtributosFutbolistaComponent not found!
	at com.almasb.fxgl.entity.Entity.getComponent(Entity.java:366)
	at Minijuego.EscenaMinijuego$5.onAction(EscenaMinijuego.java:283)
	at com.almasb.fxgl.input.UserAction.action$fxgl_core(UserAction.kt:38)
	at com.almasb.fxgl.input.Input.update(Input.kt:288)
	at com.almasb.fxgl.scene.Scene.update(Scene.kt:103)
	at com.almasb.fxgl.app.MainWindow$update$1.invoke(MainWindow.kt:121)
	at com.almasb.fxgl.app.MainWindow$update$1.invoke(MainWindow.kt:121)
	at com.almasb.fxgl.core.fsm.StateMachine.runOnActiveStates(StateMachine.kt:69)
	at com.almasb.fxgl.app.MainWindow.update(MainWindow.kt:121)
	at com.almasb.fxgl.app.FXGLApplication$GameApplicationService.onUpdate(FXGLApplication.kt:426)
	at com.almasb.fxgl.app.Engine.loop(Engine.kt:134)
	at com.almasb.fxgl.app.Engine.access$loop(Engine.kt:24)
	at com.almasb.fxgl.app.Engine$loop$1.invoke(Engine.kt:28)
	at com.almasb.fxgl.app.Engine$loop$1.invoke(Engine.kt:28)
	at com.almasb.fxgl.app.LoopRunner.frame(LoopRunner.kt:103)
	at com.almasb.fxgl.app.LoopRunner.access$frame(LoopRunner.kt:23)
	at com.almasb.fxgl.app.LoopRunner$impl$2$1.onTick(LoopRunner.kt:57)
	at com.almasb.fxgl.app.AnimationTimerLoop$timer$1.handle(LoopRunner.kt:137)
	at javafx.animation.AnimationTimer$AnimationTimerReceiver.handle(AnimationTimer.java:51)
	at com.sun.scenario.animation.AbstractPrimaryTimer.timePulseImpl(AbstractPrimaryTimer.java:342)
	at com.sun.scenario.animation.AbstractPrimaryTimer$MainLoop.run(AbstractPrimaryTimer.java:247)
	at com.sun.javafx.tk.quantum.QuantumToolkit.pulse(QuantumToolkit.java:593)
	at com.sun.javafx.tk.quantum.QuantumToolkit.pulse(QuantumToolkit.java:577)
	at com.sun.javafx.tk.quantum.QuantumToolkit.pulseFromQueue(QuantumToolkit.java:570)
	at com.sun.javafx.tk.quantum.QuantumToolkit.lambda$runToolkit$0(QuantumToolkit.java:351)
	at com.sun.glass.ui.InvokeLaterDispatcher$Future.run(InvokeLaterDispatcher.java:95)
	at com.sun.glass.ui.gtk.GtkApplication._runLoop(Native Method)
	at com.sun.glass.ui.gtk.GtkApplication.lambda$runLoop$0(GtkApplication.java:242)
	at java.base/java.lang.Thread.run(Thread.java:1474)

07:10:07.089 [JavaFX Application Thread] FATAL FXGLApplication      - Application will now exit
07:10:07.100 [JavaFX Application Thread] DEBUG PrimaryStageWindow   - Push state: ErrorSubScene
07:10:07.101 [JavaFX Application Thread] DEBUG Input                - Clearing active input actions
07:10:19.260 [JavaFX Application Thread] DEBUG FXGLApplication      - Exiting FXGL
07:10:19.260 [JavaFX Application Thread] DEBUG Async                - Shutting down background threads
07:10:19.261 [JavaFX Application Thread] DEBUG PrimaryStageWindow   - Closing main window
07:10:19.266 [JavaFX Application Thread] DEBUG Logger               - Closing Logger
