07:16:53.362 [main                     ] DEBUG Logger               - Configured Logger
07:16:53.372 [main                     ] DEBUG GameApplication      - Logging settings
Title: Metegol - Champs 2026
Version: 0.0
Width: 1280
Height: 720
Fullscreen: false
Intro: false
Profiling: false
Single step:false
App Mode: DEVELOPER
Menu Key: ESCAPE
Stage Style: DECORATED
Scene Factory: class com.almasb.fxgl.app.scene.SceneFactory

07:16:53.641 [JavaFX Application Thread] DEBUG FXGLApplication      - Initializing FXGL
07:16:53.648 [JavaFX Application Thread] INFO  Engine               - FXGL-21 (28.12.2023 13.35) on LINUX (J:25.0.3 FX:26)
07:16:53.649 [JavaFX Application Thread] DEBUG Engine               - JRE Vendor Name: Flathub
07:16:53.649 [JavaFX Application Thread] DEBUG Engine               - Running on OS: Linux version 7.1.3-201.fc44.x86_64
07:16:53.649 [JavaFX Application Thread] DEBUG Engine               - Architecture: amd64
07:16:53.649 [JavaFX Application Thread] INFO  Engine               - Source code and latest versions at: https://github.com/AlmasB/FXGL
07:16:53.649 [JavaFX Application Thread] INFO  Engine               -       Ask questions and discuss at: https://github.com/AlmasB/FXGL/discussions
07:16:53.650 [JavaFX Application Thread] INFO  Engine               -              Join the FXGL chat at: https://gitter.im/AlmasB/FXGL
07:16:53.745 [JavaFX Application Thread] DEBUG PrimaryStageWindow   - Creating a JavaFX scene
07:16:53.808 [JavaFX Application Thread] DEBUG PrimaryStageWindow   - Target settings size: 1280.0 x 720.0
07:16:53.809 [JavaFX Application Thread] DEBUG PrimaryStageWindow   - Scaled scene size:    1280.0 x 720.0
07:16:53.809 [JavaFX Application Thread] DEBUG PrimaryStageWindow   - Scaled ratio: (1.0, 1.0)
07:16:53.810 [JavaFX Application Thread] DEBUG PrimaryStageWindow   - Set initial scene to FXGLStartupScene
07:16:53.813 [JavaFX Application Thread] DEBUG PrimaryStageWindow   - Opening main window
07:16:53.845 [JavaFX Application Thread] DEBUG PrimaryStageWindow   - Window border size: (0.0, 35.0)
07:16:53.846 [JavaFX Application Thread] DEBUG PrimaryStageWindow   - Scaled size: 1280.0 x 685.3720703125
07:16:53.846 [JavaFX Application Thread] DEBUG PrimaryStageWindow   - Scaled ratio: (1.0, 0.9519056532118055)
07:16:53.846 [JavaFX Application Thread] DEBUG PrimaryStageWindow   - Scene size: 1280.0 x 720.0
07:16:53.846 [JavaFX Application Thread] DEBUG PrimaryStageWindow   - Stage size: 1280.0 x 720.3720703125
07:16:53.852 [FXGL Background Thread 1 ] DEBUG Engine               - Initializing environment variables
07:16:53.945 [FXGL Background Thread 1 ] DEBUG FXGLAssetLoaderServi - User app class for loading assets: class Metegol.Metegol
07:16:53.946 [FXGL Background Thread 1 ] DEBUG GameApplicationServi - Applying CSS: fxgl_dark.css
07:16:53.947 [FXGL Background Thread 1 ] DEBUG FXGLAssetLoaderServi - Loading from file system: jar:file:/home/legasov/.m2/repository/com/github/almasb/fxgl/21/fxgl-21.jar!/fxglassets/ui/css/fxgl_dark.css
07:16:54.009 [FXGL Background Thread 1 ] DEBUG GameApplicationServi - Initializing application scenes
07:16:54.066 [FXGL Background Thread 1 ] DEBUG GameWorld            - Game world initialized
07:16:54.129 [FXGL Background Thread 1 ] DEBUG PhysicsWorld         - Physics world initialized: appHeight=720, physics.ppm=50.0
07:16:54.129 [FXGL Background Thread 1 ] DEBUG PhysicsWorld         - Using strategy: BRUTE_FORCE
07:16:54.133 [FXGL Background Thread 1 ] DEBUG GameScene            - Game scene initialized: 1280x720
07:16:54.143 [FXGL Background Thread 1 ] DEBUG FXGL.DefaultMenu     - createMenuBodyGameMenu()
07:16:54.155 [FXGL Background Thread 1 ] DEBUG FXGL.DefaultMenu     - createOptionsMenu()
07:16:54.165 [FXGL Background Thread 1 ] DEBUG FXGLAssetLoaderServi - Loading from file system: jar:file:/home/legasov/.m2/repository/com/github/almasb/fxgl/21/fxgl-21.jar!/fxglassets/textures/particles/smoke.png
07:16:54.261 [FXGL Background Thread 1 ] DEBUG FXGLAssetLoaderServi - Loading from file system: jar:file:/home/legasov/.m2/repository/com/github/almasb/fxgl/21/fxgl-21.jar!/fxglassets/textures/particles/trace_horizontal.png
07:16:54.322 [FXGL Background Thread 1 ] DEBUG GameApplicationServi - Application scenes initialized
07:16:54.348 [FXGL Background Thread 1 ] DEBUG SystemBundleService  - Loading FXGL system data
07:16:54.352 [FXGL Background Thread 1 ] DEBUG FileSystemAccess     - Reading from: /home/legasov/NetBeansProjects/Metegol/system/fxgl.bundle
07:16:54.359 [FXGL Background Thread 1 ] DEBUG SystemBundleService  - Bundle FXGL: {}
07:16:54.359 [FXGL Background Thread 1 ] DEBUG UpdaterService       - Checking for updates
07:16:54.363 [FXGL Background Thread 4 ] DEBUG FXGLApplication      - Loading fonts
07:16:54.364 [FXGL Background Thread 4 ] DEBUG FXGLAssetLoaderServi - Loading from file system: jar:file:/home/legasov/.m2/repository/com/github/almasb/fxgl/21/fxgl-21.jar!/fxglassets/ui/fonts/VarelaRound-Regular.ttf
07:16:54.367 [FXGL Background Thread 1 ] DEBUG FXGLApplication      - Loading default localization
07:16:54.368 [FXGL Background Thread 1 ] DEBUG FXGLAssetLoaderServi - Loading from file system: jar:file:/home/legasov/.m2/repository/com/github/almasb/fxgl/21/fxgl-21.jar!/fxglassets/languages/english.lang
07:16:54.381 [FXGL Background Thread 4 ] DEBUG FXGLAssetLoaderServi - Loading from file system: jar:file:/home/legasov/.m2/repository/com/github/almasb/fxgl/21/fxgl-21.jar!/fxglassets/ui/fonts/Abel-Regular.ttf
07:16:54.383 [FXGL Background Thread 4 ] DEBUG FXGLAssetLoaderServi - Loading from file system: jar:file:/home/legasov/.m2/repository/com/github/almasb/fxgl/21/fxgl-21.jar!/fxglassets/ui/fonts/TerminalLandMono-Regular.otf
07:16:54.388 [FXGL Background Thread 4 ] DEBUG FXGLAssetLoaderServi - Loading from file system: jar:file:/home/legasov/.m2/repository/com/github/almasb/fxgl/21/fxgl-21.jar!/fxglassets/ui/fonts/Courier-Prime.ttf
07:16:54.394 [JavaFX Application Thread] DEBUG FXGLApplication      - Registering font factories with UI factory
07:16:54.394 [FXGL Background Thread 1 ] INFO  FXGLApplication      - FXGL initialization took: 0.542 sec
07:16:54.400 [JavaFX Application Thread] DEBUG Input                - Registered new binding: action0 - LMB
07:16:54.401 [JavaFX Application Thread] DEBUG FXGLAssetLoaderServi - Loading from file system: jar:file:/home/legasov/.m2/repository/com/github/almasb/fxgl/21/fxgl-21.jar!/fxglassets/textures/fxgl_icon.png
07:16:54.421 [JavaFX Application Thread] DEBUG FXGLAssetLoaderServi - Loading from file system: jar:file:/home/legasov/.m2/repository/com/github/almasb/fxgl/21/fxgl-21.jar!/fxglassets/textures/fxgl_default_cursor.png
07:16:54.435 [JavaFX Application Thread] DEBUG Input                - Registered new binding: Screenshot - CTRL+8
07:16:54.436 [JavaFX Application Thread] DEBUG Input                - Registered new binding: System info dump - CTRL+9
07:16:54.436 [JavaFX Application Thread] DEBUG Input                - Registered new binding: Restart - CTRL+R
07:16:54.437 [JavaFX Application Thread] DEBUG Input                - Registered new binding: Toggle Debug Camera - CTRL+7
07:16:54.439 [JavaFX Application Thread] DEBUG LoopRunner           - Starting loop
07:16:54.439 [JavaFX Application Thread] DEBUG LoopRunner           - Initializing JavaFX AnimationTimerLoop
07:16:54.441 [JavaFX Application Thread] DEBUG GameApplicationServi - Starting new game
07:16:54.441 [JavaFX Application Thread] DEBUG Input                - Clearing active input actions
07:16:54.454 [JavaFX Application Thread] DEBUG GameApplicationServi - Removing overlay from FXGLStartupScene and adding to FXGLLoadingScene
07:16:54.454 [JavaFX Application Thread] DEBUG PrimaryStageWindow   - FXGLStartupScene -> FXGLLoadingScene
07:16:54.454 [JavaFX Application Thread] DEBUG GameApplicationServi - Clearing previous game
07:16:54.454 [JavaFX Application Thread] DEBUG GameScene            - Clearing game scene
07:16:54.455 [JavaFX Application Thread] DEBUG GameWorld            - Clearing game world
07:16:54.455 [JavaFX Application Thread] DEBUG PhysicsWorld         - Clearing physics world
07:16:54.456 [FXGL Background Thread 1 ] DEBUG FXGLApplication      - Initializing game
07:16:54.471 [FXGL Background Thread 1 ] DEBUG FXGLAssetLoaderServi - Loading from file system: file:/home/legasov/NetBeansProjects/Metegol/target/classes/assets/textures/fondoMenu.png
07:16:54.594 [FXGL Background Thread 1 ] INFO  FXGLApplication      - Game initialization took: 0.137 sec
07:16:54.680 [JavaFX Application Thread] DEBUG Input                - Clearing active input actions
07:16:54.698 [JavaFX Application Thread] DEBUG GameApplicationServi - Removing overlay from FXGLLoadingScene and adding to GameScene
07:16:54.699 [JavaFX Application Thread] DEBUG PrimaryStageWindow   - FXGLLoadingScene -> GameScene
07:16:55.254 [FXGL Background Thread 2 ] INFO  UpdaterService       - Your current version:  21
07:16:55.254 [FXGL Background Thread 2 ] INFO  UpdaterService       - Latest stable version: 25
07:16:57.362 [FXGL Background Thread 3 ] DEBUG Engine               - Logging environment variables
07:16:57.363 [FXGL Background Thread 3 ] DEBUG Engine               - achievements: []
07:16:57.363 [FXGL Background Thread 3 ] DEBUG Engine               - actualHeight: 685.3720703125
07:16:57.363 [FXGL Background Thread 3 ] DEBUG Engine               - actualHeightProperty: ReadOnlyDoubleProperty [value: 712.906982421875]
07:16:57.363 [FXGL Background Thread 3 ] DEBUG Engine               - actualWidth: 1280.0
07:16:57.363 [FXGL Background Thread 3 ] DEBUG Engine               - actualWidthProperty: ReadOnlyDoubleProperty [value: 1280.0]
07:16:57.363 [FXGL Background Thread 3 ] DEBUG Engine               - appIcon: fxgl_icon.png
07:16:57.363 [FXGL Background Thread 3 ] DEBUG Engine               - applicationMode: DEVELOPER
07:16:57.363 [FXGL Background Thread 3 ] DEBUG Engine               - cSSList: [fxgl_dark.css]
07:16:57.363 [FXGL Background Thread 3 ] DEBUG Engine               - collisionDetectionStrategy: BRUTE_FORCE
07:16:57.363 [FXGL Background Thread 3 ] DEBUG Engine               - configClass: Optional.empty
07:16:57.363 [FXGL Background Thread 3 ] DEBUG Engine               - credits: []
07:16:57.364 [FXGL Background Thread 3 ] DEBUG Engine               - defaultCursor: CursorInfo(imageName=fxgl_default_cursor.png, hotspotX=7.0, hotspotY=6.0)
07:16:57.364 [FXGL Background Thread 3 ] DEBUG Engine               - devBBoxColorProperty: ObjectProperty [value: 0xff0000ff]
07:16:57.364 [FXGL Background Thread 3 ] DEBUG Engine               - devEnableDebugCameraProperty: BooleanProperty [value: false]
07:16:57.364 [FXGL Background Thread 3 ] DEBUG Engine               - devSensorColorProperty: ObjectProperty [value: 0xffff00ff]
07:16:57.364 [FXGL Background Thread 3 ] DEBUG Engine               - devShowBBoxProperty: BooleanProperty [value: false]
07:16:57.364 [FXGL Background Thread 3 ] DEBUG Engine               - devShowPositionProperty: BooleanProperty [value: false]
07:16:57.364 [FXGL Background Thread 3 ] DEBUG Engine               - enabledMenuItems: []
07:16:57.364 [FXGL Background Thread 3 ] DEBUG Engine               - engineServices: [class com.almasb.fxgl.app.services.FXGLAssetLoaderService, class com.almasb.fxgl.app.FXGLApplication$GameApplicationService, class com.almasb.fxgl.app.services.FXGLDialogService, class com.almasb.fxgl.app.services.IOTaskExecutorService, class com.almasb.fxgl.io.FileSystemService, class com.almasb.fxgl.localization.LocalizationService, class com.almasb.fxgl.app.services.SystemBundleService, class com.almasb.fxgl.profile.SaveLoadService, class com.almasb.fxgl.ui.FXGLUIFactoryServiceProvider, class com.almasb.fxgl.ui.FXGLDialogFactoryServiceProvider, class com.almasb.fxgl.audio.AudioPlayer, class com.almasb.fxgl.notification.impl.NotificationServiceProvider, class com.almasb.fxgl.achievement.AchievementService, class com.almasb.fxgl.cutscene.CutsceneService, class com.almasb.fxgl.minigames.MiniGameService, class com.almasb.fxgl.net.NetService, class com.almasb.fxgl.app.services.UpdaterService, class com.almasb.fxgl.dev.DevService]
07:16:57.364 [FXGL Background Thread 3 ] DEBUG Engine               - fontGame: Abel-Regular.ttf
07:16:57.364 [FXGL Background Thread 3 ] DEBUG Engine               - fontMono: TerminalLandMono-Regular.otf
07:16:57.365 [FXGL Background Thread 3 ] DEBUG Engine               - fontSizeScaleUI: 1.0
07:16:57.365 [FXGL Background Thread 3 ] DEBUG Engine               - fontText: Courier-Prime.ttf
07:16:57.365 [FXGL Background Thread 3 ] DEBUG Engine               - fontUI: VarelaRound-Regular.ttf
07:16:57.365 [FXGL Background Thread 3 ] DEBUG Engine               - fullScreen: BooleanProperty [value: false]
07:16:57.365 [FXGL Background Thread 3 ] DEBUG Engine               - gameDifficulty: MEDIUM
07:16:57.365 [FXGL Background Thread 3 ] DEBUG Engine               - gameDifficultyProperty: ObjectProperty [value: MEDIUM]
07:16:57.365 [FXGL Background Thread 3 ] DEBUG Engine               - globalMusicVolume: 0.5
07:16:57.365 [FXGL Background Thread 3 ] DEBUG Engine               - globalMusicVolumeProperty: DoubleProperty [value: 0.5]
07:16:57.365 [FXGL Background Thread 3 ] DEBUG Engine               - globalSoundVolume: 0.5
07:16:57.365 [FXGL Background Thread 3 ] DEBUG Engine               - globalSoundVolumeProperty: DoubleProperty [value: 0.5]
07:16:57.365 [FXGL Background Thread 3 ] DEBUG Engine               - height: 720
07:16:57.365 [FXGL Background Thread 3 ] DEBUG Engine               - is3D: false
07:16:57.365 [FXGL Background Thread 3 ] DEBUG Engine               - isAndroid: false
07:16:57.365 [FXGL Background Thread 3 ] DEBUG Engine               - isBrowser: false
07:16:57.365 [FXGL Background Thread 3 ] DEBUG Engine               - isClickFeedbackEnabled: false
07:16:57.365 [FXGL Background Thread 3 ] DEBUG Engine               - isCloseConfirmation: false
07:16:57.365 [FXGL Background Thread 3 ] DEBUG Engine               - isDesktop: true
07:16:57.365 [FXGL Background Thread 3 ] DEBUG Engine               - isDeveloperMenuEnabled: false
07:16:57.366 [FXGL Background Thread 3 ] DEBUG Engine               - isEmbedded: false
07:16:57.366 [FXGL Background Thread 3 ] DEBUG Engine               - isEntityPreloadEnabled: true
07:16:57.366 [FXGL Background Thread 3 ] DEBUG Engine               - isExperimentalTiledLargeMap: false
07:16:57.366 [FXGL Background Thread 3 ] DEBUG Engine               - isFileSystemWriteAllowed: true
07:16:57.366 [FXGL Background Thread 3 ] DEBUG Engine               - isFullScreenAllowed: false
07:16:57.366 [FXGL Background Thread 3 ] DEBUG Engine               - isFullScreenFromStart: false
07:16:57.366 [FXGL Background Thread 3 ] DEBUG Engine               - isGameMenuEnabled: true
07:16:57.366 [FXGL Background Thread 3 ] DEBUG Engine               - isIOS: false
07:16:57.366 [FXGL Background Thread 3 ] DEBUG Engine               - isIntroEnabled: false
07:16:57.366 [FXGL Background Thread 3 ] DEBUG Engine               - isLinux: true
07:16:57.366 [FXGL Background Thread 3 ] DEBUG Engine               - isMac: false
07:16:57.366 [FXGL Background Thread 3 ] DEBUG Engine               - isMainMenuEnabled: false
07:16:57.366 [FXGL Background Thread 3 ] DEBUG Engine               - isManualResizeEnabled: false
07:16:57.366 [FXGL Background Thread 3 ] DEBUG Engine               - isMobile: false
07:16:57.367 [FXGL Background Thread 3 ] DEBUG Engine               - isNative: false
07:16:57.367 [FXGL Background Thread 3 ] DEBUG Engine               - isPauseMusicWhenMinimized: true
07:16:57.367 [FXGL Background Thread 3 ] DEBUG Engine               - isPreserveResizeRatio: false
07:16:57.367 [FXGL Background Thread 3 ] DEBUG Engine               - isProfilingEnabled: false
07:16:57.367 [FXGL Background Thread 3 ] DEBUG Engine               - isScaleAffectedOnResize: true
07:16:57.367 [FXGL Background Thread 3 ] DEBUG Engine               - isSingleStep: false
07:16:57.368 [FXGL Background Thread 3 ] DEBUG Engine               - isUserProfileEnabled: false
07:16:57.368 [FXGL Background Thread 3 ] DEBUG Engine               - isWindows: false
07:16:57.368 [FXGL Background Thread 3 ] DEBUG Engine               - language: ObjectProperty [value: ENGLISH]
07:16:57.368 [FXGL Background Thread 3 ] DEBUG Engine               - menuKey: ESCAPE
07:16:57.368 [FXGL Background Thread 3 ] DEBUG Engine               - mouseSensitivity: 0.2
07:16:57.368 [FXGL Background Thread 3 ] DEBUG Engine               - notificationViewClass: class com.almasb.fxgl.notification.view.XboxNotificationView
07:16:57.368 [FXGL Background Thread 3 ] DEBUG Engine               - pixelsPerMeter: 50.0
07:16:57.368 [FXGL Background Thread 3 ] DEBUG Engine               - platform: LINUX
07:16:57.368 [FXGL Background Thread 3 ] DEBUG Engine               - prefHeightProperty: ReadOnlyDoubleProperty [value: 720.0]
07:16:57.368 [FXGL Background Thread 3 ] DEBUG Engine               - prefWidthProperty: ReadOnlyDoubleProperty [value: 1280.0]
07:16:57.368 [FXGL Background Thread 3 ] DEBUG Engine               - profileDir: profiles/
07:16:57.368 [FXGL Background Thread 3 ] DEBUG Engine               - profileName: StringProperty [value: DEFAULT]
07:16:57.368 [FXGL Background Thread 3 ] DEBUG Engine               - randomSeed: -1
07:16:57.369 [FXGL Background Thread 3 ] DEBUG Engine               - runtimeInfo: RuntimeInfo(platform=LINUX, version=21, build=28.12.2023 13.35)
07:16:57.369 [FXGL Background Thread 3 ] DEBUG Engine               - saveFileExt: sav
07:16:57.369 [FXGL Background Thread 3 ] DEBUG Engine               - scaledHeightProp$fxgl: DoubleProperty [bound, value: 712.906982421875]
07:16:57.369 [FXGL Background Thread 3 ] DEBUG Engine               - scaledWidthProp$fxgl: DoubleProperty [bound, value: 1280.0]
07:16:57.369 [FXGL Background Thread 3 ] DEBUG Engine               - sceneFactory: com.almasb.fxgl.app.scene.SceneFactory@12803e29
07:16:57.369 [FXGL Background Thread 3 ] DEBUG Engine               - secondsIn24h: 60
07:16:57.369 [FXGL Background Thread 3 ] DEBUG Engine               - soundMenuBack: menu/back.wav
07:16:57.369 [FXGL Background Thread 3 ] DEBUG Engine               - soundMenuPress: menu/press.wav
07:16:57.369 [FXGL Background Thread 3 ] DEBUG Engine               - soundMenuSelect: menu/select.wav
07:16:57.370 [FXGL Background Thread 3 ] DEBUG Engine               - soundNotification: core/notification.wav
07:16:57.370 [FXGL Background Thread 3 ] DEBUG Engine               - stageStyle: DECORATED
07:16:57.370 [FXGL Background Thread 3 ] DEBUG Engine               - supportedLanguages: [ENGLISH, FRENCH, GERMAN, HUNGARIAN, RUSSIAN]
07:16:57.370 [FXGL Background Thread 3 ] DEBUG Engine               - ticksPerSecond: -1
07:16:57.370 [FXGL Background Thread 3 ] DEBUG Engine               - title: Metegol - Champs 2026
07:16:57.370 [FXGL Background Thread 3 ] DEBUG Engine               - urlGithub: https://github.com/AlmasB/FXGL
07:16:57.370 [FXGL Background Thread 3 ] DEBUG Engine               - urlLeaderboard: http://fxgl-top.herokuapp.com/
07:16:57.370 [FXGL Background Thread 3 ] DEBUG Engine               - urlPOM: https://raw.githubusercontent.com/AlmasB/FXGL/release/README.md
07:16:57.370 [FXGL Background Thread 3 ] DEBUG Engine               - userAppClass: class Metegol.Metegol
07:16:57.370 [FXGL Background Thread 3 ] DEBUG Engine               - version: 0.0
07:16:57.370 [FXGL Background Thread 3 ] DEBUG Engine               - versionCheckDays: 7
07:16:57.370 [FXGL Background Thread 3 ] DEBUG Engine               - width: 1280
07:16:57.370 [FXGL Background Thread 3 ] DEBUG Engine               - Logging services
07:16:57.370 [FXGL Background Thread 3 ] DEBUG Engine               - class com.almasb.fxgl.app.services.FXGLAssetLoaderService
07:16:57.370 [FXGL Background Thread 3 ] DEBUG Engine               - class com.almasb.fxgl.app.FXGLApplication$GameApplicationService
07:16:57.370 [FXGL Background Thread 3 ] DEBUG Engine               - class com.almasb.fxgl.app.services.FXGLDialogService
07:16:57.371 [FXGL Background Thread 3 ] DEBUG Engine               - class com.almasb.fxgl.app.services.IOTaskExecutorService
07:16:57.371 [FXGL Background Thread 3 ] DEBUG Engine               - class com.almasb.fxgl.io.FileSystemService
07:16:57.371 [FXGL Background Thread 3 ] DEBUG Engine               - class com.almasb.fxgl.localization.LocalizationService
07:16:57.371 [FXGL Background Thread 3 ] DEBUG Engine               - class com.almasb.fxgl.app.services.SystemBundleService
07:16:57.371 [FXGL Background Thread 3 ] DEBUG Engine               - class com.almasb.fxgl.profile.SaveLoadService
07:16:57.371 [FXGL Background Thread 3 ] DEBUG Engine               - class com.almasb.fxgl.ui.FXGLUIFactoryServiceProvider
07:16:57.371 [FXGL Background Thread 3 ] DEBUG Engine               - class com.almasb.fxgl.ui.FXGLDialogFactoryServiceProvider
07:16:57.371 [FXGL Background Thread 3 ] DEBUG Engine               - class com.almasb.fxgl.audio.AudioPlayer
07:16:57.371 [FXGL Background Thread 3 ] DEBUG Engine               - class com.almasb.fxgl.notification.impl.NotificationServiceProvider
07:16:57.371 [FXGL Background Thread 3 ] DEBUG Engine               - class com.almasb.fxgl.achievement.AchievementService
07:16:57.371 [FXGL Background Thread 3 ] DEBUG Engine               - class com.almasb.fxgl.cutscene.CutsceneService
07:16:57.371 [FXGL Background Thread 3 ] DEBUG Engine               - class com.almasb.fxgl.minigames.MiniGameService
07:16:57.371 [FXGL Background Thread 3 ] DEBUG Engine               - class com.almasb.fxgl.net.NetService
07:16:57.371 [FXGL Background Thread 3 ] DEBUG Engine               - class com.almasb.fxgl.app.services.UpdaterService
07:16:57.371 [FXGL Background Thread 3 ] DEBUG Engine               - class com.almasb.fxgl.dev.DevService
07:17:09.964 [JavaFX Application Thread] DEBUG FXGLAssetLoaderServi - Loading from file system: file:/home/legasov/NetBeansProjects/Metegol/target/classes/assets/textures/FondoSimulacion.png
07:17:25.578 [JavaFX Application Thread] WARN  TMXLevelLoader       - TiledMap generated from 1.12.2. Supported version: 1.9.0. Some features may not be parsed fully.
07:17:25.588 [JavaFX Application Thread] DEBUG TMXLevelLoader       - Parsed TiledMap: file:/home/legasov/NetBeansProjects/Metegol/target/classes/assets/levels/cancha.tmx
07:17:25.589 [JavaFX Application Thread] DEBUG TMXLevelLoader       - Creating tile layer entities
07:17:25.591 [JavaFX Application Thread] DEBUG TilesetLoader        - Loading view for layer Tile Layer 1
07:17:25.591 [JavaFX Application Thread] DEBUG TilesetLoader        - Created buffer with size 1280.0x1440.0
07:17:25.630 [JavaFX Application Thread] DEBUG TMXLevelLoader       - Creating object layer entities
07:17:25.647 [JavaFX Application Thread] DEBUG GameWorld            - Clearing removable entities
07:17:25.648 [JavaFX Application Thread] DEBUG GameWorld            - Setting level: com.almasb.fxgl.entity.level.Level@153418e6
07:17:25.682 [JavaFX Application Thread] DEBUG Input                - Registered new binding: Arriba - W
07:17:25.682 [JavaFX Application Thread] DEBUG Input                - Registered new binding: Abajo - S
07:17:25.682 [JavaFX Application Thread] DEBUG Input                - Registered new binding: Izquierda - A
07:17:25.682 [JavaFX Application Thread] DEBUG Input                - Registered new binding: Derecha - D
07:17:25.682 [JavaFX Application Thread] DEBUG Input                - Registered new binding: Alternar Defensor - Q
07:17:25.682 [JavaFX Application Thread] DEBUG Input                - Registered new binding: Controlar Portero - Space
07:17:43.573 [JavaFX Application Thread] WARN  TMXLevelLoader       - TiledMap generated from 1.12.2. Supported version: 1.9.0. Some features may not be parsed fully.
07:17:43.582 [JavaFX Application Thread] DEBUG TMXLevelLoader       - Parsed TiledMap: file:/home/legasov/NetBeansProjects/Metegol/target/classes/assets/levels/cancha.tmx
07:17:43.582 [JavaFX Application Thread] DEBUG TMXLevelLoader       - Creating tile layer entities
07:17:43.583 [JavaFX Application Thread] DEBUG TilesetLoader        - Loading view for layer Tile Layer 1
07:17:43.587 [JavaFX Application Thread] DEBUG TilesetLoader        - Created buffer with size 1280.0x1440.0
07:17:43.606 [JavaFX Application Thread] DEBUG TMXLevelLoader       - Creating object layer entities
07:17:43.609 [JavaFX Application Thread] DEBUG GameWorld            - Clearing removable entities
07:17:43.609 [JavaFX Application Thread] DEBUG GameWorld            - Setting level: com.almasb.fxgl.entity.level.Level@436e2c89
07:17:52.415 [JavaFX Application Thread] WARN  TMXLevelLoader       - TiledMap generated from 1.12.2. Supported version: 1.9.0. Some features may not be parsed fully.
07:17:52.427 [JavaFX Application Thread] DEBUG TMXLevelLoader       - Parsed TiledMap: file:/home/legasov/NetBeansProjects/Metegol/target/classes/assets/levels/cancha.tmx
07:17:52.427 [JavaFX Application Thread] DEBUG TMXLevelLoader       - Creating tile layer entities
07:17:52.427 [JavaFX Application Thread] DEBUG TilesetLoader        - Loading view for layer Tile Layer 1
07:17:52.431 [JavaFX Application Thread] DEBUG TilesetLoader        - Created buffer with size 1280.0x1440.0
07:17:52.464 [JavaFX Application Thread] DEBUG TMXLevelLoader       - Creating object layer entities
07:17:52.468 [JavaFX Application Thread] DEBUG GameWorld            - Clearing removable entities
07:17:52.468 [JavaFX Application Thread] DEBUG GameWorld            - Setting level: com.almasb.fxgl.entity.level.Level@621f0d8
07:18:04.695 [JavaFX Application Thread] WARN  TMXLevelLoader       - TiledMap generated from 1.12.2. Supported version: 1.9.0. Some features may not be parsed fully.
07:18:04.705 [JavaFX Application Thread] DEBUG TMXLevelLoader       - Parsed TiledMap: file:/home/legasov/NetBeansProjects/Metegol/target/classes/assets/levels/cancha.tmx
07:18:04.705 [JavaFX Application Thread] DEBUG TMXLevelLoader       - Creating tile layer entities
07:18:04.706 [JavaFX Application Thread] DEBUG TilesetLoader        - Loading view for layer Tile Layer 1
07:18:04.706 [JavaFX Application Thread] DEBUG TilesetLoader        - Created buffer with size 1280.0x1440.0
07:18:04.727 [JavaFX Application Thread] DEBUG TMXLevelLoader       - Creating object layer entities
07:18:04.731 [JavaFX Application Thread] DEBUG GameWorld            - Clearing removable entities
07:18:04.731 [JavaFX Application Thread] DEBUG GameWorld            - Setting level: com.almasb.fxgl.entity.level.Level@9dcc5c4
07:18:16.132 [JavaFX Application Thread] WARN  TMXLevelLoader       - TiledMap generated from 1.12.2. Supported version: 1.9.0. Some features may not be parsed fully.
07:18:16.139 [JavaFX Application Thread] DEBUG TMXLevelLoader       - Parsed TiledMap: file:/home/legasov/NetBeansProjects/Metegol/target/classes/assets/levels/cancha.tmx
07:18:16.140 [JavaFX Application Thread] DEBUG TMXLevelLoader       - Creating tile layer entities
07:18:16.140 [JavaFX Application Thread] DEBUG TilesetLoader        - Loading view for layer Tile Layer 1
07:18:16.141 [JavaFX Application Thread] DEBUG TilesetLoader        - Created buffer with size 1280.0x1440.0
07:18:16.162 [JavaFX Application Thread] DEBUG TMXLevelLoader       - Creating object layer entities
07:18:16.164 [JavaFX Application Thread] DEBUG GameWorld            - Clearing removable entities
07:18:16.165 [JavaFX Application Thread] DEBUG GameWorld            - Setting level: com.almasb.fxgl.entity.level.Level@7b82224
07:18:27.826 [JavaFX Application Thread] WARN  TMXLevelLoader       - TiledMap generated from 1.12.2. Supported version: 1.9.0. Some features may not be parsed fully.
07:18:27.831 [JavaFX Application Thread] DEBUG TMXLevelLoader       - Parsed TiledMap: file:/home/legasov/NetBeansProjects/Metegol/target/classes/assets/levels/cancha.tmx
07:18:27.831 [JavaFX Application Thread] DEBUG TMXLevelLoader       - Creating tile layer entities
07:18:27.832 [JavaFX Application Thread] DEBUG TilesetLoader        - Loading view for layer Tile Layer 1
07:18:27.832 [JavaFX Application Thread] DEBUG TilesetLoader        - Created buffer with size 1280.0x1440.0
07:18:27.853 [JavaFX Application Thread] DEBUG TMXLevelLoader       - Creating object layer entities
07:18:27.855 [JavaFX Application Thread] DEBUG GameWorld            - Clearing removable entities
07:18:27.855 [JavaFX Application Thread] DEBUG GameWorld            - Setting level: com.almasb.fxgl.entity.level.Level@5a9d6311
07:19:00.983 [JavaFX Application Thread] WARN  TMXLevelLoader       - TiledMap generated from 1.12.2. Supported version: 1.9.0. Some features may not be parsed fully.
07:19:00.988 [JavaFX Application Thread] DEBUG TMXLevelLoader       - Parsed TiledMap: file:/home/legasov/NetBeansProjects/Metegol/target/classes/assets/levels/cancha.tmx
07:19:00.988 [JavaFX Application Thread] DEBUG TMXLevelLoader       - Creating tile layer entities
07:19:00.989 [JavaFX Application Thread] DEBUG TilesetLoader        - Loading view for layer Tile Layer 1
07:19:00.990 [JavaFX Application Thread] DEBUG TilesetLoader        - Created buffer with size 1280.0x1440.0
07:19:01.013 [JavaFX Application Thread] DEBUG TMXLevelLoader       - Creating object layer entities
07:19:01.015 [JavaFX Application Thread] DEBUG GameWorld            - Clearing removable entities
07:19:01.015 [JavaFX Application Thread] DEBUG GameWorld            - Setting level: com.almasb.fxgl.entity.level.Level@eede019
07:19:14.703 [JavaFX Application Thread] WARN  TMXLevelLoader       - TiledMap generated from 1.12.2. Supported version: 1.9.0. Some features may not be parsed fully.
07:19:14.708 [JavaFX Application Thread] DEBUG TMXLevelLoader       - Parsed TiledMap: file:/home/legasov/NetBeansProjects/Metegol/target/classes/assets/levels/cancha.tmx
07:19:14.708 [JavaFX Application Thread] DEBUG TMXLevelLoader       - Creating tile layer entities
07:19:14.708 [JavaFX Application Thread] DEBUG TilesetLoader        - Loading view for layer Tile Layer 1
07:19:14.712 [JavaFX Application Thread] DEBUG TilesetLoader        - Created buffer with size 1280.0x1440.0
07:19:14.730 [JavaFX Application Thread] DEBUG TMXLevelLoader       - Creating object layer entities
07:19:14.732 [JavaFX Application Thread] DEBUG GameWorld            - Clearing removable entities
07:19:14.732 [JavaFX Application Thread] DEBUG GameWorld            - Setting level: com.almasb.fxgl.entity.level.Level@9272be9
07:19:25.315 [JavaFX Application Thread] WARN  TMXLevelLoader       - TiledMap generated from 1.12.2. Supported version: 1.9.0. Some features may not be parsed fully.
07:19:25.320 [JavaFX Application Thread] DEBUG TMXLevelLoader       - Parsed TiledMap: file:/home/legasov/NetBeansProjects/Metegol/target/classes/assets/levels/cancha.tmx
07:19:25.320 [JavaFX Application Thread] DEBUG TMXLevelLoader       - Creating tile layer entities
07:19:25.320 [JavaFX Application Thread] DEBUG TilesetLoader        - Loading view for layer Tile Layer 1
07:19:25.325 [JavaFX Application Thread] DEBUG TilesetLoader        - Created buffer with size 1280.0x1440.0
07:19:25.344 [JavaFX Application Thread] DEBUG TMXLevelLoader       - Creating object layer entities
07:19:25.345 [JavaFX Application Thread] DEBUG GameWorld            - Clearing removable entities
07:19:25.345 [JavaFX Application Thread] DEBUG GameWorld            - Setting level: com.almasb.fxgl.entity.level.Level@379f7de9
07:19:34.443 [JavaFX Application Thread] WARN  TMXLevelLoader       - TiledMap generated from 1.12.2. Supported version: 1.9.0. Some features may not be parsed fully.
07:19:34.449 [JavaFX Application Thread] DEBUG TMXLevelLoader       - Parsed TiledMap: file:/home/legasov/NetBeansProjects/Metegol/target/classes/assets/levels/cancha.tmx
07:19:34.449 [JavaFX Application Thread] DEBUG TMXLevelLoader       - Creating tile layer entities
07:19:34.449 [JavaFX Application Thread] DEBUG TilesetLoader        - Loading view for layer Tile Layer 1
07:19:34.455 [JavaFX Application Thread] DEBUG TilesetLoader        - Created buffer with size 1280.0x1440.0
07:19:34.474 [JavaFX Application Thread] DEBUG TMXLevelLoader       - Creating object layer entities
07:19:34.476 [JavaFX Application Thread] DEBUG GameWorld            - Clearing removable entities
07:19:34.476 [JavaFX Application Thread] DEBUG GameWorld            - Setting level: com.almasb.fxgl.entity.level.Level@48556eae
07:19:52.089 [JavaFX Application Thread] WARN  TMXLevelLoader       - TiledMap generated from 1.12.2. Supported version: 1.9.0. Some features may not be parsed fully.
07:19:52.092 [JavaFX Application Thread] DEBUG TMXLevelLoader       - Parsed TiledMap: file:/home/legasov/NetBeansProjects/Metegol/target/classes/assets/levels/cancha.tmx
07:19:52.093 [JavaFX Application Thread] DEBUG TMXLevelLoader       - Creating tile layer entities
07:19:52.093 [JavaFX Application Thread] DEBUG TilesetLoader        - Loading view for layer Tile Layer 1
07:19:52.099 [JavaFX Application Thread] DEBUG TilesetLoader        - Created buffer with size 1280.0x1440.0
07:19:52.117 [JavaFX Application Thread] DEBUG TMXLevelLoader       - Creating object layer entities
07:19:52.119 [JavaFX Application Thread] DEBUG GameWorld            - Clearing removable entities
07:19:52.119 [JavaFX Application Thread] DEBUG GameWorld            - Setting level: com.almasb.fxgl.entity.level.Level@b4c8a5a
07:20:02.962 [JavaFX Application Thread] WARN  TMXLevelLoader       - TiledMap generated from 1.12.2. Supported version: 1.9.0. Some features may not be parsed fully.
07:20:02.968 [JavaFX Application Thread] DEBUG TMXLevelLoader       - Parsed TiledMap: file:/home/legasov/NetBeansProjects/Metegol/target/classes/assets/levels/cancha.tmx
07:20:02.968 [JavaFX Application Thread] DEBUG TMXLevelLoader       - Creating tile layer entities
07:20:02.969 [JavaFX Application Thread] DEBUG TilesetLoader        - Loading view for layer Tile Layer 1
07:20:02.974 [JavaFX Application Thread] DEBUG TilesetLoader        - Created buffer with size 1280.0x1440.0
07:20:02.994 [JavaFX Application Thread] DEBUG TMXLevelLoader       - Creating object layer entities
07:20:02.996 [JavaFX Application Thread] DEBUG GameWorld            - Clearing removable entities
07:20:02.996 [JavaFX Application Thread] DEBUG GameWorld            - Setting level: com.almasb.fxgl.entity.level.Level@57c53f02
07:20:12.578 [JavaFX Application Thread] WARN  TMXLevelLoader       - TiledMap generated from 1.12.2. Supported version: 1.9.0. Some features may not be parsed fully.
07:20:12.583 [JavaFX Application Thread] DEBUG TMXLevelLoader       - Parsed TiledMap: file:/home/legasov/NetBeansProjects/Metegol/target/classes/assets/levels/cancha.tmx
07:20:12.583 [JavaFX Application Thread] DEBUG TMXLevelLoader       - Creating tile layer entities
07:20:12.584 [JavaFX Application Thread] DEBUG TilesetLoader        - Loading view for layer Tile Layer 1
07:20:12.591 [JavaFX Application Thread] DEBUG TilesetLoader        - Created buffer with size 1280.0x1440.0
07:20:12.611 [JavaFX Application Thread] DEBUG TMXLevelLoader       - Creating object layer entities
07:20:12.612 [JavaFX Application Thread] DEBUG GameWorld            - Clearing removable entities
07:20:12.613 [JavaFX Application Thread] DEBUG GameWorld            - Setting level: com.almasb.fxgl.entity.level.Level@3e195cf
07:20:22.521 [JavaFX Application Thread] WARN  TMXLevelLoader       - TiledMap generated from 1.12.2. Supported version: 1.9.0. Some features may not be parsed fully.
07:20:22.527 [JavaFX Application Thread] DEBUG TMXLevelLoader       - Parsed TiledMap: file:/home/legasov/NetBeansProjects/Metegol/target/classes/assets/levels/cancha.tmx
07:20:22.527 [JavaFX Application Thread] DEBUG TMXLevelLoader       - Creating tile layer entities
07:20:22.527 [JavaFX Application Thread] DEBUG TilesetLoader        - Loading view for layer Tile Layer 1
07:20:22.533 [JavaFX Application Thread] DEBUG TilesetLoader        - Created buffer with size 1280.0x1440.0
07:20:22.550 [JavaFX Application Thread] DEBUG TMXLevelLoader       - Creating object layer entities
07:20:22.551 [JavaFX Application Thread] DEBUG GameWorld            - Clearing removable entities
07:20:22.551 [JavaFX Application Thread] DEBUG GameWorld            - Setting level: com.almasb.fxgl.entity.level.Level@27fcf63e
07:20:31.348 [JavaFX Application Thread] WARN  TMXLevelLoader       - TiledMap generated from 1.12.2. Supported version: 1.9.0. Some features may not be parsed fully.
07:20:31.353 [JavaFX Application Thread] DEBUG TMXLevelLoader       - Parsed TiledMap: file:/home/legasov/NetBeansProjects/Metegol/target/classes/assets/levels/cancha.tmx
07:20:31.353 [JavaFX Application Thread] DEBUG TMXLevelLoader       - Creating tile layer entities
07:20:31.353 [JavaFX Application Thread] DEBUG TilesetLoader        - Loading view for layer Tile Layer 1
07:20:31.358 [JavaFX Application Thread] DEBUG TilesetLoader        - Created buffer with size 1280.0x1440.0
07:20:31.380 [JavaFX Application Thread] DEBUG TMXLevelLoader       - Creating object layer entities
07:20:31.382 [JavaFX Application Thread] DEBUG GameWorld            - Clearing removable entities
07:20:31.382 [JavaFX Application Thread] DEBUG GameWorld            - Setting level: com.almasb.fxgl.entity.level.Level@5610ced2
07:20:42.320 [JavaFX Application Thread] WARN  TMXLevelLoader       - TiledMap generated from 1.12.2. Supported version: 1.9.0. Some features may not be parsed fully.
07:20:42.323 [JavaFX Application Thread] DEBUG TMXLevelLoader       - Parsed TiledMap: file:/home/legasov/NetBeansProjects/Metegol/target/classes/assets/levels/cancha.tmx
07:20:42.323 [JavaFX Application Thread] DEBUG TMXLevelLoader       - Creating tile layer entities
07:20:42.324 [JavaFX Application Thread] DEBUG TilesetLoader        - Loading view for layer Tile Layer 1
07:20:42.329 [JavaFX Application Thread] DEBUG TilesetLoader        - Created buffer with size 1280.0x1440.0
07:20:42.350 [JavaFX Application Thread] DEBUG TMXLevelLoader       - Creating object layer entities
07:20:42.351 [JavaFX Application Thread] DEBUG GameWorld            - Clearing removable entities
07:20:42.351 [JavaFX Application Thread] DEBUG GameWorld            - Setting level: com.almasb.fxgl.entity.level.Level@1cff014d
07:20:59.224 [JavaFX Application Thread] WARN  TMXLevelLoader       - TiledMap generated from 1.12.2. Supported version: 1.9.0. Some features may not be parsed fully.
07:20:59.228 [JavaFX Application Thread] DEBUG TMXLevelLoader       - Parsed TiledMap: file:/home/legasov/NetBeansProjects/Metegol/target/classes/assets/levels/cancha.tmx
07:20:59.228 [JavaFX Application Thread] DEBUG TMXLevelLoader       - Creating tile layer entities
07:20:59.229 [JavaFX Application Thread] DEBUG TilesetLoader        - Loading view for layer Tile Layer 1
07:20:59.235 [JavaFX Application Thread] DEBUG TilesetLoader        - Created buffer with size 1280.0x1440.0
07:20:59.258 [JavaFX Application Thread] DEBUG TMXLevelLoader       - Creating object layer entities
07:20:59.259 [JavaFX Application Thread] DEBUG GameWorld            - Clearing removable entities
07:20:59.259 [JavaFX Application Thread] DEBUG GameWorld            - Setting level: com.almasb.fxgl.entity.level.Level@16f881ea
07:21:11.353 [JavaFX Application Thread] WARN  TMXLevelLoader       - TiledMap generated from 1.12.2. Supported version: 1.9.0. Some features may not be parsed fully.
07:21:11.356 [JavaFX Application Thread] DEBUG TMXLevelLoader       - Parsed TiledMap: file:/home/legasov/NetBeansProjects/Metegol/target/classes/assets/levels/cancha.tmx
07:21:11.356 [JavaFX Application Thread] DEBUG TMXLevelLoader       - Creating tile layer entities
07:21:11.357 [JavaFX Application Thread] DEBUG TilesetLoader        - Loading view for layer Tile Layer 1
07:21:11.360 [JavaFX Application Thread] DEBUG TilesetLoader        - Created buffer with size 1280.0x1440.0
07:21:11.381 [JavaFX Application Thread] DEBUG TMXLevelLoader       - Creating object layer entities
07:21:11.382 [JavaFX Application Thread] DEBUG GameWorld            - Clearing removable entities
07:21:11.382 [JavaFX Application Thread] DEBUG GameWorld            - Setting level: com.almasb.fxgl.entity.level.Level@428fbfcd
07:21:23.742 [JavaFX Application Thread] WARN  TMXLevelLoader       - TiledMap generated from 1.12.2. Supported version: 1.9.0. Some features may not be parsed fully.
07:21:23.745 [JavaFX Application Thread] DEBUG TMXLevelLoader       - Parsed TiledMap: file:/home/legasov/NetBeansProjects/Metegol/target/classes/assets/levels/cancha.tmx
07:21:23.745 [JavaFX Application Thread] DEBUG TMXLevelLoader       - Creating tile layer entities
07:21:23.745 [JavaFX Application Thread] DEBUG TilesetLoader        - Loading view for layer Tile Layer 1
07:21:23.749 [JavaFX Application Thread] DEBUG TilesetLoader        - Created buffer with size 1280.0x1440.0
07:21:23.767 [JavaFX Application Thread] DEBUG TMXLevelLoader       - Creating object layer entities
07:21:23.770 [JavaFX Application Thread] DEBUG GameWorld            - Clearing removable entities
07:21:23.770 [JavaFX Application Thread] DEBUG GameWorld            - Setting level: com.almasb.fxgl.entity.level.Level@36df9a09
07:21:35.632 [JavaFX Application Thread] WARN  TMXLevelLoader       - TiledMap generated from 1.12.2. Supported version: 1.9.0. Some features may not be parsed fully.
07:21:35.636 [JavaFX Application Thread] DEBUG TMXLevelLoader       - Parsed TiledMap: file:/home/legasov/NetBeansProjects/Metegol/target/classes/assets/levels/cancha.tmx
07:21:35.636 [JavaFX Application Thread] DEBUG TMXLevelLoader       - Creating tile layer entities
07:21:35.636 [JavaFX Application Thread] DEBUG TilesetLoader        - Loading view for layer Tile Layer 1
07:21:35.642 [JavaFX Application Thread] DEBUG TilesetLoader        - Created buffer with size 1280.0x1440.0
07:21:35.663 [JavaFX Application Thread] DEBUG TMXLevelLoader       - Creating object layer entities
07:21:35.665 [JavaFX Application Thread] DEBUG GameWorld            - Clearing removable entities
07:21:35.665 [JavaFX Application Thread] DEBUG GameWorld            - Setting level: com.almasb.fxgl.entity.level.Level@4c547edf
07:21:49.097 [JavaFX Application Thread] WARN  TMXLevelLoader       - TiledMap generated from 1.12.2. Supported version: 1.9.0. Some features may not be parsed fully.
07:21:49.100 [JavaFX Application Thread] DEBUG TMXLevelLoader       - Parsed TiledMap: file:/home/legasov/NetBeansProjects/Metegol/target/classes/assets/levels/cancha.tmx
07:21:49.101 [JavaFX Application Thread] DEBUG TMXLevelLoader       - Creating tile layer entities
07:21:49.101 [JavaFX Application Thread] DEBUG TilesetLoader        - Loading view for layer Tile Layer 1
07:21:49.106 [JavaFX Application Thread] DEBUG TilesetLoader        - Created buffer with size 1280.0x1440.0
07:21:49.127 [JavaFX Application Thread] DEBUG TMXLevelLoader       - Creating object layer entities
07:21:49.128 [JavaFX Application Thread] DEBUG GameWorld            - Clearing removable entities
07:21:49.128 [JavaFX Application Thread] DEBUG GameWorld            - Setting level: com.almasb.fxgl.entity.level.Level@15afc360
07:22:00.808 [JavaFX Application Thread] DEBUG FXGLApplication      - Exiting FXGL
07:22:00.809 [JavaFX Application Thread] DEBUG LoopRunner           - Stopping loop
07:22:00.809 [JavaFX Application Thread] DEBUG SystemBundleService  - Saving FXGL system data
07:22:00.812 [JavaFX Application Thread] DEBUG FileSystemAccess     - Writing to: /home/legasov/NetBeansProjects/Metegol/system/fxgl.bundle
07:22:00.815 [JavaFX Application Thread] DEBUG Async                - Shutting down background threads
07:22:00.815 [JavaFX Application Thread] DEBUG PrimaryStageWindow   - Closing main window
07:22:00.818 [JavaFX Application Thread] DEBUG Logger               - Closing Logger
