10:35:49.459 [main                     ] DEBUG Logger               - Configured Logger
10:35:49.499 [main                     ] DEBUG GameApplication      - Logging settings
Title: Metegol - Champs 2026
Version: 0.0
Width: 1280
Height: 720
Fullscreen: false
Intro: false
Profiling: false
Single step:false
App Mode: DEVELOPER
Menu Key: ESCAPE
Stage Style: DECORATED
Scene Factory: class com.almasb.fxgl.app.scene.SceneFactory

10:35:51.832 [JavaFX Application Thread] DEBUG FXGLApplication      - Initializing FXGL
10:35:51.840 [JavaFX Application Thread] INFO  Engine               - FXGL-21 (28.12.2023 13.35) on WINDOWS (J:26.0.1 FX:26)
10:35:51.840 [JavaFX Application Thread] DEBUG Engine               - JRE Vendor Name: Eclipse Adoptium
10:35:51.841 [JavaFX Application Thread] DEBUG Engine               - Running on OS: Windows 11 version 10.0
10:35:51.841 [JavaFX Application Thread] DEBUG Engine               - Architecture: amd64
10:35:51.841 [JavaFX Application Thread] INFO  Engine               - Source code and latest versions at: https://github.com/AlmasB/FXGL
10:35:51.841 [JavaFX Application Thread] INFO  Engine               -       Ask questions and discuss at: https://github.com/AlmasB/FXGL/discussions
10:35:51.841 [JavaFX Application Thread] INFO  Engine               -              Join the FXGL chat at: https://gitter.im/AlmasB/FXGL
10:35:52.168 [JavaFX Application Thread] DEBUG PrimaryStageWindow   - Creating a JavaFX scene
10:35:52.312 [JavaFX Application Thread] DEBUG PrimaryStageWindow   - Target settings size: 1280.0 x 720.0
10:35:52.313 [JavaFX Application Thread] DEBUG PrimaryStageWindow   - Scaled scene size:    1280.0 x 720.0
10:35:52.314 [JavaFX Application Thread] DEBUG PrimaryStageWindow   - Scaled ratio: (1.0, 1.0)
10:35:52.317 [JavaFX Application Thread] DEBUG PrimaryStageWindow   - Set initial scene to FXGLStartupScene
10:35:52.328 [JavaFX Application Thread] DEBUG PrimaryStageWindow   - Opening main window
10:35:54.276 [JavaFX Application Thread] DEBUG PrimaryStageWindow   - Window border size: (14.4000244140625, 37.5999755859375)
10:35:54.276 [JavaFX Application Thread] DEBUG PrimaryStageWindow   - Scaled size: 1280.0 x 720.0
10:35:54.276 [JavaFX Application Thread] DEBUG PrimaryStageWindow   - Scaled ratio: (1.0, 1.0)
10:35:54.276 [JavaFX Application Thread] DEBUG PrimaryStageWindow   - Scene size: 1280.0 x 720.0
10:35:54.277 [JavaFX Application Thread] DEBUG PrimaryStageWindow   - Stage size: 1294.4000244140625 x 757.5999755859375
10:35:54.416 [FXGL Background Thread 1 ] DEBUG Engine               - Initializing environment variables
10:35:54.580 [FXGL Background Thread 1 ] DEBUG FXGLAssetLoaderServi - User app class for loading assets: class Metegol.Metegol
10:35:54.580 [FXGL Background Thread 1 ] DEBUG GameApplicationServi - Applying CSS: fxgl_dark.css
10:35:54.581 [FXGL Background Thread 1 ] DEBUG FXGLAssetLoaderServi - Loading from file system: jar:file:/C:/Users/gabri/.m2/repository/com/github/almasb/fxgl/21/fxgl-21.jar!/fxglassets/ui/css/fxgl_dark.css
10:35:54.683 [FXGL Background Thread 1 ] DEBUG GameApplicationServi - Initializing application scenes
10:35:55.039 [FXGL Background Thread 1 ] DEBUG GameWorld            - Game world initialized
10:35:55.137 [FXGL Background Thread 1 ] DEBUG PhysicsWorld         - Physics world initialized: appHeight=720, physics.ppm=50.0
10:35:55.138 [FXGL Background Thread 1 ] DEBUG PhysicsWorld         - Using strategy: BRUTE_FORCE
10:35:55.145 [FXGL Background Thread 1 ] DEBUG GameScene            - Game scene initialized: 1280x720
10:35:55.175 [FXGL Background Thread 1 ] DEBUG FXGL.DefaultMenu     - createMenuBodyGameMenu()
10:35:55.224 [FXGL Background Thread 1 ] DEBUG FXGL.DefaultMenu     - createOptionsMenu()
10:35:55.280 [FXGL Background Thread 1 ] DEBUG FXGLAssetLoaderServi - Loading from file system: jar:file:/C:/Users/gabri/.m2/repository/com/github/almasb/fxgl/21/fxgl-21.jar!/fxglassets/textures/particles/smoke.png
10:35:55.522 [FXGL Background Thread 1 ] DEBUG FXGLAssetLoaderServi - Loading from file system: jar:file:/C:/Users/gabri/.m2/repository/com/github/almasb/fxgl/21/fxgl-21.jar!/fxglassets/textures/particles/trace_horizontal.png
10:35:55.615 [FXGL Background Thread 1 ] DEBUG GameApplicationServi - Application scenes initialized
10:35:55.653 [FXGL Background Thread 1 ] DEBUG SystemBundleService  - Loading FXGL system data
10:35:55.671 [FXGL Background Thread 1 ] DEBUG FileSystemAccess     - Reading from: C:\Users\gabri\Metegol\system\fxgl.bundle
10:35:55.702 [FXGL Background Thread 1 ] DEBUG SystemBundleService  - Bundle FXGL: {}
10:35:55.702 [FXGL Background Thread 1 ] DEBUG UpdaterService       - Checking for updates
10:35:55.713 [FXGL Background Thread 1 ] DEBUG FXGLApplication      - Loading default localization
10:35:55.714 [FXGL Background Thread 1 ] DEBUG FXGLAssetLoaderServi - Loading from file system: jar:file:/C:/Users/gabri/.m2/repository/com/github/almasb/fxgl/21/fxgl-21.jar!/fxglassets/languages/english.lang
10:35:55.754 [FXGL Background Thread 1 ] INFO  FXGLApplication      - FXGL initialization took: 1.339 sec
10:35:55.764 [JavaFX Application Thread] DEBUG Input                - Registered new binding: action0 - LMB
10:35:55.764 [JavaFX Application Thread] DEBUG FXGLAssetLoaderServi - Loading from file system: jar:file:/C:/Users/gabri/.m2/repository/com/github/almasb/fxgl/21/fxgl-21.jar!/fxglassets/textures/fxgl_icon.png
10:35:55.855 [FXGL Background Thread 4 ] DEBUG FXGLApplication      - Loading fonts
10:35:55.857 [FXGL Background Thread 4 ] DEBUG FXGLAssetLoaderServi - Loading from file system: jar:file:/C:/Users/gabri/.m2/repository/com/github/almasb/fxgl/21/fxgl-21.jar!/fxglassets/ui/fonts/VarelaRound-Regular.ttf
10:35:55.870 [JavaFX Application Thread] DEBUG FXGLAssetLoaderServi - Loading from file system: jar:file:/C:/Users/gabri/.m2/repository/com/github/almasb/fxgl/21/fxgl-21.jar!/fxglassets/textures/fxgl_default_cursor.png
10:35:55.894 [JavaFX Application Thread] DEBUG Input                - Registered new binding: Screenshot - CTRL+8
10:35:55.901 [JavaFX Application Thread] DEBUG Input                - Registered new binding: System info dump - CTRL+9
10:35:55.901 [JavaFX Application Thread] DEBUG Input                - Registered new binding: Restart - CTRL+R
10:35:55.907 [JavaFX Application Thread] DEBUG Input                - Registered new binding: Toggle Debug Camera - CTRL+7
10:35:55.912 [JavaFX Application Thread] DEBUG LoopRunner           - Starting loop
10:35:55.912 [JavaFX Application Thread] DEBUG LoopRunner           - Initializing JavaFX AnimationTimerLoop
10:35:55.921 [JavaFX Application Thread] DEBUG GameApplicationServi - Starting new game
10:35:55.921 [JavaFX Application Thread] DEBUG Input                - Clearing active input actions
10:35:55.968 [JavaFX Application Thread] DEBUG GameApplicationServi - Removing overlay from FXGLStartupScene and adding to FXGLLoadingScene
10:35:55.969 [JavaFX Application Thread] DEBUG PrimaryStageWindow   - FXGLStartupScene -> FXGLLoadingScene
10:35:55.969 [JavaFX Application Thread] DEBUG GameApplicationServi - Clearing previous game
10:35:55.970 [JavaFX Application Thread] DEBUG GameScene            - Clearing game scene
10:35:55.970 [JavaFX Application Thread] DEBUG GameWorld            - Clearing game world
10:35:55.970 [JavaFX Application Thread] DEBUG PhysicsWorld         - Clearing physics world
10:35:55.973 [FXGL Background Thread 1 ] DEBUG FXGLApplication      - Initializing game
10:35:55.992 [FXGL Background Thread 1 ] DEBUG FXGLAssetLoaderServi - Loading from file system: file:/C:/Users/gabri/Metegol/target/classes/assets/textures/fondoMenu.png
10:35:56.268 [FXGL Background Thread 1 ] INFO  FXGLApplication      - Game initialization took: 0.295 sec
10:35:56.478 [JavaFX Application Thread] DEBUG Input                - Clearing active input actions
10:35:56.550 [JavaFX Application Thread] DEBUG GameApplicationServi - Removing overlay from FXGLLoadingScene and adding to GameScene
10:35:56.550 [JavaFX Application Thread] DEBUG PrimaryStageWindow   - FXGLLoadingScene -> GameScene
10:35:56.892 [FXGL Background Thread 4 ] DEBUG FXGLAssetLoaderServi - Loading from file system: jar:file:/C:/Users/gabri/.m2/repository/com/github/almasb/fxgl/21/fxgl-21.jar!/fxglassets/ui/fonts/Abel-Regular.ttf
10:35:56.899 [FXGL Background Thread 4 ] DEBUG FXGLAssetLoaderServi - Loading from file system: jar:file:/C:/Users/gabri/.m2/repository/com/github/almasb/fxgl/21/fxgl-21.jar!/fxglassets/ui/fonts/TerminalLandMono-Regular.otf
10:35:56.913 [FXGL Background Thread 4 ] DEBUG FXGLAssetLoaderServi - Loading from file system: jar:file:/C:/Users/gabri/.m2/repository/com/github/almasb/fxgl/21/fxgl-21.jar!/fxglassets/ui/fonts/Courier-Prime.ttf
10:35:56.941 [JavaFX Application Thread] DEBUG FXGLApplication      - Registering font factories with UI factory
10:35:58.093 [FXGL Background Thread 2 ] INFO  UpdaterService       - Your current version:  21
10:35:58.094 [FXGL Background Thread 2 ] INFO  UpdaterService       - Latest stable version: 25
10:35:58.710 [FXGL Background Thread 3 ] DEBUG Engine               - Logging environment variables
10:35:58.710 [FXGL Background Thread 3 ] DEBUG Engine               - achievements: []
10:35:58.710 [FXGL Background Thread 3 ] DEBUG Engine               - actualHeight: 720.0
10:35:58.710 [FXGL Background Thread 3 ] DEBUG Engine               - actualHeightProperty: ReadOnlyDoubleProperty [value: 720.4000244140625]
10:35:58.711 [FXGL Background Thread 3 ] DEBUG Engine               - actualWidth: 1280.0
10:35:58.711 [FXGL Background Thread 3 ] DEBUG Engine               - actualWidthProperty: ReadOnlyDoubleProperty [value: 1279.5999755859375]
10:35:58.711 [FXGL Background Thread 3 ] DEBUG Engine               - appIcon: fxgl_icon.png
10:35:58.711 [FXGL Background Thread 3 ] DEBUG Engine               - applicationMode: DEVELOPER
10:35:58.711 [FXGL Background Thread 3 ] DEBUG Engine               - cSSList: [fxgl_dark.css]
10:35:58.711 [FXGL Background Thread 3 ] DEBUG Engine               - collisionDetectionStrategy: BRUTE_FORCE
10:35:58.711 [FXGL Background Thread 3 ] DEBUG Engine               - configClass: Optional.empty
10:35:58.711 [FXGL Background Thread 3 ] DEBUG Engine               - credits: []
10:35:58.711 [FXGL Background Thread 3 ] DEBUG Engine               - defaultCursor: CursorInfo(imageName=fxgl_default_cursor.png, hotspotX=7.0, hotspotY=6.0)
10:35:58.711 [FXGL Background Thread 3 ] DEBUG Engine               - devBBoxColorProperty: ObjectProperty [value: 0xff0000ff]
10:35:58.711 [FXGL Background Thread 3 ] DEBUG Engine               - devEnableDebugCameraProperty: BooleanProperty [value: false]
10:35:58.713 [FXGL Background Thread 3 ] DEBUG Engine               - devSensorColorProperty: ObjectProperty [value: 0xffff00ff]
10:35:58.713 [FXGL Background Thread 3 ] DEBUG Engine               - devShowBBoxProperty: BooleanProperty [value: false]
10:35:58.713 [FXGL Background Thread 3 ] DEBUG Engine               - devShowPositionProperty: BooleanProperty [value: false]
10:35:58.713 [FXGL Background Thread 3 ] DEBUG Engine               - enabledMenuItems: []
10:35:58.713 [FXGL Background Thread 3 ] DEBUG Engine               - engineServices: [class com.almasb.fxgl.app.services.FXGLAssetLoaderService, class com.almasb.fxgl.app.FXGLApplication$GameApplicationService, class com.almasb.fxgl.app.services.FXGLDialogService, class com.almasb.fxgl.app.services.IOTaskExecutorService, class com.almasb.fxgl.io.FileSystemService, class com.almasb.fxgl.localization.LocalizationService, class com.almasb.fxgl.app.services.SystemBundleService, class com.almasb.fxgl.profile.SaveLoadService, class com.almasb.fxgl.ui.FXGLUIFactoryServiceProvider, class com.almasb.fxgl.ui.FXGLDialogFactoryServiceProvider, class com.almasb.fxgl.audio.AudioPlayer, class com.almasb.fxgl.notification.impl.NotificationServiceProvider, class com.almasb.fxgl.achievement.AchievementService, class com.almasb.fxgl.cutscene.CutsceneService, class com.almasb.fxgl.minigames.MiniGameService, class com.almasb.fxgl.net.NetService, class com.almasb.fxgl.app.services.UpdaterService, class com.almasb.fxgl.dev.DevService]
10:35:58.713 [FXGL Background Thread 3 ] DEBUG Engine               - fontGame: Abel-Regular.ttf
10:35:58.713 [FXGL Background Thread 3 ] DEBUG Engine               - fontMono: TerminalLandMono-Regular.otf
10:35:58.713 [FXGL Background Thread 3 ] DEBUG Engine               - fontSizeScaleUI: 1.0
10:35:58.715 [FXGL Background Thread 3 ] DEBUG Engine               - fontText: Courier-Prime.ttf
10:35:58.716 [FXGL Background Thread 3 ] DEBUG Engine               - fontUI: VarelaRound-Regular.ttf
10:35:58.716 [FXGL Background Thread 3 ] DEBUG Engine               - fullScreen: BooleanProperty [value: false]
10:35:58.718 [FXGL Background Thread 3 ] DEBUG Engine               - gameDifficulty: MEDIUM
10:35:58.718 [FXGL Background Thread 3 ] DEBUG Engine               - gameDifficultyProperty: ObjectProperty [value: MEDIUM]
10:35:58.718 [FXGL Background Thread 3 ] DEBUG Engine               - globalMusicVolume: 0.5
10:35:58.718 [FXGL Background Thread 3 ] DEBUG Engine               - globalMusicVolumeProperty: DoubleProperty [value: 0.5]
10:35:58.718 [FXGL Background Thread 3 ] DEBUG Engine               - globalSoundVolume: 0.5
10:35:58.718 [FXGL Background Thread 3 ] DEBUG Engine               - globalSoundVolumeProperty: DoubleProperty [value: 0.5]
10:35:58.718 [FXGL Background Thread 3 ] DEBUG Engine               - height: 720
10:35:58.718 [FXGL Background Thread 3 ] DEBUG Engine               - is3D: false
10:35:58.718 [FXGL Background Thread 3 ] DEBUG Engine               - isAndroid: false
10:35:58.718 [FXGL Background Thread 3 ] DEBUG Engine               - isBrowser: false
10:35:58.719 [FXGL Background Thread 3 ] DEBUG Engine               - isClickFeedbackEnabled: false
10:35:58.719 [FXGL Background Thread 3 ] DEBUG Engine               - isCloseConfirmation: false
10:35:58.719 [FXGL Background Thread 3 ] DEBUG Engine               - isDesktop: true
10:35:58.719 [FXGL Background Thread 3 ] DEBUG Engine               - isDeveloperMenuEnabled: false
10:35:58.719 [FXGL Background Thread 3 ] DEBUG Engine               - isEmbedded: false
10:35:58.719 [FXGL Background Thread 3 ] DEBUG Engine               - isEntityPreloadEnabled: true
10:35:58.719 [FXGL Background Thread 3 ] DEBUG Engine               - isExperimentalTiledLargeMap: false
10:35:58.719 [FXGL Background Thread 3 ] DEBUG Engine               - isFileSystemWriteAllowed: true
10:35:58.719 [FXGL Background Thread 3 ] DEBUG Engine               - isFullScreenAllowed: false
10:35:58.719 [FXGL Background Thread 3 ] DEBUG Engine               - isFullScreenFromStart: false
10:35:58.719 [FXGL Background Thread 3 ] DEBUG Engine               - isGameMenuEnabled: true
10:35:58.720 [FXGL Background Thread 3 ] DEBUG Engine               - isIOS: false
10:35:58.720 [FXGL Background Thread 3 ] DEBUG Engine               - isIntroEnabled: false
10:35:58.720 [FXGL Background Thread 3 ] DEBUG Engine               - isLinux: false
10:35:58.720 [FXGL Background Thread 3 ] DEBUG Engine               - isMac: false
10:35:58.720 [FXGL Background Thread 3 ] DEBUG Engine               - isMainMenuEnabled: false
10:35:58.720 [FXGL Background Thread 3 ] DEBUG Engine               - isManualResizeEnabled: false
10:35:58.720 [FXGL Background Thread 3 ] DEBUG Engine               - isMobile: false
10:35:58.720 [FXGL Background Thread 3 ] DEBUG Engine               - isNative: false
10:35:58.720 [FXGL Background Thread 3 ] DEBUG Engine               - isPauseMusicWhenMinimized: true
10:35:58.720 [FXGL Background Thread 3 ] DEBUG Engine               - isPreserveResizeRatio: false
10:35:58.720 [FXGL Background Thread 3 ] DEBUG Engine               - isProfilingEnabled: false
10:35:58.720 [FXGL Background Thread 3 ] DEBUG Engine               - isScaleAffectedOnResize: true
10:35:58.720 [FXGL Background Thread 3 ] DEBUG Engine               - isSingleStep: false
10:35:58.720 [FXGL Background Thread 3 ] DEBUG Engine               - isUserProfileEnabled: false
10:35:58.720 [FXGL Background Thread 3 ] DEBUG Engine               - isWindows: true
10:35:58.720 [FXGL Background Thread 3 ] DEBUG Engine               - language: ObjectProperty [value: ENGLISH]
10:35:58.721 [FXGL Background Thread 3 ] DEBUG Engine               - menuKey: ESCAPE
10:35:58.721 [FXGL Background Thread 3 ] DEBUG Engine               - mouseSensitivity: 0.2
10:35:58.721 [FXGL Background Thread 3 ] DEBUG Engine               - notificationViewClass: class com.almasb.fxgl.notification.view.XboxNotificationView
10:35:58.721 [FXGL Background Thread 3 ] DEBUG Engine               - pixelsPerMeter: 50.0
10:35:58.721 [FXGL Background Thread 3 ] DEBUG Engine               - platform: WINDOWS
10:35:58.721 [FXGL Background Thread 3 ] DEBUG Engine               - prefHeightProperty: ReadOnlyDoubleProperty [value: 720.0]
10:35:58.721 [FXGL Background Thread 3 ] DEBUG Engine               - prefWidthProperty: ReadOnlyDoubleProperty [value: 1280.0]
10:35:58.721 [FXGL Background Thread 3 ] DEBUG Engine               - profileDir: profiles/
10:35:58.723 [FXGL Background Thread 3 ] DEBUG Engine               - profileName: StringProperty [value: DEFAULT]
10:35:58.723 [FXGL Background Thread 3 ] DEBUG Engine               - randomSeed: -1
10:35:58.723 [FXGL Background Thread 3 ] DEBUG Engine               - runtimeInfo: RuntimeInfo(platform=WINDOWS, version=21, build=28.12.2023 13.35)
10:35:58.723 [FXGL Background Thread 3 ] DEBUG Engine               - saveFileExt: sav
10:35:58.723 [FXGL Background Thread 3 ] DEBUG Engine               - scaledHeightProp$fxgl: DoubleProperty [bound, value: 720.4000244140625]
10:35:58.723 [FXGL Background Thread 3 ] DEBUG Engine               - scaledWidthProp$fxgl: DoubleProperty [bound, value: 1279.5999755859375]
10:35:58.723 [FXGL Background Thread 3 ] DEBUG Engine               - sceneFactory: com.almasb.fxgl.app.scene.SceneFactory@5ffa67b9
10:35:58.723 [FXGL Background Thread 3 ] DEBUG Engine               - secondsIn24h: 60
10:35:58.723 [FXGL Background Thread 3 ] DEBUG Engine               - soundMenuBack: menu/back.wav
10:35:58.723 [FXGL Background Thread 3 ] DEBUG Engine               - soundMenuPress: menu/press.wav
10:35:58.724 [FXGL Background Thread 3 ] DEBUG Engine               - soundMenuSelect: menu/select.wav
10:35:58.724 [FXGL Background Thread 3 ] DEBUG Engine               - soundNotification: core/notification.wav
10:35:58.724 [FXGL Background Thread 3 ] DEBUG Engine               - stageStyle: DECORATED
10:35:58.724 [FXGL Background Thread 3 ] DEBUG Engine               - supportedLanguages: [ENGLISH, FRENCH, GERMAN, HUNGARIAN, RUSSIAN]
10:35:58.724 [FXGL Background Thread 3 ] DEBUG Engine               - ticksPerSecond: -1
10:35:58.724 [FXGL Background Thread 3 ] DEBUG Engine               - title: Metegol - Champs 2026
10:35:58.724 [FXGL Background Thread 3 ] DEBUG Engine               - urlGithub: https://github.com/AlmasB/FXGL
10:35:58.724 [FXGL Background Thread 3 ] DEBUG Engine               - urlLeaderboard: http://fxgl-top.herokuapp.com/
10:35:58.724 [FXGL Background Thread 3 ] DEBUG Engine               - urlPOM: https://raw.githubusercontent.com/AlmasB/FXGL/release/README.md
10:35:58.724 [FXGL Background Thread 3 ] DEBUG Engine               - userAppClass: class Metegol.Metegol
10:35:58.724 [FXGL Background Thread 3 ] DEBUG Engine               - version: 0.0
10:35:58.724 [FXGL Background Thread 3 ] DEBUG Engine               - versionCheckDays: 7
10:35:58.725 [FXGL Background Thread 3 ] DEBUG Engine               - width: 1280
10:35:58.725 [FXGL Background Thread 3 ] DEBUG Engine               - Logging services
10:35:58.725 [FXGL Background Thread 3 ] DEBUG Engine               - class com.almasb.fxgl.app.services.FXGLAssetLoaderService
10:35:58.725 [FXGL Background Thread 3 ] DEBUG Engine               - class com.almasb.fxgl.app.FXGLApplication$GameApplicationService
10:35:58.725 [FXGL Background Thread 3 ] DEBUG Engine               - class com.almasb.fxgl.app.services.FXGLDialogService
10:35:58.726 [FXGL Background Thread 3 ] DEBUG Engine               - class com.almasb.fxgl.app.services.IOTaskExecutorService
10:35:58.726 [FXGL Background Thread 3 ] DEBUG Engine               - class com.almasb.fxgl.io.FileSystemService
10:35:58.727 [FXGL Background Thread 3 ] DEBUG Engine               - class com.almasb.fxgl.localization.LocalizationService
10:35:58.727 [FXGL Background Thread 3 ] DEBUG Engine               - class com.almasb.fxgl.app.services.SystemBundleService
10:35:58.727 [FXGL Background Thread 3 ] DEBUG Engine               - class com.almasb.fxgl.profile.SaveLoadService
10:35:58.727 [FXGL Background Thread 3 ] DEBUG Engine               - class com.almasb.fxgl.ui.FXGLUIFactoryServiceProvider
10:35:58.727 [FXGL Background Thread 3 ] DEBUG Engine               - class com.almasb.fxgl.ui.FXGLDialogFactoryServiceProvider
10:35:58.727 [FXGL Background Thread 3 ] DEBUG Engine               - class com.almasb.fxgl.audio.AudioPlayer
10:35:58.729 [FXGL Background Thread 3 ] DEBUG Engine               - class com.almasb.fxgl.notification.impl.NotificationServiceProvider
10:35:58.729 [FXGL Background Thread 3 ] DEBUG Engine               - class com.almasb.fxgl.achievement.AchievementService
10:35:58.729 [FXGL Background Thread 3 ] DEBUG Engine               - class com.almasb.fxgl.cutscene.CutsceneService
10:35:58.729 [FXGL Background Thread 3 ] DEBUG Engine               - class com.almasb.fxgl.minigames.MiniGameService
10:35:58.729 [FXGL Background Thread 3 ] DEBUG Engine               - class com.almasb.fxgl.net.NetService
10:35:58.729 [FXGL Background Thread 3 ] DEBUG Engine               - class com.almasb.fxgl.app.services.UpdaterService
10:35:58.729 [FXGL Background Thread 3 ] DEBUG Engine               - class com.almasb.fxgl.dev.DevService
10:37:26.410 [JavaFX Application Thread] DEBUG FXGLApplication      - Exiting FXGL
10:37:26.411 [JavaFX Application Thread] DEBUG LoopRunner           - Stopping loop
10:37:26.411 [JavaFX Application Thread] DEBUG SystemBundleService  - Saving FXGL system data
10:37:26.414 [JavaFX Application Thread] DEBUG FileSystemAccess     - Writing to: C:\Users\gabri\Metegol\system\fxgl.bundle
10:37:26.415 [JavaFX Application Thread] DEBUG Async                - Shutting down background threads
10:37:26.417 [JavaFX Application Thread] DEBUG PrimaryStageWindow   - Closing main window
10:37:26.450 [JavaFX Application Thread] DEBUG Logger               - Closing Logger
