10:46:57.944 [main                     ] DEBUG Logger               - Configured Logger
10:46:57.953 [main                     ] DEBUG GameApplication      - Logging settings
Title: Metegol - Champs 2026
Version: 0.0
Width: 1280
Height: 720
Fullscreen: false
Intro: false
Profiling: false
Single step:false
App Mode: DEVELOPER
Menu Key: ESCAPE
Stage Style: DECORATED
Scene Factory: class com.almasb.fxgl.app.scene.SceneFactory

10:46:58.394 [JavaFX Application Thread] DEBUG FXGLApplication      - Initializing FXGL
10:46:58.402 [JavaFX Application Thread] INFO  Engine               - FXGL-21 (28.12.2023 13.35) on LINUX (J:25.0.3 FX:26)
10:46:58.402 [JavaFX Application Thread] DEBUG Engine               - JRE Vendor Name: Flathub
10:46:58.403 [JavaFX Application Thread] DEBUG Engine               - Running on OS: Linux version 7.1.3-201.fc44.x86_64
10:46:58.403 [JavaFX Application Thread] DEBUG Engine               - Architecture: amd64
10:46:58.403 [JavaFX Application Thread] INFO  Engine               - Source code and latest versions at: https://github.com/AlmasB/FXGL
10:46:58.403 [JavaFX Application Thread] INFO  Engine               -       Ask questions and discuss at: https://github.com/AlmasB/FXGL/discussions
10:46:58.404 [JavaFX Application Thread] INFO  Engine               -              Join the FXGL chat at: https://gitter.im/AlmasB/FXGL
10:46:58.519 [JavaFX Application Thread] DEBUG PrimaryStageWindow   - Creating a JavaFX scene
10:46:58.605 [JavaFX Application Thread] DEBUG PrimaryStageWindow   - Target settings size: 1280.0 x 720.0
10:46:58.605 [JavaFX Application Thread] DEBUG PrimaryStageWindow   - Scaled scene size:    1280.0 x 720.0
10:46:58.605 [JavaFX Application Thread] DEBUG PrimaryStageWindow   - Scaled ratio: (1.0, 1.0)
10:46:58.607 [JavaFX Application Thread] DEBUG PrimaryStageWindow   - Set initial scene to FXGLStartupScene
10:46:58.612 [JavaFX Application Thread] DEBUG PrimaryStageWindow   - Opening main window
10:46:58.663 [JavaFX Application Thread] DEBUG PrimaryStageWindow   - Window border size: (0.0, 35.0)
10:46:58.663 [JavaFX Application Thread] DEBUG PrimaryStageWindow   - Scaled size: 1280.0 x 685.0
10:46:58.663 [JavaFX Application Thread] DEBUG PrimaryStageWindow   - Scaled ratio: (1.0, 0.9513888888888888)
10:46:58.664 [JavaFX Application Thread] DEBUG PrimaryStageWindow   - Scene size: 1280.0 x 720.0
10:46:58.664 [JavaFX Application Thread] DEBUG PrimaryStageWindow   - Stage size: 1280.0 x 720.0
10:46:58.672 [FXGL Background Thread 1 ] DEBUG Engine               - Initializing environment variables
10:46:58.815 [FXGL Background Thread 1 ] DEBUG FXGLAssetLoaderServi - User app class for loading assets: class Metegol.Metegol
10:46:58.815 [FXGL Background Thread 1 ] DEBUG GameApplicationServi - Applying CSS: fxgl_dark.css
10:46:58.816 [FXGL Background Thread 1 ] DEBUG FXGLAssetLoaderServi - Loading from file system: jar:file:/home/legasov/.m2/repository/com/github/almasb/fxgl/21/fxgl-21.jar!/fxglassets/ui/css/fxgl_dark.css
10:46:58.864 [FXGL Background Thread 1 ] DEBUG GameApplicationServi - Initializing application scenes
10:46:58.913 [FXGL Background Thread 1 ] DEBUG GameWorld            - Game world initialized
10:46:58.982 [FXGL Background Thread 1 ] DEBUG PhysicsWorld         - Physics world initialized: appHeight=720, physics.ppm=50.0
10:46:58.983 [FXGL Background Thread 1 ] DEBUG PhysicsWorld         - Using strategy: BRUTE_FORCE
10:46:58.990 [FXGL Background Thread 1 ] DEBUG GameScene            - Game scene initialized: 1280x720
10:46:59.003 [FXGL Background Thread 1 ] DEBUG FXGL.DefaultMenu     - createMenuBodyGameMenu()
10:46:59.018 [FXGL Background Thread 1 ] DEBUG FXGL.DefaultMenu     - createOptionsMenu()
10:46:59.031 [FXGL Background Thread 1 ] DEBUG FXGLAssetLoaderServi - Loading from file system: jar:file:/home/legasov/.m2/repository/com/github/almasb/fxgl/21/fxgl-21.jar!/fxglassets/textures/particles/smoke.png
10:46:59.137 [FXGL Background Thread 1 ] DEBUG FXGLAssetLoaderServi - Loading from file system: jar:file:/home/legasov/.m2/repository/com/github/almasb/fxgl/21/fxgl-21.jar!/fxglassets/textures/particles/trace_horizontal.png
10:46:59.163 [FXGL Background Thread 1 ] DEBUG GameApplicationServi - Application scenes initialized
10:46:59.177 [FXGL Background Thread 1 ] DEBUG SystemBundleService  - Loading FXGL system data
10:46:59.181 [FXGL Background Thread 1 ] DEBUG FileSystemAccess     - Reading from: /home/legasov/NetBeansProjects/Metegol/system/fxgl.bundle
10:46:59.189 [FXGL Background Thread 1 ] DEBUG SystemBundleService  - Bundle FXGL: {}
10:46:59.189 [FXGL Background Thread 1 ] DEBUG UpdaterService       - Checking for updates
10:46:59.199 [FXGL Background Thread 4 ] DEBUG FXGLApplication      - Loading fonts
10:46:59.200 [FXGL Background Thread 4 ] DEBUG FXGLAssetLoaderServi - Loading from file system: jar:file:/home/legasov/.m2/repository/com/github/almasb/fxgl/21/fxgl-21.jar!/fxglassets/ui/fonts/VarelaRound-Regular.ttf
10:46:59.205 [FXGL Background Thread 1 ] DEBUG FXGLApplication      - Loading default localization
10:46:59.206 [FXGL Background Thread 1 ] DEBUG FXGLAssetLoaderServi - Loading from file system: jar:file:/home/legasov/.m2/repository/com/github/almasb/fxgl/21/fxgl-21.jar!/fxglassets/languages/english.lang
10:46:59.217 [FXGL Background Thread 4 ] DEBUG FXGLAssetLoaderServi - Loading from file system: jar:file:/home/legasov/.m2/repository/com/github/almasb/fxgl/21/fxgl-21.jar!/fxglassets/ui/fonts/Abel-Regular.ttf
10:46:59.221 [FXGL Background Thread 4 ] DEBUG FXGLAssetLoaderServi - Loading from file system: jar:file:/home/legasov/.m2/repository/com/github/almasb/fxgl/21/fxgl-21.jar!/fxglassets/ui/fonts/TerminalLandMono-Regular.otf
10:46:59.225 [FXGL Background Thread 4 ] DEBUG FXGLAssetLoaderServi - Loading from file system: jar:file:/home/legasov/.m2/repository/com/github/almasb/fxgl/21/fxgl-21.jar!/fxglassets/ui/fonts/Courier-Prime.ttf
10:46:59.237 [FXGL Background Thread 1 ] INFO  FXGLApplication      - FXGL initialization took: 0.565 sec
10:46:59.244 [JavaFX Application Thread] DEBUG Input                - Registered new binding: action0 - LMB
10:46:59.246 [JavaFX Application Thread] DEBUG FXGLAssetLoaderServi - Loading from file system: jar:file:/home/legasov/.m2/repository/com/github/almasb/fxgl/21/fxgl-21.jar!/fxglassets/textures/fxgl_icon.png
10:46:59.292 [JavaFX Application Thread] DEBUG FXGLAssetLoaderServi - Loading from file system: jar:file:/home/legasov/.m2/repository/com/github/almasb/fxgl/21/fxgl-21.jar!/fxglassets/textures/fxgl_default_cursor.png
10:46:59.315 [JavaFX Application Thread] DEBUG Input                - Registered new binding: Screenshot - CTRL+8
10:46:59.316 [JavaFX Application Thread] DEBUG Input                - Registered new binding: System info dump - CTRL+9
10:46:59.319 [JavaFX Application Thread] DEBUG Input                - Registered new binding: Restart - CTRL+R
10:46:59.319 [JavaFX Application Thread] DEBUG Input                - Registered new binding: Toggle Debug Camera - CTRL+7
10:46:59.326 [JavaFX Application Thread] DEBUG LoopRunner           - Starting loop
10:46:59.326 [JavaFX Application Thread] DEBUG LoopRunner           - Initializing JavaFX AnimationTimerLoop
10:46:59.328 [JavaFX Application Thread] DEBUG GameApplicationServi - Starting new game
10:46:59.329 [JavaFX Application Thread] DEBUG Input                - Clearing active input actions
10:46:59.342 [JavaFX Application Thread] DEBUG GameApplicationServi - Removing overlay from FXGLStartupScene and adding to FXGLLoadingScene
10:46:59.343 [JavaFX Application Thread] DEBUG PrimaryStageWindow   - FXGLStartupScene -> FXGLLoadingScene
10:46:59.343 [JavaFX Application Thread] DEBUG GameApplicationServi - Clearing previous game
10:46:59.343 [JavaFX Application Thread] DEBUG GameScene            - Clearing game scene
10:46:59.343 [JavaFX Application Thread] DEBUG GameWorld            - Clearing game world
10:46:59.343 [JavaFX Application Thread] DEBUG PhysicsWorld         - Clearing physics world
10:46:59.348 [FXGL Background Thread 1 ] DEBUG FXGLApplication      - Initializing game
10:46:59.368 [FXGL Background Thread 1 ] DEBUG FXGLAssetLoaderServi - Loading from file system: file:/home/legasov/NetBeansProjects/Metegol/target/classes/assets/textures/fondoMenu.png
10:46:59.452 [FXGL Background Thread 1 ] INFO  FXGLApplication      - Game initialization took: 0.104 sec
10:46:59.619 [JavaFX Application Thread] DEBUG Input                - Clearing active input actions
10:46:59.636 [JavaFX Application Thread] DEBUG GameApplicationServi - Removing overlay from FXGLLoadingScene and adding to GameScene
10:46:59.636 [JavaFX Application Thread] DEBUG PrimaryStageWindow   - FXGLLoadingScene -> GameScene
10:47:00.185 [FXGL Background Thread 2 ] INFO  UpdaterService       - Your current version:  21
10:47:00.185 [FXGL Background Thread 2 ] INFO  UpdaterService       - Latest stable version: 25
10:47:02.195 [FXGL Background Thread 3 ] DEBUG Engine               - Logging environment variables
10:47:02.197 [FXGL Background Thread 3 ] DEBUG Engine               - achievements: []
10:47:02.197 [FXGL Background Thread 3 ] DEBUG Engine               - actualHeight: 685.0
10:47:02.197 [FXGL Background Thread 3 ] DEBUG Engine               - actualHeightProperty: ReadOnlyDoubleProperty [value: 687.0]
10:47:02.197 [FXGL Background Thread 3 ] DEBUG Engine               - actualWidth: 1280.0
10:47:02.198 [FXGL Background Thread 3 ] DEBUG Engine               - actualWidthProperty: ReadOnlyDoubleProperty [value: 1280.0]
10:47:02.198 [FXGL Background Thread 3 ] DEBUG Engine               - appIcon: fxgl_icon.png
10:47:02.198 [FXGL Background Thread 3 ] DEBUG Engine               - applicationMode: DEVELOPER
10:47:02.198 [FXGL Background Thread 3 ] DEBUG Engine               - cSSList: [fxgl_dark.css]
10:47:02.198 [FXGL Background Thread 3 ] DEBUG Engine               - collisionDetectionStrategy: BRUTE_FORCE
10:47:02.199 [FXGL Background Thread 3 ] DEBUG Engine               - configClass: Optional.empty
10:47:02.199 [FXGL Background Thread 3 ] DEBUG Engine               - credits: []
10:47:02.199 [FXGL Background Thread 3 ] DEBUG Engine               - defaultCursor: CursorInfo(imageName=fxgl_default_cursor.png, hotspotX=7.0, hotspotY=6.0)
10:47:02.200 [FXGL Background Thread 3 ] DEBUG Engine               - devBBoxColorProperty: ObjectProperty [value: 0xff0000ff]
10:47:02.200 [FXGL Background Thread 3 ] DEBUG Engine               - devEnableDebugCameraProperty: BooleanProperty [value: false]
10:47:02.200 [FXGL Background Thread 3 ] DEBUG Engine               - devSensorColorProperty: ObjectProperty [value: 0xffff00ff]
10:47:02.201 [FXGL Background Thread 3 ] DEBUG Engine               - devShowBBoxProperty: BooleanProperty [value: false]
10:47:02.201 [FXGL Background Thread 3 ] DEBUG Engine               - devShowPositionProperty: BooleanProperty [value: false]
10:47:02.201 [FXGL Background Thread 3 ] DEBUG Engine               - enabledMenuItems: []
10:47:02.201 [FXGL Background Thread 3 ] DEBUG Engine               - engineServices: [class com.almasb.fxgl.app.services.FXGLAssetLoaderService, class com.almasb.fxgl.app.FXGLApplication$GameApplicationService, class com.almasb.fxgl.app.services.FXGLDialogService, class com.almasb.fxgl.app.services.IOTaskExecutorService, class com.almasb.fxgl.io.FileSystemService, class com.almasb.fxgl.localization.LocalizationService, class com.almasb.fxgl.app.services.SystemBundleService, class com.almasb.fxgl.profile.SaveLoadService, class com.almasb.fxgl.ui.FXGLUIFactoryServiceProvider, class com.almasb.fxgl.ui.FXGLDialogFactoryServiceProvider, class com.almasb.fxgl.audio.AudioPlayer, class com.almasb.fxgl.notification.impl.NotificationServiceProvider, class com.almasb.fxgl.achievement.AchievementService, class com.almasb.fxgl.cutscene.CutsceneService, class com.almasb.fxgl.minigames.MiniGameService, class com.almasb.fxgl.net.NetService, class com.almasb.fxgl.app.services.UpdaterService, class com.almasb.fxgl.dev.DevService]
10:47:02.201 [FXGL Background Thread 3 ] DEBUG Engine               - fontGame: Abel-Regular.ttf
10:47:02.202 [FXGL Background Thread 3 ] DEBUG Engine               - fontMono: TerminalLandMono-Regular.otf
10:47:02.202 [FXGL Background Thread 3 ] DEBUG Engine               - fontSizeScaleUI: 1.0
10:47:02.202 [FXGL Background Thread 3 ] DEBUG Engine               - fontText: Courier-Prime.ttf
10:47:02.202 [FXGL Background Thread 3 ] DEBUG Engine               - fontUI: VarelaRound-Regular.ttf
10:47:02.202 [FXGL Background Thread 3 ] DEBUG Engine               - fullScreen: BooleanProperty [value: false]
10:47:02.202 [FXGL Background Thread 3 ] DEBUG Engine               - gameDifficulty: MEDIUM
10:47:02.203 [FXGL Background Thread 3 ] DEBUG Engine               - gameDifficultyProperty: ObjectProperty [value: MEDIUM]
10:47:02.203 [FXGL Background Thread 3 ] DEBUG Engine               - globalMusicVolume: 0.5
10:47:02.203 [FXGL Background Thread 3 ] DEBUG Engine               - globalMusicVolumeProperty: DoubleProperty [value: 0.5]
10:47:02.203 [FXGL Background Thread 3 ] DEBUG Engine               - globalSoundVolume: 0.5
10:47:02.203 [FXGL Background Thread 3 ] DEBUG Engine               - globalSoundVolumeProperty: DoubleProperty [value: 0.5]
10:47:02.204 [FXGL Background Thread 3 ] DEBUG Engine               - height: 720
10:47:02.204 [FXGL Background Thread 3 ] DEBUG Engine               - is3D: false
10:47:02.204 [FXGL Background Thread 3 ] DEBUG Engine               - isAndroid: false
10:47:02.204 [FXGL Background Thread 3 ] DEBUG Engine               - isBrowser: false
10:47:02.204 [FXGL Background Thread 3 ] DEBUG Engine               - isClickFeedbackEnabled: false
10:47:02.204 [FXGL Background Thread 3 ] DEBUG Engine               - isCloseConfirmation: false
10:47:02.205 [FXGL Background Thread 3 ] DEBUG Engine               - isDesktop: true
10:47:02.205 [FXGL Background Thread 3 ] DEBUG Engine               - isDeveloperMenuEnabled: false
10:47:02.205 [FXGL Background Thread 3 ] DEBUG Engine               - isEmbedded: false
10:47:02.205 [FXGL Background Thread 3 ] DEBUG Engine               - isEntityPreloadEnabled: true
10:47:02.205 [FXGL Background Thread 3 ] DEBUG Engine               - isExperimentalTiledLargeMap: false
10:47:02.205 [FXGL Background Thread 3 ] DEBUG Engine               - isFileSystemWriteAllowed: true
10:47:02.206 [FXGL Background Thread 3 ] DEBUG Engine               - isFullScreenAllowed: false
10:47:02.206 [FXGL Background Thread 3 ] DEBUG Engine               - isFullScreenFromStart: false
10:47:02.206 [FXGL Background Thread 3 ] DEBUG Engine               - isGameMenuEnabled: true
10:47:02.206 [FXGL Background Thread 3 ] DEBUG Engine               - isIOS: false
10:47:02.206 [FXGL Background Thread 3 ] DEBUG Engine               - isIntroEnabled: false
10:47:02.207 [FXGL Background Thread 3 ] DEBUG Engine               - isLinux: true
10:47:02.207 [FXGL Background Thread 3 ] DEBUG Engine               - isMac: false
10:47:02.207 [FXGL Background Thread 3 ] DEBUG Engine               - isMainMenuEnabled: false
10:47:02.207 [FXGL Background Thread 3 ] DEBUG Engine               - isManualResizeEnabled: false
10:47:02.207 [FXGL Background Thread 3 ] DEBUG Engine               - isMobile: false
10:47:02.208 [FXGL Background Thread 3 ] DEBUG Engine               - isNative: false
10:47:02.208 [FXGL Background Thread 3 ] DEBUG Engine               - isPauseMusicWhenMinimized: true
10:47:02.208 [FXGL Background Thread 3 ] DEBUG Engine               - isPreserveResizeRatio: false
10:47:02.208 [FXGL Background Thread 3 ] DEBUG Engine               - isProfilingEnabled: false
10:47:02.208 [FXGL Background Thread 3 ] DEBUG Engine               - isScaleAffectedOnResize: true
10:47:02.209 [FXGL Background Thread 3 ] DEBUG Engine               - isSingleStep: false
10:47:02.209 [FXGL Background Thread 3 ] DEBUG Engine               - isUserProfileEnabled: false
10:47:02.209 [FXGL Background Thread 3 ] DEBUG Engine               - isWindows: false
10:47:02.209 [FXGL Background Thread 3 ] DEBUG Engine               - language: ObjectProperty [value: ENGLISH]
10:47:02.209 [FXGL Background Thread 3 ] DEBUG Engine               - menuKey: ESCAPE
10:47:02.209 [FXGL Background Thread 3 ] DEBUG Engine               - mouseSensitivity: 0.2
10:47:02.210 [FXGL Background Thread 3 ] DEBUG Engine               - notificationViewClass: class com.almasb.fxgl.notification.view.XboxNotificationView
10:47:02.210 [FXGL Background Thread 3 ] DEBUG Engine               - pixelsPerMeter: 50.0
10:47:02.210 [FXGL Background Thread 3 ] DEBUG Engine               - platform: LINUX
10:47:02.210 [FXGL Background Thread 3 ] DEBUG Engine               - prefHeightProperty: ReadOnlyDoubleProperty [value: 720.0]
10:47:02.210 [FXGL Background Thread 3 ] DEBUG Engine               - prefWidthProperty: ReadOnlyDoubleProperty [value: 1280.0]
10:47:02.210 [FXGL Background Thread 3 ] DEBUG Engine               - profileDir: profiles/
10:47:02.211 [FXGL Background Thread 3 ] DEBUG Engine               - profileName: StringProperty [value: DEFAULT]
10:47:02.211 [FXGL Background Thread 3 ] DEBUG Engine               - randomSeed: -1
10:47:02.211 [FXGL Background Thread 3 ] DEBUG Engine               - runtimeInfo: RuntimeInfo(platform=LINUX, version=21, build=28.12.2023 13.35)
10:47:02.211 [FXGL Background Thread 3 ] DEBUG Engine               - saveFileExt: sav
10:47:02.212 [FXGL Background Thread 3 ] DEBUG Engine               - scaledHeightProp$fxgl: DoubleProperty [bound, value: 687.0]
10:47:02.212 [FXGL Background Thread 3 ] DEBUG Engine               - scaledWidthProp$fxgl: DoubleProperty [bound, value: 1280.0]
10:47:02.212 [FXGL Background Thread 3 ] DEBUG Engine               - sceneFactory: com.almasb.fxgl.app.scene.SceneFactory@5301650f
10:47:02.212 [FXGL Background Thread 3 ] DEBUG Engine               - secondsIn24h: 60
10:47:02.212 [FXGL Background Thread 3 ] DEBUG Engine               - soundMenuBack: menu/back.wav
10:47:02.212 [FXGL Background Thread 3 ] DEBUG Engine               - soundMenuPress: menu/press.wav
10:47:02.212 [FXGL Background Thread 3 ] DEBUG Engine               - soundMenuSelect: menu/select.wav
10:47:02.213 [FXGL Background Thread 3 ] DEBUG Engine               - soundNotification: core/notification.wav
10:47:02.213 [FXGL Background Thread 3 ] DEBUG Engine               - stageStyle: DECORATED
10:47:02.213 [FXGL Background Thread 3 ] DEBUG Engine               - supportedLanguages: [ENGLISH, FRENCH, GERMAN, HUNGARIAN, RUSSIAN]
10:47:02.213 [FXGL Background Thread 3 ] DEBUG Engine               - ticksPerSecond: -1
10:47:02.213 [FXGL Background Thread 3 ] DEBUG Engine               - title: Metegol - Champs 2026
10:47:02.213 [FXGL Background Thread 3 ] DEBUG Engine               - urlGithub: https://github.com/AlmasB/FXGL
10:47:02.213 [FXGL Background Thread 3 ] DEBUG Engine               - urlLeaderboard: http://fxgl-top.herokuapp.com/
10:47:02.213 [FXGL Background Thread 3 ] DEBUG Engine               - urlPOM: https://raw.githubusercontent.com/AlmasB/FXGL/release/README.md
10:47:02.214 [FXGL Background Thread 3 ] DEBUG Engine               - userAppClass: class Metegol.Metegol
10:47:02.214 [FXGL Background Thread 3 ] DEBUG Engine               - version: 0.0
10:47:02.214 [FXGL Background Thread 3 ] DEBUG Engine               - versionCheckDays: 7
10:47:02.214 [FXGL Background Thread 3 ] DEBUG Engine               - width: 1280
10:47:02.215 [FXGL Background Thread 3 ] DEBUG Engine               - Logging services
10:47:02.215 [FXGL Background Thread 3 ] DEBUG Engine               - class com.almasb.fxgl.app.services.FXGLAssetLoaderService
10:47:02.215 [FXGL Background Thread 3 ] DEBUG Engine               - class com.almasb.fxgl.app.FXGLApplication$GameApplicationService
10:47:02.215 [FXGL Background Thread 3 ] DEBUG Engine               - class com.almasb.fxgl.app.services.FXGLDialogService
10:47:02.215 [FXGL Background Thread 3 ] DEBUG Engine               - class com.almasb.fxgl.app.services.IOTaskExecutorService
10:47:02.215 [FXGL Background Thread 3 ] DEBUG Engine               - class com.almasb.fxgl.io.FileSystemService
10:47:02.216 [FXGL Background Thread 3 ] DEBUG Engine               - class com.almasb.fxgl.localization.LocalizationService
10:47:02.216 [FXGL Background Thread 3 ] DEBUG Engine               - class com.almasb.fxgl.app.services.SystemBundleService
10:47:02.216 [FXGL Background Thread 3 ] DEBUG Engine               - class com.almasb.fxgl.profile.SaveLoadService
10:47:02.216 [FXGL Background Thread 3 ] DEBUG Engine               - class com.almasb.fxgl.ui.FXGLUIFactoryServiceProvider
10:47:02.216 [FXGL Background Thread 3 ] DEBUG Engine               - class com.almasb.fxgl.ui.FXGLDialogFactoryServiceProvider
10:47:02.216 [FXGL Background Thread 3 ] DEBUG Engine               - class com.almasb.fxgl.audio.AudioPlayer
10:47:02.216 [FXGL Background Thread 3 ] DEBUG Engine               - class com.almasb.fxgl.notification.impl.NotificationServiceProvider
10:47:02.216 [FXGL Background Thread 3 ] DEBUG Engine               - class com.almasb.fxgl.achievement.AchievementService
10:47:02.217 [FXGL Background Thread 3 ] DEBUG Engine               - class com.almasb.fxgl.cutscene.CutsceneService
10:47:02.217 [FXGL Background Thread 3 ] DEBUG Engine               - class com.almasb.fxgl.minigames.MiniGameService
10:47:02.217 [FXGL Background Thread 3 ] DEBUG Engine               - class com.almasb.fxgl.net.NetService
10:47:02.217 [FXGL Background Thread 3 ] DEBUG Engine               - class com.almasb.fxgl.app.services.UpdaterService
10:47:02.217 [FXGL Background Thread 3 ] DEBUG Engine               - class com.almasb.fxgl.dev.DevService
10:48:20.269 [JavaFX Application Thread] DEBUG FXGLAssetLoaderServi - Loading from file system: file:/home/legasov/NetBeansProjects/Metegol/target/classes/assets/textures/FondoSimulacion.png
10:48:26.922 [JavaFX Application Thread] WARN  TMXLevelLoader       - TiledMap generated from 1.12.2. Supported version: 1.9.0. Some features may not be parsed fully.
10:48:26.932 [JavaFX Application Thread] DEBUG TMXLevelLoader       - Parsed TiledMap: file:/home/legasov/NetBeansProjects/Metegol/target/classes/assets/levels/cancha.tmx
10:48:26.933 [JavaFX Application Thread] DEBUG TMXLevelLoader       - Creating tile layer entities
10:48:26.935 [JavaFX Application Thread] DEBUG TilesetLoader        - Loading view for layer Tile Layer 1
10:48:26.936 [JavaFX Application Thread] DEBUG TilesetLoader        - Created buffer with size 1280.0x1440.0
10:48:26.982 [JavaFX Application Thread] DEBUG TMXLevelLoader       - Creating object layer entities
10:48:27.003 [JavaFX Application Thread] DEBUG GameWorld            - Clearing removable entities
10:48:27.004 [JavaFX Application Thread] DEBUG GameWorld            - Setting level: com.almasb.fxgl.entity.level.Level@7193c57b
10:48:27.042 [JavaFX Application Thread] DEBUG Input                - Registered new binding: Arriba - W
10:48:27.043 [JavaFX Application Thread] DEBUG Input                - Registered new binding: Abajo - S
10:48:27.043 [JavaFX Application Thread] DEBUG Input                - Registered new binding: Izquierda - A
10:48:27.043 [JavaFX Application Thread] DEBUG Input                - Registered new binding: Derecha - D
10:48:27.043 [JavaFX Application Thread] DEBUG Input                - Registered new binding: Alternar Defensor - Q
10:48:27.043 [JavaFX Application Thread] DEBUG Input                - Registered new binding: Controlar Portero - Space
10:48:52.526 [JavaFX Application Thread] DEBUG FXGLApplication      - Exiting FXGL
10:48:52.526 [JavaFX Application Thread] DEBUG LoopRunner           - Stopping loop
10:48:52.527 [JavaFX Application Thread] DEBUG SystemBundleService  - Saving FXGL system data
10:48:52.528 [JavaFX Application Thread] DEBUG FileSystemAccess     - Writing to: /home/legasov/NetBeansProjects/Metegol/system/fxgl.bundle
10:48:52.529 [JavaFX Application Thread] DEBUG Async                - Shutting down background threads
10:48:52.530 [JavaFX Application Thread] DEBUG PrimaryStageWindow   - Closing main window
10:48:52.532 [JavaFX Application Thread] DEBUG Logger               - Closing Logger
