14:11:09.915 [main                     ] DEBUG Logger               - Configured Logger
14:11:09.924 [main                     ] DEBUG GameApplication      - Logging settings
Title: Metegol - Champs 2026
Version: 0.0
Width: 1280
Height: 720
Fullscreen: false
Intro: false
Profiling: false
Single step:false
App Mode: DEVELOPER
Menu Key: ESCAPE
Stage Style: DECORATED
Scene Factory: class com.almasb.fxgl.app.scene.SceneFactory

14:11:10.175 [JavaFX Application Thread] DEBUG FXGLApplication      - Initializing FXGL
14:11:10.177 [JavaFX Application Thread] INFO  Engine               - FXGL-21 (28.12.2023 13.35) on LINUX (J:25.0.3 FX:26)
14:11:10.177 [JavaFX Application Thread] DEBUG Engine               - JRE Vendor Name: Flathub
14:11:10.177 [JavaFX Application Thread] DEBUG Engine               - Running on OS: Linux version 7.1.3-201.fc44.x86_64
14:11:10.177 [JavaFX Application Thread] DEBUG Engine               - Architecture: amd64
14:11:10.177 [JavaFX Application Thread] INFO  Engine               - Source code and latest versions at: https://github.com/AlmasB/FXGL
14:11:10.177 [JavaFX Application Thread] INFO  Engine               -       Ask questions and discuss at: https://github.com/AlmasB/FXGL/discussions
14:11:10.177 [JavaFX Application Thread] INFO  Engine               -              Join the FXGL chat at: https://gitter.im/AlmasB/FXGL
14:11:10.252 [JavaFX Application Thread] DEBUG PrimaryStageWindow   - Creating a JavaFX scene
14:11:10.309 [JavaFX Application Thread] DEBUG PrimaryStageWindow   - Target settings size: 1280.0 x 720.0
14:11:10.309 [JavaFX Application Thread] DEBUG PrimaryStageWindow   - Scaled scene size:    1280.0 x 720.0
14:11:10.309 [JavaFX Application Thread] DEBUG PrimaryStageWindow   - Scaled ratio: (1.0, 1.0)
14:11:10.310 [JavaFX Application Thread] DEBUG PrimaryStageWindow   - Set initial scene to FXGLStartupScene
14:11:10.313 [JavaFX Application Thread] DEBUG PrimaryStageWindow   - Opening main window
14:11:10.344 [JavaFX Application Thread] DEBUG PrimaryStageWindow   - Window border size: (0.0, 35.0)
14:11:10.344 [JavaFX Application Thread] DEBUG PrimaryStageWindow   - Scaled size: 1280.0 x 685.3720703125
14:11:10.345 [JavaFX Application Thread] DEBUG PrimaryStageWindow   - Scaled ratio: (1.0, 0.9519056532118055)
14:11:10.345 [JavaFX Application Thread] DEBUG PrimaryStageWindow   - Scene size: 1280.0 x 720.0
14:11:10.345 [JavaFX Application Thread] DEBUG PrimaryStageWindow   - Stage size: 1280.0 x 720.3720703125
14:11:10.349 [FXGL Background Thread 1 ] DEBUG Engine               - Initializing environment variables
14:11:10.411 [FXGL Background Thread 1 ] DEBUG FXGLAssetLoaderServi - User app class for loading assets: class Metegol.Metegol
14:11:10.411 [FXGL Background Thread 1 ] DEBUG GameApplicationServi - Applying CSS: fxgl_dark.css
14:11:10.412 [FXGL Background Thread 1 ] DEBUG FXGLAssetLoaderServi - Loading from file system: jar:file:/home/legasov/.m2/repository/com/github/almasb/fxgl/21/fxgl-21.jar!/fxglassets/ui/css/fxgl_dark.css
14:11:10.470 [FXGL Background Thread 1 ] DEBUG GameApplicationServi - Initializing application scenes
14:11:10.541 [FXGL Background Thread 1 ] DEBUG GameWorld            - Game world initialized
14:11:10.654 [FXGL Background Thread 1 ] DEBUG PhysicsWorld         - Physics world initialized: appHeight=720, physics.ppm=50.0
14:11:10.655 [FXGL Background Thread 1 ] DEBUG PhysicsWorld         - Using strategy: BRUTE_FORCE
14:11:10.662 [FXGL Background Thread 1 ] DEBUG GameScene            - Game scene initialized: 1280x720
14:11:10.679 [FXGL Background Thread 1 ] DEBUG FXGL.DefaultMenu     - createMenuBodyGameMenu()
14:11:10.693 [FXGL Background Thread 1 ] DEBUG FXGL.DefaultMenu     - createOptionsMenu()
14:11:10.701 [FXGL Background Thread 1 ] DEBUG FXGLAssetLoaderServi - Loading from file system: jar:file:/home/legasov/.m2/repository/com/github/almasb/fxgl/21/fxgl-21.jar!/fxglassets/textures/particles/smoke.png
14:11:10.775 [FXGL Background Thread 1 ] DEBUG FXGLAssetLoaderServi - Loading from file system: jar:file:/home/legasov/.m2/repository/com/github/almasb/fxgl/21/fxgl-21.jar!/fxglassets/textures/particles/trace_horizontal.png
14:11:10.802 [FXGL Background Thread 1 ] DEBUG GameApplicationServi - Application scenes initialized
14:11:10.812 [FXGL Background Thread 1 ] DEBUG SystemBundleService  - Loading FXGL system data
14:11:10.816 [FXGL Background Thread 1 ] DEBUG FileSystemAccess     - Reading from: /home/legasov/NetBeansProjects/Metegol/system/fxgl.bundle
14:11:10.821 [FXGL Background Thread 1 ] DEBUG SystemBundleService  - Bundle FXGL: {}
14:11:10.821 [FXGL Background Thread 1 ] DEBUG UpdaterService       - Checking for updates
14:11:10.825 [FXGL Background Thread 4 ] DEBUG FXGLApplication      - Loading fonts
14:11:10.826 [FXGL Background Thread 4 ] DEBUG FXGLAssetLoaderServi - Loading from file system: jar:file:/home/legasov/.m2/repository/com/github/almasb/fxgl/21/fxgl-21.jar!/fxglassets/ui/fonts/VarelaRound-Regular.ttf
14:11:10.826 [FXGL Background Thread 1 ] DEBUG FXGLApplication      - Loading default localization
14:11:10.827 [FXGL Background Thread 1 ] DEBUG FXGLAssetLoaderServi - Loading from file system: jar:file:/home/legasov/.m2/repository/com/github/almasb/fxgl/21/fxgl-21.jar!/fxglassets/languages/english.lang
14:11:10.837 [FXGL Background Thread 4 ] DEBUG FXGLAssetLoaderServi - Loading from file system: jar:file:/home/legasov/.m2/repository/com/github/almasb/fxgl/21/fxgl-21.jar!/fxglassets/ui/fonts/Abel-Regular.ttf
14:11:10.839 [FXGL Background Thread 4 ] DEBUG FXGLAssetLoaderServi - Loading from file system: jar:file:/home/legasov/.m2/repository/com/github/almasb/fxgl/21/fxgl-21.jar!/fxglassets/ui/fonts/TerminalLandMono-Regular.otf
14:11:10.841 [FXGL Background Thread 1 ] INFO  FXGLApplication      - FXGL initialization took: 0.491 sec
14:11:10.845 [FXGL Background Thread 4 ] DEBUG FXGLAssetLoaderServi - Loading from file system: jar:file:/home/legasov/.m2/repository/com/github/almasb/fxgl/21/fxgl-21.jar!/fxglassets/ui/fonts/Courier-Prime.ttf
14:11:10.845 [JavaFX Application Thread] DEBUG Input                - Registered new binding: action0 - LMB
14:11:10.846 [JavaFX Application Thread] DEBUG FXGLAssetLoaderServi - Loading from file system: jar:file:/home/legasov/.m2/repository/com/github/almasb/fxgl/21/fxgl-21.jar!/fxglassets/textures/fxgl_icon.png
14:11:10.872 [JavaFX Application Thread] DEBUG FXGLAssetLoaderServi - Loading from file system: jar:file:/home/legasov/.m2/repository/com/github/almasb/fxgl/21/fxgl-21.jar!/fxglassets/textures/fxgl_default_cursor.png
14:11:10.885 [JavaFX Application Thread] DEBUG Input                - Registered new binding: Screenshot - CTRL+8
14:11:10.885 [JavaFX Application Thread] DEBUG Input                - Registered new binding: System info dump - CTRL+9
14:11:10.886 [JavaFX Application Thread] DEBUG Input                - Registered new binding: Restart - CTRL+R
14:11:10.886 [JavaFX Application Thread] DEBUG Input                - Registered new binding: Toggle Debug Camera - CTRL+7
14:11:10.888 [JavaFX Application Thread] DEBUG LoopRunner           - Starting loop
14:11:10.888 [JavaFX Application Thread] DEBUG LoopRunner           - Initializing JavaFX AnimationTimerLoop
14:11:10.891 [JavaFX Application Thread] DEBUG GameApplicationServi - Starting new game
14:11:10.892 [JavaFX Application Thread] DEBUG Input                - Clearing active input actions
14:11:10.902 [JavaFX Application Thread] DEBUG GameApplicationServi - Removing overlay from FXGLStartupScene and adding to FXGLLoadingScene
14:11:10.902 [JavaFX Application Thread] DEBUG PrimaryStageWindow   - FXGLStartupScene -> FXGLLoadingScene
14:11:10.902 [JavaFX Application Thread] DEBUG GameApplicationServi - Clearing previous game
14:11:10.902 [JavaFX Application Thread] DEBUG GameScene            - Clearing game scene
14:11:10.902 [JavaFX Application Thread] DEBUG GameWorld            - Clearing game world
14:11:10.902 [JavaFX Application Thread] DEBUG PhysicsWorld         - Clearing physics world
14:11:10.904 [FXGL Background Thread 4 ] DEBUG FXGLApplication      - Initializing game
14:11:10.905 [JavaFX Application Thread] DEBUG FXGLApplication      - Registering font factories with UI factory
14:11:10.909 [FXGL Background Thread 4 ] DEBUG FXGLAssetLoaderServi - Loading from file system: file:/home/legasov/NetBeansProjects/Metegol/target/classes/assets/textures/fondoMenu.png
14:11:10.970 [FXGL Background Thread 4 ] INFO  FXGLApplication      - Game initialization took: 0.066 sec
14:11:11.128 [JavaFX Application Thread] DEBUG Input                - Clearing active input actions
14:11:11.143 [JavaFX Application Thread] DEBUG GameApplicationServi - Removing overlay from FXGLLoadingScene and adding to GameScene
14:11:11.144 [JavaFX Application Thread] DEBUG PrimaryStageWindow   - FXGLLoadingScene -> GameScene
14:11:11.639 [FXGL Background Thread 2 ] INFO  UpdaterService       - Your current version:  21
14:11:11.639 [FXGL Background Thread 2 ] INFO  UpdaterService       - Latest stable version: 25
14:11:13.823 [FXGL Background Thread 3 ] DEBUG Engine               - Logging environment variables
14:11:13.825 [FXGL Background Thread 3 ] DEBUG Engine               - achievements: []
14:11:13.825 [FXGL Background Thread 3 ] DEBUG Engine               - actualHeight: 685.3720703125
14:11:13.826 [FXGL Background Thread 3 ] DEBUG Engine               - actualHeightProperty: ReadOnlyDoubleProperty [value: 712.906982421875]
14:11:13.826 [FXGL Background Thread 3 ] DEBUG Engine               - actualWidth: 1280.0
14:11:13.826 [FXGL Background Thread 3 ] DEBUG Engine               - actualWidthProperty: ReadOnlyDoubleProperty [value: 1280.0]
14:11:13.826 [FXGL Background Thread 3 ] DEBUG Engine               - appIcon: fxgl_icon.png
14:11:13.826 [FXGL Background Thread 3 ] DEBUG Engine               - applicationMode: DEVELOPER
14:11:13.826 [FXGL Background Thread 3 ] DEBUG Engine               - cSSList: [fxgl_dark.css]
14:11:13.826 [FXGL Background Thread 3 ] DEBUG Engine               - collisionDetectionStrategy: BRUTE_FORCE
14:11:13.826 [FXGL Background Thread 3 ] DEBUG Engine               - configClass: Optional.empty
14:11:13.826 [FXGL Background Thread 3 ] DEBUG Engine               - credits: []
14:11:13.826 [FXGL Background Thread 3 ] DEBUG Engine               - defaultCursor: CursorInfo(imageName=fxgl_default_cursor.png, hotspotX=7.0, hotspotY=6.0)
14:11:13.826 [FXGL Background Thread 3 ] DEBUG Engine               - devBBoxColorProperty: ObjectProperty [value: 0xff0000ff]
14:11:13.827 [FXGL Background Thread 3 ] DEBUG Engine               - devEnableDebugCameraProperty: BooleanProperty [value: false]
14:11:13.827 [FXGL Background Thread 3 ] DEBUG Engine               - devSensorColorProperty: ObjectProperty [value: 0xffff00ff]
14:11:13.827 [FXGL Background Thread 3 ] DEBUG Engine               - devShowBBoxProperty: BooleanProperty [value: false]
14:11:13.827 [FXGL Background Thread 3 ] DEBUG Engine               - devShowPositionProperty: BooleanProperty [value: false]
14:11:13.827 [FXGL Background Thread 3 ] DEBUG Engine               - enabledMenuItems: []
14:11:13.827 [FXGL Background Thread 3 ] DEBUG Engine               - engineServices: [class com.almasb.fxgl.app.services.FXGLAssetLoaderService, class com.almasb.fxgl.app.FXGLApplication$GameApplicationService, class com.almasb.fxgl.app.services.FXGLDialogService, class com.almasb.fxgl.app.services.IOTaskExecutorService, class com.almasb.fxgl.io.FileSystemService, class com.almasb.fxgl.localization.LocalizationService, class com.almasb.fxgl.app.services.SystemBundleService, class com.almasb.fxgl.profile.SaveLoadService, class com.almasb.fxgl.ui.FXGLUIFactoryServiceProvider, class com.almasb.fxgl.ui.FXGLDialogFactoryServiceProvider, class com.almasb.fxgl.audio.AudioPlayer, class com.almasb.fxgl.notification.impl.NotificationServiceProvider, class com.almasb.fxgl.achievement.AchievementService, class com.almasb.fxgl.cutscene.CutsceneService, class com.almasb.fxgl.minigames.MiniGameService, class com.almasb.fxgl.net.NetService, class com.almasb.fxgl.app.services.UpdaterService, class com.almasb.fxgl.dev.DevService]
14:11:13.827 [FXGL Background Thread 3 ] DEBUG Engine               - fontGame: Abel-Regular.ttf
14:11:13.827 [FXGL Background Thread 3 ] DEBUG Engine               - fontMono: TerminalLandMono-Regular.otf
14:11:13.827 [FXGL Background Thread 3 ] DEBUG Engine               - fontSizeScaleUI: 1.0
14:11:13.827 [FXGL Background Thread 3 ] DEBUG Engine               - fontText: Courier-Prime.ttf
14:11:13.827 [FXGL Background Thread 3 ] DEBUG Engine               - fontUI: VarelaRound-Regular.ttf
14:11:13.827 [FXGL Background Thread 3 ] DEBUG Engine               - fullScreen: BooleanProperty [value: false]
14:11:13.827 [FXGL Background Thread 3 ] DEBUG Engine               - gameDifficulty: MEDIUM
14:11:13.827 [FXGL Background Thread 3 ] DEBUG Engine               - gameDifficultyProperty: ObjectProperty [value: MEDIUM]
14:11:13.827 [FXGL Background Thread 3 ] DEBUG Engine               - globalMusicVolume: 0.5
14:11:13.828 [FXGL Background Thread 3 ] DEBUG Engine               - globalMusicVolumeProperty: DoubleProperty [value: 0.5]
14:11:13.828 [FXGL Background Thread 3 ] DEBUG Engine               - globalSoundVolume: 0.5
14:11:13.828 [FXGL Background Thread 3 ] DEBUG Engine               - globalSoundVolumeProperty: DoubleProperty [value: 0.5]
14:11:13.828 [FXGL Background Thread 3 ] DEBUG Engine               - height: 720
14:11:13.828 [FXGL Background Thread 3 ] DEBUG Engine               - is3D: false
14:11:13.828 [FXGL Background Thread 3 ] DEBUG Engine               - isAndroid: false
14:11:13.828 [FXGL Background Thread 3 ] DEBUG Engine               - isBrowser: false
14:11:13.828 [FXGL Background Thread 3 ] DEBUG Engine               - isClickFeedbackEnabled: false
14:11:13.828 [FXGL Background Thread 3 ] DEBUG Engine               - isCloseConfirmation: false
14:11:13.828 [FXGL Background Thread 3 ] DEBUG Engine               - isDesktop: true
14:11:13.828 [FXGL Background Thread 3 ] DEBUG Engine               - isDeveloperMenuEnabled: false
14:11:13.828 [FXGL Background Thread 3 ] DEBUG Engine               - isEmbedded: false
14:11:13.828 [FXGL Background Thread 3 ] DEBUG Engine               - isEntityPreloadEnabled: true
14:11:13.828 [FXGL Background Thread 3 ] DEBUG Engine               - isExperimentalTiledLargeMap: false
14:11:13.828 [FXGL Background Thread 3 ] DEBUG Engine               - isFileSystemWriteAllowed: true
14:11:13.828 [FXGL Background Thread 3 ] DEBUG Engine               - isFullScreenAllowed: false
14:11:13.828 [FXGL Background Thread 3 ] DEBUG Engine               - isFullScreenFromStart: false
14:11:13.828 [FXGL Background Thread 3 ] DEBUG Engine               - isGameMenuEnabled: true
14:11:13.829 [FXGL Background Thread 3 ] DEBUG Engine               - isIOS: false
14:11:13.829 [FXGL Background Thread 3 ] DEBUG Engine               - isIntroEnabled: false
14:11:13.829 [FXGL Background Thread 3 ] DEBUG Engine               - isLinux: true
14:11:13.829 [FXGL Background Thread 3 ] DEBUG Engine               - isMac: false
14:11:13.829 [FXGL Background Thread 3 ] DEBUG Engine               - isMainMenuEnabled: false
14:11:13.829 [FXGL Background Thread 3 ] DEBUG Engine               - isManualResizeEnabled: false
14:11:13.829 [FXGL Background Thread 3 ] DEBUG Engine               - isMobile: false
14:11:13.829 [FXGL Background Thread 3 ] DEBUG Engine               - isNative: false
14:11:13.829 [FXGL Background Thread 3 ] DEBUG Engine               - isPauseMusicWhenMinimized: true
14:11:13.829 [FXGL Background Thread 3 ] DEBUG Engine               - isPreserveResizeRatio: false
14:11:13.829 [FXGL Background Thread 3 ] DEBUG Engine               - isProfilingEnabled: false
14:11:13.829 [FXGL Background Thread 3 ] DEBUG Engine               - isScaleAffectedOnResize: true
14:11:13.829 [FXGL Background Thread 3 ] DEBUG Engine               - isSingleStep: false
14:11:13.829 [FXGL Background Thread 3 ] DEBUG Engine               - isUserProfileEnabled: false
14:11:13.829 [FXGL Background Thread 3 ] DEBUG Engine               - isWindows: false
14:11:13.829 [FXGL Background Thread 3 ] DEBUG Engine               - language: ObjectProperty [value: ENGLISH]
14:11:13.829 [FXGL Background Thread 3 ] DEBUG Engine               - menuKey: ESCAPE
14:11:13.829 [FXGL Background Thread 3 ] DEBUG Engine               - mouseSensitivity: 0.2
14:11:13.830 [FXGL Background Thread 3 ] DEBUG Engine               - notificationViewClass: class com.almasb.fxgl.notification.view.XboxNotificationView
14:11:13.830 [FXGL Background Thread 3 ] DEBUG Engine               - pixelsPerMeter: 50.0
14:11:13.830 [FXGL Background Thread 3 ] DEBUG Engine               - platform: LINUX
14:11:13.830 [FXGL Background Thread 3 ] DEBUG Engine               - prefHeightProperty: ReadOnlyDoubleProperty [value: 720.0]
14:11:13.830 [FXGL Background Thread 3 ] DEBUG Engine               - prefWidthProperty: ReadOnlyDoubleProperty [value: 1280.0]
14:11:13.830 [FXGL Background Thread 3 ] DEBUG Engine               - profileDir: profiles/
14:11:13.830 [FXGL Background Thread 3 ] DEBUG Engine               - profileName: StringProperty [value: DEFAULT]
14:11:13.830 [FXGL Background Thread 3 ] DEBUG Engine               - randomSeed: -1
14:11:13.830 [FXGL Background Thread 3 ] DEBUG Engine               - runtimeInfo: RuntimeInfo(platform=LINUX, version=21, build=28.12.2023 13.35)
14:11:13.830 [FXGL Background Thread 3 ] DEBUG Engine               - saveFileExt: sav
14:11:13.830 [FXGL Background Thread 3 ] DEBUG Engine               - scaledHeightProp$fxgl: DoubleProperty [bound, value: 712.906982421875]
14:11:13.830 [FXGL Background Thread 3 ] DEBUG Engine               - scaledWidthProp$fxgl: DoubleProperty [bound, value: 1280.0]
14:11:13.830 [FXGL Background Thread 3 ] DEBUG Engine               - sceneFactory: com.almasb.fxgl.app.scene.SceneFactory@45ef8637
14:11:13.831 [FXGL Background Thread 3 ] DEBUG Engine               - secondsIn24h: 60
14:11:13.831 [FXGL Background Thread 3 ] DEBUG Engine               - soundMenuBack: menu/back.wav
14:11:13.831 [FXGL Background Thread 3 ] DEBUG Engine               - soundMenuPress: menu/press.wav
14:11:13.831 [FXGL Background Thread 3 ] DEBUG Engine               - soundMenuSelect: menu/select.wav
14:11:13.831 [FXGL Background Thread 3 ] DEBUG Engine               - soundNotification: core/notification.wav
14:11:13.831 [FXGL Background Thread 3 ] DEBUG Engine               - stageStyle: DECORATED
14:11:13.831 [FXGL Background Thread 3 ] DEBUG Engine               - supportedLanguages: [ENGLISH, FRENCH, GERMAN, HUNGARIAN, RUSSIAN]
14:11:13.831 [FXGL Background Thread 3 ] DEBUG Engine               - ticksPerSecond: -1
14:11:13.831 [FXGL Background Thread 3 ] DEBUG Engine               - title: Metegol - Champs 2026
14:11:13.831 [FXGL Background Thread 3 ] DEBUG Engine               - urlGithub: https://github.com/AlmasB/FXGL
14:11:13.831 [FXGL Background Thread 3 ] DEBUG Engine               - urlLeaderboard: http://fxgl-top.herokuapp.com/
14:11:13.831 [FXGL Background Thread 3 ] DEBUG Engine               - urlPOM: https://raw.githubusercontent.com/AlmasB/FXGL/release/README.md
14:11:13.832 [FXGL Background Thread 3 ] DEBUG Engine               - userAppClass: class Metegol.Metegol
14:11:13.832 [FXGL Background Thread 3 ] DEBUG Engine               - version: 0.0
14:11:13.832 [FXGL Background Thread 3 ] DEBUG Engine               - versionCheckDays: 7
14:11:13.832 [FXGL Background Thread 3 ] DEBUG Engine               - width: 1280
14:11:13.832 [FXGL Background Thread 3 ] DEBUG Engine               - Logging services
14:11:13.832 [FXGL Background Thread 3 ] DEBUG Engine               - class com.almasb.fxgl.app.services.FXGLAssetLoaderService
14:11:13.832 [FXGL Background Thread 3 ] DEBUG Engine               - class com.almasb.fxgl.app.FXGLApplication$GameApplicationService
14:11:13.832 [FXGL Background Thread 3 ] DEBUG Engine               - class com.almasb.fxgl.app.services.FXGLDialogService
14:11:13.832 [FXGL Background Thread 3 ] DEBUG Engine               - class com.almasb.fxgl.app.services.IOTaskExecutorService
14:11:13.832 [FXGL Background Thread 3 ] DEBUG Engine               - class com.almasb.fxgl.io.FileSystemService
14:11:13.832 [FXGL Background Thread 3 ] DEBUG Engine               - class com.almasb.fxgl.localization.LocalizationService
14:11:13.832 [FXGL Background Thread 3 ] DEBUG Engine               - class com.almasb.fxgl.app.services.SystemBundleService
14:11:13.832 [FXGL Background Thread 3 ] DEBUG Engine               - class com.almasb.fxgl.profile.SaveLoadService
14:11:13.832 [FXGL Background Thread 3 ] DEBUG Engine               - class com.almasb.fxgl.ui.FXGLUIFactoryServiceProvider
14:11:13.832 [FXGL Background Thread 3 ] DEBUG Engine               - class com.almasb.fxgl.ui.FXGLDialogFactoryServiceProvider
14:11:13.832 [FXGL Background Thread 3 ] DEBUG Engine               - class com.almasb.fxgl.audio.AudioPlayer
14:11:13.832 [FXGL Background Thread 3 ] DEBUG Engine               - class com.almasb.fxgl.notification.impl.NotificationServiceProvider
14:11:13.832 [FXGL Background Thread 3 ] DEBUG Engine               - class com.almasb.fxgl.achievement.AchievementService
14:11:13.832 [FXGL Background Thread 3 ] DEBUG Engine               - class com.almasb.fxgl.cutscene.CutsceneService
14:11:13.832 [FXGL Background Thread 3 ] DEBUG Engine               - class com.almasb.fxgl.minigames.MiniGameService
14:11:13.832 [FXGL Background Thread 3 ] DEBUG Engine               - class com.almasb.fxgl.net.NetService
14:11:13.833 [FXGL Background Thread 3 ] DEBUG Engine               - class com.almasb.fxgl.app.services.UpdaterService
14:11:13.833 [FXGL Background Thread 3 ] DEBUG Engine               - class com.almasb.fxgl.dev.DevService
14:12:14.002 [JavaFX Application Thread] DEBUG FXGLAssetLoaderServi - Loading from file system: file:/home/legasov/NetBeansProjects/Metegol/target/classes/assets/textures/FondoSimulacion.png
14:12:22.029 [JavaFX Application Thread] WARN  TMXLevelLoader       - TiledMap generated from 1.12.2. Supported version: 1.9.0. Some features may not be parsed fully.
14:12:22.040 [JavaFX Application Thread] DEBUG TMXLevelLoader       - Parsed TiledMap: file:/home/legasov/NetBeansProjects/Metegol/target/classes/assets/levels/cancha.tmx
14:12:22.043 [JavaFX Application Thread] DEBUG TMXLevelLoader       - Creating tile layer entities
14:12:22.045 [JavaFX Application Thread] DEBUG TilesetLoader        - Loading view for layer Tile Layer 1
14:12:22.046 [JavaFX Application Thread] DEBUG TilesetLoader        - Created buffer with size 1280.0x1440.0
14:12:22.101 [JavaFX Application Thread] DEBUG TMXLevelLoader       - Creating object layer entities
14:12:22.119 [JavaFX Application Thread] DEBUG GameWorld            - Clearing removable entities
14:12:22.120 [JavaFX Application Thread] DEBUG GameWorld            - Setting level: com.almasb.fxgl.entity.level.Level@560b4790
14:12:22.165 [JavaFX Application Thread] DEBUG Input                - Registered new binding: Arriba - W
14:12:22.165 [JavaFX Application Thread] DEBUG Input                - Registered new binding: Abajo - S
14:12:22.166 [JavaFX Application Thread] DEBUG Input                - Registered new binding: Izquierda - A
14:12:22.166 [JavaFX Application Thread] DEBUG Input                - Registered new binding: Derecha - D
14:12:22.166 [JavaFX Application Thread] DEBUG Input                - Registered new binding: Alternar Defensor - Q
14:12:22.166 [JavaFX Application Thread] DEBUG Input                - Registered new binding: Controlar Portero - Space
14:12:35.551 [JavaFX Application Thread] WARN  TMXLevelLoader       - TiledMap generated from 1.12.2. Supported version: 1.9.0. Some features may not be parsed fully.
14:12:35.555 [JavaFX Application Thread] DEBUG TMXLevelLoader       - Parsed TiledMap: file:/home/legasov/NetBeansProjects/Metegol/target/classes/assets/levels/cancha.tmx
14:12:35.555 [JavaFX Application Thread] DEBUG TMXLevelLoader       - Creating tile layer entities
14:12:35.556 [JavaFX Application Thread] DEBUG TilesetLoader        - Loading view for layer Tile Layer 1
14:12:35.561 [JavaFX Application Thread] DEBUG TilesetLoader        - Created buffer with size 1280.0x1440.0
14:12:35.585 [JavaFX Application Thread] DEBUG TMXLevelLoader       - Creating object layer entities
14:12:35.589 [JavaFX Application Thread] DEBUG GameWorld            - Clearing removable entities
14:12:35.589 [JavaFX Application Thread] DEBUG GameWorld            - Setting level: com.almasb.fxgl.entity.level.Level@3cbeb22c
14:13:03.049 [JavaFX Application Thread] DEBUG FXGLApplication      - Exiting FXGL
14:13:03.049 [JavaFX Application Thread] DEBUG LoopRunner           - Stopping loop
14:13:03.050 [JavaFX Application Thread] DEBUG SystemBundleService  - Saving FXGL system data
14:13:03.053 [JavaFX Application Thread] DEBUG FileSystemAccess     - Writing to: /home/legasov/NetBeansProjects/Metegol/system/fxgl.bundle
14:13:03.055 [JavaFX Application Thread] DEBUG Async                - Shutting down background threads
14:13:03.055 [JavaFX Application Thread] DEBUG PrimaryStageWindow   - Closing main window
14:13:03.061 [JavaFX Application Thread] DEBUG Logger               - Closing Logger
