13:07:46.255 [main                     ] DEBUG Logger               - Configured Logger
13:07:46.271 [main                     ] DEBUG GameApplication      - Logging settings
Title: Metegol - Champs 2026
Version: 0.0
Width: 1280
Height: 720
Fullscreen: false
Intro: false
Profiling: false
Single step:false
App Mode: DEVELOPER
Menu Key: ESCAPE
Stage Style: DECORATED
Scene Factory: class com.almasb.fxgl.app.scene.SceneFactory

13:07:46.518 [JavaFX Application Thread] DEBUG FXGLApplication      - Initializing FXGL
13:07:46.520 [JavaFX Application Thread] INFO  Engine               - FXGL-21 (28.12.2023 13.35) on LINUX (J:25.0.3 FX:26)
13:07:46.520 [JavaFX Application Thread] DEBUG Engine               - JRE Vendor Name: Flathub
13:07:46.521 [JavaFX Application Thread] DEBUG Engine               - Running on OS: Linux version 7.1.3-201.fc44.x86_64
13:07:46.522 [JavaFX Application Thread] DEBUG Engine               - Architecture: amd64
13:07:46.523 [JavaFX Application Thread] INFO  Engine               - Source code and latest versions at: https://github.com/AlmasB/FXGL
13:07:46.523 [JavaFX Application Thread] INFO  Engine               -       Ask questions and discuss at: https://github.com/AlmasB/FXGL/discussions
13:07:46.523 [JavaFX Application Thread] INFO  Engine               -              Join the FXGL chat at: https://gitter.im/AlmasB/FXGL
13:07:46.605 [JavaFX Application Thread] DEBUG PrimaryStageWindow   - Creating a JavaFX scene
13:07:46.663 [JavaFX Application Thread] DEBUG PrimaryStageWindow   - Target settings size: 1280.0 x 720.0
13:07:46.663 [JavaFX Application Thread] DEBUG PrimaryStageWindow   - Scaled scene size:    1280.0 x 720.0
13:07:46.663 [JavaFX Application Thread] DEBUG PrimaryStageWindow   - Scaled ratio: (1.0, 1.0)
13:07:46.664 [JavaFX Application Thread] DEBUG PrimaryStageWindow   - Set initial scene to FXGLStartupScene
13:07:46.668 [JavaFX Application Thread] DEBUG PrimaryStageWindow   - Opening main window
13:07:46.699 [JavaFX Application Thread] DEBUG PrimaryStageWindow   - Window border size: (0.0, 35.0)
13:07:46.699 [JavaFX Application Thread] DEBUG PrimaryStageWindow   - Scaled size: 1280.0 x 685.3720703125
13:07:46.700 [JavaFX Application Thread] DEBUG PrimaryStageWindow   - Scaled ratio: (1.0, 0.9519056532118055)
13:07:46.700 [JavaFX Application Thread] DEBUG PrimaryStageWindow   - Scene size: 1280.0 x 720.0
13:07:46.700 [JavaFX Application Thread] DEBUG PrimaryStageWindow   - Stage size: 1280.0 x 720.3720703125
13:07:46.705 [FXGL Background Thread 1 ] DEBUG Engine               - Initializing environment variables
13:07:46.788 [FXGL Background Thread 1 ] DEBUG FXGLAssetLoaderServi - User app class for loading assets: class Metegol.Metegol
13:07:46.788 [FXGL Background Thread 1 ] DEBUG GameApplicationServi - Applying CSS: fxgl_dark.css
13:07:46.789 [FXGL Background Thread 1 ] DEBUG FXGLAssetLoaderServi - Loading from file system: jar:file:/home/legasov/.m2/repository/com/github/almasb/fxgl/21/fxgl-21.jar!/fxglassets/ui/css/fxgl_dark.css
13:07:46.829 [FXGL Background Thread 1 ] DEBUG GameApplicationServi - Initializing application scenes
13:07:46.897 [FXGL Background Thread 1 ] DEBUG GameWorld            - Game world initialized
13:07:46.937 [FXGL Background Thread 1 ] DEBUG PhysicsWorld         - Physics world initialized: appHeight=720, physics.ppm=50.0
13:07:46.937 [FXGL Background Thread 1 ] DEBUG PhysicsWorld         - Using strategy: BRUTE_FORCE
13:07:46.940 [FXGL Background Thread 1 ] DEBUG GameScene            - Game scene initialized: 1280x720
13:07:46.948 [FXGL Background Thread 1 ] DEBUG FXGL.DefaultMenu     - createMenuBodyGameMenu()
13:07:46.961 [FXGL Background Thread 1 ] DEBUG FXGL.DefaultMenu     - createOptionsMenu()
13:07:46.970 [FXGL Background Thread 1 ] DEBUG FXGLAssetLoaderServi - Loading from file system: jar:file:/home/legasov/.m2/repository/com/github/almasb/fxgl/21/fxgl-21.jar!/fxglassets/textures/particles/smoke.png
13:07:47.071 [FXGL Background Thread 1 ] DEBUG FXGLAssetLoaderServi - Loading from file system: jar:file:/home/legasov/.m2/repository/com/github/almasb/fxgl/21/fxgl-21.jar!/fxglassets/textures/particles/trace_horizontal.png
13:07:47.112 [FXGL Background Thread 1 ] DEBUG GameApplicationServi - Application scenes initialized
13:07:47.122 [FXGL Background Thread 1 ] DEBUG SystemBundleService  - Loading FXGL system data
13:07:47.125 [FXGL Background Thread 1 ] DEBUG FileSystemAccess     - Reading from: /home/legasov/NetBeansProjects/Metegol/system/fxgl.bundle
13:07:47.133 [FXGL Background Thread 1 ] DEBUG SystemBundleService  - Bundle FXGL: {}
13:07:47.133 [FXGL Background Thread 1 ] DEBUG UpdaterService       - Checking for updates
13:07:47.137 [FXGL Background Thread 4 ] DEBUG FXGLApplication      - Loading fonts
13:07:47.138 [FXGL Background Thread 4 ] DEBUG FXGLAssetLoaderServi - Loading from file system: jar:file:/home/legasov/.m2/repository/com/github/almasb/fxgl/21/fxgl-21.jar!/fxglassets/ui/fonts/VarelaRound-Regular.ttf
13:07:47.138 [FXGL Background Thread 1 ] DEBUG FXGLApplication      - Loading default localization
13:07:47.138 [FXGL Background Thread 1 ] DEBUG FXGLAssetLoaderServi - Loading from file system: jar:file:/home/legasov/.m2/repository/com/github/almasb/fxgl/21/fxgl-21.jar!/fxglassets/languages/english.lang
13:07:47.157 [FXGL Background Thread 4 ] DEBUG FXGLAssetLoaderServi - Loading from file system: jar:file:/home/legasov/.m2/repository/com/github/almasb/fxgl/21/fxgl-21.jar!/fxglassets/ui/fonts/Abel-Regular.ttf
13:07:47.158 [FXGL Background Thread 4 ] DEBUG FXGLAssetLoaderServi - Loading from file system: jar:file:/home/legasov/.m2/repository/com/github/almasb/fxgl/21/fxgl-21.jar!/fxglassets/ui/fonts/TerminalLandMono-Regular.otf
13:07:47.159 [FXGL Background Thread 1 ] INFO  FXGLApplication      - FXGL initialization took: 0.454 sec
13:07:47.162 [FXGL Background Thread 4 ] DEBUG FXGLAssetLoaderServi - Loading from file system: jar:file:/home/legasov/.m2/repository/com/github/almasb/fxgl/21/fxgl-21.jar!/fxglassets/ui/fonts/Courier-Prime.ttf
13:07:47.167 [JavaFX Application Thread] DEBUG Input                - Registered new binding: action0 - LMB
13:07:47.169 [JavaFX Application Thread] DEBUG FXGLAssetLoaderServi - Loading from file system: jar:file:/home/legasov/.m2/repository/com/github/almasb/fxgl/21/fxgl-21.jar!/fxglassets/textures/fxgl_icon.png
13:07:47.190 [JavaFX Application Thread] DEBUG FXGLAssetLoaderServi - Loading from file system: jar:file:/home/legasov/.m2/repository/com/github/almasb/fxgl/21/fxgl-21.jar!/fxglassets/textures/fxgl_default_cursor.png
13:07:47.198 [JavaFX Application Thread] DEBUG Input                - Registered new binding: Screenshot - CTRL+8
13:07:47.198 [JavaFX Application Thread] DEBUG Input                - Registered new binding: System info dump - CTRL+9
13:07:47.198 [JavaFX Application Thread] DEBUG Input                - Registered new binding: Restart - CTRL+R
13:07:47.199 [JavaFX Application Thread] DEBUG Input                - Registered new binding: Toggle Debug Camera - CTRL+7
13:07:47.201 [JavaFX Application Thread] DEBUG LoopRunner           - Starting loop
13:07:47.201 [JavaFX Application Thread] DEBUG LoopRunner           - Initializing JavaFX AnimationTimerLoop
13:07:47.202 [JavaFX Application Thread] DEBUG GameApplicationServi - Starting new game
13:07:47.202 [JavaFX Application Thread] DEBUG Input                - Clearing active input actions
13:07:47.213 [JavaFX Application Thread] DEBUG GameApplicationServi - Removing overlay from FXGLStartupScene and adding to FXGLLoadingScene
13:07:47.213 [JavaFX Application Thread] DEBUG PrimaryStageWindow   - FXGLStartupScene -> FXGLLoadingScene
13:07:47.213 [JavaFX Application Thread] DEBUG GameApplicationServi - Clearing previous game
13:07:47.213 [JavaFX Application Thread] DEBUG GameScene            - Clearing game scene
13:07:47.213 [JavaFX Application Thread] DEBUG GameWorld            - Clearing game world
13:07:47.214 [JavaFX Application Thread] DEBUG PhysicsWorld         - Clearing physics world
13:07:47.215 [FXGL Background Thread 4 ] DEBUG FXGLApplication      - Initializing game
13:07:47.216 [JavaFX Application Thread] DEBUG FXGLApplication      - Registering font factories with UI factory
13:07:47.232 [FXGL Background Thread 4 ] DEBUG FXGLAssetLoaderServi - Loading from file system: file:/home/legasov/NetBeansProjects/Metegol/target/classes/assets/textures/fondoMenu.png
13:07:47.338 [FXGL Background Thread 4 ] INFO  FXGLApplication      - Game initialization took: 0.123 sec
13:07:47.412 [JavaFX Application Thread] DEBUG Input                - Clearing active input actions
13:07:47.425 [JavaFX Application Thread] DEBUG GameApplicationServi - Removing overlay from FXGLLoadingScene and adding to GameScene
13:07:47.425 [JavaFX Application Thread] DEBUG PrimaryStageWindow   - FXGLLoadingScene -> GameScene
13:07:47.953 [FXGL Background Thread 2 ] INFO  UpdaterService       - Your current version:  21
13:07:47.953 [FXGL Background Thread 2 ] INFO  UpdaterService       - Latest stable version: 25
13:07:49.122 [JavaFX Application Thread] WARN  TMXLevelLoader       - TiledMap generated from 1.12.2. Supported version: 1.9.0. Some features may not be parsed fully.
13:07:49.132 [JavaFX Application Thread] DEBUG TMXLevelLoader       - Parsed TiledMap: file:/home/legasov/NetBeansProjects/Metegol/target/classes/assets/levels/cancha.tmx
13:07:49.133 [JavaFX Application Thread] DEBUG TMXLevelLoader       - Creating tile layer entities
13:07:49.135 [JavaFX Application Thread] DEBUG TilesetLoader        - Loading view for layer Tile Layer 1
13:07:49.139 [JavaFX Application Thread] DEBUG TilesetLoader        - Created buffer with size 1280.0x1440.0
13:07:49.189 [JavaFX Application Thread] DEBUG TMXLevelLoader       - Creating object layer entities
13:07:49.207 [JavaFX Application Thread] DEBUG GameWorld            - Clearing removable entities
13:07:49.209 [JavaFX Application Thread] DEBUG GameWorld            - Setting level: com.almasb.fxgl.entity.level.Level@63472335
13:07:49.258 [JavaFX Application Thread] DEBUG Input                - Registered new binding: Arriba - W
13:07:49.258 [JavaFX Application Thread] DEBUG Input                - Registered new binding: Abajo - S
13:07:49.258 [JavaFX Application Thread] DEBUG Input                - Registered new binding: Izquierda - A
13:07:49.258 [JavaFX Application Thread] DEBUG Input                - Registered new binding: Derecha - D
13:07:49.258 [JavaFX Application Thread] DEBUG Input                - Registered new binding: Alternar Defensor - Q
13:07:49.258 [JavaFX Application Thread] DEBUG Input                - Registered new binding: Controlar Portero - Space
13:07:50.137 [FXGL Background Thread 3 ] DEBUG Engine               - Logging environment variables
13:07:50.138 [FXGL Background Thread 3 ] DEBUG Engine               - achievements: []
13:07:50.138 [FXGL Background Thread 3 ] DEBUG Engine               - actualHeight: 685.3720703125
13:07:50.139 [FXGL Background Thread 3 ] DEBUG Engine               - actualHeightProperty: ReadOnlyDoubleProperty [value: 712.906982421875]
13:07:50.139 [FXGL Background Thread 3 ] DEBUG Engine               - actualWidth: 1280.0
13:07:50.139 [FXGL Background Thread 3 ] DEBUG Engine               - actualWidthProperty: ReadOnlyDoubleProperty [value: 1280.0]
13:07:50.139 [FXGL Background Thread 3 ] DEBUG Engine               - appIcon: fxgl_icon.png
13:07:50.139 [FXGL Background Thread 3 ] DEBUG Engine               - applicationMode: DEVELOPER
13:07:50.139 [FXGL Background Thread 3 ] DEBUG Engine               - cSSList: [fxgl_dark.css]
13:07:50.139 [FXGL Background Thread 3 ] DEBUG Engine               - collisionDetectionStrategy: BRUTE_FORCE
13:07:50.139 [FXGL Background Thread 3 ] DEBUG Engine               - configClass: Optional.empty
13:07:50.139 [FXGL Background Thread 3 ] DEBUG Engine               - credits: []
13:07:50.140 [FXGL Background Thread 3 ] DEBUG Engine               - defaultCursor: CursorInfo(imageName=fxgl_default_cursor.png, hotspotX=7.0, hotspotY=6.0)
13:07:50.140 [FXGL Background Thread 3 ] DEBUG Engine               - devBBoxColorProperty: ObjectProperty [value: 0xff0000ff]
13:07:50.140 [FXGL Background Thread 3 ] DEBUG Engine               - devEnableDebugCameraProperty: BooleanProperty [value: false]
13:07:50.141 [FXGL Background Thread 3 ] DEBUG Engine               - devSensorColorProperty: ObjectProperty [value: 0xffff00ff]
13:07:50.141 [FXGL Background Thread 3 ] DEBUG Engine               - devShowBBoxProperty: BooleanProperty [value: false]
13:07:50.141 [FXGL Background Thread 3 ] DEBUG Engine               - devShowPositionProperty: BooleanProperty [value: false]
13:07:50.141 [FXGL Background Thread 3 ] DEBUG Engine               - enabledMenuItems: []
13:07:50.141 [FXGL Background Thread 3 ] DEBUG Engine               - engineServices: [class com.almasb.fxgl.app.services.FXGLAssetLoaderService, class com.almasb.fxgl.app.FXGLApplication$GameApplicationService, class com.almasb.fxgl.app.services.FXGLDialogService, class com.almasb.fxgl.app.services.IOTaskExecutorService, class com.almasb.fxgl.io.FileSystemService, class com.almasb.fxgl.localization.LocalizationService, class com.almasb.fxgl.app.services.SystemBundleService, class com.almasb.fxgl.profile.SaveLoadService, class com.almasb.fxgl.ui.FXGLUIFactoryServiceProvider, class com.almasb.fxgl.ui.FXGLDialogFactoryServiceProvider, class com.almasb.fxgl.audio.AudioPlayer, class com.almasb.fxgl.notification.impl.NotificationServiceProvider, class com.almasb.fxgl.achievement.AchievementService, class com.almasb.fxgl.cutscene.CutsceneService, class com.almasb.fxgl.minigames.MiniGameService, class com.almasb.fxgl.net.NetService, class com.almasb.fxgl.app.services.UpdaterService, class com.almasb.fxgl.dev.DevService]
13:07:50.141 [FXGL Background Thread 3 ] DEBUG Engine               - fontGame: Abel-Regular.ttf
13:07:50.141 [FXGL Background Thread 3 ] DEBUG Engine               - fontMono: TerminalLandMono-Regular.otf
13:07:50.141 [FXGL Background Thread 3 ] DEBUG Engine               - fontSizeScaleUI: 1.0
13:07:50.142 [FXGL Background Thread 3 ] DEBUG Engine               - fontText: Courier-Prime.ttf
13:07:50.142 [FXGL Background Thread 3 ] DEBUG Engine               - fontUI: VarelaRound-Regular.ttf
13:07:50.142 [FXGL Background Thread 3 ] DEBUG Engine               - fullScreen: BooleanProperty [value: false]
13:07:50.142 [FXGL Background Thread 3 ] DEBUG Engine               - gameDifficulty: MEDIUM
13:07:50.142 [FXGL Background Thread 3 ] DEBUG Engine               - gameDifficultyProperty: ObjectProperty [value: MEDIUM]
13:07:50.142 [FXGL Background Thread 3 ] DEBUG Engine               - globalMusicVolume: 0.5
13:07:50.143 [FXGL Background Thread 3 ] DEBUG Engine               - globalMusicVolumeProperty: DoubleProperty [value: 0.5]
13:07:50.143 [FXGL Background Thread 3 ] DEBUG Engine               - globalSoundVolume: 0.5
13:07:50.143 [FXGL Background Thread 3 ] DEBUG Engine               - globalSoundVolumeProperty: DoubleProperty [value: 0.5]
13:07:50.143 [FXGL Background Thread 3 ] DEBUG Engine               - height: 720
13:07:50.143 [FXGL Background Thread 3 ] DEBUG Engine               - is3D: false
13:07:50.143 [FXGL Background Thread 3 ] DEBUG Engine               - isAndroid: false
13:07:50.143 [FXGL Background Thread 3 ] DEBUG Engine               - isBrowser: false
13:07:50.143 [FXGL Background Thread 3 ] DEBUG Engine               - isClickFeedbackEnabled: false
13:07:50.143 [FXGL Background Thread 3 ] DEBUG Engine               - isCloseConfirmation: false
13:07:50.143 [FXGL Background Thread 3 ] DEBUG Engine               - isDesktop: true
13:07:50.143 [FXGL Background Thread 3 ] DEBUG Engine               - isDeveloperMenuEnabled: false
13:07:50.144 [FXGL Background Thread 3 ] DEBUG Engine               - isEmbedded: false
13:07:50.144 [FXGL Background Thread 3 ] DEBUG Engine               - isEntityPreloadEnabled: true
13:07:50.144 [FXGL Background Thread 3 ] DEBUG Engine               - isExperimentalTiledLargeMap: false
13:07:50.144 [FXGL Background Thread 3 ] DEBUG Engine               - isFileSystemWriteAllowed: true
13:07:50.144 [FXGL Background Thread 3 ] DEBUG Engine               - isFullScreenAllowed: false
13:07:50.144 [FXGL Background Thread 3 ] DEBUG Engine               - isFullScreenFromStart: false
13:07:50.144 [FXGL Background Thread 3 ] DEBUG Engine               - isGameMenuEnabled: true
13:07:50.144 [FXGL Background Thread 3 ] DEBUG Engine               - isIOS: false
13:07:50.144 [FXGL Background Thread 3 ] DEBUG Engine               - isIntroEnabled: false
13:07:50.144 [FXGL Background Thread 3 ] DEBUG Engine               - isLinux: true
13:07:50.144 [FXGL Background Thread 3 ] DEBUG Engine               - isMac: false
13:07:50.144 [FXGL Background Thread 3 ] DEBUG Engine               - isMainMenuEnabled: false
13:07:50.144 [FXGL Background Thread 3 ] DEBUG Engine               - isManualResizeEnabled: false
13:07:50.145 [FXGL Background Thread 3 ] DEBUG Engine               - isMobile: false
13:07:50.145 [FXGL Background Thread 3 ] DEBUG Engine               - isNative: false
13:07:50.145 [FXGL Background Thread 3 ] DEBUG Engine               - isPauseMusicWhenMinimized: true
13:07:50.145 [FXGL Background Thread 3 ] DEBUG Engine               - isPreserveResizeRatio: false
13:07:50.145 [FXGL Background Thread 3 ] DEBUG Engine               - isProfilingEnabled: false
13:07:50.145 [FXGL Background Thread 3 ] DEBUG Engine               - isScaleAffectedOnResize: true
13:07:50.145 [FXGL Background Thread 3 ] DEBUG Engine               - isSingleStep: false
13:07:50.145 [FXGL Background Thread 3 ] DEBUG Engine               - isUserProfileEnabled: false
13:07:50.145 [FXGL Background Thread 3 ] DEBUG Engine               - isWindows: false
13:07:50.145 [FXGL Background Thread 3 ] DEBUG Engine               - language: ObjectProperty [value: ENGLISH]
13:07:50.145 [FXGL Background Thread 3 ] DEBUG Engine               - menuKey: ESCAPE
13:07:50.145 [FXGL Background Thread 3 ] DEBUG Engine               - mouseSensitivity: 0.2
13:07:50.145 [FXGL Background Thread 3 ] DEBUG Engine               - notificationViewClass: class com.almasb.fxgl.notification.view.XboxNotificationView
13:07:50.146 [FXGL Background Thread 3 ] DEBUG Engine               - pixelsPerMeter: 50.0
13:07:50.146 [FXGL Background Thread 3 ] DEBUG Engine               - platform: LINUX
13:07:50.146 [FXGL Background Thread 3 ] DEBUG Engine               - prefHeightProperty: ReadOnlyDoubleProperty [value: 720.0]
13:07:50.146 [FXGL Background Thread 3 ] DEBUG Engine               - prefWidthProperty: ReadOnlyDoubleProperty [value: 1280.0]
13:07:50.146 [FXGL Background Thread 3 ] DEBUG Engine               - profileDir: profiles/
13:07:50.146 [FXGL Background Thread 3 ] DEBUG Engine               - profileName: StringProperty [value: DEFAULT]
13:07:50.146 [FXGL Background Thread 3 ] DEBUG Engine               - randomSeed: -1
13:07:50.146 [FXGL Background Thread 3 ] DEBUG Engine               - runtimeInfo: RuntimeInfo(platform=LINUX, version=21, build=28.12.2023 13.35)
13:07:50.146 [FXGL Background Thread 3 ] DEBUG Engine               - saveFileExt: sav
13:07:50.146 [FXGL Background Thread 3 ] DEBUG Engine               - scaledHeightProp$fxgl: DoubleProperty [bound, value: 712.906982421875]
13:07:50.147 [FXGL Background Thread 3 ] DEBUG Engine               - scaledWidthProp$fxgl: DoubleProperty [bound, value: 1280.0]
13:07:50.147 [FXGL Background Thread 3 ] DEBUG Engine               - sceneFactory: com.almasb.fxgl.app.scene.SceneFactory@732a3f91
13:07:50.147 [FXGL Background Thread 3 ] DEBUG Engine               - secondsIn24h: 60
13:07:50.147 [FXGL Background Thread 3 ] DEBUG Engine               - soundMenuBack: menu/back.wav
13:07:50.147 [FXGL Background Thread 3 ] DEBUG Engine               - soundMenuPress: menu/press.wav
13:07:50.147 [FXGL Background Thread 3 ] DEBUG Engine               - soundMenuSelect: menu/select.wav
13:07:50.147 [FXGL Background Thread 3 ] DEBUG Engine               - soundNotification: core/notification.wav
13:07:50.147 [FXGL Background Thread 3 ] DEBUG Engine               - stageStyle: DECORATED
13:07:50.147 [FXGL Background Thread 3 ] DEBUG Engine               - supportedLanguages: [ENGLISH, FRENCH, GERMAN, HUNGARIAN, RUSSIAN]
13:07:50.147 [FXGL Background Thread 3 ] DEBUG Engine               - ticksPerSecond: -1
13:07:50.147 [FXGL Background Thread 3 ] DEBUG Engine               - title: Metegol - Champs 2026
13:07:50.147 [FXGL Background Thread 3 ] DEBUG Engine               - urlGithub: https://github.com/AlmasB/FXGL
13:07:50.147 [FXGL Background Thread 3 ] DEBUG Engine               - urlLeaderboard: http://fxgl-top.herokuapp.com/
13:07:50.147 [FXGL Background Thread 3 ] DEBUG Engine               - urlPOM: https://raw.githubusercontent.com/AlmasB/FXGL/release/README.md
13:07:50.148 [FXGL Background Thread 3 ] DEBUG Engine               - userAppClass: class Metegol.Metegol
13:07:50.148 [FXGL Background Thread 3 ] DEBUG Engine               - version: 0.0
13:07:50.148 [FXGL Background Thread 3 ] DEBUG Engine               - versionCheckDays: 7
13:07:50.148 [FXGL Background Thread 3 ] DEBUG Engine               - width: 1280
13:07:50.148 [FXGL Background Thread 3 ] DEBUG Engine               - Logging services
13:07:50.148 [FXGL Background Thread 3 ] DEBUG Engine               - class com.almasb.fxgl.app.services.FXGLAssetLoaderService
13:07:50.148 [FXGL Background Thread 3 ] DEBUG Engine               - class com.almasb.fxgl.app.FXGLApplication$GameApplicationService
13:07:50.148 [FXGL Background Thread 3 ] DEBUG Engine               - class com.almasb.fxgl.app.services.FXGLDialogService
13:07:50.148 [FXGL Background Thread 3 ] DEBUG Engine               - class com.almasb.fxgl.app.services.IOTaskExecutorService
13:07:50.148 [FXGL Background Thread 3 ] DEBUG Engine               - class com.almasb.fxgl.io.FileSystemService
13:07:50.148 [FXGL Background Thread 3 ] DEBUG Engine               - class com.almasb.fxgl.localization.LocalizationService
13:07:50.148 [FXGL Background Thread 3 ] DEBUG Engine               - class com.almasb.fxgl.app.services.SystemBundleService
13:07:50.148 [FXGL Background Thread 3 ] DEBUG Engine               - class com.almasb.fxgl.profile.SaveLoadService
13:07:50.148 [FXGL Background Thread 3 ] DEBUG Engine               - class com.almasb.fxgl.ui.FXGLUIFactoryServiceProvider
13:07:50.148 [FXGL Background Thread 3 ] DEBUG Engine               - class com.almasb.fxgl.ui.FXGLDialogFactoryServiceProvider
13:07:50.148 [FXGL Background Thread 3 ] DEBUG Engine               - class com.almasb.fxgl.audio.AudioPlayer
13:07:50.149 [FXGL Background Thread 3 ] DEBUG Engine               - class com.almasb.fxgl.notification.impl.NotificationServiceProvider
13:07:50.149 [FXGL Background Thread 3 ] DEBUG Engine               - class com.almasb.fxgl.achievement.AchievementService
13:07:50.149 [FXGL Background Thread 3 ] DEBUG Engine               - class com.almasb.fxgl.cutscene.CutsceneService
13:07:50.149 [FXGL Background Thread 3 ] DEBUG Engine               - class com.almasb.fxgl.minigames.MiniGameService
13:07:50.149 [FXGL Background Thread 3 ] DEBUG Engine               - class com.almasb.fxgl.net.NetService
13:07:50.149 [FXGL Background Thread 3 ] DEBUG Engine               - class com.almasb.fxgl.app.services.UpdaterService
13:07:50.149 [FXGL Background Thread 3 ] DEBUG Engine               - class com.almasb.fxgl.dev.DevService
13:07:53.552 [JavaFX Application Thread] DEBUG FXGLAssetLoaderServi - Loading from file system: file:/home/legasov/NetBeansProjects/Metegol/target/classes/assets/textures/FondoSimulacion.png
13:07:53.572 [JavaFX Application Thread] DEBUG LoopRunner           - Stopping loop
13:07:53.573 [JavaFX Application Thread] FATAL FXGLApplication      - Uncaught Exception:
java.lang.NullPointerException: Cannot invoke "Entidades.Equipo.getNombrePais()" because the return value of "Logica.GestorJuego.getEquipoLocal()" is null
	at MenuJuego.PantallaSimulacion.crearInterfaz(PantallaSimulacion.java:52)
	at MenuJuego.PantallaSimulacion.reanudarDesdeMinijuego(PantallaSimulacion.java:279)
	at Minijuego.EscenaMinijuego.lambda$terminarMinijuego$1(EscenaMinijuego.java:868)
	at com.almasb.fxgl.time.TimerAction.update(TimerAction.kt:69)
	at com.almasb.fxgl.time.Timer.update(Timer.kt:38)
	at com.almasb.fxgl.scene.Scene.update(Scene.kt:104)
	at com.almasb.fxgl.app.MainWindow$update$1.invoke(MainWindow.kt:121)
	at com.almasb.fxgl.app.MainWindow$update$1.invoke(MainWindow.kt:121)
	at com.almasb.fxgl.core.fsm.StateMachine.runOnActiveStates(StateMachine.kt:69)
	at com.almasb.fxgl.app.MainWindow.update(MainWindow.kt:121)
	at com.almasb.fxgl.app.FXGLApplication$GameApplicationService.onUpdate(FXGLApplication.kt:426)
	at com.almasb.fxgl.app.Engine.loop(Engine.kt:134)
	at com.almasb.fxgl.app.Engine.access$loop(Engine.kt:24)
	at com.almasb.fxgl.app.Engine$loop$1.invoke(Engine.kt:28)
	at com.almasb.fxgl.app.Engine$loop$1.invoke(Engine.kt:28)
	at com.almasb.fxgl.app.LoopRunner.frame(LoopRunner.kt:103)
	at com.almasb.fxgl.app.LoopRunner.access$frame(LoopRunner.kt:23)
	at com.almasb.fxgl.app.LoopRunner$impl$2$1.onTick(LoopRunner.kt:57)
	at com.almasb.fxgl.app.AnimationTimerLoop$timer$1.handle(LoopRunner.kt:137)
	at javafx.animation.AnimationTimer$AnimationTimerReceiver.handle(AnimationTimer.java:51)
	at com.sun.scenario.animation.AbstractPrimaryTimer.timePulseImpl(AbstractPrimaryTimer.java:342)
	at com.sun.scenario.animation.AbstractPrimaryTimer$MainLoop.run(AbstractPrimaryTimer.java:247)
	at com.sun.javafx.tk.quantum.QuantumToolkit.pulse(QuantumToolkit.java:593)
	at com.sun.javafx.tk.quantum.QuantumToolkit.pulse(QuantumToolkit.java:577)
	at com.sun.javafx.tk.quantum.QuantumToolkit.pulseFromQueue(QuantumToolkit.java:570)
	at com.sun.javafx.tk.quantum.QuantumToolkit.lambda$runToolkit$0(QuantumToolkit.java:351)
	at com.sun.glass.ui.InvokeLaterDispatcher$Future.run(InvokeLaterDispatcher.java:95)
	at com.sun.glass.ui.gtk.GtkApplication._runLoop(Native Method)
	at com.sun.glass.ui.gtk.GtkApplication.lambda$runLoop$0(GtkApplication.java:242)
	at java.base/java.lang.Thread.run(Thread.java:1474)

13:07:53.573 [JavaFX Application Thread] FATAL FXGLApplication      - Application will now exit
13:07:53.591 [JavaFX Application Thread] DEBUG PrimaryStageWindow   - Push state: ErrorSubScene
13:07:53.592 [JavaFX Application Thread] DEBUG Input                - Clearing active input actions
13:07:53.593 [JavaFX Application Thread] DEBUG GameApplicationServi - Removing overlay from GameScene and adding to ErrorSubScene
13:07:53.593 [JavaFX Application Thread] DEBUG PrimaryStageWindow   - GameScene -> ErrorSubScene
13:07:55.481 [JavaFX Application Thread] DEBUG FXGLApplication      - Exiting FXGL
13:07:55.481 [JavaFX Application Thread] DEBUG Async                - Shutting down background threads
13:07:55.482 [JavaFX Application Thread] DEBUG PrimaryStageWindow   - Closing main window
13:07:55.486 [JavaFX Application Thread] DEBUG Logger               - Closing Logger
