12:56:48.533 [main                     ] DEBUG Logger               - Configured Logger
12:56:48.544 [main                     ] DEBUG GameApplication      - Logging settings
Title: Metegol - Champs 2026
Version: 0.0
Width: 1280
Height: 720
Fullscreen: false
Intro: false
Profiling: false
Single step:false
App Mode: DEVELOPER
Menu Key: ESCAPE
Stage Style: DECORATED
Scene Factory: class com.almasb.fxgl.app.scene.SceneFactory

12:56:48.827 [JavaFX Application Thread] DEBUG FXGLApplication      - Initializing FXGL
12:56:48.833 [JavaFX Application Thread] INFO  Engine               - FXGL-21 (28.12.2023 13.35) on LINUX (J:25.0.3 FX:26)
12:56:48.834 [JavaFX Application Thread] DEBUG Engine               - JRE Vendor Name: Flathub
12:56:48.834 [JavaFX Application Thread] DEBUG Engine               - Running on OS: Linux version 7.1.3-201.fc44.x86_64
12:56:48.834 [JavaFX Application Thread] DEBUG Engine               - Architecture: amd64
12:56:48.834 [JavaFX Application Thread] INFO  Engine               - Source code and latest versions at: https://github.com/AlmasB/FXGL
12:56:48.834 [JavaFX Application Thread] INFO  Engine               -       Ask questions and discuss at: https://github.com/AlmasB/FXGL/discussions
12:56:48.834 [JavaFX Application Thread] INFO  Engine               -              Join the FXGL chat at: https://gitter.im/AlmasB/FXGL
12:56:48.922 [JavaFX Application Thread] DEBUG PrimaryStageWindow   - Creating a JavaFX scene
12:56:48.995 [JavaFX Application Thread] DEBUG PrimaryStageWindow   - Target settings size: 1280.0 x 720.0
12:56:48.995 [JavaFX Application Thread] DEBUG PrimaryStageWindow   - Scaled scene size:    1280.0 x 720.0
12:56:48.995 [JavaFX Application Thread] DEBUG PrimaryStageWindow   - Scaled ratio: (1.0, 1.0)
12:56:48.996 [JavaFX Application Thread] DEBUG PrimaryStageWindow   - Set initial scene to FXGLStartupScene
12:56:49.000 [JavaFX Application Thread] DEBUG PrimaryStageWindow   - Opening main window
12:56:49.047 [JavaFX Application Thread] DEBUG PrimaryStageWindow   - Window border size: (0.0, 35.0)
12:56:49.047 [JavaFX Application Thread] DEBUG PrimaryStageWindow   - Scaled size: 1280.0 x 685.3720703125
12:56:49.048 [JavaFX Application Thread] DEBUG PrimaryStageWindow   - Scaled ratio: (1.0, 0.9519056532118055)
12:56:49.048 [JavaFX Application Thread] DEBUG PrimaryStageWindow   - Scene size: 1280.0 x 720.0
12:56:49.048 [JavaFX Application Thread] DEBUG PrimaryStageWindow   - Stage size: 1280.0 x 720.3720703125
12:56:49.066 [FXGL Background Thread 1 ] DEBUG Engine               - Initializing environment variables
12:56:49.140 [FXGL Background Thread 1 ] DEBUG FXGLAssetLoaderServi - User app class for loading assets: class Metegol.Metegol
12:56:49.141 [FXGL Background Thread 1 ] DEBUG GameApplicationServi - Applying CSS: fxgl_dark.css
12:56:49.142 [FXGL Background Thread 1 ] DEBUG FXGLAssetLoaderServi - Loading from file system: jar:file:/home/legasov/.m2/repository/com/github/almasb/fxgl/21/fxgl-21.jar!/fxglassets/ui/css/fxgl_dark.css
12:56:49.210 [FXGL Background Thread 1 ] DEBUG GameApplicationServi - Initializing application scenes
12:56:49.273 [FXGL Background Thread 1 ] DEBUG GameWorld            - Game world initialized
12:56:49.308 [FXGL Background Thread 1 ] DEBUG PhysicsWorld         - Physics world initialized: appHeight=720, physics.ppm=50.0
12:56:49.308 [FXGL Background Thread 1 ] DEBUG PhysicsWorld         - Using strategy: BRUTE_FORCE
12:56:49.311 [FXGL Background Thread 1 ] DEBUG GameScene            - Game scene initialized: 1280x720
12:56:49.319 [FXGL Background Thread 1 ] DEBUG FXGL.DefaultMenu     - createMenuBodyGameMenu()
12:56:49.329 [FXGL Background Thread 1 ] DEBUG FXGL.DefaultMenu     - createOptionsMenu()
12:56:49.338 [FXGL Background Thread 1 ] DEBUG FXGLAssetLoaderServi - Loading from file system: jar:file:/home/legasov/.m2/repository/com/github/almasb/fxgl/21/fxgl-21.jar!/fxglassets/textures/particles/smoke.png
12:56:49.425 [FXGL Background Thread 1 ] DEBUG FXGLAssetLoaderServi - Loading from file system: jar:file:/home/legasov/.m2/repository/com/github/almasb/fxgl/21/fxgl-21.jar!/fxglassets/textures/particles/trace_horizontal.png
12:56:49.457 [FXGL Background Thread 1 ] DEBUG GameApplicationServi - Application scenes initialized
12:56:49.476 [FXGL Background Thread 1 ] DEBUG SystemBundleService  - Loading FXGL system data
12:56:49.478 [FXGL Background Thread 1 ] DEBUG FileSystemAccess     - Reading from: /home/legasov/NetBeansProjects/Metegol/system/fxgl.bundle
12:56:49.484 [FXGL Background Thread 1 ] DEBUG SystemBundleService  - Bundle FXGL: {}
12:56:49.484 [FXGL Background Thread 1 ] DEBUG UpdaterService       - Checking for updates
12:56:49.489 [FXGL Background Thread 4 ] DEBUG FXGLApplication      - Loading fonts
12:56:49.490 [FXGL Background Thread 4 ] DEBUG FXGLAssetLoaderServi - Loading from file system: jar:file:/home/legasov/.m2/repository/com/github/almasb/fxgl/21/fxgl-21.jar!/fxglassets/ui/fonts/VarelaRound-Regular.ttf
12:56:49.492 [FXGL Background Thread 1 ] DEBUG FXGLApplication      - Loading default localization
12:56:49.493 [FXGL Background Thread 1 ] DEBUG FXGLAssetLoaderServi - Loading from file system: jar:file:/home/legasov/.m2/repository/com/github/almasb/fxgl/21/fxgl-21.jar!/fxglassets/languages/english.lang
12:56:49.499 [FXGL Background Thread 4 ] DEBUG FXGLAssetLoaderServi - Loading from file system: jar:file:/home/legasov/.m2/repository/com/github/almasb/fxgl/21/fxgl-21.jar!/fxglassets/ui/fonts/Abel-Regular.ttf
12:56:49.501 [FXGL Background Thread 4 ] DEBUG FXGLAssetLoaderServi - Loading from file system: jar:file:/home/legasov/.m2/repository/com/github/almasb/fxgl/21/fxgl-21.jar!/fxglassets/ui/fonts/TerminalLandMono-Regular.otf
12:56:49.503 [FXGL Background Thread 4 ] DEBUG FXGLAssetLoaderServi - Loading from file system: jar:file:/home/legasov/.m2/repository/com/github/almasb/fxgl/21/fxgl-21.jar!/fxglassets/ui/fonts/Courier-Prime.ttf
12:56:49.506 [JavaFX Application Thread] DEBUG FXGLApplication      - Registering font factories with UI factory
12:56:49.514 [FXGL Background Thread 1 ] INFO  FXGLApplication      - FXGL initialization took: 0.448 sec
12:56:49.517 [JavaFX Application Thread] DEBUG Input                - Registered new binding: action0 - LMB
12:56:49.518 [JavaFX Application Thread] DEBUG FXGLAssetLoaderServi - Loading from file system: jar:file:/home/legasov/.m2/repository/com/github/almasb/fxgl/21/fxgl-21.jar!/fxglassets/textures/fxgl_icon.png
12:56:49.539 [JavaFX Application Thread] DEBUG FXGLAssetLoaderServi - Loading from file system: jar:file:/home/legasov/.m2/repository/com/github/almasb/fxgl/21/fxgl-21.jar!/fxglassets/textures/fxgl_default_cursor.png
12:56:49.553 [JavaFX Application Thread] DEBUG Input                - Registered new binding: Screenshot - CTRL+8
12:56:49.556 [JavaFX Application Thread] DEBUG Input                - Registered new binding: System info dump - CTRL+9
12:56:49.557 [JavaFX Application Thread] DEBUG Input                - Registered new binding: Restart - CTRL+R
12:56:49.557 [JavaFX Application Thread] DEBUG Input                - Registered new binding: Toggle Debug Camera - CTRL+7
12:56:49.559 [JavaFX Application Thread] DEBUG LoopRunner           - Starting loop
12:56:49.559 [JavaFX Application Thread] DEBUG LoopRunner           - Initializing JavaFX AnimationTimerLoop
12:56:49.561 [JavaFX Application Thread] DEBUG GameApplicationServi - Starting new game
12:56:49.561 [JavaFX Application Thread] DEBUG Input                - Clearing active input actions
12:56:49.577 [JavaFX Application Thread] DEBUG GameApplicationServi - Removing overlay from FXGLStartupScene and adding to FXGLLoadingScene
12:56:49.577 [JavaFX Application Thread] DEBUG PrimaryStageWindow   - FXGLStartupScene -> FXGLLoadingScene
12:56:49.577 [JavaFX Application Thread] DEBUG GameApplicationServi - Clearing previous game
12:56:49.577 [JavaFX Application Thread] DEBUG GameScene            - Clearing game scene
12:56:49.577 [JavaFX Application Thread] DEBUG GameWorld            - Clearing game world
12:56:49.577 [JavaFX Application Thread] DEBUG PhysicsWorld         - Clearing physics world
12:56:49.579 [FXGL Background Thread 1 ] DEBUG FXGLApplication      - Initializing game
12:56:49.589 [FXGL Background Thread 1 ] DEBUG FXGLAssetLoaderServi - Loading from file system: file:/home/legasov/NetBeansProjects/Metegol/target/classes/assets/textures/fondoMenu.png
12:56:49.644 [FXGL Background Thread 1 ] INFO  FXGLApplication      - Game initialization took: 0.066 sec
12:56:49.760 [JavaFX Application Thread] DEBUG Input                - Clearing active input actions
12:56:49.770 [JavaFX Application Thread] DEBUG GameApplicationServi - Removing overlay from FXGLLoadingScene and adding to GameScene
12:56:49.770 [JavaFX Application Thread] DEBUG PrimaryStageWindow   - FXGLLoadingScene -> GameScene
12:56:50.245 [FXGL Background Thread 2 ] INFO  UpdaterService       - Your current version:  21
12:56:50.246 [FXGL Background Thread 2 ] INFO  UpdaterService       - Latest stable version: 25
12:56:52.488 [FXGL Background Thread 3 ] DEBUG Engine               - Logging environment variables
12:56:52.489 [FXGL Background Thread 3 ] DEBUG Engine               - achievements: []
12:56:52.489 [FXGL Background Thread 3 ] DEBUG Engine               - actualHeight: 712.906982421875
12:56:52.489 [FXGL Background Thread 3 ] DEBUG Engine               - actualHeightProperty: ReadOnlyDoubleProperty [value: 712.1627807617188]
12:56:52.490 [FXGL Background Thread 3 ] DEBUG Engine               - actualWidth: 1280.0
12:56:52.490 [FXGL Background Thread 3 ] DEBUG Engine               - actualWidthProperty: ReadOnlyDoubleProperty [value: 1280.0]
12:56:52.490 [FXGL Background Thread 3 ] DEBUG Engine               - appIcon: fxgl_icon.png
12:56:52.490 [FXGL Background Thread 3 ] DEBUG Engine               - applicationMode: DEVELOPER
12:56:52.490 [FXGL Background Thread 3 ] DEBUG Engine               - cSSList: [fxgl_dark.css]
12:56:52.491 [FXGL Background Thread 3 ] DEBUG Engine               - collisionDetectionStrategy: BRUTE_FORCE
12:56:52.491 [FXGL Background Thread 3 ] DEBUG Engine               - configClass: Optional.empty
12:56:52.491 [FXGL Background Thread 3 ] DEBUG Engine               - credits: []
12:56:52.491 [FXGL Background Thread 3 ] DEBUG Engine               - defaultCursor: CursorInfo(imageName=fxgl_default_cursor.png, hotspotX=7.0, hotspotY=6.0)
12:56:52.492 [FXGL Background Thread 3 ] DEBUG Engine               - devBBoxColorProperty: ObjectProperty [value: 0xff0000ff]
12:56:52.492 [FXGL Background Thread 3 ] DEBUG Engine               - devEnableDebugCameraProperty: BooleanProperty [value: false]
12:56:52.492 [FXGL Background Thread 3 ] DEBUG Engine               - devSensorColorProperty: ObjectProperty [value: 0xffff00ff]
12:56:52.493 [FXGL Background Thread 3 ] DEBUG Engine               - devShowBBoxProperty: BooleanProperty [value: false]
12:56:52.493 [FXGL Background Thread 3 ] DEBUG Engine               - devShowPositionProperty: BooleanProperty [value: false]
12:56:52.493 [FXGL Background Thread 3 ] DEBUG Engine               - enabledMenuItems: []
12:56:52.493 [FXGL Background Thread 3 ] DEBUG Engine               - engineServices: [class com.almasb.fxgl.app.services.FXGLAssetLoaderService, class com.almasb.fxgl.app.FXGLApplication$GameApplicationService, class com.almasb.fxgl.app.services.FXGLDialogService, class com.almasb.fxgl.app.services.IOTaskExecutorService, class com.almasb.fxgl.io.FileSystemService, class com.almasb.fxgl.localization.LocalizationService, class com.almasb.fxgl.app.services.SystemBundleService, class com.almasb.fxgl.profile.SaveLoadService, class com.almasb.fxgl.ui.FXGLUIFactoryServiceProvider, class com.almasb.fxgl.ui.FXGLDialogFactoryServiceProvider, class com.almasb.fxgl.audio.AudioPlayer, class com.almasb.fxgl.notification.impl.NotificationServiceProvider, class com.almasb.fxgl.achievement.AchievementService, class com.almasb.fxgl.cutscene.CutsceneService, class com.almasb.fxgl.minigames.MiniGameService, class com.almasb.fxgl.net.NetService, class com.almasb.fxgl.app.services.UpdaterService, class com.almasb.fxgl.dev.DevService]
12:56:52.493 [FXGL Background Thread 3 ] DEBUG Engine               - fontGame: Abel-Regular.ttf
12:56:52.493 [FXGL Background Thread 3 ] DEBUG Engine               - fontMono: TerminalLandMono-Regular.otf
12:56:52.493 [FXGL Background Thread 3 ] DEBUG Engine               - fontSizeScaleUI: 1.0
12:56:52.493 [FXGL Background Thread 3 ] DEBUG Engine               - fontText: Courier-Prime.ttf
12:56:52.494 [FXGL Background Thread 3 ] DEBUG Engine               - fontUI: VarelaRound-Regular.ttf
12:56:52.494 [FXGL Background Thread 3 ] DEBUG Engine               - fullScreen: BooleanProperty [value: false]
12:56:52.494 [FXGL Background Thread 3 ] DEBUG Engine               - gameDifficulty: MEDIUM
12:56:52.494 [FXGL Background Thread 3 ] DEBUG Engine               - gameDifficultyProperty: ObjectProperty [value: MEDIUM]
12:56:52.494 [FXGL Background Thread 3 ] DEBUG Engine               - globalMusicVolume: 0.5
12:56:52.494 [FXGL Background Thread 3 ] DEBUG Engine               - globalMusicVolumeProperty: DoubleProperty [value: 0.5]
12:56:52.494 [FXGL Background Thread 3 ] DEBUG Engine               - globalSoundVolume: 0.5
12:56:52.494 [FXGL Background Thread 3 ] DEBUG Engine               - globalSoundVolumeProperty: DoubleProperty [value: 0.5]
12:56:52.495 [FXGL Background Thread 3 ] DEBUG Engine               - height: 720
12:56:52.495 [FXGL Background Thread 3 ] DEBUG Engine               - is3D: false
12:56:52.495 [FXGL Background Thread 3 ] DEBUG Engine               - isAndroid: false
12:56:52.495 [FXGL Background Thread 3 ] DEBUG Engine               - isBrowser: false
12:56:52.495 [FXGL Background Thread 3 ] DEBUG Engine               - isClickFeedbackEnabled: false
12:56:52.495 [FXGL Background Thread 3 ] DEBUG Engine               - isCloseConfirmation: false
12:56:52.495 [FXGL Background Thread 3 ] DEBUG Engine               - isDesktop: true
12:56:52.495 [FXGL Background Thread 3 ] DEBUG Engine               - isDeveloperMenuEnabled: false
12:56:52.495 [FXGL Background Thread 3 ] DEBUG Engine               - isEmbedded: false
12:56:52.495 [FXGL Background Thread 3 ] DEBUG Engine               - isEntityPreloadEnabled: true
12:56:52.495 [FXGL Background Thread 3 ] DEBUG Engine               - isExperimentalTiledLargeMap: false
12:56:52.495 [FXGL Background Thread 3 ] DEBUG Engine               - isFileSystemWriteAllowed: true
12:56:52.495 [FXGL Background Thread 3 ] DEBUG Engine               - isFullScreenAllowed: false
12:56:52.496 [FXGL Background Thread 3 ] DEBUG Engine               - isFullScreenFromStart: false
12:56:52.496 [FXGL Background Thread 3 ] DEBUG Engine               - isGameMenuEnabled: true
12:56:52.496 [FXGL Background Thread 3 ] DEBUG Engine               - isIOS: false
12:56:52.496 [FXGL Background Thread 3 ] DEBUG Engine               - isIntroEnabled: false
12:56:52.496 [FXGL Background Thread 3 ] DEBUG Engine               - isLinux: true
12:56:52.496 [FXGL Background Thread 3 ] DEBUG Engine               - isMac: false
12:56:52.496 [FXGL Background Thread 3 ] DEBUG Engine               - isMainMenuEnabled: false
12:56:52.496 [FXGL Background Thread 3 ] DEBUG Engine               - isManualResizeEnabled: false
12:56:52.496 [FXGL Background Thread 3 ] DEBUG Engine               - isMobile: false
12:56:52.496 [FXGL Background Thread 3 ] DEBUG Engine               - isNative: false
12:56:52.496 [FXGL Background Thread 3 ] DEBUG Engine               - isPauseMusicWhenMinimized: true
12:56:52.496 [FXGL Background Thread 3 ] DEBUG Engine               - isPreserveResizeRatio: false
12:56:52.497 [FXGL Background Thread 3 ] DEBUG Engine               - isProfilingEnabled: false
12:56:52.497 [FXGL Background Thread 3 ] DEBUG Engine               - isScaleAffectedOnResize: true
12:56:52.497 [FXGL Background Thread 3 ] DEBUG Engine               - isSingleStep: false
12:56:52.497 [FXGL Background Thread 3 ] DEBUG Engine               - isUserProfileEnabled: false
12:56:52.497 [FXGL Background Thread 3 ] DEBUG Engine               - isWindows: false
12:56:52.497 [FXGL Background Thread 3 ] DEBUG Engine               - language: ObjectProperty [value: ENGLISH]
12:56:52.497 [FXGL Background Thread 3 ] DEBUG Engine               - menuKey: ESCAPE
12:56:52.497 [FXGL Background Thread 3 ] DEBUG Engine               - mouseSensitivity: 0.2
12:56:52.497 [FXGL Background Thread 3 ] DEBUG Engine               - notificationViewClass: class com.almasb.fxgl.notification.view.XboxNotificationView
12:56:52.497 [FXGL Background Thread 3 ] DEBUG Engine               - pixelsPerMeter: 50.0
12:56:52.497 [FXGL Background Thread 3 ] DEBUG Engine               - platform: LINUX
12:56:52.497 [FXGL Background Thread 3 ] DEBUG Engine               - prefHeightProperty: ReadOnlyDoubleProperty [value: 720.0]
12:56:52.497 [FXGL Background Thread 3 ] DEBUG Engine               - prefWidthProperty: ReadOnlyDoubleProperty [value: 1280.0]
12:56:52.498 [FXGL Background Thread 3 ] DEBUG Engine               - profileDir: profiles/
12:56:52.498 [FXGL Background Thread 3 ] DEBUG Engine               - profileName: StringProperty [value: DEFAULT]
12:56:52.498 [FXGL Background Thread 3 ] DEBUG Engine               - randomSeed: -1
12:56:52.498 [FXGL Background Thread 3 ] DEBUG Engine               - runtimeInfo: RuntimeInfo(platform=LINUX, version=21, build=28.12.2023 13.35)
12:56:52.498 [FXGL Background Thread 3 ] DEBUG Engine               - saveFileExt: sav
12:56:52.498 [FXGL Background Thread 3 ] DEBUG Engine               - scaledHeightProp$fxgl: DoubleProperty [bound, value: 712.1627807617188]
12:56:52.498 [FXGL Background Thread 3 ] DEBUG Engine               - scaledWidthProp$fxgl: DoubleProperty [bound, value: 1280.0]
12:56:52.498 [FXGL Background Thread 3 ] DEBUG Engine               - sceneFactory: com.almasb.fxgl.app.scene.SceneFactory@5ef9f69
12:56:52.498 [FXGL Background Thread 3 ] DEBUG Engine               - secondsIn24h: 60
12:56:52.498 [FXGL Background Thread 3 ] DEBUG Engine               - soundMenuBack: menu/back.wav
12:56:52.498 [FXGL Background Thread 3 ] DEBUG Engine               - soundMenuPress: menu/press.wav
12:56:52.498 [FXGL Background Thread 3 ] DEBUG Engine               - soundMenuSelect: menu/select.wav
12:56:52.498 [FXGL Background Thread 3 ] DEBUG Engine               - soundNotification: core/notification.wav
12:56:52.498 [FXGL Background Thread 3 ] DEBUG Engine               - stageStyle: DECORATED
12:56:52.498 [FXGL Background Thread 3 ] DEBUG Engine               - supportedLanguages: [ENGLISH, FRENCH, GERMAN, HUNGARIAN, RUSSIAN]
12:56:52.498 [FXGL Background Thread 3 ] DEBUG Engine               - ticksPerSecond: -1
12:56:52.499 [FXGL Background Thread 3 ] DEBUG Engine               - title: Metegol - Champs 2026
12:56:52.499 [FXGL Background Thread 3 ] DEBUG Engine               - urlGithub: https://github.com/AlmasB/FXGL
12:56:52.499 [FXGL Background Thread 3 ] DEBUG Engine               - urlLeaderboard: http://fxgl-top.herokuapp.com/
12:56:52.499 [FXGL Background Thread 3 ] DEBUG Engine               - urlPOM: https://raw.githubusercontent.com/AlmasB/FXGL/release/README.md
12:56:52.499 [FXGL Background Thread 3 ] DEBUG Engine               - userAppClass: class Metegol.Metegol
12:56:52.499 [FXGL Background Thread 3 ] DEBUG Engine               - version: 0.0
12:56:52.499 [FXGL Background Thread 3 ] DEBUG Engine               - versionCheckDays: 7
12:56:52.499 [FXGL Background Thread 3 ] DEBUG Engine               - width: 1280
12:56:52.499 [FXGL Background Thread 3 ] DEBUG Engine               - Logging services
12:56:52.499 [FXGL Background Thread 3 ] DEBUG Engine               - class com.almasb.fxgl.app.services.FXGLAssetLoaderService
12:56:52.499 [FXGL Background Thread 3 ] DEBUG Engine               - class com.almasb.fxgl.app.FXGLApplication$GameApplicationService
12:56:52.499 [FXGL Background Thread 3 ] DEBUG Engine               - class com.almasb.fxgl.app.services.FXGLDialogService
12:56:52.499 [FXGL Background Thread 3 ] DEBUG Engine               - class com.almasb.fxgl.app.services.IOTaskExecutorService
12:56:52.499 [FXGL Background Thread 3 ] DEBUG Engine               - class com.almasb.fxgl.io.FileSystemService
12:56:52.499 [FXGL Background Thread 3 ] DEBUG Engine               - class com.almasb.fxgl.localization.LocalizationService
12:56:52.499 [FXGL Background Thread 3 ] DEBUG Engine               - class com.almasb.fxgl.app.services.SystemBundleService
12:56:52.499 [FXGL Background Thread 3 ] DEBUG Engine               - class com.almasb.fxgl.profile.SaveLoadService
12:56:52.499 [FXGL Background Thread 3 ] DEBUG Engine               - class com.almasb.fxgl.ui.FXGLUIFactoryServiceProvider
12:56:52.499 [FXGL Background Thread 3 ] DEBUG Engine               - class com.almasb.fxgl.ui.FXGLDialogFactoryServiceProvider
12:56:52.500 [FXGL Background Thread 3 ] DEBUG Engine               - class com.almasb.fxgl.audio.AudioPlayer
12:56:52.500 [FXGL Background Thread 3 ] DEBUG Engine               - class com.almasb.fxgl.notification.impl.NotificationServiceProvider
12:56:52.500 [FXGL Background Thread 3 ] DEBUG Engine               - class com.almasb.fxgl.achievement.AchievementService
12:56:52.500 [FXGL Background Thread 3 ] DEBUG Engine               - class com.almasb.fxgl.cutscene.CutsceneService
12:56:52.500 [FXGL Background Thread 3 ] DEBUG Engine               - class com.almasb.fxgl.minigames.MiniGameService
12:56:52.500 [FXGL Background Thread 3 ] DEBUG Engine               - class com.almasb.fxgl.net.NetService
12:56:52.500 [FXGL Background Thread 3 ] DEBUG Engine               - class com.almasb.fxgl.app.services.UpdaterService
12:56:52.500 [FXGL Background Thread 3 ] DEBUG Engine               - class com.almasb.fxgl.dev.DevService
12:57:31.631 [JavaFX Application Thread] DEBUG FXGLAssetLoaderServi - Loading from file system: file:/home/legasov/NetBeansProjects/Metegol/target/classes/assets/textures/FondoSimulacion.png
12:57:41.159 [JavaFX Application Thread] WARN  TMXLevelLoader       - TiledMap generated from 1.12.2. Supported version: 1.9.0. Some features may not be parsed fully.
12:57:41.172 [JavaFX Application Thread] DEBUG TMXLevelLoader       - Parsed TiledMap: file:/home/legasov/NetBeansProjects/Metegol/target/classes/assets/levels/cancha.tmx
12:57:41.173 [JavaFX Application Thread] DEBUG TMXLevelLoader       - Creating tile layer entities
12:57:41.175 [JavaFX Application Thread] DEBUG TilesetLoader        - Loading view for layer Tile Layer 1
12:57:41.176 [JavaFX Application Thread] DEBUG TilesetLoader        - Created buffer with size 1280.0x1440.0
12:57:41.223 [JavaFX Application Thread] DEBUG TMXLevelLoader       - Creating object layer entities
12:57:41.249 [JavaFX Application Thread] DEBUG GameWorld            - Clearing removable entities
12:57:41.250 [JavaFX Application Thread] DEBUG GameWorld            - Setting level: com.almasb.fxgl.entity.level.Level@7193c57b
12:57:41.303 [JavaFX Application Thread] DEBUG Input                - Registered new binding: Arriba - W
12:57:41.303 [JavaFX Application Thread] DEBUG Input                - Registered new binding: Abajo - S
12:57:41.304 [JavaFX Application Thread] DEBUG Input                - Registered new binding: Izquierda - A
12:57:41.305 [JavaFX Application Thread] DEBUG Input                - Registered new binding: Derecha - D
12:57:41.305 [JavaFX Application Thread] DEBUG Input                - Registered new binding: Alternar Defensor - Q
12:57:41.305 [JavaFX Application Thread] DEBUG Input                - Registered new binding: Controlar Portero - Space
12:58:36.209 [JavaFX Application Thread] WARN  TMXLevelLoader       - TiledMap generated from 1.12.2. Supported version: 1.9.0. Some features may not be parsed fully.
12:58:36.222 [JavaFX Application Thread] DEBUG TMXLevelLoader       - Parsed TiledMap: file:/home/legasov/NetBeansProjects/Metegol/target/classes/assets/levels/cancha.tmx
12:58:36.222 [JavaFX Application Thread] DEBUG TMXLevelLoader       - Creating tile layer entities
12:58:36.224 [JavaFX Application Thread] DEBUG TilesetLoader        - Loading view for layer Tile Layer 1
12:58:36.229 [JavaFX Application Thread] DEBUG TilesetLoader        - Created buffer with size 1280.0x1440.0
12:58:36.261 [JavaFX Application Thread] DEBUG TMXLevelLoader       - Creating object layer entities
12:58:36.265 [JavaFX Application Thread] DEBUG GameWorld            - Clearing removable entities
12:58:36.265 [JavaFX Application Thread] DEBUG GameWorld            - Setting level: com.almasb.fxgl.entity.level.Level@520193f2
12:58:51.284 [JavaFX Application Thread] WARN  TMXLevelLoader       - TiledMap generated from 1.12.2. Supported version: 1.9.0. Some features may not be parsed fully.
12:58:51.292 [JavaFX Application Thread] DEBUG TMXLevelLoader       - Parsed TiledMap: file:/home/legasov/NetBeansProjects/Metegol/target/classes/assets/levels/cancha.tmx
12:58:51.292 [JavaFX Application Thread] DEBUG TMXLevelLoader       - Creating tile layer entities
12:58:51.293 [JavaFX Application Thread] DEBUG TilesetLoader        - Loading view for layer Tile Layer 1
12:58:51.296 [JavaFX Application Thread] DEBUG TilesetLoader        - Created buffer with size 1280.0x1440.0
12:58:51.337 [JavaFX Application Thread] DEBUG TMXLevelLoader       - Creating object layer entities
12:58:51.340 [JavaFX Application Thread] DEBUG GameWorld            - Clearing removable entities
12:58:51.340 [JavaFX Application Thread] DEBUG GameWorld            - Setting level: com.almasb.fxgl.entity.level.Level@1a4826d6
12:59:01.270 [JavaFX Application Thread] DEBUG FXGLApplication      - Exiting FXGL
12:59:01.270 [JavaFX Application Thread] DEBUG LoopRunner           - Stopping loop
12:59:01.271 [JavaFX Application Thread] DEBUG SystemBundleService  - Saving FXGL system data
12:59:01.273 [JavaFX Application Thread] DEBUG FileSystemAccess     - Writing to: /home/legasov/NetBeansProjects/Metegol/system/fxgl.bundle
12:59:01.277 [JavaFX Application Thread] DEBUG Async                - Shutting down background threads
12:59:01.277 [JavaFX Application Thread] DEBUG PrimaryStageWindow   - Closing main window
12:59:01.279 [JavaFX Application Thread] DEBUG Logger               - Closing Logger
