10:59:25.012 [main                     ] DEBUG Logger               - Configured Logger
10:59:25.019 [main                     ] DEBUG GameApplication      - Logging settings
Title: Metegol - Champs 2026
Version: 0.0
Width: 1280
Height: 720
Fullscreen: false
Intro: false
Profiling: false
Single step:false
App Mode: DEVELOPER
Menu Key: ESCAPE
Stage Style: DECORATED
Scene Factory: class com.almasb.fxgl.app.scene.SceneFactory

10:59:25.518 [JavaFX Application Thread] DEBUG FXGLApplication      - Initializing FXGL
10:59:25.522 [JavaFX Application Thread] INFO  Engine               - FXGL-21 (28.12.2023 13.35) on LINUX (J:25.0.3 FX:26)
10:59:25.522 [JavaFX Application Thread] DEBUG Engine               - JRE Vendor Name: Flathub
10:59:25.523 [JavaFX Application Thread] DEBUG Engine               - Running on OS: Linux version 7.1.3-201.fc44.x86_64
10:59:25.523 [JavaFX Application Thread] DEBUG Engine               - Architecture: amd64
10:59:25.523 [JavaFX Application Thread] INFO  Engine               - Source code and latest versions at: https://github.com/AlmasB/FXGL
10:59:25.523 [JavaFX Application Thread] INFO  Engine               -       Ask questions and discuss at: https://github.com/AlmasB/FXGL/discussions
10:59:25.523 [JavaFX Application Thread] INFO  Engine               -              Join the FXGL chat at: https://gitter.im/AlmasB/FXGL
10:59:25.626 [JavaFX Application Thread] DEBUG PrimaryStageWindow   - Creating a JavaFX scene
10:59:25.701 [JavaFX Application Thread] DEBUG PrimaryStageWindow   - Target settings size: 1280.0 x 720.0
10:59:25.702 [JavaFX Application Thread] DEBUG PrimaryStageWindow   - Scaled scene size:    1280.0 x 720.0
10:59:25.702 [JavaFX Application Thread] DEBUG PrimaryStageWindow   - Scaled ratio: (1.0, 1.0)
10:59:25.703 [JavaFX Application Thread] DEBUG PrimaryStageWindow   - Set initial scene to FXGLStartupScene
10:59:25.708 [JavaFX Application Thread] DEBUG PrimaryStageWindow   - Opening main window
10:59:25.765 [JavaFX Application Thread] DEBUG PrimaryStageWindow   - Window border size: (0.0, 35.0)
10:59:25.765 [JavaFX Application Thread] DEBUG PrimaryStageWindow   - Scaled size: 1280.0 x 685.0
10:59:25.765 [JavaFX Application Thread] DEBUG PrimaryStageWindow   - Scaled ratio: (1.0, 0.9513888888888888)
10:59:25.765 [JavaFX Application Thread] DEBUG PrimaryStageWindow   - Scene size: 1280.0 x 720.0
10:59:25.766 [JavaFX Application Thread] DEBUG PrimaryStageWindow   - Stage size: 1280.0 x 720.0
10:59:25.773 [FXGL Background Thread 1 ] DEBUG Engine               - Initializing environment variables
10:59:25.837 [FXGL Background Thread 1 ] DEBUG FXGLAssetLoaderServi - User app class for loading assets: class Metegol.Metegol
10:59:25.838 [FXGL Background Thread 1 ] DEBUG GameApplicationServi - Applying CSS: fxgl_dark.css
10:59:25.839 [FXGL Background Thread 1 ] DEBUG FXGLAssetLoaderServi - Loading from file system: jar:file:/home/legasov/.m2/repository/com/github/almasb/fxgl/21/fxgl-21.jar!/fxglassets/ui/css/fxgl_dark.css
10:59:25.906 [FXGL Background Thread 1 ] DEBUG GameApplicationServi - Initializing application scenes
10:59:25.963 [FXGL Background Thread 1 ] DEBUG GameWorld            - Game world initialized
10:59:26.026 [FXGL Background Thread 1 ] DEBUG PhysicsWorld         - Physics world initialized: appHeight=720, physics.ppm=50.0
10:59:26.026 [FXGL Background Thread 1 ] DEBUG PhysicsWorld         - Using strategy: BRUTE_FORCE
10:59:26.030 [FXGL Background Thread 1 ] DEBUG GameScene            - Game scene initialized: 1280x720
10:59:26.044 [FXGL Background Thread 1 ] DEBUG FXGL.DefaultMenu     - createMenuBodyGameMenu()
10:59:26.059 [FXGL Background Thread 1 ] DEBUG FXGL.DefaultMenu     - createOptionsMenu()
10:59:26.071 [FXGL Background Thread 1 ] DEBUG FXGLAssetLoaderServi - Loading from file system: jar:file:/home/legasov/.m2/repository/com/github/almasb/fxgl/21/fxgl-21.jar!/fxglassets/textures/particles/smoke.png
10:59:26.170 [FXGL Background Thread 1 ] DEBUG FXGLAssetLoaderServi - Loading from file system: jar:file:/home/legasov/.m2/repository/com/github/almasb/fxgl/21/fxgl-21.jar!/fxglassets/textures/particles/trace_horizontal.png
10:59:26.201 [FXGL Background Thread 1 ] DEBUG GameApplicationServi - Application scenes initialized
10:59:26.214 [FXGL Background Thread 1 ] DEBUG SystemBundleService  - Loading FXGL system data
10:59:26.218 [FXGL Background Thread 1 ] DEBUG FileSystemAccess     - Reading from: /home/legasov/NetBeansProjects/Metegol/system/fxgl.bundle
10:59:26.225 [FXGL Background Thread 1 ] DEBUG SystemBundleService  - Bundle FXGL: {}
10:59:26.226 [FXGL Background Thread 1 ] DEBUG UpdaterService       - Checking for updates
10:59:26.233 [FXGL Background Thread 4 ] DEBUG FXGLApplication      - Loading fonts
10:59:26.234 [FXGL Background Thread 4 ] DEBUG FXGLAssetLoaderServi - Loading from file system: jar:file:/home/legasov/.m2/repository/com/github/almasb/fxgl/21/fxgl-21.jar!/fxglassets/ui/fonts/VarelaRound-Regular.ttf
10:59:26.236 [FXGL Background Thread 1 ] DEBUG FXGLApplication      - Loading default localization
10:59:26.237 [FXGL Background Thread 1 ] DEBUG FXGLAssetLoaderServi - Loading from file system: jar:file:/home/legasov/.m2/repository/com/github/almasb/fxgl/21/fxgl-21.jar!/fxglassets/languages/english.lang
10:59:26.242 [FXGL Background Thread 4 ] DEBUG FXGLAssetLoaderServi - Loading from file system: jar:file:/home/legasov/.m2/repository/com/github/almasb/fxgl/21/fxgl-21.jar!/fxglassets/ui/fonts/Abel-Regular.ttf
10:59:26.244 [FXGL Background Thread 4 ] DEBUG FXGLAssetLoaderServi - Loading from file system: jar:file:/home/legasov/.m2/repository/com/github/almasb/fxgl/21/fxgl-21.jar!/fxglassets/ui/fonts/TerminalLandMono-Regular.otf
10:59:26.246 [FXGL Background Thread 4 ] DEBUG FXGLAssetLoaderServi - Loading from file system: jar:file:/home/legasov/.m2/repository/com/github/almasb/fxgl/21/fxgl-21.jar!/fxglassets/ui/fonts/Courier-Prime.ttf
10:59:26.250 [JavaFX Application Thread] DEBUG FXGLApplication      - Registering font factories with UI factory
10:59:26.270 [FXGL Background Thread 1 ] INFO  FXGLApplication      - FXGL initialization took: 0.496 sec
10:59:26.275 [JavaFX Application Thread] DEBUG Input                - Registered new binding: action0 - LMB
10:59:26.276 [JavaFX Application Thread] DEBUG FXGLAssetLoaderServi - Loading from file system: jar:file:/home/legasov/.m2/repository/com/github/almasb/fxgl/21/fxgl-21.jar!/fxglassets/textures/fxgl_icon.png
10:59:26.302 [JavaFX Application Thread] DEBUG FXGLAssetLoaderServi - Loading from file system: jar:file:/home/legasov/.m2/repository/com/github/almasb/fxgl/21/fxgl-21.jar!/fxglassets/textures/fxgl_default_cursor.png
10:59:26.317 [JavaFX Application Thread] DEBUG Input                - Registered new binding: Screenshot - CTRL+8
10:59:26.317 [JavaFX Application Thread] DEBUG Input                - Registered new binding: System info dump - CTRL+9
10:59:26.317 [JavaFX Application Thread] DEBUG Input                - Registered new binding: Restart - CTRL+R
10:59:26.318 [JavaFX Application Thread] DEBUG Input                - Registered new binding: Toggle Debug Camera - CTRL+7
10:59:26.321 [JavaFX Application Thread] DEBUG LoopRunner           - Starting loop
10:59:26.321 [JavaFX Application Thread] DEBUG LoopRunner           - Initializing JavaFX AnimationTimerLoop
10:59:26.322 [JavaFX Application Thread] DEBUG GameApplicationServi - Starting new game
10:59:26.323 [JavaFX Application Thread] DEBUG Input                - Clearing active input actions
10:59:26.337 [JavaFX Application Thread] DEBUG GameApplicationServi - Removing overlay from FXGLStartupScene and adding to FXGLLoadingScene
10:59:26.337 [JavaFX Application Thread] DEBUG PrimaryStageWindow   - FXGLStartupScene -> FXGLLoadingScene
10:59:26.337 [JavaFX Application Thread] DEBUG GameApplicationServi - Clearing previous game
10:59:26.337 [JavaFX Application Thread] DEBUG GameScene            - Clearing game scene
10:59:26.337 [JavaFX Application Thread] DEBUG GameWorld            - Clearing game world
10:59:26.337 [JavaFX Application Thread] DEBUG PhysicsWorld         - Clearing physics world
10:59:26.339 [FXGL Background Thread 1 ] DEBUG FXGLApplication      - Initializing game
10:59:26.359 [FXGL Background Thread 1 ] DEBUG FXGLAssetLoaderServi - Loading from file system: file:/home/legasov/NetBeansProjects/Metegol/target/classes/assets/textures/fondoMenu.png
10:59:26.462 [FXGL Background Thread 1 ] INFO  FXGLApplication      - Game initialization took: 0.123 sec
10:59:26.579 [JavaFX Application Thread] DEBUG Input                - Clearing active input actions
10:59:26.596 [JavaFX Application Thread] DEBUG GameApplicationServi - Removing overlay from FXGLLoadingScene and adding to GameScene
10:59:26.596 [JavaFX Application Thread] DEBUG PrimaryStageWindow   - FXGLLoadingScene -> GameScene
10:59:27.190 [FXGL Background Thread 2 ] INFO  UpdaterService       - Your current version:  21
10:59:27.190 [FXGL Background Thread 2 ] INFO  UpdaterService       - Latest stable version: 25
10:59:29.229 [FXGL Background Thread 3 ] DEBUG Engine               - Logging environment variables
10:59:29.230 [FXGL Background Thread 3 ] DEBUG Engine               - achievements: []
10:59:29.231 [FXGL Background Thread 3 ] DEBUG Engine               - actualHeight: 685.0
10:59:29.231 [FXGL Background Thread 3 ] DEBUG Engine               - actualHeightProperty: ReadOnlyDoubleProperty [value: 687.0]
10:59:29.231 [FXGL Background Thread 3 ] DEBUG Engine               - actualWidth: 1280.0
10:59:29.231 [FXGL Background Thread 3 ] DEBUG Engine               - actualWidthProperty: ReadOnlyDoubleProperty [value: 1280.0]
10:59:29.232 [FXGL Background Thread 3 ] DEBUG Engine               - appIcon: fxgl_icon.png
10:59:29.232 [FXGL Background Thread 3 ] DEBUG Engine               - applicationMode: DEVELOPER
10:59:29.232 [FXGL Background Thread 3 ] DEBUG Engine               - cSSList: [fxgl_dark.css]
10:59:29.232 [FXGL Background Thread 3 ] DEBUG Engine               - collisionDetectionStrategy: BRUTE_FORCE
10:59:29.232 [FXGL Background Thread 3 ] DEBUG Engine               - configClass: Optional.empty
10:59:29.233 [FXGL Background Thread 3 ] DEBUG Engine               - credits: []
10:59:29.233 [FXGL Background Thread 3 ] DEBUG Engine               - defaultCursor: CursorInfo(imageName=fxgl_default_cursor.png, hotspotX=7.0, hotspotY=6.0)
10:59:29.234 [FXGL Background Thread 3 ] DEBUG Engine               - devBBoxColorProperty: ObjectProperty [value: 0xff0000ff]
10:59:29.234 [FXGL Background Thread 3 ] DEBUG Engine               - devEnableDebugCameraProperty: BooleanProperty [value: false]
10:59:29.234 [FXGL Background Thread 3 ] DEBUG Engine               - devSensorColorProperty: ObjectProperty [value: 0xffff00ff]
10:59:29.235 [FXGL Background Thread 3 ] DEBUG Engine               - devShowBBoxProperty: BooleanProperty [value: false]
10:59:29.235 [FXGL Background Thread 3 ] DEBUG Engine               - devShowPositionProperty: BooleanProperty [value: false]
10:59:29.235 [FXGL Background Thread 3 ] DEBUG Engine               - enabledMenuItems: []
10:59:29.235 [FXGL Background Thread 3 ] DEBUG Engine               - engineServices: [class com.almasb.fxgl.app.services.FXGLAssetLoaderService, class com.almasb.fxgl.app.FXGLApplication$GameApplicationService, class com.almasb.fxgl.app.services.FXGLDialogService, class com.almasb.fxgl.app.services.IOTaskExecutorService, class com.almasb.fxgl.io.FileSystemService, class com.almasb.fxgl.localization.LocalizationService, class com.almasb.fxgl.app.services.SystemBundleService, class com.almasb.fxgl.profile.SaveLoadService, class com.almasb.fxgl.ui.FXGLUIFactoryServiceProvider, class com.almasb.fxgl.ui.FXGLDialogFactoryServiceProvider, class com.almasb.fxgl.audio.AudioPlayer, class com.almasb.fxgl.notification.impl.NotificationServiceProvider, class com.almasb.fxgl.achievement.AchievementService, class com.almasb.fxgl.cutscene.CutsceneService, class com.almasb.fxgl.minigames.MiniGameService, class com.almasb.fxgl.net.NetService, class com.almasb.fxgl.app.services.UpdaterService, class com.almasb.fxgl.dev.DevService]
10:59:29.235 [FXGL Background Thread 3 ] DEBUG Engine               - fontGame: Abel-Regular.ttf
10:59:29.236 [FXGL Background Thread 3 ] DEBUG Engine               - fontMono: TerminalLandMono-Regular.otf
10:59:29.236 [FXGL Background Thread 3 ] DEBUG Engine               - fontSizeScaleUI: 1.0
10:59:29.236 [FXGL Background Thread 3 ] DEBUG Engine               - fontText: Courier-Prime.ttf
10:59:29.236 [FXGL Background Thread 3 ] DEBUG Engine               - fontUI: VarelaRound-Regular.ttf
10:59:29.236 [FXGL Background Thread 3 ] DEBUG Engine               - fullScreen: BooleanProperty [value: false]
10:59:29.237 [FXGL Background Thread 3 ] DEBUG Engine               - gameDifficulty: MEDIUM
10:59:29.237 [FXGL Background Thread 3 ] DEBUG Engine               - gameDifficultyProperty: ObjectProperty [value: MEDIUM]
10:59:29.237 [FXGL Background Thread 3 ] DEBUG Engine               - globalMusicVolume: 0.5
10:59:29.237 [FXGL Background Thread 3 ] DEBUG Engine               - globalMusicVolumeProperty: DoubleProperty [value: 0.5]
10:59:29.237 [FXGL Background Thread 3 ] DEBUG Engine               - globalSoundVolume: 0.5
10:59:29.238 [FXGL Background Thread 3 ] DEBUG Engine               - globalSoundVolumeProperty: DoubleProperty [value: 0.5]
10:59:29.238 [FXGL Background Thread 3 ] DEBUG Engine               - height: 720
10:59:29.238 [FXGL Background Thread 3 ] DEBUG Engine               - is3D: false
10:59:29.238 [FXGL Background Thread 3 ] DEBUG Engine               - isAndroid: false
10:59:29.238 [FXGL Background Thread 3 ] DEBUG Engine               - isBrowser: false
10:59:29.239 [FXGL Background Thread 3 ] DEBUG Engine               - isClickFeedbackEnabled: false
10:59:29.239 [FXGL Background Thread 3 ] DEBUG Engine               - isCloseConfirmation: false
10:59:29.239 [FXGL Background Thread 3 ] DEBUG Engine               - isDesktop: true
10:59:29.239 [FXGL Background Thread 3 ] DEBUG Engine               - isDeveloperMenuEnabled: false
10:59:29.239 [FXGL Background Thread 3 ] DEBUG Engine               - isEmbedded: false
10:59:29.239 [FXGL Background Thread 3 ] DEBUG Engine               - isEntityPreloadEnabled: true
10:59:29.240 [FXGL Background Thread 3 ] DEBUG Engine               - isExperimentalTiledLargeMap: false
10:59:29.240 [FXGL Background Thread 3 ] DEBUG Engine               - isFileSystemWriteAllowed: true
10:59:29.240 [FXGL Background Thread 3 ] DEBUG Engine               - isFullScreenAllowed: false
10:59:29.240 [FXGL Background Thread 3 ] DEBUG Engine               - isFullScreenFromStart: false
10:59:29.240 [FXGL Background Thread 3 ] DEBUG Engine               - isGameMenuEnabled: true
10:59:29.241 [FXGL Background Thread 3 ] DEBUG Engine               - isIOS: false
10:59:29.241 [FXGL Background Thread 3 ] DEBUG Engine               - isIntroEnabled: false
10:59:29.241 [FXGL Background Thread 3 ] DEBUG Engine               - isLinux: true
10:59:29.241 [FXGL Background Thread 3 ] DEBUG Engine               - isMac: false
10:59:29.241 [FXGL Background Thread 3 ] DEBUG Engine               - isMainMenuEnabled: false
10:59:29.241 [FXGL Background Thread 3 ] DEBUG Engine               - isManualResizeEnabled: false
10:59:29.242 [FXGL Background Thread 3 ] DEBUG Engine               - isMobile: false
10:59:29.242 [FXGL Background Thread 3 ] DEBUG Engine               - isNative: false
10:59:29.242 [FXGL Background Thread 3 ] DEBUG Engine               - isPauseMusicWhenMinimized: true
10:59:29.242 [FXGL Background Thread 3 ] DEBUG Engine               - isPreserveResizeRatio: false
10:59:29.242 [FXGL Background Thread 3 ] DEBUG Engine               - isProfilingEnabled: false
10:59:29.243 [FXGL Background Thread 3 ] DEBUG Engine               - isScaleAffectedOnResize: true
10:59:29.243 [FXGL Background Thread 3 ] DEBUG Engine               - isSingleStep: false
10:59:29.243 [FXGL Background Thread 3 ] DEBUG Engine               - isUserProfileEnabled: false
10:59:29.243 [FXGL Background Thread 3 ] DEBUG Engine               - isWindows: false
10:59:29.243 [FXGL Background Thread 3 ] DEBUG Engine               - language: ObjectProperty [value: ENGLISH]
10:59:29.243 [FXGL Background Thread 3 ] DEBUG Engine               - menuKey: ESCAPE
10:59:29.244 [FXGL Background Thread 3 ] DEBUG Engine               - mouseSensitivity: 0.2
10:59:29.244 [FXGL Background Thread 3 ] DEBUG Engine               - notificationViewClass: class com.almasb.fxgl.notification.view.XboxNotificationView
10:59:29.244 [FXGL Background Thread 3 ] DEBUG Engine               - pixelsPerMeter: 50.0
10:59:29.244 [FXGL Background Thread 3 ] DEBUG Engine               - platform: LINUX
10:59:29.244 [FXGL Background Thread 3 ] DEBUG Engine               - prefHeightProperty: ReadOnlyDoubleProperty [value: 720.0]
10:59:29.244 [FXGL Background Thread 3 ] DEBUG Engine               - prefWidthProperty: ReadOnlyDoubleProperty [value: 1280.0]
10:59:29.245 [FXGL Background Thread 3 ] DEBUG Engine               - profileDir: profiles/
10:59:29.245 [FXGL Background Thread 3 ] DEBUG Engine               - profileName: StringProperty [value: DEFAULT]
10:59:29.245 [FXGL Background Thread 3 ] DEBUG Engine               - randomSeed: -1
10:59:29.245 [FXGL Background Thread 3 ] DEBUG Engine               - runtimeInfo: RuntimeInfo(platform=LINUX, version=21, build=28.12.2023 13.35)
10:59:29.246 [FXGL Background Thread 3 ] DEBUG Engine               - saveFileExt: sav
10:59:29.246 [FXGL Background Thread 3 ] DEBUG Engine               - scaledHeightProp$fxgl: DoubleProperty [bound, value: 687.0]
10:59:29.246 [FXGL Background Thread 3 ] DEBUG Engine               - scaledWidthProp$fxgl: DoubleProperty [bound, value: 1280.0]
10:59:29.246 [FXGL Background Thread 3 ] DEBUG Engine               - sceneFactory: com.almasb.fxgl.app.scene.SceneFactory@6d535543
10:59:29.246 [FXGL Background Thread 3 ] DEBUG Engine               - secondsIn24h: 60
10:59:29.247 [FXGL Background Thread 3 ] DEBUG Engine               - soundMenuBack: menu/back.wav
10:59:29.247 [FXGL Background Thread 3 ] DEBUG Engine               - soundMenuPress: menu/press.wav
10:59:29.247 [FXGL Background Thread 3 ] DEBUG Engine               - soundMenuSelect: menu/select.wav
10:59:29.247 [FXGL Background Thread 3 ] DEBUG Engine               - soundNotification: core/notification.wav
10:59:29.247 [FXGL Background Thread 3 ] DEBUG Engine               - stageStyle: DECORATED
10:59:29.247 [FXGL Background Thread 3 ] DEBUG Engine               - supportedLanguages: [ENGLISH, FRENCH, GERMAN, HUNGARIAN, RUSSIAN]
10:59:29.248 [FXGL Background Thread 3 ] DEBUG Engine               - ticksPerSecond: -1
10:59:29.248 [FXGL Background Thread 3 ] DEBUG Engine               - title: Metegol - Champs 2026
10:59:29.248 [FXGL Background Thread 3 ] DEBUG Engine               - urlGithub: https://github.com/AlmasB/FXGL
10:59:29.248 [FXGL Background Thread 3 ] DEBUG Engine               - urlLeaderboard: http://fxgl-top.herokuapp.com/
10:59:29.248 [FXGL Background Thread 3 ] DEBUG Engine               - urlPOM: https://raw.githubusercontent.com/AlmasB/FXGL/release/README.md
10:59:29.248 [FXGL Background Thread 3 ] DEBUG Engine               - userAppClass: class Metegol.Metegol
10:59:29.249 [FXGL Background Thread 3 ] DEBUG Engine               - version: 0.0
10:59:29.249 [FXGL Background Thread 3 ] DEBUG Engine               - versionCheckDays: 7
10:59:29.249 [FXGL Background Thread 3 ] DEBUG Engine               - width: 1280
10:59:29.249 [FXGL Background Thread 3 ] DEBUG Engine               - Logging services
10:59:29.249 [FXGL Background Thread 3 ] DEBUG Engine               - class com.almasb.fxgl.app.services.FXGLAssetLoaderService
10:59:29.249 [FXGL Background Thread 3 ] DEBUG Engine               - class com.almasb.fxgl.app.FXGLApplication$GameApplicationService
10:59:29.250 [FXGL Background Thread 3 ] DEBUG Engine               - class com.almasb.fxgl.app.services.FXGLDialogService
10:59:29.250 [FXGL Background Thread 3 ] DEBUG Engine               - class com.almasb.fxgl.app.services.IOTaskExecutorService
10:59:29.250 [FXGL Background Thread 3 ] DEBUG Engine               - class com.almasb.fxgl.io.FileSystemService
10:59:29.250 [FXGL Background Thread 3 ] DEBUG Engine               - class com.almasb.fxgl.localization.LocalizationService
10:59:29.250 [FXGL Background Thread 3 ] DEBUG Engine               - class com.almasb.fxgl.app.services.SystemBundleService
10:59:29.250 [FXGL Background Thread 3 ] DEBUG Engine               - class com.almasb.fxgl.profile.SaveLoadService
10:59:29.250 [FXGL Background Thread 3 ] DEBUG Engine               - class com.almasb.fxgl.ui.FXGLUIFactoryServiceProvider
10:59:29.250 [FXGL Background Thread 3 ] DEBUG Engine               - class com.almasb.fxgl.ui.FXGLDialogFactoryServiceProvider
10:59:29.251 [FXGL Background Thread 3 ] DEBUG Engine               - class com.almasb.fxgl.audio.AudioPlayer
10:59:29.251 [FXGL Background Thread 3 ] DEBUG Engine               - class com.almasb.fxgl.notification.impl.NotificationServiceProvider
10:59:29.251 [FXGL Background Thread 3 ] DEBUG Engine               - class com.almasb.fxgl.achievement.AchievementService
10:59:29.251 [FXGL Background Thread 3 ] DEBUG Engine               - class com.almasb.fxgl.cutscene.CutsceneService
10:59:29.251 [FXGL Background Thread 3 ] DEBUG Engine               - class com.almasb.fxgl.minigames.MiniGameService
10:59:29.251 [FXGL Background Thread 3 ] DEBUG Engine               - class com.almasb.fxgl.net.NetService
10:59:29.251 [FXGL Background Thread 3 ] DEBUG Engine               - class com.almasb.fxgl.app.services.UpdaterService
10:59:29.251 [FXGL Background Thread 3 ] DEBUG Engine               - class com.almasb.fxgl.dev.DevService
11:01:36.534 [JavaFX Application Thread] DEBUG FXGLAssetLoaderServi - Loading from file system: file:/home/legasov/NetBeansProjects/Metegol/target/classes/assets/textures/FondoSimulacion.png
11:01:49.245 [JavaFX Application Thread] WARN  TMXLevelLoader       - TiledMap generated from 1.12.2. Supported version: 1.9.0. Some features may not be parsed fully.
11:01:49.261 [JavaFX Application Thread] DEBUG TMXLevelLoader       - Parsed TiledMap: file:/home/legasov/NetBeansProjects/Metegol/target/classes/assets/levels/cancha.tmx
11:01:49.262 [JavaFX Application Thread] DEBUG TMXLevelLoader       - Creating tile layer entities
11:01:49.263 [JavaFX Application Thread] DEBUG TilesetLoader        - Loading view for layer Tile Layer 1
11:01:49.264 [JavaFX Application Thread] DEBUG TilesetLoader        - Created buffer with size 1280.0x1440.0
11:01:49.314 [JavaFX Application Thread] DEBUG TMXLevelLoader       - Creating object layer entities
11:01:49.333 [JavaFX Application Thread] DEBUG GameWorld            - Clearing removable entities
11:01:49.334 [JavaFX Application Thread] DEBUG GameWorld            - Setting level: com.almasb.fxgl.entity.level.Level@1b5b32fe
11:01:49.369 [JavaFX Application Thread] DEBUG Input                - Registered new binding: Arriba - W
11:01:49.370 [JavaFX Application Thread] DEBUG Input                - Registered new binding: Abajo - S
11:01:49.370 [JavaFX Application Thread] DEBUG Input                - Registered new binding: Izquierda - A
11:01:49.370 [JavaFX Application Thread] DEBUG Input                - Registered new binding: Derecha - D
11:01:49.370 [JavaFX Application Thread] DEBUG Input                - Registered new binding: Alternar Defensor - Q
11:01:49.370 [JavaFX Application Thread] DEBUG Input                - Registered new binding: Controlar Portero - Space
11:02:17.716 [JavaFX Application Thread] DEBUG FXGLApplication      - Exiting FXGL
11:02:17.717 [JavaFX Application Thread] DEBUG LoopRunner           - Stopping loop
11:02:17.718 [JavaFX Application Thread] DEBUG SystemBundleService  - Saving FXGL system data
11:02:17.722 [JavaFX Application Thread] DEBUG FileSystemAccess     - Writing to: /home/legasov/NetBeansProjects/Metegol/system/fxgl.bundle
11:02:17.723 [JavaFX Application Thread] DEBUG Async                - Shutting down background threads
11:02:17.723 [JavaFX Application Thread] DEBUG PrimaryStageWindow   - Closing main window
11:02:17.725 [JavaFX Application Thread] DEBUG Logger               - Closing Logger
