13:18:58.022 [main                     ] DEBUG Logger               - Configured Logger
13:18:58.029 [main                     ] DEBUG GameApplication      - Logging settings
Title: Metegol - Champs 2026
Version: 0.0
Width: 1280
Height: 720
Fullscreen: false
Intro: false
Profiling: false
Single step:false
App Mode: DEVELOPER
Menu Key: ESCAPE
Stage Style: DECORATED
Scene Factory: class com.almasb.fxgl.app.scene.SceneFactory

13:18:58.273 [JavaFX Application Thread] DEBUG FXGLApplication      - Initializing FXGL
13:18:58.276 [JavaFX Application Thread] INFO  Engine               - FXGL-21 (28.12.2023 13.35) on LINUX (J:25.0.3 FX:26)
13:18:58.276 [JavaFX Application Thread] DEBUG Engine               - JRE Vendor Name: Flathub
13:18:58.276 [JavaFX Application Thread] DEBUG Engine               - Running on OS: Linux version 7.1.3-201.fc44.x86_64
13:18:58.276 [JavaFX Application Thread] DEBUG Engine               - Architecture: amd64
13:18:58.276 [JavaFX Application Thread] INFO  Engine               - Source code and latest versions at: https://github.com/AlmasB/FXGL
13:18:58.276 [JavaFX Application Thread] INFO  Engine               -       Ask questions and discuss at: https://github.com/AlmasB/FXGL/discussions
13:18:58.277 [JavaFX Application Thread] INFO  Engine               -              Join the FXGL chat at: https://gitter.im/AlmasB/FXGL
13:18:58.343 [JavaFX Application Thread] DEBUG PrimaryStageWindow   - Creating a JavaFX scene
13:18:58.404 [JavaFX Application Thread] DEBUG PrimaryStageWindow   - Target settings size: 1280.0 x 720.0
13:18:58.404 [JavaFX Application Thread] DEBUG PrimaryStageWindow   - Scaled scene size:    1280.0 x 720.0
13:18:58.404 [JavaFX Application Thread] DEBUG PrimaryStageWindow   - Scaled ratio: (1.0, 1.0)
13:18:58.404 [JavaFX Application Thread] DEBUG PrimaryStageWindow   - Set initial scene to FXGLStartupScene
13:18:58.407 [JavaFX Application Thread] DEBUG PrimaryStageWindow   - Opening main window
13:18:58.439 [JavaFX Application Thread] DEBUG PrimaryStageWindow   - Window border size: (0.0, 35.0)
13:18:58.439 [JavaFX Application Thread] DEBUG PrimaryStageWindow   - Scaled size: 1280.0 x 685.3720703125
13:18:58.440 [JavaFX Application Thread] DEBUG PrimaryStageWindow   - Scaled ratio: (1.0, 0.9519056532118055)
13:18:58.440 [JavaFX Application Thread] DEBUG PrimaryStageWindow   - Scene size: 1280.0 x 720.0
13:18:58.440 [JavaFX Application Thread] DEBUG PrimaryStageWindow   - Stage size: 1280.0 x 720.3720703125
13:18:58.447 [FXGL Background Thread 1 ] DEBUG Engine               - Initializing environment variables
13:18:58.524 [FXGL Background Thread 1 ] DEBUG FXGLAssetLoaderServi - User app class for loading assets: class Metegol.Metegol
13:18:58.525 [FXGL Background Thread 1 ] DEBUG GameApplicationServi - Applying CSS: fxgl_dark.css
13:18:58.525 [FXGL Background Thread 1 ] DEBUG FXGLAssetLoaderServi - Loading from file system: jar:file:/home/legasov/.m2/repository/com/github/almasb/fxgl/21/fxgl-21.jar!/fxglassets/ui/css/fxgl_dark.css
13:18:58.576 [FXGL Background Thread 1 ] DEBUG GameApplicationServi - Initializing application scenes
13:18:58.616 [FXGL Background Thread 1 ] DEBUG GameWorld            - Game world initialized
13:18:58.657 [FXGL Background Thread 1 ] DEBUG PhysicsWorld         - Physics world initialized: appHeight=720, physics.ppm=50.0
13:18:58.657 [FXGL Background Thread 1 ] DEBUG PhysicsWorld         - Using strategy: BRUTE_FORCE
13:18:58.660 [FXGL Background Thread 1 ] DEBUG GameScene            - Game scene initialized: 1280x720
13:18:58.668 [FXGL Background Thread 1 ] DEBUG FXGL.DefaultMenu     - createMenuBodyGameMenu()
13:18:58.677 [FXGL Background Thread 1 ] DEBUG FXGL.DefaultMenu     - createOptionsMenu()
13:18:58.686 [FXGL Background Thread 1 ] DEBUG FXGLAssetLoaderServi - Loading from file system: jar:file:/home/legasov/.m2/repository/com/github/almasb/fxgl/21/fxgl-21.jar!/fxglassets/textures/particles/smoke.png
13:18:58.752 [FXGL Background Thread 1 ] DEBUG FXGLAssetLoaderServi - Loading from file system: jar:file:/home/legasov/.m2/repository/com/github/almasb/fxgl/21/fxgl-21.jar!/fxglassets/textures/particles/trace_horizontal.png
13:18:58.772 [FXGL Background Thread 1 ] DEBUG GameApplicationServi - Application scenes initialized
13:18:58.781 [FXGL Background Thread 1 ] DEBUG SystemBundleService  - Loading FXGL system data
13:18:58.784 [FXGL Background Thread 1 ] DEBUG FileSystemAccess     - Reading from: /home/legasov/NetBeansProjects/Metegol/system/fxgl.bundle
13:18:58.789 [FXGL Background Thread 1 ] DEBUG SystemBundleService  - Bundle FXGL: {}
13:18:58.789 [FXGL Background Thread 1 ] DEBUG UpdaterService       - Checking for updates
13:18:58.793 [FXGL Background Thread 4 ] DEBUG FXGLApplication      - Loading fonts
13:18:58.794 [FXGL Background Thread 4 ] DEBUG FXGLAssetLoaderServi - Loading from file system: jar:file:/home/legasov/.m2/repository/com/github/almasb/fxgl/21/fxgl-21.jar!/fxglassets/ui/fonts/VarelaRound-Regular.ttf
13:18:58.794 [FXGL Background Thread 1 ] DEBUG FXGLApplication      - Loading default localization
13:18:58.794 [FXGL Background Thread 1 ] DEBUG FXGLAssetLoaderServi - Loading from file system: jar:file:/home/legasov/.m2/repository/com/github/almasb/fxgl/21/fxgl-21.jar!/fxglassets/languages/english.lang
13:18:58.803 [FXGL Background Thread 4 ] DEBUG FXGLAssetLoaderServi - Loading from file system: jar:file:/home/legasov/.m2/repository/com/github/almasb/fxgl/21/fxgl-21.jar!/fxglassets/ui/fonts/Abel-Regular.ttf
13:18:58.804 [FXGL Background Thread 4 ] DEBUG FXGLAssetLoaderServi - Loading from file system: jar:file:/home/legasov/.m2/repository/com/github/almasb/fxgl/21/fxgl-21.jar!/fxglassets/ui/fonts/TerminalLandMono-Regular.otf
13:18:58.806 [FXGL Background Thread 4 ] DEBUG FXGLAssetLoaderServi - Loading from file system: jar:file:/home/legasov/.m2/repository/com/github/almasb/fxgl/21/fxgl-21.jar!/fxglassets/ui/fonts/Courier-Prime.ttf
13:18:58.808 [FXGL Background Thread 1 ] INFO  FXGLApplication      - FXGL initialization took: 0.361 sec
13:18:58.812 [JavaFX Application Thread] DEBUG Input                - Registered new binding: action0 - LMB
13:18:58.812 [JavaFX Application Thread] DEBUG FXGLAssetLoaderServi - Loading from file system: jar:file:/home/legasov/.m2/repository/com/github/almasb/fxgl/21/fxgl-21.jar!/fxglassets/textures/fxgl_icon.png
13:18:58.829 [JavaFX Application Thread] DEBUG FXGLAssetLoaderServi - Loading from file system: jar:file:/home/legasov/.m2/repository/com/github/almasb/fxgl/21/fxgl-21.jar!/fxglassets/textures/fxgl_default_cursor.png
13:18:58.838 [JavaFX Application Thread] DEBUG Input                - Registered new binding: Screenshot - CTRL+8
13:18:58.838 [JavaFX Application Thread] DEBUG Input                - Registered new binding: System info dump - CTRL+9
13:18:58.838 [JavaFX Application Thread] DEBUG Input                - Registered new binding: Restart - CTRL+R
13:18:58.839 [JavaFX Application Thread] DEBUG Input                - Registered new binding: Toggle Debug Camera - CTRL+7
13:18:58.841 [JavaFX Application Thread] DEBUG LoopRunner           - Starting loop
13:18:58.841 [JavaFX Application Thread] DEBUG LoopRunner           - Initializing JavaFX AnimationTimerLoop
13:18:58.843 [JavaFX Application Thread] DEBUG GameApplicationServi - Starting new game
13:18:58.843 [JavaFX Application Thread] DEBUG Input                - Clearing active input actions
13:18:58.856 [JavaFX Application Thread] DEBUG GameApplicationServi - Removing overlay from FXGLStartupScene and adding to FXGLLoadingScene
13:18:58.857 [JavaFX Application Thread] DEBUG PrimaryStageWindow   - FXGLStartupScene -> FXGLLoadingScene
13:18:58.857 [JavaFX Application Thread] DEBUG GameApplicationServi - Clearing previous game
13:18:58.857 [JavaFX Application Thread] DEBUG GameScene            - Clearing game scene
13:18:58.857 [JavaFX Application Thread] DEBUG GameWorld            - Clearing game world
13:18:58.857 [JavaFX Application Thread] DEBUG PhysicsWorld         - Clearing physics world
13:18:58.859 [JavaFX Application Thread] DEBUG FXGLApplication      - Registering font factories with UI factory
13:18:58.858 [FXGL Background Thread 4 ] DEBUG FXGLApplication      - Initializing game
13:18:58.868 [FXGL Background Thread 4 ] DEBUG FXGLAssetLoaderServi - Loading from file system: file:/home/legasov/NetBeansProjects/Metegol/target/classes/assets/textures/fondoMenu.png
13:18:58.931 [FXGL Background Thread 4 ] INFO  FXGLApplication      - Game initialization took: 0.073 sec
13:18:59.056 [JavaFX Application Thread] DEBUG Input                - Clearing active input actions
13:18:59.072 [JavaFX Application Thread] DEBUG GameApplicationServi - Removing overlay from FXGLLoadingScene and adding to GameScene
13:18:59.072 [JavaFX Application Thread] DEBUG PrimaryStageWindow   - FXGLLoadingScene -> GameScene
13:18:59.599 [FXGL Background Thread 2 ] INFO  UpdaterService       - Your current version:  21
13:18:59.599 [FXGL Background Thread 2 ] INFO  UpdaterService       - Latest stable version: 25
13:19:01.792 [FXGL Background Thread 3 ] DEBUG Engine               - Logging environment variables
13:19:01.793 [FXGL Background Thread 3 ] DEBUG Engine               - achievements: []
13:19:01.793 [FXGL Background Thread 3 ] DEBUG Engine               - actualHeight: 685.3720703125
13:19:01.794 [FXGL Background Thread 3 ] DEBUG Engine               - actualHeightProperty: ReadOnlyDoubleProperty [value: 712.906982421875]
13:19:01.794 [FXGL Background Thread 3 ] DEBUG Engine               - actualWidth: 1280.0
13:19:01.794 [FXGL Background Thread 3 ] DEBUG Engine               - actualWidthProperty: ReadOnlyDoubleProperty [value: 1280.0]
13:19:01.795 [FXGL Background Thread 3 ] DEBUG Engine               - appIcon: fxgl_icon.png
13:19:01.795 [FXGL Background Thread 3 ] DEBUG Engine               - applicationMode: DEVELOPER
13:19:01.795 [FXGL Background Thread 3 ] DEBUG Engine               - cSSList: [fxgl_dark.css]
13:19:01.795 [FXGL Background Thread 3 ] DEBUG Engine               - collisionDetectionStrategy: BRUTE_FORCE
13:19:01.795 [FXGL Background Thread 3 ] DEBUG Engine               - configClass: Optional.empty
13:19:01.795 [FXGL Background Thread 3 ] DEBUG Engine               - credits: []
13:19:01.796 [FXGL Background Thread 3 ] DEBUG Engine               - defaultCursor: CursorInfo(imageName=fxgl_default_cursor.png, hotspotX=7.0, hotspotY=6.0)
13:19:01.796 [FXGL Background Thread 3 ] DEBUG Engine               - devBBoxColorProperty: ObjectProperty [value: 0xff0000ff]
13:19:01.796 [FXGL Background Thread 3 ] DEBUG Engine               - devEnableDebugCameraProperty: BooleanProperty [value: false]
13:19:01.796 [FXGL Background Thread 3 ] DEBUG Engine               - devSensorColorProperty: ObjectProperty [value: 0xffff00ff]
13:19:01.796 [FXGL Background Thread 3 ] DEBUG Engine               - devShowBBoxProperty: BooleanProperty [value: false]
13:19:01.797 [FXGL Background Thread 3 ] DEBUG Engine               - devShowPositionProperty: BooleanProperty [value: false]
13:19:01.797 [FXGL Background Thread 3 ] DEBUG Engine               - enabledMenuItems: []
13:19:01.797 [FXGL Background Thread 3 ] DEBUG Engine               - engineServices: [class com.almasb.fxgl.app.services.FXGLAssetLoaderService, class com.almasb.fxgl.app.FXGLApplication$GameApplicationService, class com.almasb.fxgl.app.services.FXGLDialogService, class com.almasb.fxgl.app.services.IOTaskExecutorService, class com.almasb.fxgl.io.FileSystemService, class com.almasb.fxgl.localization.LocalizationService, class com.almasb.fxgl.app.services.SystemBundleService, class com.almasb.fxgl.profile.SaveLoadService, class com.almasb.fxgl.ui.FXGLUIFactoryServiceProvider, class com.almasb.fxgl.ui.FXGLDialogFactoryServiceProvider, class com.almasb.fxgl.audio.AudioPlayer, class com.almasb.fxgl.notification.impl.NotificationServiceProvider, class com.almasb.fxgl.achievement.AchievementService, class com.almasb.fxgl.cutscene.CutsceneService, class com.almasb.fxgl.minigames.MiniGameService, class com.almasb.fxgl.net.NetService, class com.almasb.fxgl.app.services.UpdaterService, class com.almasb.fxgl.dev.DevService]
13:19:01.797 [FXGL Background Thread 3 ] DEBUG Engine               - fontGame: Abel-Regular.ttf
13:19:01.797 [FXGL Background Thread 3 ] DEBUG Engine               - fontMono: TerminalLandMono-Regular.otf
13:19:01.797 [FXGL Background Thread 3 ] DEBUG Engine               - fontSizeScaleUI: 1.0
13:19:01.797 [FXGL Background Thread 3 ] DEBUG Engine               - fontText: Courier-Prime.ttf
13:19:01.797 [FXGL Background Thread 3 ] DEBUG Engine               - fontUI: VarelaRound-Regular.ttf
13:19:01.797 [FXGL Background Thread 3 ] DEBUG Engine               - fullScreen: BooleanProperty [value: false]
13:19:01.798 [FXGL Background Thread 3 ] DEBUG Engine               - gameDifficulty: MEDIUM
13:19:01.798 [FXGL Background Thread 3 ] DEBUG Engine               - gameDifficultyProperty: ObjectProperty [value: MEDIUM]
13:19:01.798 [FXGL Background Thread 3 ] DEBUG Engine               - globalMusicVolume: 0.5
13:19:01.798 [FXGL Background Thread 3 ] DEBUG Engine               - globalMusicVolumeProperty: DoubleProperty [value: 0.5]
13:19:01.798 [FXGL Background Thread 3 ] DEBUG Engine               - globalSoundVolume: 0.5
13:19:01.798 [FXGL Background Thread 3 ] DEBUG Engine               - globalSoundVolumeProperty: DoubleProperty [value: 0.5]
13:19:01.798 [FXGL Background Thread 3 ] DEBUG Engine               - height: 720
13:19:01.798 [FXGL Background Thread 3 ] DEBUG Engine               - is3D: false
13:19:01.798 [FXGL Background Thread 3 ] DEBUG Engine               - isAndroid: false
13:19:01.798 [FXGL Background Thread 3 ] DEBUG Engine               - isBrowser: false
13:19:01.798 [FXGL Background Thread 3 ] DEBUG Engine               - isClickFeedbackEnabled: false
13:19:01.799 [FXGL Background Thread 3 ] DEBUG Engine               - isCloseConfirmation: false
13:19:01.799 [FXGL Background Thread 3 ] DEBUG Engine               - isDesktop: true
13:19:01.799 [FXGL Background Thread 3 ] DEBUG Engine               - isDeveloperMenuEnabled: false
13:19:01.799 [FXGL Background Thread 3 ] DEBUG Engine               - isEmbedded: false
13:19:01.799 [FXGL Background Thread 3 ] DEBUG Engine               - isEntityPreloadEnabled: true
13:19:01.799 [FXGL Background Thread 3 ] DEBUG Engine               - isExperimentalTiledLargeMap: false
13:19:01.799 [FXGL Background Thread 3 ] DEBUG Engine               - isFileSystemWriteAllowed: true
13:19:01.799 [FXGL Background Thread 3 ] DEBUG Engine               - isFullScreenAllowed: false
13:19:01.799 [FXGL Background Thread 3 ] DEBUG Engine               - isFullScreenFromStart: false
13:19:01.799 [FXGL Background Thread 3 ] DEBUG Engine               - isGameMenuEnabled: true
13:19:01.800 [FXGL Background Thread 3 ] DEBUG Engine               - isIOS: false
13:19:01.800 [FXGL Background Thread 3 ] DEBUG Engine               - isIntroEnabled: false
13:19:01.800 [FXGL Background Thread 3 ] DEBUG Engine               - isLinux: true
13:19:01.800 [FXGL Background Thread 3 ] DEBUG Engine               - isMac: false
13:19:01.800 [FXGL Background Thread 3 ] DEBUG Engine               - isMainMenuEnabled: false
13:19:01.800 [FXGL Background Thread 3 ] DEBUG Engine               - isManualResizeEnabled: false
13:19:01.800 [FXGL Background Thread 3 ] DEBUG Engine               - isMobile: false
13:19:01.800 [FXGL Background Thread 3 ] DEBUG Engine               - isNative: false
13:19:01.801 [FXGL Background Thread 3 ] DEBUG Engine               - isPauseMusicWhenMinimized: true
13:19:01.801 [FXGL Background Thread 3 ] DEBUG Engine               - isPreserveResizeRatio: false
13:19:01.801 [FXGL Background Thread 3 ] DEBUG Engine               - isProfilingEnabled: false
13:19:01.801 [FXGL Background Thread 3 ] DEBUG Engine               - isScaleAffectedOnResize: true
13:19:01.801 [FXGL Background Thread 3 ] DEBUG Engine               - isSingleStep: false
13:19:01.801 [FXGL Background Thread 3 ] DEBUG Engine               - isUserProfileEnabled: false
13:19:01.801 [FXGL Background Thread 3 ] DEBUG Engine               - isWindows: false
13:19:01.801 [FXGL Background Thread 3 ] DEBUG Engine               - language: ObjectProperty [value: ENGLISH]
13:19:01.801 [FXGL Background Thread 3 ] DEBUG Engine               - menuKey: ESCAPE
13:19:01.801 [FXGL Background Thread 3 ] DEBUG Engine               - mouseSensitivity: 0.2
13:19:01.801 [FXGL Background Thread 3 ] DEBUG Engine               - notificationViewClass: class com.almasb.fxgl.notification.view.XboxNotificationView
13:19:01.801 [FXGL Background Thread 3 ] DEBUG Engine               - pixelsPerMeter: 50.0
13:19:01.801 [FXGL Background Thread 3 ] DEBUG Engine               - platform: LINUX
13:19:01.801 [FXGL Background Thread 3 ] DEBUG Engine               - prefHeightProperty: ReadOnlyDoubleProperty [value: 720.0]
13:19:01.801 [FXGL Background Thread 3 ] DEBUG Engine               - prefWidthProperty: ReadOnlyDoubleProperty [value: 1280.0]
13:19:01.801 [FXGL Background Thread 3 ] DEBUG Engine               - profileDir: profiles/
13:19:01.802 [FXGL Background Thread 3 ] DEBUG Engine               - profileName: StringProperty [value: DEFAULT]
13:19:01.802 [FXGL Background Thread 3 ] DEBUG Engine               - randomSeed: -1
13:19:01.802 [FXGL Background Thread 3 ] DEBUG Engine               - runtimeInfo: RuntimeInfo(platform=LINUX, version=21, build=28.12.2023 13.35)
13:19:01.802 [FXGL Background Thread 3 ] DEBUG Engine               - saveFileExt: sav
13:19:01.802 [FXGL Background Thread 3 ] DEBUG Engine               - scaledHeightProp$fxgl: DoubleProperty [bound, value: 712.906982421875]
13:19:01.802 [FXGL Background Thread 3 ] DEBUG Engine               - scaledWidthProp$fxgl: DoubleProperty [bound, value: 1280.0]
13:19:01.802 [FXGL Background Thread 3 ] DEBUG Engine               - sceneFactory: com.almasb.fxgl.app.scene.SceneFactory@70dfea14
13:19:01.802 [FXGL Background Thread 3 ] DEBUG Engine               - secondsIn24h: 60
13:19:01.802 [FXGL Background Thread 3 ] DEBUG Engine               - soundMenuBack: menu/back.wav
13:19:01.803 [FXGL Background Thread 3 ] DEBUG Engine               - soundMenuPress: menu/press.wav
13:19:01.803 [FXGL Background Thread 3 ] DEBUG Engine               - soundMenuSelect: menu/select.wav
13:19:01.803 [FXGL Background Thread 3 ] DEBUG Engine               - soundNotification: core/notification.wav
13:19:01.803 [FXGL Background Thread 3 ] DEBUG Engine               - stageStyle: DECORATED
13:19:01.803 [FXGL Background Thread 3 ] DEBUG Engine               - supportedLanguages: [ENGLISH, FRENCH, GERMAN, HUNGARIAN, RUSSIAN]
13:19:01.803 [FXGL Background Thread 3 ] DEBUG Engine               - ticksPerSecond: -1
13:19:01.803 [FXGL Background Thread 3 ] DEBUG Engine               - title: Metegol - Champs 2026
13:19:01.803 [FXGL Background Thread 3 ] DEBUG Engine               - urlGithub: https://github.com/AlmasB/FXGL
13:19:01.803 [FXGL Background Thread 3 ] DEBUG Engine               - urlLeaderboard: http://fxgl-top.herokuapp.com/
13:19:01.803 [FXGL Background Thread 3 ] DEBUG Engine               - urlPOM: https://raw.githubusercontent.com/AlmasB/FXGL/release/README.md
13:19:01.803 [FXGL Background Thread 3 ] DEBUG Engine               - userAppClass: class Metegol.Metegol
13:19:01.803 [FXGL Background Thread 3 ] DEBUG Engine               - version: 0.0
13:19:01.803 [FXGL Background Thread 3 ] DEBUG Engine               - versionCheckDays: 7
13:19:01.803 [FXGL Background Thread 3 ] DEBUG Engine               - width: 1280
13:19:01.803 [FXGL Background Thread 3 ] DEBUG Engine               - Logging services
13:19:01.803 [FXGL Background Thread 3 ] DEBUG Engine               - class com.almasb.fxgl.app.services.FXGLAssetLoaderService
13:19:01.803 [FXGL Background Thread 3 ] DEBUG Engine               - class com.almasb.fxgl.app.FXGLApplication$GameApplicationService
13:19:01.803 [FXGL Background Thread 3 ] DEBUG Engine               - class com.almasb.fxgl.app.services.FXGLDialogService
13:19:01.803 [FXGL Background Thread 3 ] DEBUG Engine               - class com.almasb.fxgl.app.services.IOTaskExecutorService
13:19:01.804 [FXGL Background Thread 3 ] DEBUG Engine               - class com.almasb.fxgl.io.FileSystemService
13:19:01.804 [FXGL Background Thread 3 ] DEBUG Engine               - class com.almasb.fxgl.localization.LocalizationService
13:19:01.804 [FXGL Background Thread 3 ] DEBUG Engine               - class com.almasb.fxgl.app.services.SystemBundleService
13:19:01.804 [FXGL Background Thread 3 ] DEBUG Engine               - class com.almasb.fxgl.profile.SaveLoadService
13:19:01.804 [FXGL Background Thread 3 ] DEBUG Engine               - class com.almasb.fxgl.ui.FXGLUIFactoryServiceProvider
13:19:01.804 [FXGL Background Thread 3 ] DEBUG Engine               - class com.almasb.fxgl.ui.FXGLDialogFactoryServiceProvider
13:19:01.804 [FXGL Background Thread 3 ] DEBUG Engine               - class com.almasb.fxgl.audio.AudioPlayer
13:19:01.804 [FXGL Background Thread 3 ] DEBUG Engine               - class com.almasb.fxgl.notification.impl.NotificationServiceProvider
13:19:01.804 [FXGL Background Thread 3 ] DEBUG Engine               - class com.almasb.fxgl.achievement.AchievementService
13:19:01.804 [FXGL Background Thread 3 ] DEBUG Engine               - class com.almasb.fxgl.cutscene.CutsceneService
13:19:01.804 [FXGL Background Thread 3 ] DEBUG Engine               - class com.almasb.fxgl.minigames.MiniGameService
13:19:01.804 [FXGL Background Thread 3 ] DEBUG Engine               - class com.almasb.fxgl.net.NetService
13:19:01.804 [FXGL Background Thread 3 ] DEBUG Engine               - class com.almasb.fxgl.app.services.UpdaterService
13:19:01.804 [FXGL Background Thread 3 ] DEBUG Engine               - class com.almasb.fxgl.dev.DevService
13:20:09.089 [JavaFX Application Thread] DEBUG FXGLAssetLoaderServi - Loading from file system: file:/home/legasov/NetBeansProjects/Metegol/target/classes/assets/textures/FondoSimulacion.png
13:20:27.747 [JavaFX Application Thread] WARN  TMXLevelLoader       - TiledMap generated from 1.12.2. Supported version: 1.9.0. Some features may not be parsed fully.
13:20:27.762 [JavaFX Application Thread] DEBUG TMXLevelLoader       - Parsed TiledMap: file:/home/legasov/NetBeansProjects/Metegol/target/classes/assets/levels/cancha.tmx
13:20:27.763 [JavaFX Application Thread] DEBUG TMXLevelLoader       - Creating tile layer entities
13:20:27.765 [JavaFX Application Thread] DEBUG TilesetLoader        - Loading view for layer Tile Layer 1
13:20:27.767 [JavaFX Application Thread] DEBUG TilesetLoader        - Created buffer with size 1280.0x1440.0
13:20:27.808 [JavaFX Application Thread] DEBUG TMXLevelLoader       - Creating object layer entities
13:20:27.835 [JavaFX Application Thread] DEBUG GameWorld            - Clearing removable entities
13:20:27.837 [JavaFX Application Thread] DEBUG GameWorld            - Setting level: com.almasb.fxgl.entity.level.Level@7ba07b36
13:20:27.899 [JavaFX Application Thread] DEBUG Input                - Registered new binding: Arriba - W
13:20:27.899 [JavaFX Application Thread] DEBUG Input                - Registered new binding: Abajo - S
13:20:27.899 [JavaFX Application Thread] DEBUG Input                - Registered new binding: Izquierda - A
13:20:27.899 [JavaFX Application Thread] DEBUG Input                - Registered new binding: Derecha - D
13:20:27.900 [JavaFX Application Thread] DEBUG Input                - Registered new binding: Alternar Defensor - Q
13:20:27.900 [JavaFX Application Thread] DEBUG Input                - Registered new binding: Controlar Portero - Space
13:20:38.089 [JavaFX Application Thread] WARN  TMXLevelLoader       - TiledMap generated from 1.12.2. Supported version: 1.9.0. Some features may not be parsed fully.
13:20:38.097 [JavaFX Application Thread] DEBUG TMXLevelLoader       - Parsed TiledMap: file:/home/legasov/NetBeansProjects/Metegol/target/classes/assets/levels/cancha.tmx
13:20:38.097 [JavaFX Application Thread] DEBUG TMXLevelLoader       - Creating tile layer entities
13:20:38.099 [JavaFX Application Thread] DEBUG TilesetLoader        - Loading view for layer Tile Layer 1
13:20:38.100 [JavaFX Application Thread] DEBUG TilesetLoader        - Created buffer with size 1280.0x1440.0
13:20:38.138 [JavaFX Application Thread] DEBUG TMXLevelLoader       - Creating object layer entities
13:20:38.145 [JavaFX Application Thread] DEBUG GameWorld            - Clearing removable entities
13:20:38.146 [JavaFX Application Thread] DEBUG GameWorld            - Setting level: com.almasb.fxgl.entity.level.Level@7e117cd0
13:21:25.107 [JavaFX Application Thread] WARN  TMXLevelLoader       - TiledMap generated from 1.12.2. Supported version: 1.9.0. Some features may not be parsed fully.
13:21:25.114 [JavaFX Application Thread] DEBUG TMXLevelLoader       - Parsed TiledMap: file:/home/legasov/NetBeansProjects/Metegol/target/classes/assets/levels/cancha.tmx
13:21:25.114 [JavaFX Application Thread] DEBUG TMXLevelLoader       - Creating tile layer entities
13:21:25.114 [JavaFX Application Thread] DEBUG TilesetLoader        - Loading view for layer Tile Layer 1
13:21:25.120 [JavaFX Application Thread] DEBUG TilesetLoader        - Created buffer with size 1280.0x1440.0
13:21:25.169 [JavaFX Application Thread] DEBUG TMXLevelLoader       - Creating object layer entities
13:21:25.172 [JavaFX Application Thread] DEBUG GameWorld            - Clearing removable entities
13:21:25.173 [JavaFX Application Thread] DEBUG GameWorld            - Setting level: com.almasb.fxgl.entity.level.Level@1d6951a1
13:21:37.736 [JavaFX Application Thread] WARN  TMXLevelLoader       - TiledMap generated from 1.12.2. Supported version: 1.9.0. Some features may not be parsed fully.
13:21:37.747 [JavaFX Application Thread] DEBUG TMXLevelLoader       - Parsed TiledMap: file:/home/legasov/NetBeansProjects/Metegol/target/classes/assets/levels/cancha.tmx
13:21:37.747 [JavaFX Application Thread] DEBUG TMXLevelLoader       - Creating tile layer entities
13:21:37.748 [JavaFX Application Thread] DEBUG TilesetLoader        - Loading view for layer Tile Layer 1
13:21:37.750 [JavaFX Application Thread] DEBUG TilesetLoader        - Created buffer with size 1280.0x1440.0
13:21:37.787 [JavaFX Application Thread] DEBUG TMXLevelLoader       - Creating object layer entities
13:21:37.789 [JavaFX Application Thread] DEBUG GameWorld            - Clearing removable entities
13:21:37.790 [JavaFX Application Thread] DEBUG GameWorld            - Setting level: com.almasb.fxgl.entity.level.Level@6c66847c
13:21:47.113 [JavaFX Application Thread] WARN  TMXLevelLoader       - TiledMap generated from 1.12.2. Supported version: 1.9.0. Some features may not be parsed fully.
13:21:47.123 [JavaFX Application Thread] DEBUG TMXLevelLoader       - Parsed TiledMap: file:/home/legasov/NetBeansProjects/Metegol/target/classes/assets/levels/cancha.tmx
13:21:47.123 [JavaFX Application Thread] DEBUG TMXLevelLoader       - Creating tile layer entities
13:21:47.123 [JavaFX Application Thread] DEBUG TilesetLoader        - Loading view for layer Tile Layer 1
13:21:47.128 [JavaFX Application Thread] DEBUG TilesetLoader        - Created buffer with size 1280.0x1440.0
13:21:47.160 [JavaFX Application Thread] DEBUG TMXLevelLoader       - Creating object layer entities
13:21:47.162 [JavaFX Application Thread] DEBUG GameWorld            - Clearing removable entities
13:21:47.162 [JavaFX Application Thread] DEBUG GameWorld            - Setting level: com.almasb.fxgl.entity.level.Level@3a5afffd
13:22:09.686 [JavaFX Application Thread] WARN  TMXLevelLoader       - TiledMap generated from 1.12.2. Supported version: 1.9.0. Some features may not be parsed fully.
13:22:09.692 [JavaFX Application Thread] DEBUG TMXLevelLoader       - Parsed TiledMap: file:/home/legasov/NetBeansProjects/Metegol/target/classes/assets/levels/cancha.tmx
13:22:09.692 [JavaFX Application Thread] DEBUG TMXLevelLoader       - Creating tile layer entities
13:22:09.692 [JavaFX Application Thread] DEBUG TilesetLoader        - Loading view for layer Tile Layer 1
13:22:09.694 [JavaFX Application Thread] DEBUG TilesetLoader        - Created buffer with size 1280.0x1440.0
13:22:09.718 [JavaFX Application Thread] DEBUG TMXLevelLoader       - Creating object layer entities
13:22:09.720 [JavaFX Application Thread] DEBUG GameWorld            - Clearing removable entities
13:22:09.720 [JavaFX Application Thread] DEBUG GameWorld            - Setting level: com.almasb.fxgl.entity.level.Level@295b9097
13:22:22.360 [JavaFX Application Thread] WARN  TMXLevelLoader       - TiledMap generated from 1.12.2. Supported version: 1.9.0. Some features may not be parsed fully.
13:22:22.366 [JavaFX Application Thread] DEBUG TMXLevelLoader       - Parsed TiledMap: file:/home/legasov/NetBeansProjects/Metegol/target/classes/assets/levels/cancha.tmx
13:22:22.366 [JavaFX Application Thread] DEBUG TMXLevelLoader       - Creating tile layer entities
13:22:22.367 [JavaFX Application Thread] DEBUG TilesetLoader        - Loading view for layer Tile Layer 1
13:22:22.367 [JavaFX Application Thread] DEBUG TilesetLoader        - Created buffer with size 1280.0x1440.0
13:22:22.398 [JavaFX Application Thread] DEBUG TMXLevelLoader       - Creating object layer entities
13:22:22.400 [JavaFX Application Thread] DEBUG GameWorld            - Clearing removable entities
13:22:22.400 [JavaFX Application Thread] DEBUG GameWorld            - Setting level: com.almasb.fxgl.entity.level.Level@64d78faf
13:22:33.145 [JavaFX Application Thread] WARN  TMXLevelLoader       - TiledMap generated from 1.12.2. Supported version: 1.9.0. Some features may not be parsed fully.
13:22:33.151 [JavaFX Application Thread] DEBUG TMXLevelLoader       - Parsed TiledMap: file:/home/legasov/NetBeansProjects/Metegol/target/classes/assets/levels/cancha.tmx
13:22:33.151 [JavaFX Application Thread] DEBUG TMXLevelLoader       - Creating tile layer entities
13:22:33.151 [JavaFX Application Thread] DEBUG TilesetLoader        - Loading view for layer Tile Layer 1
13:22:33.152 [JavaFX Application Thread] DEBUG TilesetLoader        - Created buffer with size 1280.0x1440.0
13:22:33.180 [JavaFX Application Thread] DEBUG TMXLevelLoader       - Creating object layer entities
13:22:33.182 [JavaFX Application Thread] DEBUG GameWorld            - Clearing removable entities
13:22:33.182 [JavaFX Application Thread] DEBUG GameWorld            - Setting level: com.almasb.fxgl.entity.level.Level@78f091b8
13:22:43.919 [JavaFX Application Thread] WARN  TMXLevelLoader       - TiledMap generated from 1.12.2. Supported version: 1.9.0. Some features may not be parsed fully.
13:22:43.922 [JavaFX Application Thread] DEBUG TMXLevelLoader       - Parsed TiledMap: file:/home/legasov/NetBeansProjects/Metegol/target/classes/assets/levels/cancha.tmx
13:22:43.923 [JavaFX Application Thread] DEBUG TMXLevelLoader       - Creating tile layer entities
13:22:43.923 [JavaFX Application Thread] DEBUG TilesetLoader        - Loading view for layer Tile Layer 1
13:22:43.928 [JavaFX Application Thread] DEBUG TilesetLoader        - Created buffer with size 1280.0x1440.0
13:22:43.950 [JavaFX Application Thread] DEBUG TMXLevelLoader       - Creating object layer entities
13:22:43.952 [JavaFX Application Thread] DEBUG GameWorld            - Clearing removable entities
13:22:43.952 [JavaFX Application Thread] DEBUG GameWorld            - Setting level: com.almasb.fxgl.entity.level.Level@6853284e
13:23:00.408 [JavaFX Application Thread] WARN  TMXLevelLoader       - TiledMap generated from 1.12.2. Supported version: 1.9.0. Some features may not be parsed fully.
13:23:00.413 [JavaFX Application Thread] DEBUG TMXLevelLoader       - Parsed TiledMap: file:/home/legasov/NetBeansProjects/Metegol/target/classes/assets/levels/cancha.tmx
13:23:00.413 [JavaFX Application Thread] DEBUG TMXLevelLoader       - Creating tile layer entities
13:23:00.413 [JavaFX Application Thread] DEBUG TilesetLoader        - Loading view for layer Tile Layer 1
13:23:00.419 [JavaFX Application Thread] DEBUG TilesetLoader        - Created buffer with size 1280.0x1440.0
13:23:00.440 [JavaFX Application Thread] DEBUG TMXLevelLoader       - Creating object layer entities
13:23:00.442 [JavaFX Application Thread] DEBUG GameWorld            - Clearing removable entities
13:23:00.442 [JavaFX Application Thread] DEBUG GameWorld            - Setting level: com.almasb.fxgl.entity.level.Level@453deeb6
13:23:12.655 [JavaFX Application Thread] WARN  TMXLevelLoader       - TiledMap generated from 1.12.2. Supported version: 1.9.0. Some features may not be parsed fully.
13:23:12.659 [JavaFX Application Thread] DEBUG TMXLevelLoader       - Parsed TiledMap: file:/home/legasov/NetBeansProjects/Metegol/target/classes/assets/levels/cancha.tmx
13:23:12.659 [JavaFX Application Thread] DEBUG TMXLevelLoader       - Creating tile layer entities
13:23:12.659 [JavaFX Application Thread] DEBUG TilesetLoader        - Loading view for layer Tile Layer 1
13:23:12.660 [JavaFX Application Thread] DEBUG TilesetLoader        - Created buffer with size 1280.0x1440.0
13:23:12.682 [JavaFX Application Thread] DEBUG TMXLevelLoader       - Creating object layer entities
13:23:12.684 [JavaFX Application Thread] DEBUG GameWorld            - Clearing removable entities
13:23:12.684 [JavaFX Application Thread] DEBUG GameWorld            - Setting level: com.almasb.fxgl.entity.level.Level@7b83a94e
13:23:51.961 [JavaFX Application Thread] WARN  TMXLevelLoader       - TiledMap generated from 1.12.2. Supported version: 1.9.0. Some features may not be parsed fully.
13:23:51.966 [JavaFX Application Thread] DEBUG TMXLevelLoader       - Parsed TiledMap: file:/home/legasov/NetBeansProjects/Metegol/target/classes/assets/levels/cancha.tmx
13:23:51.966 [JavaFX Application Thread] DEBUG TMXLevelLoader       - Creating tile layer entities
13:23:51.966 [JavaFX Application Thread] DEBUG TilesetLoader        - Loading view for layer Tile Layer 1
13:23:51.967 [JavaFX Application Thread] DEBUG TilesetLoader        - Created buffer with size 1280.0x1440.0
13:23:52.002 [JavaFX Application Thread] DEBUG TMXLevelLoader       - Creating object layer entities
13:23:52.004 [JavaFX Application Thread] DEBUG GameWorld            - Clearing removable entities
13:23:52.004 [JavaFX Application Thread] DEBUG GameWorld            - Setting level: com.almasb.fxgl.entity.level.Level@763b4224
13:24:03.524 [JavaFX Application Thread] WARN  TMXLevelLoader       - TiledMap generated from 1.12.2. Supported version: 1.9.0. Some features may not be parsed fully.
13:24:03.528 [JavaFX Application Thread] DEBUG TMXLevelLoader       - Parsed TiledMap: file:/home/legasov/NetBeansProjects/Metegol/target/classes/assets/levels/cancha.tmx
13:24:03.528 [JavaFX Application Thread] DEBUG TMXLevelLoader       - Creating tile layer entities
13:24:03.528 [JavaFX Application Thread] DEBUG TilesetLoader        - Loading view for layer Tile Layer 1
13:24:03.533 [JavaFX Application Thread] DEBUG TilesetLoader        - Created buffer with size 1280.0x1440.0
13:24:03.563 [JavaFX Application Thread] DEBUG TMXLevelLoader       - Creating object layer entities
13:24:03.566 [JavaFX Application Thread] DEBUG GameWorld            - Clearing removable entities
13:24:03.566 [JavaFX Application Thread] DEBUG GameWorld            - Setting level: com.almasb.fxgl.entity.level.Level@3a8c0a61
13:24:15.210 [JavaFX Application Thread] WARN  TMXLevelLoader       - TiledMap generated from 1.12.2. Supported version: 1.9.0. Some features may not be parsed fully.
13:24:15.214 [JavaFX Application Thread] DEBUG TMXLevelLoader       - Parsed TiledMap: file:/home/legasov/NetBeansProjects/Metegol/target/classes/assets/levels/cancha.tmx
13:24:15.215 [JavaFX Application Thread] DEBUG TMXLevelLoader       - Creating tile layer entities
13:24:15.215 [JavaFX Application Thread] DEBUG TilesetLoader        - Loading view for layer Tile Layer 1
13:24:15.216 [JavaFX Application Thread] DEBUG TilesetLoader        - Created buffer with size 1280.0x1440.0
13:24:15.242 [JavaFX Application Thread] DEBUG TMXLevelLoader       - Creating object layer entities
13:24:15.243 [JavaFX Application Thread] DEBUG GameWorld            - Clearing removable entities
13:24:15.243 [JavaFX Application Thread] DEBUG GameWorld            - Setting level: com.almasb.fxgl.entity.level.Level@7f3bea
13:24:29.933 [JavaFX Application Thread] WARN  TMXLevelLoader       - TiledMap generated from 1.12.2. Supported version: 1.9.0. Some features may not be parsed fully.
13:24:29.940 [JavaFX Application Thread] DEBUG TMXLevelLoader       - Parsed TiledMap: file:/home/legasov/NetBeansProjects/Metegol/target/classes/assets/levels/cancha.tmx
13:24:29.940 [JavaFX Application Thread] DEBUG TMXLevelLoader       - Creating tile layer entities
13:24:29.940 [JavaFX Application Thread] DEBUG TilesetLoader        - Loading view for layer Tile Layer 1
13:24:29.941 [JavaFX Application Thread] DEBUG TilesetLoader        - Created buffer with size 1280.0x1440.0
13:24:29.976 [JavaFX Application Thread] DEBUG TMXLevelLoader       - Creating object layer entities
13:24:29.978 [JavaFX Application Thread] DEBUG GameWorld            - Clearing removable entities
13:24:29.978 [JavaFX Application Thread] DEBUG GameWorld            - Setting level: com.almasb.fxgl.entity.level.Level@359a1ed0
13:25:03.851 [JavaFX Application Thread] DEBUG FXGLApplication      - Exiting FXGL
13:25:03.851 [JavaFX Application Thread] DEBUG LoopRunner           - Stopping loop
13:25:03.852 [JavaFX Application Thread] DEBUG SystemBundleService  - Saving FXGL system data
13:25:03.853 [JavaFX Application Thread] DEBUG FileSystemAccess     - Writing to: /home/legasov/NetBeansProjects/Metegol/system/fxgl.bundle
13:25:03.855 [JavaFX Application Thread] DEBUG Async                - Shutting down background threads
13:25:03.855 [JavaFX Application Thread] DEBUG PrimaryStageWindow   - Closing main window
13:25:03.856 [JavaFX Application Thread] DEBUG Logger               - Closing Logger
