12:40:24.513 [main                     ] DEBUG Logger               - Configured Logger
12:40:24.521 [main                     ] DEBUG GameApplication      - Logging settings
Title: Metegol - Champs 2026
Version: 0.0
Width: 1280
Height: 720
Fullscreen: false
Intro: false
Profiling: false
Single step:false
App Mode: DEVELOPER
Menu Key: ESCAPE
Stage Style: DECORATED
Scene Factory: class com.almasb.fxgl.app.scene.SceneFactory

12:40:24.797 [JavaFX Application Thread] DEBUG FXGLApplication      - Initializing FXGL
12:40:24.801 [JavaFX Application Thread] INFO  Engine               - FXGL-21 (28.12.2023 13.35) on LINUX (J:25.0.3 FX:26)
12:40:24.801 [JavaFX Application Thread] DEBUG Engine               - JRE Vendor Name: Flathub
12:40:24.802 [JavaFX Application Thread] DEBUG Engine               - Running on OS: Linux version 7.1.3-201.fc44.x86_64
12:40:24.802 [JavaFX Application Thread] DEBUG Engine               - Architecture: amd64
12:40:24.802 [JavaFX Application Thread] INFO  Engine               - Source code and latest versions at: https://github.com/AlmasB/FXGL
12:40:24.802 [JavaFX Application Thread] INFO  Engine               -       Ask questions and discuss at: https://github.com/AlmasB/FXGL/discussions
12:40:24.802 [JavaFX Application Thread] INFO  Engine               -              Join the FXGL chat at: https://gitter.im/AlmasB/FXGL
12:40:24.878 [JavaFX Application Thread] DEBUG PrimaryStageWindow   - Creating a JavaFX scene
12:40:24.941 [JavaFX Application Thread] DEBUG PrimaryStageWindow   - Target settings size: 1280.0 x 720.0
12:40:24.941 [JavaFX Application Thread] DEBUG PrimaryStageWindow   - Scaled scene size:    1280.0 x 720.0
12:40:24.942 [JavaFX Application Thread] DEBUG PrimaryStageWindow   - Scaled ratio: (1.0, 1.0)
12:40:24.943 [JavaFX Application Thread] DEBUG PrimaryStageWindow   - Set initial scene to FXGLStartupScene
12:40:24.946 [JavaFX Application Thread] DEBUG PrimaryStageWindow   - Opening main window
12:40:24.978 [JavaFX Application Thread] DEBUG PrimaryStageWindow   - Window border size: (0.0, 35.0)
12:40:24.978 [JavaFX Application Thread] DEBUG PrimaryStageWindow   - Scaled size: 1280.0 x 685.3720703125
12:40:24.978 [JavaFX Application Thread] DEBUG PrimaryStageWindow   - Scaled ratio: (1.0, 0.9519056532118055)
12:40:24.979 [JavaFX Application Thread] DEBUG PrimaryStageWindow   - Scene size: 1280.0 x 720.0
12:40:24.979 [JavaFX Application Thread] DEBUG PrimaryStageWindow   - Stage size: 1280.0 x 720.3720703125
12:40:24.985 [FXGL Background Thread 1 ] DEBUG Engine               - Initializing environment variables
12:40:25.070 [FXGL Background Thread 1 ] DEBUG FXGLAssetLoaderServi - User app class for loading assets: class Metegol.Metegol
12:40:25.070 [FXGL Background Thread 1 ] DEBUG GameApplicationServi - Applying CSS: fxgl_dark.css
12:40:25.071 [FXGL Background Thread 1 ] DEBUG FXGLAssetLoaderServi - Loading from file system: jar:file:/home/legasov/.m2/repository/com/github/almasb/fxgl/21/fxgl-21.jar!/fxglassets/ui/css/fxgl_dark.css
12:40:25.128 [FXGL Background Thread 1 ] DEBUG GameApplicationServi - Initializing application scenes
12:40:25.284 [FXGL Background Thread 1 ] DEBUG GameWorld            - Game world initialized
12:40:25.363 [FXGL Background Thread 1 ] DEBUG PhysicsWorld         - Physics world initialized: appHeight=720, physics.ppm=50.0
12:40:25.365 [FXGL Background Thread 1 ] DEBUG PhysicsWorld         - Using strategy: BRUTE_FORCE
12:40:25.373 [FXGL Background Thread 1 ] DEBUG GameScene            - Game scene initialized: 1280x720
12:40:25.388 [FXGL Background Thread 1 ] DEBUG FXGL.DefaultMenu     - createMenuBodyGameMenu()
12:40:25.401 [FXGL Background Thread 1 ] DEBUG FXGL.DefaultMenu     - createOptionsMenu()
12:40:25.419 [FXGL Background Thread 1 ] DEBUG FXGLAssetLoaderServi - Loading from file system: jar:file:/home/legasov/.m2/repository/com/github/almasb/fxgl/21/fxgl-21.jar!/fxglassets/textures/particles/smoke.png
12:40:25.509 [FXGL Background Thread 1 ] DEBUG FXGLAssetLoaderServi - Loading from file system: jar:file:/home/legasov/.m2/repository/com/github/almasb/fxgl/21/fxgl-21.jar!/fxglassets/textures/particles/trace_horizontal.png
12:40:25.543 [FXGL Background Thread 1 ] DEBUG GameApplicationServi - Application scenes initialized
12:40:25.557 [FXGL Background Thread 1 ] DEBUG SystemBundleService  - Loading FXGL system data
12:40:25.561 [FXGL Background Thread 1 ] DEBUG FileSystemAccess     - Reading from: /home/legasov/NetBeansProjects/Metegol/system/fxgl.bundle
12:40:25.569 [FXGL Background Thread 1 ] DEBUG SystemBundleService  - Bundle FXGL: {}
12:40:25.569 [FXGL Background Thread 1 ] DEBUG UpdaterService       - Checking for updates
12:40:25.574 [FXGL Background Thread 4 ] DEBUG FXGLApplication      - Loading fonts
12:40:25.575 [FXGL Background Thread 4 ] DEBUG FXGLAssetLoaderServi - Loading from file system: jar:file:/home/legasov/.m2/repository/com/github/almasb/fxgl/21/fxgl-21.jar!/fxglassets/ui/fonts/VarelaRound-Regular.ttf
12:40:25.578 [FXGL Background Thread 1 ] DEBUG FXGLApplication      - Loading default localization
12:40:25.579 [FXGL Background Thread 1 ] DEBUG FXGLAssetLoaderServi - Loading from file system: jar:file:/home/legasov/.m2/repository/com/github/almasb/fxgl/21/fxgl-21.jar!/fxglassets/languages/english.lang
12:40:25.590 [FXGL Background Thread 4 ] DEBUG FXGLAssetLoaderServi - Loading from file system: jar:file:/home/legasov/.m2/repository/com/github/almasb/fxgl/21/fxgl-21.jar!/fxglassets/ui/fonts/Abel-Regular.ttf
12:40:25.595 [FXGL Background Thread 4 ] DEBUG FXGLAssetLoaderServi - Loading from file system: jar:file:/home/legasov/.m2/repository/com/github/almasb/fxgl/21/fxgl-21.jar!/fxglassets/ui/fonts/TerminalLandMono-Regular.otf
12:40:25.599 [FXGL Background Thread 4 ] DEBUG FXGLAssetLoaderServi - Loading from file system: jar:file:/home/legasov/.m2/repository/com/github/almasb/fxgl/21/fxgl-21.jar!/fxglassets/ui/fonts/Courier-Prime.ttf
12:40:25.607 [JavaFX Application Thread] DEBUG FXGLApplication      - Registering font factories with UI factory
12:40:25.621 [FXGL Background Thread 1 ] INFO  FXGLApplication      - FXGL initialization took: 0.636 sec
12:40:25.626 [JavaFX Application Thread] DEBUG Input                - Registered new binding: action0 - LMB
12:40:25.627 [JavaFX Application Thread] DEBUG FXGLAssetLoaderServi - Loading from file system: jar:file:/home/legasov/.m2/repository/com/github/almasb/fxgl/21/fxgl-21.jar!/fxglassets/textures/fxgl_icon.png
12:40:25.671 [JavaFX Application Thread] DEBUG FXGLAssetLoaderServi - Loading from file system: jar:file:/home/legasov/.m2/repository/com/github/almasb/fxgl/21/fxgl-21.jar!/fxglassets/textures/fxgl_default_cursor.png
12:40:25.693 [JavaFX Application Thread] DEBUG Input                - Registered new binding: Screenshot - CTRL+8
12:40:25.693 [JavaFX Application Thread] DEBUG Input                - Registered new binding: System info dump - CTRL+9
12:40:25.694 [JavaFX Application Thread] DEBUG Input                - Registered new binding: Restart - CTRL+R
12:40:25.695 [JavaFX Application Thread] DEBUG Input                - Registered new binding: Toggle Debug Camera - CTRL+7
12:40:25.703 [JavaFX Application Thread] DEBUG LoopRunner           - Starting loop
12:40:25.703 [JavaFX Application Thread] DEBUG LoopRunner           - Initializing JavaFX AnimationTimerLoop
12:40:25.705 [JavaFX Application Thread] DEBUG GameApplicationServi - Starting new game
12:40:25.706 [JavaFX Application Thread] DEBUG Input                - Clearing active input actions
12:40:25.755 [JavaFX Application Thread] DEBUG GameApplicationServi - Removing overlay from FXGLStartupScene and adding to FXGLLoadingScene
12:40:25.756 [JavaFX Application Thread] DEBUG PrimaryStageWindow   - FXGLStartupScene -> FXGLLoadingScene
12:40:25.757 [JavaFX Application Thread] DEBUG GameApplicationServi - Clearing previous game
12:40:25.757 [JavaFX Application Thread] DEBUG GameScene            - Clearing game scene
12:40:25.757 [JavaFX Application Thread] DEBUG GameWorld            - Clearing game world
12:40:25.757 [JavaFX Application Thread] DEBUG PhysicsWorld         - Clearing physics world
12:40:25.759 [FXGL Background Thread 1 ] DEBUG FXGLApplication      - Initializing game
12:40:25.789 [FXGL Background Thread 1 ] DEBUG FXGLAssetLoaderServi - Loading from file system: file:/home/legasov/NetBeansProjects/Metegol/target/classes/assets/textures/fondoMenu.png
12:40:25.855 [FXGL Background Thread 1 ] INFO  FXGLApplication      - Game initialization took: 0.091 sec
12:40:26.021 [JavaFX Application Thread] DEBUG Input                - Clearing active input actions
12:40:26.040 [JavaFX Application Thread] DEBUG GameApplicationServi - Removing overlay from FXGLLoadingScene and adding to GameScene
12:40:26.040 [JavaFX Application Thread] DEBUG PrimaryStageWindow   - FXGLLoadingScene -> GameScene
12:40:26.570 [FXGL Background Thread 2 ] INFO  UpdaterService       - Your current version:  21
12:40:26.571 [FXGL Background Thread 2 ] INFO  UpdaterService       - Latest stable version: 25
12:40:28.573 [FXGL Background Thread 3 ] DEBUG Engine               - Logging environment variables
12:40:28.573 [FXGL Background Thread 3 ] DEBUG Engine               - achievements: []
12:40:28.573 [FXGL Background Thread 3 ] DEBUG Engine               - actualHeight: 685.3720703125
12:40:28.573 [FXGL Background Thread 3 ] DEBUG Engine               - actualHeightProperty: ReadOnlyDoubleProperty [value: 736.720947265625]
12:40:28.573 [FXGL Background Thread 3 ] DEBUG Engine               - actualWidth: 1280.0
12:40:28.573 [FXGL Background Thread 3 ] DEBUG Engine               - actualWidthProperty: ReadOnlyDoubleProperty [value: 1372.279052734375]
12:40:28.573 [FXGL Background Thread 3 ] DEBUG Engine               - appIcon: fxgl_icon.png
12:40:28.573 [FXGL Background Thread 3 ] DEBUG Engine               - applicationMode: DEVELOPER
12:40:28.574 [FXGL Background Thread 3 ] DEBUG Engine               - cSSList: [fxgl_dark.css]
12:40:28.574 [FXGL Background Thread 3 ] DEBUG Engine               - collisionDetectionStrategy: BRUTE_FORCE
12:40:28.574 [FXGL Background Thread 3 ] DEBUG Engine               - configClass: Optional.empty
12:40:28.574 [FXGL Background Thread 3 ] DEBUG Engine               - credits: []
12:40:28.574 [FXGL Background Thread 3 ] DEBUG Engine               - defaultCursor: CursorInfo(imageName=fxgl_default_cursor.png, hotspotX=7.0, hotspotY=6.0)
12:40:28.574 [FXGL Background Thread 3 ] DEBUG Engine               - devBBoxColorProperty: ObjectProperty [value: 0xff0000ff]
12:40:28.574 [FXGL Background Thread 3 ] DEBUG Engine               - devEnableDebugCameraProperty: BooleanProperty [value: false]
12:40:28.574 [FXGL Background Thread 3 ] DEBUG Engine               - devSensorColorProperty: ObjectProperty [value: 0xffff00ff]
12:40:28.574 [FXGL Background Thread 3 ] DEBUG Engine               - devShowBBoxProperty: BooleanProperty [value: false]
12:40:28.574 [FXGL Background Thread 3 ] DEBUG Engine               - devShowPositionProperty: BooleanProperty [value: false]
12:40:28.574 [FXGL Background Thread 3 ] DEBUG Engine               - enabledMenuItems: []
12:40:28.575 [FXGL Background Thread 3 ] DEBUG Engine               - engineServices: [class com.almasb.fxgl.app.services.FXGLAssetLoaderService, class com.almasb.fxgl.app.FXGLApplication$GameApplicationService, class com.almasb.fxgl.app.services.FXGLDialogService, class com.almasb.fxgl.app.services.IOTaskExecutorService, class com.almasb.fxgl.io.FileSystemService, class com.almasb.fxgl.localization.LocalizationService, class com.almasb.fxgl.app.services.SystemBundleService, class com.almasb.fxgl.profile.SaveLoadService, class com.almasb.fxgl.ui.FXGLUIFactoryServiceProvider, class com.almasb.fxgl.ui.FXGLDialogFactoryServiceProvider, class com.almasb.fxgl.audio.AudioPlayer, class com.almasb.fxgl.notification.impl.NotificationServiceProvider, class com.almasb.fxgl.achievement.AchievementService, class com.almasb.fxgl.cutscene.CutsceneService, class com.almasb.fxgl.minigames.MiniGameService, class com.almasb.fxgl.net.NetService, class com.almasb.fxgl.app.services.UpdaterService, class com.almasb.fxgl.dev.DevService]
12:40:28.575 [FXGL Background Thread 3 ] DEBUG Engine               - fontGame: Abel-Regular.ttf
12:40:28.575 [FXGL Background Thread 3 ] DEBUG Engine               - fontMono: TerminalLandMono-Regular.otf
12:40:28.575 [FXGL Background Thread 3 ] DEBUG Engine               - fontSizeScaleUI: 1.0
12:40:28.575 [FXGL Background Thread 3 ] DEBUG Engine               - fontText: Courier-Prime.ttf
12:40:28.575 [FXGL Background Thread 3 ] DEBUG Engine               - fontUI: VarelaRound-Regular.ttf
12:40:28.575 [FXGL Background Thread 3 ] DEBUG Engine               - fullScreen: BooleanProperty [value: false]
12:40:28.575 [FXGL Background Thread 3 ] DEBUG Engine               - gameDifficulty: MEDIUM
12:40:28.575 [FXGL Background Thread 3 ] DEBUG Engine               - gameDifficultyProperty: ObjectProperty [value: MEDIUM]
12:40:28.575 [FXGL Background Thread 3 ] DEBUG Engine               - globalMusicVolume: 0.5
12:40:28.575 [FXGL Background Thread 3 ] DEBUG Engine               - globalMusicVolumeProperty: DoubleProperty [value: 0.5]
12:40:28.575 [FXGL Background Thread 3 ] DEBUG Engine               - globalSoundVolume: 0.5
12:40:28.575 [FXGL Background Thread 3 ] DEBUG Engine               - globalSoundVolumeProperty: DoubleProperty [value: 0.5]
12:40:28.575 [FXGL Background Thread 3 ] DEBUG Engine               - height: 720
12:40:28.575 [FXGL Background Thread 3 ] DEBUG Engine               - is3D: false
12:40:28.575 [FXGL Background Thread 3 ] DEBUG Engine               - isAndroid: false
12:40:28.575 [FXGL Background Thread 3 ] DEBUG Engine               - isBrowser: false
12:40:28.575 [FXGL Background Thread 3 ] DEBUG Engine               - isClickFeedbackEnabled: false
12:40:28.575 [FXGL Background Thread 3 ] DEBUG Engine               - isCloseConfirmation: false
12:40:28.576 [FXGL Background Thread 3 ] DEBUG Engine               - isDesktop: true
12:40:28.576 [FXGL Background Thread 3 ] DEBUG Engine               - isDeveloperMenuEnabled: false
12:40:28.576 [FXGL Background Thread 3 ] DEBUG Engine               - isEmbedded: false
12:40:28.576 [FXGL Background Thread 3 ] DEBUG Engine               - isEntityPreloadEnabled: true
12:40:28.576 [FXGL Background Thread 3 ] DEBUG Engine               - isExperimentalTiledLargeMap: false
12:40:28.576 [FXGL Background Thread 3 ] DEBUG Engine               - isFileSystemWriteAllowed: true
12:40:28.576 [FXGL Background Thread 3 ] DEBUG Engine               - isFullScreenAllowed: false
12:40:28.576 [FXGL Background Thread 3 ] DEBUG Engine               - isFullScreenFromStart: false
12:40:28.576 [FXGL Background Thread 3 ] DEBUG Engine               - isGameMenuEnabled: true
12:40:28.576 [FXGL Background Thread 3 ] DEBUG Engine               - isIOS: false
12:40:28.576 [FXGL Background Thread 3 ] DEBUG Engine               - isIntroEnabled: false
12:40:28.576 [FXGL Background Thread 3 ] DEBUG Engine               - isLinux: true
12:40:28.576 [FXGL Background Thread 3 ] DEBUG Engine               - isMac: false
12:40:28.576 [FXGL Background Thread 3 ] DEBUG Engine               - isMainMenuEnabled: false
12:40:28.576 [FXGL Background Thread 3 ] DEBUG Engine               - isManualResizeEnabled: false
12:40:28.576 [FXGL Background Thread 3 ] DEBUG Engine               - isMobile: false
12:40:28.576 [FXGL Background Thread 3 ] DEBUG Engine               - isNative: false
12:40:28.577 [FXGL Background Thread 3 ] DEBUG Engine               - isPauseMusicWhenMinimized: true
12:40:28.577 [FXGL Background Thread 3 ] DEBUG Engine               - isPreserveResizeRatio: false
12:40:28.577 [FXGL Background Thread 3 ] DEBUG Engine               - isProfilingEnabled: false
12:40:28.577 [FXGL Background Thread 3 ] DEBUG Engine               - isScaleAffectedOnResize: true
12:40:28.577 [FXGL Background Thread 3 ] DEBUG Engine               - isSingleStep: false
12:40:28.577 [FXGL Background Thread 3 ] DEBUG Engine               - isUserProfileEnabled: false
12:40:28.577 [FXGL Background Thread 3 ] DEBUG Engine               - isWindows: false
12:40:28.577 [FXGL Background Thread 3 ] DEBUG Engine               - language: ObjectProperty [value: ENGLISH]
12:40:28.577 [FXGL Background Thread 3 ] DEBUG Engine               - menuKey: ESCAPE
12:40:28.577 [FXGL Background Thread 3 ] DEBUG Engine               - mouseSensitivity: 0.2
12:40:28.577 [FXGL Background Thread 3 ] DEBUG Engine               - notificationViewClass: class com.almasb.fxgl.notification.view.XboxNotificationView
12:40:28.577 [FXGL Background Thread 3 ] DEBUG Engine               - pixelsPerMeter: 50.0
12:40:28.577 [FXGL Background Thread 3 ] DEBUG Engine               - platform: LINUX
12:40:28.577 [FXGL Background Thread 3 ] DEBUG Engine               - prefHeightProperty: ReadOnlyDoubleProperty [value: 720.0]
12:40:28.577 [FXGL Background Thread 3 ] DEBUG Engine               - prefWidthProperty: ReadOnlyDoubleProperty [value: 1280.0]
12:40:28.577 [FXGL Background Thread 3 ] DEBUG Engine               - profileDir: profiles/
12:40:28.578 [FXGL Background Thread 3 ] DEBUG Engine               - profileName: StringProperty [value: DEFAULT]
12:40:28.578 [FXGL Background Thread 3 ] DEBUG Engine               - randomSeed: -1
12:40:28.578 [FXGL Background Thread 3 ] DEBUG Engine               - runtimeInfo: RuntimeInfo(platform=LINUX, version=21, build=28.12.2023 13.35)
12:40:28.578 [FXGL Background Thread 3 ] DEBUG Engine               - saveFileExt: sav
12:40:28.578 [FXGL Background Thread 3 ] DEBUG Engine               - scaledHeightProp$fxgl: DoubleProperty [bound, value: 736.720947265625]
12:40:28.579 [FXGL Background Thread 3 ] DEBUG Engine               - scaledWidthProp$fxgl: DoubleProperty [bound, value: 1372.279052734375]
12:40:28.579 [FXGL Background Thread 3 ] DEBUG Engine               - sceneFactory: com.almasb.fxgl.app.scene.SceneFactory@698a671
12:40:28.579 [FXGL Background Thread 3 ] DEBUG Engine               - secondsIn24h: 60
12:40:28.579 [FXGL Background Thread 3 ] DEBUG Engine               - soundMenuBack: menu/back.wav
12:40:28.579 [FXGL Background Thread 3 ] DEBUG Engine               - soundMenuPress: menu/press.wav
12:40:28.579 [FXGL Background Thread 3 ] DEBUG Engine               - soundMenuSelect: menu/select.wav
12:40:28.579 [FXGL Background Thread 3 ] DEBUG Engine               - soundNotification: core/notification.wav
12:40:28.579 [FXGL Background Thread 3 ] DEBUG Engine               - stageStyle: DECORATED
12:40:28.579 [FXGL Background Thread 3 ] DEBUG Engine               - supportedLanguages: [ENGLISH, FRENCH, GERMAN, HUNGARIAN, RUSSIAN]
12:40:28.579 [FXGL Background Thread 3 ] DEBUG Engine               - ticksPerSecond: -1
12:40:28.579 [FXGL Background Thread 3 ] DEBUG Engine               - title: Metegol - Champs 2026
12:40:28.579 [FXGL Background Thread 3 ] DEBUG Engine               - urlGithub: https://github.com/AlmasB/FXGL
12:40:28.579 [FXGL Background Thread 3 ] DEBUG Engine               - urlLeaderboard: http://fxgl-top.herokuapp.com/
12:40:28.579 [FXGL Background Thread 3 ] DEBUG Engine               - urlPOM: https://raw.githubusercontent.com/AlmasB/FXGL/release/README.md
12:40:28.579 [FXGL Background Thread 3 ] DEBUG Engine               - userAppClass: class Metegol.Metegol
12:40:28.579 [FXGL Background Thread 3 ] DEBUG Engine               - version: 0.0
12:40:28.580 [FXGL Background Thread 3 ] DEBUG Engine               - versionCheckDays: 7
12:40:28.580 [FXGL Background Thread 3 ] DEBUG Engine               - width: 1280
12:40:28.580 [FXGL Background Thread 3 ] DEBUG Engine               - Logging services
12:40:28.581 [FXGL Background Thread 3 ] DEBUG Engine               - class com.almasb.fxgl.app.services.FXGLAssetLoaderService
12:40:28.581 [FXGL Background Thread 3 ] DEBUG Engine               - class com.almasb.fxgl.app.FXGLApplication$GameApplicationService
12:40:28.581 [FXGL Background Thread 3 ] DEBUG Engine               - class com.almasb.fxgl.app.services.FXGLDialogService
12:40:28.581 [FXGL Background Thread 3 ] DEBUG Engine               - class com.almasb.fxgl.app.services.IOTaskExecutorService
12:40:28.581 [FXGL Background Thread 3 ] DEBUG Engine               - class com.almasb.fxgl.io.FileSystemService
12:40:28.581 [FXGL Background Thread 3 ] DEBUG Engine               - class com.almasb.fxgl.localization.LocalizationService
12:40:28.582 [FXGL Background Thread 3 ] DEBUG Engine               - class com.almasb.fxgl.app.services.SystemBundleService
12:40:28.582 [FXGL Background Thread 3 ] DEBUG Engine               - class com.almasb.fxgl.profile.SaveLoadService
12:40:28.582 [FXGL Background Thread 3 ] DEBUG Engine               - class com.almasb.fxgl.ui.FXGLUIFactoryServiceProvider
12:40:28.582 [FXGL Background Thread 3 ] DEBUG Engine               - class com.almasb.fxgl.ui.FXGLDialogFactoryServiceProvider
12:40:28.582 [FXGL Background Thread 3 ] DEBUG Engine               - class com.almasb.fxgl.audio.AudioPlayer
12:40:28.582 [FXGL Background Thread 3 ] DEBUG Engine               - class com.almasb.fxgl.notification.impl.NotificationServiceProvider
12:40:28.582 [FXGL Background Thread 3 ] DEBUG Engine               - class com.almasb.fxgl.achievement.AchievementService
12:40:28.582 [FXGL Background Thread 3 ] DEBUG Engine               - class com.almasb.fxgl.cutscene.CutsceneService
12:40:28.582 [FXGL Background Thread 3 ] DEBUG Engine               - class com.almasb.fxgl.minigames.MiniGameService
12:40:28.582 [FXGL Background Thread 3 ] DEBUG Engine               - class com.almasb.fxgl.net.NetService
12:40:28.582 [FXGL Background Thread 3 ] DEBUG Engine               - class com.almasb.fxgl.app.services.UpdaterService
12:40:28.582 [FXGL Background Thread 3 ] DEBUG Engine               - class com.almasb.fxgl.dev.DevService
12:41:13.160 [JavaFX Application Thread] DEBUG FXGLAssetLoaderServi - Loading from file system: file:/home/legasov/NetBeansProjects/Metegol/target/classes/assets/textures/FondoSimulacion.png
12:41:22.726 [JavaFX Application Thread] WARN  TMXLevelLoader       - TiledMap generated from 1.12.2. Supported version: 1.9.0. Some features may not be parsed fully.
12:41:22.737 [JavaFX Application Thread] DEBUG TMXLevelLoader       - Parsed TiledMap: file:/home/legasov/NetBeansProjects/Metegol/target/classes/assets/levels/cancha.tmx
12:41:22.738 [JavaFX Application Thread] DEBUG TMXLevelLoader       - Creating tile layer entities
12:41:22.739 [JavaFX Application Thread] DEBUG TilesetLoader        - Loading view for layer Tile Layer 1
12:41:22.740 [JavaFX Application Thread] DEBUG TilesetLoader        - Created buffer with size 1280.0x1440.0
12:41:22.790 [JavaFX Application Thread] DEBUG TMXLevelLoader       - Creating object layer entities
12:41:22.809 [JavaFX Application Thread] DEBUG GameWorld            - Clearing removable entities
12:41:22.812 [JavaFX Application Thread] DEBUG GameWorld            - Setting level: com.almasb.fxgl.entity.level.Level@2c597463
12:41:22.868 [JavaFX Application Thread] DEBUG Input                - Registered new binding: Arriba - W
12:41:22.868 [JavaFX Application Thread] DEBUG Input                - Registered new binding: Abajo - S
12:41:22.868 [JavaFX Application Thread] DEBUG Input                - Registered new binding: Izquierda - A
12:41:22.868 [JavaFX Application Thread] DEBUG Input                - Registered new binding: Derecha - D
12:41:22.869 [JavaFX Application Thread] DEBUG Input                - Registered new binding: Alternar Defensor - Q
12:41:22.869 [JavaFX Application Thread] DEBUG Input                - Registered new binding: Controlar Portero - Space
12:41:34.806 [JavaFX Application Thread] WARN  TMXLevelLoader       - TiledMap generated from 1.12.2. Supported version: 1.9.0. Some features may not be parsed fully.
12:41:34.817 [JavaFX Application Thread] DEBUG TMXLevelLoader       - Parsed TiledMap: file:/home/legasov/NetBeansProjects/Metegol/target/classes/assets/levels/cancha.tmx
12:41:34.817 [JavaFX Application Thread] DEBUG TMXLevelLoader       - Creating tile layer entities
12:41:34.817 [JavaFX Application Thread] DEBUG TilesetLoader        - Loading view for layer Tile Layer 1
12:41:34.818 [JavaFX Application Thread] DEBUG TilesetLoader        - Created buffer with size 1280.0x1440.0
12:41:34.859 [JavaFX Application Thread] DEBUG TMXLevelLoader       - Creating object layer entities
12:41:34.863 [JavaFX Application Thread] DEBUG GameWorld            - Clearing removable entities
12:41:34.863 [JavaFX Application Thread] DEBUG GameWorld            - Setting level: com.almasb.fxgl.entity.level.Level@3e637a1
12:41:47.184 [JavaFX Application Thread] WARN  TMXLevelLoader       - TiledMap generated from 1.12.2. Supported version: 1.9.0. Some features may not be parsed fully.
12:41:47.192 [JavaFX Application Thread] DEBUG TMXLevelLoader       - Parsed TiledMap: file:/home/legasov/NetBeansProjects/Metegol/target/classes/assets/levels/cancha.tmx
12:41:47.192 [JavaFX Application Thread] DEBUG TMXLevelLoader       - Creating tile layer entities
12:41:47.192 [JavaFX Application Thread] DEBUG TilesetLoader        - Loading view for layer Tile Layer 1
12:41:47.195 [JavaFX Application Thread] DEBUG TilesetLoader        - Created buffer with size 1280.0x1440.0
12:41:47.222 [JavaFX Application Thread] DEBUG TMXLevelLoader       - Creating object layer entities
12:41:47.225 [JavaFX Application Thread] DEBUG GameWorld            - Clearing removable entities
12:41:47.225 [JavaFX Application Thread] DEBUG GameWorld            - Setting level: com.almasb.fxgl.entity.level.Level@3c26f1ea
12:41:47.237 [JavaFX Application Thread] DEBUG FXGLApplication      - Exiting FXGL
12:41:47.237 [JavaFX Application Thread] DEBUG LoopRunner           - Stopping loop
12:41:47.238 [JavaFX Application Thread] DEBUG SystemBundleService  - Saving FXGL system data
12:41:47.239 [JavaFX Application Thread] DEBUG FileSystemAccess     - Writing to: /home/legasov/NetBeansProjects/Metegol/system/fxgl.bundle
12:41:47.239 [JavaFX Application Thread] DEBUG Async                - Shutting down background threads
12:41:47.240 [JavaFX Application Thread] DEBUG PrimaryStageWindow   - Closing main window
12:41:47.240 [JavaFX Application Thread] DEBUG Logger               - Closing Logger
