13:08:48.388 [main                     ] DEBUG Logger               - Configured Logger
13:08:48.395 [main                     ] DEBUG GameApplication      - Logging settings
Title: Metegol - Champs 2026
Version: 0.0
Width: 1280
Height: 720
Fullscreen: false
Intro: false
Profiling: false
Single step:false
App Mode: DEVELOPER
Menu Key: ESCAPE
Stage Style: DECORATED
Scene Factory: class com.almasb.fxgl.app.scene.SceneFactory

13:08:48.653 [JavaFX Application Thread] DEBUG FXGLApplication      - Initializing FXGL
13:08:48.656 [JavaFX Application Thread] INFO  Engine               - FXGL-21 (28.12.2023 13.35) on LINUX (J:25.0.3 FX:26)
13:08:48.656 [JavaFX Application Thread] DEBUG Engine               - JRE Vendor Name: Flathub
13:08:48.656 [JavaFX Application Thread] DEBUG Engine               - Running on OS: Linux version 7.1.3-201.fc44.x86_64
13:08:48.656 [JavaFX Application Thread] DEBUG Engine               - Architecture: amd64
13:08:48.656 [JavaFX Application Thread] INFO  Engine               - Source code and latest versions at: https://github.com/AlmasB/FXGL
13:08:48.656 [JavaFX Application Thread] INFO  Engine               -       Ask questions and discuss at: https://github.com/AlmasB/FXGL/discussions
13:08:48.656 [JavaFX Application Thread] INFO  Engine               -              Join the FXGL chat at: https://gitter.im/AlmasB/FXGL
13:08:48.730 [JavaFX Application Thread] DEBUG PrimaryStageWindow   - Creating a JavaFX scene
13:08:48.809 [JavaFX Application Thread] DEBUG PrimaryStageWindow   - Target settings size: 1280.0 x 720.0
13:08:48.809 [JavaFX Application Thread] DEBUG PrimaryStageWindow   - Scaled scene size:    1280.0 x 720.0
13:08:48.809 [JavaFX Application Thread] DEBUG PrimaryStageWindow   - Scaled ratio: (1.0, 1.0)
13:08:48.810 [JavaFX Application Thread] DEBUG PrimaryStageWindow   - Set initial scene to FXGLStartupScene
13:08:48.814 [JavaFX Application Thread] DEBUG PrimaryStageWindow   - Opening main window
13:08:48.896 [JavaFX Application Thread] DEBUG PrimaryStageWindow   - Window border size: (0.0, 35.0)
13:08:48.896 [JavaFX Application Thread] DEBUG PrimaryStageWindow   - Scaled size: 1280.0 x 685.3720703125
13:08:48.896 [JavaFX Application Thread] DEBUG PrimaryStageWindow   - Scaled ratio: (1.0, 0.9519056532118055)
13:08:48.896 [JavaFX Application Thread] DEBUG PrimaryStageWindow   - Scene size: 1280.0 x 720.0
13:08:48.896 [JavaFX Application Thread] DEBUG PrimaryStageWindow   - Stage size: 1280.0 x 720.3720703125
13:08:48.903 [FXGL Background Thread 1 ] DEBUG Engine               - Initializing environment variables
13:08:48.985 [FXGL Background Thread 1 ] DEBUG FXGLAssetLoaderServi - User app class for loading assets: class Metegol.Metegol
13:08:48.985 [FXGL Background Thread 1 ] DEBUG GameApplicationServi - Applying CSS: fxgl_dark.css
13:08:48.986 [FXGL Background Thread 1 ] DEBUG FXGLAssetLoaderServi - Loading from file system: jar:file:/home/legasov/.m2/repository/com/github/almasb/fxgl/21/fxgl-21.jar!/fxglassets/ui/css/fxgl_dark.css
13:08:49.047 [FXGL Background Thread 1 ] DEBUG GameApplicationServi - Initializing application scenes
13:08:49.090 [FXGL Background Thread 1 ] DEBUG GameWorld            - Game world initialized
13:08:49.147 [FXGL Background Thread 1 ] DEBUG PhysicsWorld         - Physics world initialized: appHeight=720, physics.ppm=50.0
13:08:49.147 [FXGL Background Thread 1 ] DEBUG PhysicsWorld         - Using strategy: BRUTE_FORCE
13:08:49.152 [FXGL Background Thread 1 ] DEBUG GameScene            - Game scene initialized: 1280x720
13:08:49.159 [FXGL Background Thread 1 ] DEBUG FXGL.DefaultMenu     - createMenuBodyGameMenu()
13:08:49.171 [FXGL Background Thread 1 ] DEBUG FXGL.DefaultMenu     - createOptionsMenu()
13:08:49.181 [FXGL Background Thread 1 ] DEBUG FXGLAssetLoaderServi - Loading from file system: jar:file:/home/legasov/.m2/repository/com/github/almasb/fxgl/21/fxgl-21.jar!/fxglassets/textures/particles/smoke.png
13:08:49.247 [FXGL Background Thread 1 ] DEBUG FXGLAssetLoaderServi - Loading from file system: jar:file:/home/legasov/.m2/repository/com/github/almasb/fxgl/21/fxgl-21.jar!/fxglassets/textures/particles/trace_horizontal.png
13:08:49.266 [FXGL Background Thread 1 ] DEBUG GameApplicationServi - Application scenes initialized
13:08:49.275 [FXGL Background Thread 1 ] DEBUG SystemBundleService  - Loading FXGL system data
13:08:49.283 [FXGL Background Thread 1 ] DEBUG FileSystemAccess     - Reading from: /home/legasov/NetBeansProjects/Metegol/system/fxgl.bundle
13:08:49.290 [FXGL Background Thread 1 ] DEBUG SystemBundleService  - Bundle FXGL: {}
13:08:49.290 [FXGL Background Thread 1 ] DEBUG UpdaterService       - Checking for updates
13:08:49.294 [FXGL Background Thread 4 ] DEBUG FXGLApplication      - Loading fonts
13:08:49.294 [FXGL Background Thread 4 ] DEBUG FXGLAssetLoaderServi - Loading from file system: jar:file:/home/legasov/.m2/repository/com/github/almasb/fxgl/21/fxgl-21.jar!/fxglassets/ui/fonts/VarelaRound-Regular.ttf
13:08:49.294 [FXGL Background Thread 1 ] DEBUG FXGLApplication      - Loading default localization
13:08:49.295 [FXGL Background Thread 1 ] DEBUG FXGLAssetLoaderServi - Loading from file system: jar:file:/home/legasov/.m2/repository/com/github/almasb/fxgl/21/fxgl-21.jar!/fxglassets/languages/english.lang
13:08:49.312 [FXGL Background Thread 4 ] DEBUG FXGLAssetLoaderServi - Loading from file system: jar:file:/home/legasov/.m2/repository/com/github/almasb/fxgl/21/fxgl-21.jar!/fxglassets/ui/fonts/Abel-Regular.ttf
13:08:49.316 [FXGL Background Thread 4 ] DEBUG FXGLAssetLoaderServi - Loading from file system: jar:file:/home/legasov/.m2/repository/com/github/almasb/fxgl/21/fxgl-21.jar!/fxglassets/ui/fonts/TerminalLandMono-Regular.otf
13:08:49.318 [FXGL Background Thread 1 ] INFO  FXGLApplication      - FXGL initialization took: 0.415 sec
13:08:49.319 [FXGL Background Thread 4 ] DEBUG FXGLAssetLoaderServi - Loading from file system: jar:file:/home/legasov/.m2/repository/com/github/almasb/fxgl/21/fxgl-21.jar!/fxglassets/ui/fonts/Courier-Prime.ttf
13:08:49.331 [JavaFX Application Thread] DEBUG Input                - Registered new binding: action0 - LMB
13:08:49.332 [JavaFX Application Thread] DEBUG FXGLAssetLoaderServi - Loading from file system: jar:file:/home/legasov/.m2/repository/com/github/almasb/fxgl/21/fxgl-21.jar!/fxglassets/textures/fxgl_icon.png
13:08:49.354 [JavaFX Application Thread] DEBUG FXGLAssetLoaderServi - Loading from file system: jar:file:/home/legasov/.m2/repository/com/github/almasb/fxgl/21/fxgl-21.jar!/fxglassets/textures/fxgl_default_cursor.png
13:08:49.362 [JavaFX Application Thread] DEBUG Input                - Registered new binding: Screenshot - CTRL+8
13:08:49.362 [JavaFX Application Thread] DEBUG Input                - Registered new binding: System info dump - CTRL+9
13:08:49.363 [JavaFX Application Thread] DEBUG Input                - Registered new binding: Restart - CTRL+R
13:08:49.365 [JavaFX Application Thread] DEBUG Input                - Registered new binding: Toggle Debug Camera - CTRL+7
13:08:49.367 [JavaFX Application Thread] DEBUG LoopRunner           - Starting loop
13:08:49.368 [JavaFX Application Thread] DEBUG LoopRunner           - Initializing JavaFX AnimationTimerLoop
13:08:49.370 [JavaFX Application Thread] DEBUG GameApplicationServi - Starting new game
13:08:49.370 [JavaFX Application Thread] DEBUG Input                - Clearing active input actions
13:08:49.387 [JavaFX Application Thread] DEBUG GameApplicationServi - Removing overlay from FXGLStartupScene and adding to FXGLLoadingScene
13:08:49.387 [JavaFX Application Thread] DEBUG PrimaryStageWindow   - FXGLStartupScene -> FXGLLoadingScene
13:08:49.388 [JavaFX Application Thread] DEBUG GameApplicationServi - Clearing previous game
13:08:49.388 [JavaFX Application Thread] DEBUG GameScene            - Clearing game scene
13:08:49.388 [JavaFX Application Thread] DEBUG GameWorld            - Clearing game world
13:08:49.388 [JavaFX Application Thread] DEBUG PhysicsWorld         - Clearing physics world
13:08:49.391 [FXGL Background Thread 4 ] DEBUG FXGLApplication      - Initializing game
13:08:49.396 [JavaFX Application Thread] DEBUG FXGLApplication      - Registering font factories with UI factory
13:08:49.403 [FXGL Background Thread 4 ] DEBUG FXGLAssetLoaderServi - Loading from file system: file:/home/legasov/NetBeansProjects/Metegol/target/classes/assets/textures/fondoMenu.png
13:08:49.465 [FXGL Background Thread 4 ] INFO  FXGLApplication      - Game initialization took: 0.074 sec
13:08:49.572 [JavaFX Application Thread] DEBUG Input                - Clearing active input actions
13:08:49.583 [JavaFX Application Thread] DEBUG GameApplicationServi - Removing overlay from FXGLLoadingScene and adding to GameScene
13:08:49.583 [JavaFX Application Thread] DEBUG PrimaryStageWindow   - FXGLLoadingScene -> GameScene
13:08:50.111 [FXGL Background Thread 2 ] INFO  UpdaterService       - Your current version:  21
13:08:50.111 [FXGL Background Thread 2 ] INFO  UpdaterService       - Latest stable version: 25
13:08:52.292 [FXGL Background Thread 3 ] DEBUG Engine               - Logging environment variables
13:08:52.294 [FXGL Background Thread 3 ] DEBUG Engine               - achievements: []
13:08:52.294 [FXGL Background Thread 3 ] DEBUG Engine               - actualHeight: 685.3720703125
13:08:52.294 [FXGL Background Thread 3 ] DEBUG Engine               - actualHeightProperty: ReadOnlyDoubleProperty [value: 712.906982421875]
13:08:52.295 [FXGL Background Thread 3 ] DEBUG Engine               - actualWidth: 1280.0
13:08:52.295 [FXGL Background Thread 3 ] DEBUG Engine               - actualWidthProperty: ReadOnlyDoubleProperty [value: 1280.0]
13:08:52.295 [FXGL Background Thread 3 ] DEBUG Engine               - appIcon: fxgl_icon.png
13:08:52.295 [FXGL Background Thread 3 ] DEBUG Engine               - applicationMode: DEVELOPER
13:08:52.295 [FXGL Background Thread 3 ] DEBUG Engine               - cSSList: [fxgl_dark.css]
13:08:52.295 [FXGL Background Thread 3 ] DEBUG Engine               - collisionDetectionStrategy: BRUTE_FORCE
13:08:52.296 [FXGL Background Thread 3 ] DEBUG Engine               - configClass: Optional.empty
13:08:52.296 [FXGL Background Thread 3 ] DEBUG Engine               - credits: []
13:08:52.296 [FXGL Background Thread 3 ] DEBUG Engine               - defaultCursor: CursorInfo(imageName=fxgl_default_cursor.png, hotspotX=7.0, hotspotY=6.0)
13:08:52.297 [FXGL Background Thread 3 ] DEBUG Engine               - devBBoxColorProperty: ObjectProperty [value: 0xff0000ff]
13:08:52.297 [FXGL Background Thread 3 ] DEBUG Engine               - devEnableDebugCameraProperty: BooleanProperty [value: false]
13:08:52.297 [FXGL Background Thread 3 ] DEBUG Engine               - devSensorColorProperty: ObjectProperty [value: 0xffff00ff]
13:08:52.298 [FXGL Background Thread 3 ] DEBUG Engine               - devShowBBoxProperty: BooleanProperty [value: false]
13:08:52.298 [FXGL Background Thread 3 ] DEBUG Engine               - devShowPositionProperty: BooleanProperty [value: false]
13:08:52.298 [FXGL Background Thread 3 ] DEBUG Engine               - enabledMenuItems: []
13:08:52.298 [FXGL Background Thread 3 ] DEBUG Engine               - engineServices: [class com.almasb.fxgl.app.services.FXGLAssetLoaderService, class com.almasb.fxgl.app.FXGLApplication$GameApplicationService, class com.almasb.fxgl.app.services.FXGLDialogService, class com.almasb.fxgl.app.services.IOTaskExecutorService, class com.almasb.fxgl.io.FileSystemService, class com.almasb.fxgl.localization.LocalizationService, class com.almasb.fxgl.app.services.SystemBundleService, class com.almasb.fxgl.profile.SaveLoadService, class com.almasb.fxgl.ui.FXGLUIFactoryServiceProvider, class com.almasb.fxgl.ui.FXGLDialogFactoryServiceProvider, class com.almasb.fxgl.audio.AudioPlayer, class com.almasb.fxgl.notification.impl.NotificationServiceProvider, class com.almasb.fxgl.achievement.AchievementService, class com.almasb.fxgl.cutscene.CutsceneService, class com.almasb.fxgl.minigames.MiniGameService, class com.almasb.fxgl.net.NetService, class com.almasb.fxgl.app.services.UpdaterService, class com.almasb.fxgl.dev.DevService]
13:08:52.298 [FXGL Background Thread 3 ] DEBUG Engine               - fontGame: Abel-Regular.ttf
13:08:52.298 [FXGL Background Thread 3 ] DEBUG Engine               - fontMono: TerminalLandMono-Regular.otf
13:08:52.298 [FXGL Background Thread 3 ] DEBUG Engine               - fontSizeScaleUI: 1.0
13:08:52.299 [FXGL Background Thread 3 ] DEBUG Engine               - fontText: Courier-Prime.ttf
13:08:52.299 [FXGL Background Thread 3 ] DEBUG Engine               - fontUI: VarelaRound-Regular.ttf
13:08:52.299 [FXGL Background Thread 3 ] DEBUG Engine               - fullScreen: BooleanProperty [value: false]
13:08:52.299 [FXGL Background Thread 3 ] DEBUG Engine               - gameDifficulty: MEDIUM
13:08:52.299 [FXGL Background Thread 3 ] DEBUG Engine               - gameDifficultyProperty: ObjectProperty [value: MEDIUM]
13:08:52.299 [FXGL Background Thread 3 ] DEBUG Engine               - globalMusicVolume: 0.5
13:08:52.300 [FXGL Background Thread 3 ] DEBUG Engine               - globalMusicVolumeProperty: DoubleProperty [value: 0.5]
13:08:52.300 [FXGL Background Thread 3 ] DEBUG Engine               - globalSoundVolume: 0.5
13:08:52.300 [FXGL Background Thread 3 ] DEBUG Engine               - globalSoundVolumeProperty: DoubleProperty [value: 0.5]
13:08:52.300 [FXGL Background Thread 3 ] DEBUG Engine               - height: 720
13:08:52.300 [FXGL Background Thread 3 ] DEBUG Engine               - is3D: false
13:08:52.300 [FXGL Background Thread 3 ] DEBUG Engine               - isAndroid: false
13:08:52.300 [FXGL Background Thread 3 ] DEBUG Engine               - isBrowser: false
13:08:52.300 [FXGL Background Thread 3 ] DEBUG Engine               - isClickFeedbackEnabled: false
13:08:52.300 [FXGL Background Thread 3 ] DEBUG Engine               - isCloseConfirmation: false
13:08:52.301 [FXGL Background Thread 3 ] DEBUG Engine               - isDesktop: true
13:08:52.301 [FXGL Background Thread 3 ] DEBUG Engine               - isDeveloperMenuEnabled: false
13:08:52.301 [FXGL Background Thread 3 ] DEBUG Engine               - isEmbedded: false
13:08:52.301 [FXGL Background Thread 3 ] DEBUG Engine               - isEntityPreloadEnabled: true
13:08:52.301 [FXGL Background Thread 3 ] DEBUG Engine               - isExperimentalTiledLargeMap: false
13:08:52.301 [FXGL Background Thread 3 ] DEBUG Engine               - isFileSystemWriteAllowed: true
13:08:52.301 [FXGL Background Thread 3 ] DEBUG Engine               - isFullScreenAllowed: false
13:08:52.301 [FXGL Background Thread 3 ] DEBUG Engine               - isFullScreenFromStart: false
13:08:52.301 [FXGL Background Thread 3 ] DEBUG Engine               - isGameMenuEnabled: true
13:08:52.301 [FXGL Background Thread 3 ] DEBUG Engine               - isIOS: false
13:08:52.302 [FXGL Background Thread 3 ] DEBUG Engine               - isIntroEnabled: false
13:08:52.302 [FXGL Background Thread 3 ] DEBUG Engine               - isLinux: true
13:08:52.302 [FXGL Background Thread 3 ] DEBUG Engine               - isMac: false
13:08:52.302 [FXGL Background Thread 3 ] DEBUG Engine               - isMainMenuEnabled: false
13:08:52.302 [FXGL Background Thread 3 ] DEBUG Engine               - isManualResizeEnabled: false
13:08:52.302 [FXGL Background Thread 3 ] DEBUG Engine               - isMobile: false
13:08:52.302 [FXGL Background Thread 3 ] DEBUG Engine               - isNative: false
13:08:52.302 [FXGL Background Thread 3 ] DEBUG Engine               - isPauseMusicWhenMinimized: true
13:08:52.303 [FXGL Background Thread 3 ] DEBUG Engine               - isPreserveResizeRatio: false
13:08:52.303 [FXGL Background Thread 3 ] DEBUG Engine               - isProfilingEnabled: false
13:08:52.303 [FXGL Background Thread 3 ] DEBUG Engine               - isScaleAffectedOnResize: true
13:08:52.303 [FXGL Background Thread 3 ] DEBUG Engine               - isSingleStep: false
13:08:52.303 [FXGL Background Thread 3 ] DEBUG Engine               - isUserProfileEnabled: false
13:08:52.303 [FXGL Background Thread 3 ] DEBUG Engine               - isWindows: false
13:08:52.303 [FXGL Background Thread 3 ] DEBUG Engine               - language: ObjectProperty [value: ENGLISH]
13:08:52.303 [FXGL Background Thread 3 ] DEBUG Engine               - menuKey: ESCAPE
13:08:52.303 [FXGL Background Thread 3 ] DEBUG Engine               - mouseSensitivity: 0.2
13:08:52.303 [FXGL Background Thread 3 ] DEBUG Engine               - notificationViewClass: class com.almasb.fxgl.notification.view.XboxNotificationView
13:08:52.303 [FXGL Background Thread 3 ] DEBUG Engine               - pixelsPerMeter: 50.0
13:08:52.303 [FXGL Background Thread 3 ] DEBUG Engine               - platform: LINUX
13:08:52.303 [FXGL Background Thread 3 ] DEBUG Engine               - prefHeightProperty: ReadOnlyDoubleProperty [value: 720.0]
13:08:52.304 [FXGL Background Thread 3 ] DEBUG Engine               - prefWidthProperty: ReadOnlyDoubleProperty [value: 1280.0]
13:08:52.304 [FXGL Background Thread 3 ] DEBUG Engine               - profileDir: profiles/
13:08:52.304 [FXGL Background Thread 3 ] DEBUG Engine               - profileName: StringProperty [value: DEFAULT]
13:08:52.304 [FXGL Background Thread 3 ] DEBUG Engine               - randomSeed: -1
13:08:52.304 [FXGL Background Thread 3 ] DEBUG Engine               - runtimeInfo: RuntimeInfo(platform=LINUX, version=21, build=28.12.2023 13.35)
13:08:52.304 [FXGL Background Thread 3 ] DEBUG Engine               - saveFileExt: sav
13:08:52.304 [FXGL Background Thread 3 ] DEBUG Engine               - scaledHeightProp$fxgl: DoubleProperty [bound, value: 712.906982421875]
13:08:52.304 [FXGL Background Thread 3 ] DEBUG Engine               - scaledWidthProp$fxgl: DoubleProperty [bound, value: 1280.0]
13:08:52.304 [FXGL Background Thread 3 ] DEBUG Engine               - sceneFactory: com.almasb.fxgl.app.scene.SceneFactory@3fe2aad7
13:08:52.304 [FXGL Background Thread 3 ] DEBUG Engine               - secondsIn24h: 60
13:08:52.304 [FXGL Background Thread 3 ] DEBUG Engine               - soundMenuBack: menu/back.wav
13:08:52.305 [FXGL Background Thread 3 ] DEBUG Engine               - soundMenuPress: menu/press.wav
13:08:52.305 [FXGL Background Thread 3 ] DEBUG Engine               - soundMenuSelect: menu/select.wav
13:08:52.305 [FXGL Background Thread 3 ] DEBUG Engine               - soundNotification: core/notification.wav
13:08:52.305 [FXGL Background Thread 3 ] DEBUG Engine               - stageStyle: DECORATED
13:08:52.305 [FXGL Background Thread 3 ] DEBUG Engine               - supportedLanguages: [ENGLISH, FRENCH, GERMAN, HUNGARIAN, RUSSIAN]
13:08:52.305 [FXGL Background Thread 3 ] DEBUG Engine               - ticksPerSecond: -1
13:08:52.305 [FXGL Background Thread 3 ] DEBUG Engine               - title: Metegol - Champs 2026
13:08:52.305 [FXGL Background Thread 3 ] DEBUG Engine               - urlGithub: https://github.com/AlmasB/FXGL
13:08:52.305 [FXGL Background Thread 3 ] DEBUG Engine               - urlLeaderboard: http://fxgl-top.herokuapp.com/
13:08:52.305 [FXGL Background Thread 3 ] DEBUG Engine               - urlPOM: https://raw.githubusercontent.com/AlmasB/FXGL/release/README.md
13:08:52.305 [FXGL Background Thread 3 ] DEBUG Engine               - userAppClass: class Metegol.Metegol
13:08:52.305 [FXGL Background Thread 3 ] DEBUG Engine               - version: 0.0
13:08:52.305 [FXGL Background Thread 3 ] DEBUG Engine               - versionCheckDays: 7
13:08:52.306 [FXGL Background Thread 3 ] DEBUG Engine               - width: 1280
13:08:52.306 [FXGL Background Thread 3 ] DEBUG Engine               - Logging services
13:08:52.306 [FXGL Background Thread 3 ] DEBUG Engine               - class com.almasb.fxgl.app.services.FXGLAssetLoaderService
13:08:52.306 [FXGL Background Thread 3 ] DEBUG Engine               - class com.almasb.fxgl.app.FXGLApplication$GameApplicationService
13:08:52.306 [FXGL Background Thread 3 ] DEBUG Engine               - class com.almasb.fxgl.app.services.FXGLDialogService
13:08:52.306 [FXGL Background Thread 3 ] DEBUG Engine               - class com.almasb.fxgl.app.services.IOTaskExecutorService
13:08:52.306 [FXGL Background Thread 3 ] DEBUG Engine               - class com.almasb.fxgl.io.FileSystemService
13:08:52.306 [FXGL Background Thread 3 ] DEBUG Engine               - class com.almasb.fxgl.localization.LocalizationService
13:08:52.306 [FXGL Background Thread 3 ] DEBUG Engine               - class com.almasb.fxgl.app.services.SystemBundleService
13:08:52.306 [FXGL Background Thread 3 ] DEBUG Engine               - class com.almasb.fxgl.profile.SaveLoadService
13:08:52.306 [FXGL Background Thread 3 ] DEBUG Engine               - class com.almasb.fxgl.ui.FXGLUIFactoryServiceProvider
13:08:52.306 [FXGL Background Thread 3 ] DEBUG Engine               - class com.almasb.fxgl.ui.FXGLDialogFactoryServiceProvider
13:08:52.306 [FXGL Background Thread 3 ] DEBUG Engine               - class com.almasb.fxgl.audio.AudioPlayer
13:08:52.306 [FXGL Background Thread 3 ] DEBUG Engine               - class com.almasb.fxgl.notification.impl.NotificationServiceProvider
13:08:52.306 [FXGL Background Thread 3 ] DEBUG Engine               - class com.almasb.fxgl.achievement.AchievementService
13:08:52.306 [FXGL Background Thread 3 ] DEBUG Engine               - class com.almasb.fxgl.cutscene.CutsceneService
13:08:52.306 [FXGL Background Thread 3 ] DEBUG Engine               - class com.almasb.fxgl.minigames.MiniGameService
13:08:52.306 [FXGL Background Thread 3 ] DEBUG Engine               - class com.almasb.fxgl.net.NetService
13:08:52.306 [FXGL Background Thread 3 ] DEBUG Engine               - class com.almasb.fxgl.app.services.UpdaterService
13:08:52.306 [FXGL Background Thread 3 ] DEBUG Engine               - class com.almasb.fxgl.dev.DevService
13:08:54.027 [JavaFX Application Thread] DEBUG FXGLApplication      - Exiting FXGL
13:08:54.028 [JavaFX Application Thread] DEBUG LoopRunner           - Stopping loop
13:08:54.029 [JavaFX Application Thread] DEBUG SystemBundleService  - Saving FXGL system data
13:08:54.032 [JavaFX Application Thread] DEBUG FileSystemAccess     - Writing to: /home/legasov/NetBeansProjects/Metegol/system/fxgl.bundle
13:08:54.035 [JavaFX Application Thread] DEBUG Async                - Shutting down background threads
13:08:54.035 [JavaFX Application Thread] DEBUG PrimaryStageWindow   - Closing main window
13:08:54.038 [JavaFX Application Thread] DEBUG Logger               - Closing Logger
