13:07:23.807 [main                     ] DEBUG Logger               - Configured Logger
13:07:23.816 [main                     ] DEBUG GameApplication      - Logging settings
Title: Metegol - Champs 2026
Version: 0.0
Width: 1280
Height: 720
Fullscreen: false
Intro: false
Profiling: false
Single step:false
App Mode: DEVELOPER
Menu Key: ESCAPE
Stage Style: DECORATED
Scene Factory: class com.almasb.fxgl.app.scene.SceneFactory

13:07:24.461 [JavaFX Application Thread] DEBUG FXGLApplication      - Initializing FXGL
13:07:24.464 [JavaFX Application Thread] INFO  Engine               - FXGL-21 (28.12.2023 13.35) on LINUX (J:25.0.3 FX:26)
13:07:24.465 [JavaFX Application Thread] DEBUG Engine               - JRE Vendor Name: Flathub
13:07:24.465 [JavaFX Application Thread] DEBUG Engine               - Running on OS: Linux version 7.1.3-201.fc44.x86_64
13:07:24.465 [JavaFX Application Thread] DEBUG Engine               - Architecture: amd64
13:07:24.465 [JavaFX Application Thread] INFO  Engine               - Source code and latest versions at: https://github.com/AlmasB/FXGL
13:07:24.465 [JavaFX Application Thread] INFO  Engine               -       Ask questions and discuss at: https://github.com/AlmasB/FXGL/discussions
13:07:24.465 [JavaFX Application Thread] INFO  Engine               -              Join the FXGL chat at: https://gitter.im/AlmasB/FXGL
13:07:24.582 [JavaFX Application Thread] DEBUG PrimaryStageWindow   - Creating a JavaFX scene
13:07:24.713 [JavaFX Application Thread] DEBUG PrimaryStageWindow   - Target settings size: 1280.0 x 720.0
13:07:24.713 [JavaFX Application Thread] DEBUG PrimaryStageWindow   - Scaled scene size:    1280.0 x 720.0
13:07:24.713 [JavaFX Application Thread] DEBUG PrimaryStageWindow   - Scaled ratio: (1.0, 1.0)
13:07:24.715 [JavaFX Application Thread] DEBUG PrimaryStageWindow   - Set initial scene to FXGLStartupScene
13:07:24.723 [JavaFX Application Thread] DEBUG PrimaryStageWindow   - Opening main window
13:07:24.852 [JavaFX Application Thread] DEBUG PrimaryStageWindow   - Window border size: (0.0, 35.0)
13:07:24.853 [JavaFX Application Thread] DEBUG PrimaryStageWindow   - Scaled size: 1280.0 x 685.3720703125
13:07:24.853 [JavaFX Application Thread] DEBUG PrimaryStageWindow   - Scaled ratio: (1.0, 0.9519056532118055)
13:07:24.854 [JavaFX Application Thread] DEBUG PrimaryStageWindow   - Scene size: 1280.0 x 720.0
13:07:24.854 [JavaFX Application Thread] DEBUG PrimaryStageWindow   - Stage size: 1280.0 x 720.3720703125
13:07:24.865 [FXGL Background Thread 1 ] DEBUG Engine               - Initializing environment variables
13:07:25.046 [FXGL Background Thread 1 ] DEBUG FXGLAssetLoaderServi - User app class for loading assets: class Metegol.Metegol
13:07:25.047 [FXGL Background Thread 1 ] DEBUG GameApplicationServi - Applying CSS: fxgl_dark.css
13:07:25.048 [FXGL Background Thread 1 ] DEBUG FXGLAssetLoaderServi - Loading from file system: jar:file:/home/legasov/.m2/repository/com/github/almasb/fxgl/21/fxgl-21.jar!/fxglassets/ui/css/fxgl_dark.css
13:07:25.119 [FXGL Background Thread 1 ] DEBUG GameApplicationServi - Initializing application scenes
13:07:25.233 [FXGL Background Thread 1 ] DEBUG GameWorld            - Game world initialized
13:07:25.321 [FXGL Background Thread 1 ] DEBUG PhysicsWorld         - Physics world initialized: appHeight=720, physics.ppm=50.0
13:07:25.321 [FXGL Background Thread 1 ] DEBUG PhysicsWorld         - Using strategy: BRUTE_FORCE
13:07:25.325 [FXGL Background Thread 1 ] DEBUG GameScene            - Game scene initialized: 1280x720
13:07:25.337 [FXGL Background Thread 1 ] DEBUG FXGL.DefaultMenu     - createMenuBodyGameMenu()
13:07:25.360 [FXGL Background Thread 1 ] DEBUG FXGL.DefaultMenu     - createOptionsMenu()
13:07:25.370 [FXGL Background Thread 1 ] DEBUG FXGLAssetLoaderServi - Loading from file system: jar:file:/home/legasov/.m2/repository/com/github/almasb/fxgl/21/fxgl-21.jar!/fxglassets/textures/particles/smoke.png
13:07:25.456 [FXGL Background Thread 1 ] DEBUG FXGLAssetLoaderServi - Loading from file system: jar:file:/home/legasov/.m2/repository/com/github/almasb/fxgl/21/fxgl-21.jar!/fxglassets/textures/particles/trace_horizontal.png
13:07:25.487 [FXGL Background Thread 1 ] DEBUG GameApplicationServi - Application scenes initialized
13:07:25.501 [FXGL Background Thread 1 ] DEBUG SystemBundleService  - Loading FXGL system data
13:07:25.507 [FXGL Background Thread 1 ] DEBUG FileSystemAccess     - Reading from: /home/legasov/NetBeansProjects/Metegol/system/fxgl.bundle
13:07:25.522 [FXGL Background Thread 1 ] DEBUG SystemBundleService  - Bundle FXGL: {}
13:07:25.522 [FXGL Background Thread 1 ] DEBUG UpdaterService       - Checking for updates
13:07:25.532 [FXGL Background Thread 4 ] DEBUG FXGLApplication      - Loading fonts
13:07:25.534 [FXGL Background Thread 1 ] DEBUG FXGLApplication      - Loading default localization
13:07:25.535 [FXGL Background Thread 1 ] DEBUG FXGLAssetLoaderServi - Loading from file system: jar:file:/home/legasov/.m2/repository/com/github/almasb/fxgl/21/fxgl-21.jar!/fxglassets/languages/english.lang
13:07:25.534 [FXGL Background Thread 4 ] DEBUG FXGLAssetLoaderServi - Loading from file system: jar:file:/home/legasov/.m2/repository/com/github/almasb/fxgl/21/fxgl-21.jar!/fxglassets/ui/fonts/VarelaRound-Regular.ttf
13:07:25.549 [FXGL Background Thread 4 ] DEBUG FXGLAssetLoaderServi - Loading from file system: jar:file:/home/legasov/.m2/repository/com/github/almasb/fxgl/21/fxgl-21.jar!/fxglassets/ui/fonts/Abel-Regular.ttf
13:07:25.551 [FXGL Background Thread 4 ] DEBUG FXGLAssetLoaderServi - Loading from file system: jar:file:/home/legasov/.m2/repository/com/github/almasb/fxgl/21/fxgl-21.jar!/fxglassets/ui/fonts/TerminalLandMono-Regular.otf
13:07:25.552 [FXGL Background Thread 4 ] DEBUG FXGLAssetLoaderServi - Loading from file system: jar:file:/home/legasov/.m2/repository/com/github/almasb/fxgl/21/fxgl-21.jar!/fxglassets/ui/fonts/Courier-Prime.ttf
13:07:25.556 [JavaFX Application Thread] DEBUG FXGLApplication      - Registering font factories with UI factory
13:07:25.563 [FXGL Background Thread 1 ] INFO  FXGLApplication      - FXGL initialization took: 0.698 sec
13:07:25.571 [JavaFX Application Thread] DEBUG Input                - Registered new binding: action0 - LMB
13:07:25.573 [JavaFX Application Thread] DEBUG FXGLAssetLoaderServi - Loading from file system: jar:file:/home/legasov/.m2/repository/com/github/almasb/fxgl/21/fxgl-21.jar!/fxglassets/textures/fxgl_icon.png
13:07:25.607 [JavaFX Application Thread] DEBUG FXGLAssetLoaderServi - Loading from file system: jar:file:/home/legasov/.m2/repository/com/github/almasb/fxgl/21/fxgl-21.jar!/fxglassets/textures/fxgl_default_cursor.png
13:07:25.619 [JavaFX Application Thread] DEBUG Input                - Registered new binding: Screenshot - CTRL+8
13:07:25.620 [JavaFX Application Thread] DEBUG Input                - Registered new binding: System info dump - CTRL+9
13:07:25.620 [JavaFX Application Thread] DEBUG Input                - Registered new binding: Restart - CTRL+R
13:07:25.621 [JavaFX Application Thread] DEBUG Input                - Registered new binding: Toggle Debug Camera - CTRL+7
13:07:25.627 [JavaFX Application Thread] DEBUG LoopRunner           - Starting loop
13:07:25.628 [JavaFX Application Thread] DEBUG LoopRunner           - Initializing JavaFX AnimationTimerLoop
13:07:25.634 [JavaFX Application Thread] DEBUG GameApplicationServi - Starting new game
13:07:25.634 [JavaFX Application Thread] DEBUG Input                - Clearing active input actions
13:07:25.657 [JavaFX Application Thread] DEBUG GameApplicationServi - Removing overlay from FXGLStartupScene and adding to FXGLLoadingScene
13:07:25.658 [JavaFX Application Thread] DEBUG PrimaryStageWindow   - FXGLStartupScene -> FXGLLoadingScene
13:07:25.658 [JavaFX Application Thread] DEBUG GameApplicationServi - Clearing previous game
13:07:25.659 [JavaFX Application Thread] DEBUG GameScene            - Clearing game scene
13:07:25.659 [JavaFX Application Thread] DEBUG GameWorld            - Clearing game world
13:07:25.659 [JavaFX Application Thread] DEBUG PhysicsWorld         - Clearing physics world
13:07:25.661 [FXGL Background Thread 1 ] DEBUG FXGLApplication      - Initializing game
13:07:25.673 [FXGL Background Thread 1 ] DEBUG FXGLAssetLoaderServi - Loading from file system: file:/home/legasov/NetBeansProjects/Metegol/target/classes/assets/textures/fondoMenu.png
13:07:25.726 [FXGL Background Thread 1 ] INFO  FXGLApplication      - Game initialization took: 0.064 sec
13:07:26.046 [JavaFX Application Thread] DEBUG Input                - Clearing active input actions
13:07:26.075 [JavaFX Application Thread] DEBUG GameApplicationServi - Removing overlay from FXGLLoadingScene and adding to GameScene
13:07:26.075 [JavaFX Application Thread] DEBUG PrimaryStageWindow   - FXGLLoadingScene -> GameScene
13:07:26.747 [FXGL Background Thread 2 ] INFO  UpdaterService       - Your current version:  21
13:07:26.751 [FXGL Background Thread 2 ] INFO  UpdaterService       - Latest stable version: 25
13:07:28.528 [FXGL Background Thread 3 ] DEBUG Engine               - Logging environment variables
13:07:28.528 [FXGL Background Thread 3 ] DEBUG Engine               - achievements: []
13:07:28.528 [FXGL Background Thread 3 ] DEBUG Engine               - actualHeight: 712.906982421875
13:07:28.528 [FXGL Background Thread 3 ] DEBUG Engine               - actualHeightProperty: ReadOnlyDoubleProperty [value: 712.1627807617188]
13:07:28.528 [FXGL Background Thread 3 ] DEBUG Engine               - actualWidth: 1280.0
13:07:28.529 [FXGL Background Thread 3 ] DEBUG Engine               - actualWidthProperty: ReadOnlyDoubleProperty [value: 1280.0]
13:07:28.529 [FXGL Background Thread 3 ] DEBUG Engine               - appIcon: fxgl_icon.png
13:07:28.529 [FXGL Background Thread 3 ] DEBUG Engine               - applicationMode: DEVELOPER
13:07:28.529 [FXGL Background Thread 3 ] DEBUG Engine               - cSSList: [fxgl_dark.css]
13:07:28.529 [FXGL Background Thread 3 ] DEBUG Engine               - collisionDetectionStrategy: BRUTE_FORCE
13:07:28.529 [FXGL Background Thread 3 ] DEBUG Engine               - configClass: Optional.empty
13:07:28.529 [FXGL Background Thread 3 ] DEBUG Engine               - credits: []
13:07:28.529 [FXGL Background Thread 3 ] DEBUG Engine               - defaultCursor: CursorInfo(imageName=fxgl_default_cursor.png, hotspotX=7.0, hotspotY=6.0)
13:07:28.529 [FXGL Background Thread 3 ] DEBUG Engine               - devBBoxColorProperty: ObjectProperty [value: 0xff0000ff]
13:07:28.529 [FXGL Background Thread 3 ] DEBUG Engine               - devEnableDebugCameraProperty: BooleanProperty [value: false]
13:07:28.529 [FXGL Background Thread 3 ] DEBUG Engine               - devSensorColorProperty: ObjectProperty [value: 0xffff00ff]
13:07:28.529 [FXGL Background Thread 3 ] DEBUG Engine               - devShowBBoxProperty: BooleanProperty [value: false]
13:07:28.529 [FXGL Background Thread 3 ] DEBUG Engine               - devShowPositionProperty: BooleanProperty [value: false]
13:07:28.529 [FXGL Background Thread 3 ] DEBUG Engine               - enabledMenuItems: []
13:07:28.529 [FXGL Background Thread 3 ] DEBUG Engine               - engineServices: [class com.almasb.fxgl.app.services.FXGLAssetLoaderService, class com.almasb.fxgl.app.FXGLApplication$GameApplicationService, class com.almasb.fxgl.app.services.FXGLDialogService, class com.almasb.fxgl.app.services.IOTaskExecutorService, class com.almasb.fxgl.io.FileSystemService, class com.almasb.fxgl.localization.LocalizationService, class com.almasb.fxgl.app.services.SystemBundleService, class com.almasb.fxgl.profile.SaveLoadService, class com.almasb.fxgl.ui.FXGLUIFactoryServiceProvider, class com.almasb.fxgl.ui.FXGLDialogFactoryServiceProvider, class com.almasb.fxgl.audio.AudioPlayer, class com.almasb.fxgl.notification.impl.NotificationServiceProvider, class com.almasb.fxgl.achievement.AchievementService, class com.almasb.fxgl.cutscene.CutsceneService, class com.almasb.fxgl.minigames.MiniGameService, class com.almasb.fxgl.net.NetService, class com.almasb.fxgl.app.services.UpdaterService, class com.almasb.fxgl.dev.DevService]
13:07:28.529 [FXGL Background Thread 3 ] DEBUG Engine               - fontGame: Abel-Regular.ttf
13:07:28.529 [FXGL Background Thread 3 ] DEBUG Engine               - fontMono: TerminalLandMono-Regular.otf
13:07:28.530 [FXGL Background Thread 3 ] DEBUG Engine               - fontSizeScaleUI: 1.0
13:07:28.530 [FXGL Background Thread 3 ] DEBUG Engine               - fontText: Courier-Prime.ttf
13:07:28.530 [FXGL Background Thread 3 ] DEBUG Engine               - fontUI: VarelaRound-Regular.ttf
13:07:28.530 [FXGL Background Thread 3 ] DEBUG Engine               - fullScreen: BooleanProperty [value: false]
13:07:28.530 [FXGL Background Thread 3 ] DEBUG Engine               - gameDifficulty: MEDIUM
13:07:28.530 [FXGL Background Thread 3 ] DEBUG Engine               - gameDifficultyProperty: ObjectProperty [value: MEDIUM]
13:07:28.530 [FXGL Background Thread 3 ] DEBUG Engine               - globalMusicVolume: 0.5
13:07:28.530 [FXGL Background Thread 3 ] DEBUG Engine               - globalMusicVolumeProperty: DoubleProperty [value: 0.5]
13:07:28.530 [FXGL Background Thread 3 ] DEBUG Engine               - globalSoundVolume: 0.5
13:07:28.532 [FXGL Background Thread 3 ] DEBUG Engine               - globalSoundVolumeProperty: DoubleProperty [value: 0.5]
13:07:28.533 [FXGL Background Thread 3 ] DEBUG Engine               - height: 720
13:07:28.533 [FXGL Background Thread 3 ] DEBUG Engine               - is3D: false
13:07:28.533 [FXGL Background Thread 3 ] DEBUG Engine               - isAndroid: false
13:07:28.534 [FXGL Background Thread 3 ] DEBUG Engine               - isBrowser: false
13:07:28.534 [FXGL Background Thread 3 ] DEBUG Engine               - isClickFeedbackEnabled: false
13:07:28.534 [FXGL Background Thread 3 ] DEBUG Engine               - isCloseConfirmation: false
13:07:28.534 [FXGL Background Thread 3 ] DEBUG Engine               - isDesktop: true
13:07:28.534 [FXGL Background Thread 3 ] DEBUG Engine               - isDeveloperMenuEnabled: false
13:07:28.534 [FXGL Background Thread 3 ] DEBUG Engine               - isEmbedded: false
13:07:28.534 [FXGL Background Thread 3 ] DEBUG Engine               - isEntityPreloadEnabled: true
13:07:28.534 [FXGL Background Thread 3 ] DEBUG Engine               - isExperimentalTiledLargeMap: false
13:07:28.534 [FXGL Background Thread 3 ] DEBUG Engine               - isFileSystemWriteAllowed: true
13:07:28.534 [FXGL Background Thread 3 ] DEBUG Engine               - isFullScreenAllowed: false
13:07:28.534 [FXGL Background Thread 3 ] DEBUG Engine               - isFullScreenFromStart: false
13:07:28.534 [FXGL Background Thread 3 ] DEBUG Engine               - isGameMenuEnabled: true
13:07:28.534 [FXGL Background Thread 3 ] DEBUG Engine               - isIOS: false
13:07:28.534 [FXGL Background Thread 3 ] DEBUG Engine               - isIntroEnabled: false
13:07:28.534 [FXGL Background Thread 3 ] DEBUG Engine               - isLinux: true
13:07:28.535 [FXGL Background Thread 3 ] DEBUG Engine               - isMac: false
13:07:28.535 [FXGL Background Thread 3 ] DEBUG Engine               - isMainMenuEnabled: false
13:07:28.535 [FXGL Background Thread 3 ] DEBUG Engine               - isManualResizeEnabled: false
13:07:28.535 [FXGL Background Thread 3 ] DEBUG Engine               - isMobile: false
13:07:28.535 [FXGL Background Thread 3 ] DEBUG Engine               - isNative: false
13:07:28.535 [FXGL Background Thread 3 ] DEBUG Engine               - isPauseMusicWhenMinimized: true
13:07:28.535 [FXGL Background Thread 3 ] DEBUG Engine               - isPreserveResizeRatio: false
13:07:28.535 [FXGL Background Thread 3 ] DEBUG Engine               - isProfilingEnabled: false
13:07:28.535 [FXGL Background Thread 3 ] DEBUG Engine               - isScaleAffectedOnResize: true
13:07:28.535 [FXGL Background Thread 3 ] DEBUG Engine               - isSingleStep: false
13:07:28.535 [FXGL Background Thread 3 ] DEBUG Engine               - isUserProfileEnabled: false
13:07:28.535 [FXGL Background Thread 3 ] DEBUG Engine               - isWindows: false
13:07:28.535 [FXGL Background Thread 3 ] DEBUG Engine               - language: ObjectProperty [value: ENGLISH]
13:07:28.535 [FXGL Background Thread 3 ] DEBUG Engine               - menuKey: ESCAPE
13:07:28.535 [FXGL Background Thread 3 ] DEBUG Engine               - mouseSensitivity: 0.2
13:07:28.535 [FXGL Background Thread 3 ] DEBUG Engine               - notificationViewClass: class com.almasb.fxgl.notification.view.XboxNotificationView
13:07:28.535 [FXGL Background Thread 3 ] DEBUG Engine               - pixelsPerMeter: 50.0
13:07:28.535 [FXGL Background Thread 3 ] DEBUG Engine               - platform: LINUX
13:07:28.535 [FXGL Background Thread 3 ] DEBUG Engine               - prefHeightProperty: ReadOnlyDoubleProperty [value: 720.0]
13:07:28.535 [FXGL Background Thread 3 ] DEBUG Engine               - prefWidthProperty: ReadOnlyDoubleProperty [value: 1280.0]
13:07:28.535 [FXGL Background Thread 3 ] DEBUG Engine               - profileDir: profiles/
13:07:28.536 [FXGL Background Thread 3 ] DEBUG Engine               - profileName: StringProperty [value: DEFAULT]
13:07:28.537 [FXGL Background Thread 3 ] DEBUG Engine               - randomSeed: -1
13:07:28.537 [FXGL Background Thread 3 ] DEBUG Engine               - runtimeInfo: RuntimeInfo(platform=LINUX, version=21, build=28.12.2023 13.35)
13:07:28.537 [FXGL Background Thread 3 ] DEBUG Engine               - saveFileExt: sav
13:07:28.539 [FXGL Background Thread 3 ] DEBUG Engine               - scaledHeightProp$fxgl: DoubleProperty [bound, value: 712.1627807617188]
13:07:28.539 [FXGL Background Thread 3 ] DEBUG Engine               - scaledWidthProp$fxgl: DoubleProperty [bound, value: 1280.0]
13:07:28.539 [FXGL Background Thread 3 ] DEBUG Engine               - sceneFactory: com.almasb.fxgl.app.scene.SceneFactory@14e0faec
13:07:28.539 [FXGL Background Thread 3 ] DEBUG Engine               - secondsIn24h: 60
13:07:28.539 [FXGL Background Thread 3 ] DEBUG Engine               - soundMenuBack: menu/back.wav
13:07:28.539 [FXGL Background Thread 3 ] DEBUG Engine               - soundMenuPress: menu/press.wav
13:07:28.539 [FXGL Background Thread 3 ] DEBUG Engine               - soundMenuSelect: menu/select.wav
13:07:28.539 [FXGL Background Thread 3 ] DEBUG Engine               - soundNotification: core/notification.wav
13:07:28.539 [FXGL Background Thread 3 ] DEBUG Engine               - stageStyle: DECORATED
13:07:28.539 [FXGL Background Thread 3 ] DEBUG Engine               - supportedLanguages: [ENGLISH, FRENCH, GERMAN, HUNGARIAN, RUSSIAN]
13:07:28.539 [FXGL Background Thread 3 ] DEBUG Engine               - ticksPerSecond: -1
13:07:28.539 [FXGL Background Thread 3 ] DEBUG Engine               - title: Metegol - Champs 2026
13:07:28.540 [FXGL Background Thread 3 ] DEBUG Engine               - urlGithub: https://github.com/AlmasB/FXGL
13:07:28.540 [FXGL Background Thread 3 ] DEBUG Engine               - urlLeaderboard: http://fxgl-top.herokuapp.com/
13:07:28.540 [FXGL Background Thread 3 ] DEBUG Engine               - urlPOM: https://raw.githubusercontent.com/AlmasB/FXGL/release/README.md
13:07:28.540 [FXGL Background Thread 3 ] DEBUG Engine               - userAppClass: class Metegol.Metegol
13:07:28.540 [FXGL Background Thread 3 ] DEBUG Engine               - version: 0.0
13:07:28.540 [FXGL Background Thread 3 ] DEBUG Engine               - versionCheckDays: 7
13:07:28.540 [FXGL Background Thread 3 ] DEBUG Engine               - width: 1280
13:07:28.540 [FXGL Background Thread 3 ] DEBUG Engine               - Logging services
13:07:28.540 [FXGL Background Thread 3 ] DEBUG Engine               - class com.almasb.fxgl.app.services.FXGLAssetLoaderService
13:07:28.540 [FXGL Background Thread 3 ] DEBUG Engine               - class com.almasb.fxgl.app.FXGLApplication$GameApplicationService
13:07:28.540 [FXGL Background Thread 3 ] DEBUG Engine               - class com.almasb.fxgl.app.services.FXGLDialogService
13:07:28.540 [FXGL Background Thread 3 ] DEBUG Engine               - class com.almasb.fxgl.app.services.IOTaskExecutorService
13:07:28.540 [FXGL Background Thread 3 ] DEBUG Engine               - class com.almasb.fxgl.io.FileSystemService
13:07:28.540 [FXGL Background Thread 3 ] DEBUG Engine               - class com.almasb.fxgl.localization.LocalizationService
13:07:28.540 [FXGL Background Thread 3 ] DEBUG Engine               - class com.almasb.fxgl.app.services.SystemBundleService
13:07:28.540 [FXGL Background Thread 3 ] DEBUG Engine               - class com.almasb.fxgl.profile.SaveLoadService
13:07:28.540 [FXGL Background Thread 3 ] DEBUG Engine               - class com.almasb.fxgl.ui.FXGLUIFactoryServiceProvider
13:07:28.540 [FXGL Background Thread 3 ] DEBUG Engine               - class com.almasb.fxgl.ui.FXGLDialogFactoryServiceProvider
13:07:28.540 [FXGL Background Thread 3 ] DEBUG Engine               - class com.almasb.fxgl.audio.AudioPlayer
13:07:28.540 [FXGL Background Thread 3 ] DEBUG Engine               - class com.almasb.fxgl.notification.impl.NotificationServiceProvider
13:07:28.541 [FXGL Background Thread 3 ] DEBUG Engine               - class com.almasb.fxgl.achievement.AchievementService
13:07:28.541 [FXGL Background Thread 3 ] DEBUG Engine               - class com.almasb.fxgl.cutscene.CutsceneService
13:07:28.541 [FXGL Background Thread 3 ] DEBUG Engine               - class com.almasb.fxgl.minigames.MiniGameService
13:07:28.541 [FXGL Background Thread 3 ] DEBUG Engine               - class com.almasb.fxgl.net.NetService
13:07:28.541 [FXGL Background Thread 3 ] DEBUG Engine               - class com.almasb.fxgl.app.services.UpdaterService
13:07:28.541 [FXGL Background Thread 3 ] DEBUG Engine               - class com.almasb.fxgl.dev.DevService
13:08:02.087 [JavaFX Application Thread] DEBUG FXGLApplication      - Exiting FXGL
13:08:02.088 [JavaFX Application Thread] DEBUG LoopRunner           - Stopping loop
13:08:02.089 [JavaFX Application Thread] DEBUG SystemBundleService  - Saving FXGL system data
13:08:02.098 [JavaFX Application Thread] DEBUG FileSystemAccess     - Writing to: /home/legasov/NetBeansProjects/Metegol/system/fxgl.bundle
13:08:02.103 [JavaFX Application Thread] DEBUG Async                - Shutting down background threads
13:08:02.103 [JavaFX Application Thread] DEBUG PrimaryStageWindow   - Closing main window
13:08:02.105 [JavaFX Application Thread] DEBUG Logger               - Closing Logger
