06:55:05.574 [main                     ] DEBUG Logger               - Configured Logger
06:55:05.585 [main                     ] DEBUG GameApplication      - Logging settings
Title: Metegol - Champs 2026
Version: 0.0
Width: 1280
Height: 720
Fullscreen: false
Intro: false
Profiling: false
Single step:false
App Mode: DEVELOPER
Menu Key: ESCAPE
Stage Style: DECORATED
Scene Factory: class com.almasb.fxgl.app.scene.SceneFactory

06:55:06.447 [JavaFX Application Thread] DEBUG FXGLApplication      - Initializing FXGL
06:55:06.452 [JavaFX Application Thread] INFO  Engine               - FXGL-21 (28.12.2023 13.35) on WINDOWS (J:26.0.1 FX:26)
06:55:06.453 [JavaFX Application Thread] DEBUG Engine               - JRE Vendor Name: Eclipse Adoptium
06:55:06.453 [JavaFX Application Thread] DEBUG Engine               - Running on OS: Windows 11 version 10.0
06:55:06.453 [JavaFX Application Thread] DEBUG Engine               - Architecture: amd64
06:55:06.453 [JavaFX Application Thread] INFO  Engine               - Source code and latest versions at: https://github.com/AlmasB/FXGL
06:55:06.453 [JavaFX Application Thread] INFO  Engine               -       Ask questions and discuss at: https://github.com/AlmasB/FXGL/discussions
06:55:06.453 [JavaFX Application Thread] INFO  Engine               -              Join the FXGL chat at: https://gitter.im/AlmasB/FXGL
06:55:06.738 [JavaFX Application Thread] DEBUG PrimaryStageWindow   - Creating a JavaFX scene
06:55:06.887 [JavaFX Application Thread] DEBUG PrimaryStageWindow   - Target settings size: 1280.0 x 720.0
06:55:06.888 [JavaFX Application Thread] DEBUG PrimaryStageWindow   - Scaled scene size:    1280.0 x 720.0
06:55:06.888 [JavaFX Application Thread] DEBUG PrimaryStageWindow   - Scaled ratio: (1.0, 1.0)
06:55:06.890 [JavaFX Application Thread] DEBUG PrimaryStageWindow   - Set initial scene to FXGLStartupScene
06:55:06.897 [JavaFX Application Thread] DEBUG PrimaryStageWindow   - Opening main window
06:55:07.675 [JavaFX Application Thread] DEBUG PrimaryStageWindow   - Window border size: (16.0, 39.0)
06:55:07.676 [JavaFX Application Thread] DEBUG PrimaryStageWindow   - Scaled size: 1280.0 x 720.0
06:55:07.676 [JavaFX Application Thread] DEBUG PrimaryStageWindow   - Scaled ratio: (1.0, 1.0)
06:55:07.676 [JavaFX Application Thread] DEBUG PrimaryStageWindow   - Scene size: 1280.0 x 720.0
06:55:07.677 [JavaFX Application Thread] DEBUG PrimaryStageWindow   - Stage size: 1296.0 x 759.0
06:55:07.698 [FXGL Background Thread 1 ] DEBUG Engine               - Initializing environment variables
06:55:07.813 [FXGL Background Thread 1 ] DEBUG FXGLAssetLoaderServi - User app class for loading assets: class Metegol.Metegol
06:55:07.813 [FXGL Background Thread 1 ] DEBUG GameApplicationServi - Applying CSS: fxgl_dark.css
06:55:07.814 [FXGL Background Thread 1 ] DEBUG FXGLAssetLoaderServi - Loading from file system: jar:file:/C:/Users/gabri/.m2/repository/com/github/almasb/fxgl/21/fxgl-21.jar!/fxglassets/ui/css/fxgl_dark.css
06:55:07.880 [FXGL Background Thread 1 ] DEBUG GameApplicationServi - Initializing application scenes
06:55:07.984 [FXGL Background Thread 1 ] DEBUG GameWorld            - Game world initialized
06:55:08.107 [FXGL Background Thread 1 ] DEBUG PhysicsWorld         - Physics world initialized: appHeight=720, physics.ppm=50.0
06:55:08.110 [FXGL Background Thread 1 ] DEBUG PhysicsWorld         - Using strategy: BRUTE_FORCE
06:55:08.119 [FXGL Background Thread 1 ] DEBUG GameScene            - Game scene initialized: 1280x720
06:55:08.140 [FXGL Background Thread 1 ] DEBUG FXGL.DefaultMenu     - createMenuBodyGameMenu()
06:55:08.169 [FXGL Background Thread 1 ] DEBUG FXGL.DefaultMenu     - createOptionsMenu()
06:55:08.192 [FXGL Background Thread 1 ] DEBUG FXGLAssetLoaderServi - Loading from file system: jar:file:/C:/Users/gabri/.m2/repository/com/github/almasb/fxgl/21/fxgl-21.jar!/fxglassets/textures/particles/smoke.png
06:55:08.362 [FXGL Background Thread 1 ] DEBUG FXGLAssetLoaderServi - Loading from file system: jar:file:/C:/Users/gabri/.m2/repository/com/github/almasb/fxgl/21/fxgl-21.jar!/fxglassets/textures/particles/trace_horizontal.png
06:55:08.403 [FXGL Background Thread 1 ] DEBUG GameApplicationServi - Application scenes initialized
06:55:08.437 [FXGL Background Thread 1 ] DEBUG SystemBundleService  - Loading FXGL system data
06:55:08.451 [FXGL Background Thread 1 ] DEBUG FileSystemAccess     - Reading from: C:\Users\gabri\Metegol\system\fxgl.bundle
06:55:08.473 [FXGL Background Thread 1 ] DEBUG SystemBundleService  - Bundle FXGL: {}
06:55:08.473 [FXGL Background Thread 1 ] DEBUG UpdaterService       - Checking for updates
06:55:08.485 [FXGL Background Thread 1 ] DEBUG FXGLApplication      - Loading default localization
06:55:08.485 [FXGL Background Thread 1 ] DEBUG FXGLAssetLoaderServi - Loading from file system: jar:file:/C:/Users/gabri/.m2/repository/com/github/almasb/fxgl/21/fxgl-21.jar!/fxglassets/languages/english.lang
06:55:08.501 [FXGL Background Thread 4 ] DEBUG FXGLApplication      - Loading fonts
06:55:08.502 [FXGL Background Thread 4 ] DEBUG FXGLAssetLoaderServi - Loading from file system: jar:file:/C:/Users/gabri/.m2/repository/com/github/almasb/fxgl/21/fxgl-21.jar!/fxglassets/ui/fonts/VarelaRound-Regular.ttf
06:55:08.539 [FXGL Background Thread 1 ] INFO  FXGLApplication      - FXGL initialization took: 0.840 sec
06:55:08.548 [JavaFX Application Thread] DEBUG Input                - Registered new binding: action0 - LMB
06:55:08.548 [JavaFX Application Thread] DEBUG FXGLAssetLoaderServi - Loading from file system: jar:file:/C:/Users/gabri/.m2/repository/com/github/almasb/fxgl/21/fxgl-21.jar!/fxglassets/textures/fxgl_icon.png
06:55:08.572 [JavaFX Application Thread] DEBUG FXGLAssetLoaderServi - Loading from file system: jar:file:/C:/Users/gabri/.m2/repository/com/github/almasb/fxgl/21/fxgl-21.jar!/fxglassets/textures/fxgl_default_cursor.png
06:55:08.586 [JavaFX Application Thread] DEBUG Input                - Registered new binding: Screenshot - CTRL+8
06:55:08.586 [JavaFX Application Thread] DEBUG Input                - Registered new binding: System info dump - CTRL+9
06:55:08.587 [JavaFX Application Thread] DEBUG Input                - Registered new binding: Restart - CTRL+R
06:55:08.588 [JavaFX Application Thread] DEBUG Input                - Registered new binding: Toggle Debug Camera - CTRL+7
06:55:08.594 [JavaFX Application Thread] DEBUG LoopRunner           - Starting loop
06:55:08.594 [JavaFX Application Thread] DEBUG LoopRunner           - Initializing JavaFX AnimationTimerLoop
06:55:08.599 [JavaFX Application Thread] DEBUG GameApplicationServi - Starting new game
06:55:08.599 [JavaFX Application Thread] DEBUG Input                - Clearing active input actions
06:55:08.618 [JavaFX Application Thread] DEBUG GameApplicationServi - Removing overlay from FXGLStartupScene and adding to FXGLLoadingScene
06:55:08.618 [JavaFX Application Thread] DEBUG PrimaryStageWindow   - FXGLStartupScene -> FXGLLoadingScene
06:55:08.618 [JavaFX Application Thread] DEBUG GameApplicationServi - Clearing previous game
06:55:08.618 [JavaFX Application Thread] DEBUG GameScene            - Clearing game scene
06:55:08.619 [JavaFX Application Thread] DEBUG GameWorld            - Clearing game world
06:55:08.619 [JavaFX Application Thread] DEBUG PhysicsWorld         - Clearing physics world
06:55:08.622 [FXGL Background Thread 1 ] DEBUG FXGLApplication      - Initializing game
06:55:08.646 [FXGL Background Thread 1 ] DEBUG FXGLAssetLoaderServi - Loading from file system: file:/C:/Users/gabri/Metegol/target/classes/assets/textures/fondoMenu.png
06:55:08.874 [FXGL Background Thread 1 ] INFO  FXGLApplication      - Game initialization took: 0.253 sec
06:55:08.915 [FXGL Background Thread 4 ] DEBUG FXGLAssetLoaderServi - Loading from file system: jar:file:/C:/Users/gabri/.m2/repository/com/github/almasb/fxgl/21/fxgl-21.jar!/fxglassets/ui/fonts/Abel-Regular.ttf
06:55:08.921 [FXGL Background Thread 4 ] DEBUG FXGLAssetLoaderServi - Loading from file system: jar:file:/C:/Users/gabri/.m2/repository/com/github/almasb/fxgl/21/fxgl-21.jar!/fxglassets/ui/fonts/TerminalLandMono-Regular.otf
06:55:08.929 [FXGL Background Thread 4 ] DEBUG FXGLAssetLoaderServi - Loading from file system: jar:file:/C:/Users/gabri/.m2/repository/com/github/almasb/fxgl/21/fxgl-21.jar!/fxglassets/ui/fonts/Courier-Prime.ttf
06:55:08.965 [JavaFX Application Thread] DEBUG Input                - Clearing active input actions
06:55:08.984 [JavaFX Application Thread] DEBUG GameApplicationServi - Removing overlay from FXGLLoadingScene and adding to GameScene
06:55:08.984 [JavaFX Application Thread] DEBUG PrimaryStageWindow   - FXGLLoadingScene -> GameScene
06:55:08.985 [JavaFX Application Thread] DEBUG FXGLApplication      - Registering font factories with UI factory
06:55:10.012 [FXGL Background Thread 2 ] INFO  UpdaterService       - Your current version:  21
06:55:10.013 [FXGL Background Thread 2 ] INFO  UpdaterService       - Latest stable version: 25
06:55:11.480 [FXGL Background Thread 3 ] DEBUG Engine               - Logging environment variables
06:55:11.482 [FXGL Background Thread 3 ] DEBUG Engine               - achievements: []
06:55:11.483 [FXGL Background Thread 3 ] DEBUG Engine               - actualHeight: 720.0
06:55:11.483 [FXGL Background Thread 3 ] DEBUG Engine               - actualHeightProperty: ReadOnlyDoubleProperty [value: 720.0]
06:55:11.483 [FXGL Background Thread 3 ] DEBUG Engine               - actualWidth: 1280.0
06:55:11.483 [FXGL Background Thread 3 ] DEBUG Engine               - actualWidthProperty: ReadOnlyDoubleProperty [value: 1280.0]
06:55:11.484 [FXGL Background Thread 3 ] DEBUG Engine               - appIcon: fxgl_icon.png
06:55:11.484 [FXGL Background Thread 3 ] DEBUG Engine               - applicationMode: DEVELOPER
06:55:11.484 [FXGL Background Thread 3 ] DEBUG Engine               - cSSList: [fxgl_dark.css]
06:55:11.484 [FXGL Background Thread 3 ] DEBUG Engine               - collisionDetectionStrategy: BRUTE_FORCE
06:55:11.484 [FXGL Background Thread 3 ] DEBUG Engine               - configClass: Optional.empty
06:55:11.486 [FXGL Background Thread 3 ] DEBUG Engine               - credits: []
06:55:11.486 [FXGL Background Thread 3 ] DEBUG Engine               - defaultCursor: CursorInfo(imageName=fxgl_default_cursor.png, hotspotX=7.0, hotspotY=6.0)
06:55:11.487 [FXGL Background Thread 3 ] DEBUG Engine               - devBBoxColorProperty: ObjectProperty [value: 0xff0000ff]
06:55:11.487 [FXGL Background Thread 3 ] DEBUG Engine               - devEnableDebugCameraProperty: BooleanProperty [value: false]
06:55:11.487 [FXGL Background Thread 3 ] DEBUG Engine               - devSensorColorProperty: ObjectProperty [value: 0xffff00ff]
06:55:11.487 [FXGL Background Thread 3 ] DEBUG Engine               - devShowBBoxProperty: BooleanProperty [value: false]
06:55:11.493 [FXGL Background Thread 3 ] DEBUG Engine               - devShowPositionProperty: BooleanProperty [value: false]
06:55:11.494 [FXGL Background Thread 3 ] DEBUG Engine               - enabledMenuItems: []
06:55:11.494 [FXGL Background Thread 3 ] DEBUG Engine               - engineServices: [class com.almasb.fxgl.app.services.FXGLAssetLoaderService, class com.almasb.fxgl.app.FXGLApplication$GameApplicationService, class com.almasb.fxgl.app.services.FXGLDialogService, class com.almasb.fxgl.app.services.IOTaskExecutorService, class com.almasb.fxgl.io.FileSystemService, class com.almasb.fxgl.localization.LocalizationService, class com.almasb.fxgl.app.services.SystemBundleService, class com.almasb.fxgl.profile.SaveLoadService, class com.almasb.fxgl.ui.FXGLUIFactoryServiceProvider, class com.almasb.fxgl.ui.FXGLDialogFactoryServiceProvider, class com.almasb.fxgl.audio.AudioPlayer, class com.almasb.fxgl.notification.impl.NotificationServiceProvider, class com.almasb.fxgl.achievement.AchievementService, class com.almasb.fxgl.cutscene.CutsceneService, class com.almasb.fxgl.minigames.MiniGameService, class com.almasb.fxgl.net.NetService, class com.almasb.fxgl.app.services.UpdaterService, class com.almasb.fxgl.dev.DevService]
06:55:11.494 [FXGL Background Thread 3 ] DEBUG Engine               - fontGame: Abel-Regular.ttf
06:55:11.494 [FXGL Background Thread 3 ] DEBUG Engine               - fontMono: TerminalLandMono-Regular.otf
06:55:11.495 [FXGL Background Thread 3 ] DEBUG Engine               - fontSizeScaleUI: 1.0
06:55:11.495 [FXGL Background Thread 3 ] DEBUG Engine               - fontText: Courier-Prime.ttf
06:55:11.497 [FXGL Background Thread 3 ] DEBUG Engine               - fontUI: VarelaRound-Regular.ttf
06:55:11.497 [FXGL Background Thread 3 ] DEBUG Engine               - fullScreen: BooleanProperty [value: false]
06:55:11.497 [FXGL Background Thread 3 ] DEBUG Engine               - gameDifficulty: MEDIUM
06:55:11.498 [FXGL Background Thread 3 ] DEBUG Engine               - gameDifficultyProperty: ObjectProperty [value: MEDIUM]
06:55:11.498 [FXGL Background Thread 3 ] DEBUG Engine               - globalMusicVolume: 0.5
06:55:11.498 [FXGL Background Thread 3 ] DEBUG Engine               - globalMusicVolumeProperty: DoubleProperty [value: 0.5]
06:55:11.498 [FXGL Background Thread 3 ] DEBUG Engine               - globalSoundVolume: 0.5
06:55:11.498 [FXGL Background Thread 3 ] DEBUG Engine               - globalSoundVolumeProperty: DoubleProperty [value: 0.5]
06:55:11.500 [FXGL Background Thread 3 ] DEBUG Engine               - height: 720
06:55:11.500 [FXGL Background Thread 3 ] DEBUG Engine               - is3D: false
06:55:11.501 [FXGL Background Thread 3 ] DEBUG Engine               - isAndroid: false
06:55:11.501 [FXGL Background Thread 3 ] DEBUG Engine               - isBrowser: false
06:55:11.501 [FXGL Background Thread 3 ] DEBUG Engine               - isClickFeedbackEnabled: false
06:55:11.501 [FXGL Background Thread 3 ] DEBUG Engine               - isCloseConfirmation: false
06:55:11.502 [FXGL Background Thread 3 ] DEBUG Engine               - isDesktop: true
06:55:11.502 [FXGL Background Thread 3 ] DEBUG Engine               - isDeveloperMenuEnabled: false
06:55:11.502 [FXGL Background Thread 3 ] DEBUG Engine               - isEmbedded: false
06:55:11.502 [FXGL Background Thread 3 ] DEBUG Engine               - isEntityPreloadEnabled: true
06:55:11.502 [FXGL Background Thread 3 ] DEBUG Engine               - isExperimentalTiledLargeMap: false
06:55:11.502 [FXGL Background Thread 3 ] DEBUG Engine               - isFileSystemWriteAllowed: true
06:55:11.503 [FXGL Background Thread 3 ] DEBUG Engine               - isFullScreenAllowed: false
06:55:11.503 [FXGL Background Thread 3 ] DEBUG Engine               - isFullScreenFromStart: false
06:55:11.503 [FXGL Background Thread 3 ] DEBUG Engine               - isGameMenuEnabled: true
06:55:11.503 [FXGL Background Thread 3 ] DEBUG Engine               - isIOS: false
06:55:11.504 [FXGL Background Thread 3 ] DEBUG Engine               - isIntroEnabled: false
06:55:11.504 [FXGL Background Thread 3 ] DEBUG Engine               - isLinux: false
06:55:11.504 [FXGL Background Thread 3 ] DEBUG Engine               - isMac: false
06:55:11.504 [FXGL Background Thread 3 ] DEBUG Engine               - isMainMenuEnabled: false
06:55:11.504 [FXGL Background Thread 3 ] DEBUG Engine               - isManualResizeEnabled: false
06:55:11.504 [FXGL Background Thread 3 ] DEBUG Engine               - isMobile: false
06:55:11.505 [FXGL Background Thread 3 ] DEBUG Engine               - isNative: false
06:55:11.505 [FXGL Background Thread 3 ] DEBUG Engine               - isPauseMusicWhenMinimized: true
06:55:11.505 [FXGL Background Thread 3 ] DEBUG Engine               - isPreserveResizeRatio: false
06:55:11.505 [FXGL Background Thread 3 ] DEBUG Engine               - isProfilingEnabled: false
06:55:11.505 [FXGL Background Thread 3 ] DEBUG Engine               - isScaleAffectedOnResize: true
06:55:11.506 [FXGL Background Thread 3 ] DEBUG Engine               - isSingleStep: false
06:55:11.506 [FXGL Background Thread 3 ] DEBUG Engine               - isUserProfileEnabled: false
06:55:11.506 [FXGL Background Thread 3 ] DEBUG Engine               - isWindows: true
06:55:11.506 [FXGL Background Thread 3 ] DEBUG Engine               - language: ObjectProperty [value: ENGLISH]
06:55:11.506 [FXGL Background Thread 3 ] DEBUG Engine               - menuKey: ESCAPE
06:55:11.507 [FXGL Background Thread 3 ] DEBUG Engine               - mouseSensitivity: 0.2
06:55:11.507 [FXGL Background Thread 3 ] DEBUG Engine               - notificationViewClass: class com.almasb.fxgl.notification.view.XboxNotificationView
06:55:11.507 [FXGL Background Thread 3 ] DEBUG Engine               - pixelsPerMeter: 50.0
06:55:11.507 [FXGL Background Thread 3 ] DEBUG Engine               - platform: WINDOWS
06:55:11.507 [FXGL Background Thread 3 ] DEBUG Engine               - prefHeightProperty: ReadOnlyDoubleProperty [value: 720.0]
06:55:11.508 [FXGL Background Thread 3 ] DEBUG Engine               - prefWidthProperty: ReadOnlyDoubleProperty [value: 1280.0]
06:55:11.508 [FXGL Background Thread 3 ] DEBUG Engine               - profileDir: profiles/
06:55:11.508 [FXGL Background Thread 3 ] DEBUG Engine               - profileName: StringProperty [value: DEFAULT]
06:55:11.508 [FXGL Background Thread 3 ] DEBUG Engine               - randomSeed: -1
06:55:11.509 [FXGL Background Thread 3 ] DEBUG Engine               - runtimeInfo: RuntimeInfo(platform=WINDOWS, version=21, build=28.12.2023 13.35)
06:55:11.510 [FXGL Background Thread 3 ] DEBUG Engine               - saveFileExt: sav
06:55:11.510 [FXGL Background Thread 3 ] DEBUG Engine               - scaledHeightProp$fxgl: DoubleProperty [bound, value: 720.0]
06:55:11.510 [FXGL Background Thread 3 ] DEBUG Engine               - scaledWidthProp$fxgl: DoubleProperty [bound, value: 1280.0]
06:55:11.510 [FXGL Background Thread 3 ] DEBUG Engine               - sceneFactory: com.almasb.fxgl.app.scene.SceneFactory@124f247
06:55:11.510 [FXGL Background Thread 3 ] DEBUG Engine               - secondsIn24h: 60
06:55:11.511 [FXGL Background Thread 3 ] DEBUG Engine               - soundMenuBack: menu/back.wav
06:55:11.511 [FXGL Background Thread 3 ] DEBUG Engine               - soundMenuPress: menu/press.wav
06:55:11.511 [FXGL Background Thread 3 ] DEBUG Engine               - soundMenuSelect: menu/select.wav
06:55:11.511 [FXGL Background Thread 3 ] DEBUG Engine               - soundNotification: core/notification.wav
06:55:11.511 [FXGL Background Thread 3 ] DEBUG Engine               - stageStyle: DECORATED
06:55:11.511 [FXGL Background Thread 3 ] DEBUG Engine               - supportedLanguages: [ENGLISH, FRENCH, GERMAN, HUNGARIAN, RUSSIAN]
06:55:11.511 [FXGL Background Thread 3 ] DEBUG Engine               - ticksPerSecond: -1
06:55:11.511 [FXGL Background Thread 3 ] DEBUG Engine               - title: Metegol - Champs 2026
06:55:11.513 [FXGL Background Thread 3 ] DEBUG Engine               - urlGithub: https://github.com/AlmasB/FXGL
06:55:11.513 [FXGL Background Thread 3 ] DEBUG Engine               - urlLeaderboard: http://fxgl-top.herokuapp.com/
06:55:11.513 [FXGL Background Thread 3 ] DEBUG Engine               - urlPOM: https://raw.githubusercontent.com/AlmasB/FXGL/release/README.md
06:55:11.513 [FXGL Background Thread 3 ] DEBUG Engine               - userAppClass: class Metegol.Metegol
06:55:11.513 [FXGL Background Thread 3 ] DEBUG Engine               - version: 0.0
06:55:11.513 [FXGL Background Thread 3 ] DEBUG Engine               - versionCheckDays: 7
06:55:11.513 [FXGL Background Thread 3 ] DEBUG Engine               - width: 1280
06:55:11.513 [FXGL Background Thread 3 ] DEBUG Engine               - Logging services
06:55:11.513 [FXGL Background Thread 3 ] DEBUG Engine               - class com.almasb.fxgl.app.services.FXGLAssetLoaderService
06:55:11.513 [FXGL Background Thread 3 ] DEBUG Engine               - class com.almasb.fxgl.app.FXGLApplication$GameApplicationService
06:55:11.513 [FXGL Background Thread 3 ] DEBUG Engine               - class com.almasb.fxgl.app.services.FXGLDialogService
06:55:11.514 [FXGL Background Thread 3 ] DEBUG Engine               - class com.almasb.fxgl.app.services.IOTaskExecutorService
06:55:11.514 [FXGL Background Thread 3 ] DEBUG Engine               - class com.almasb.fxgl.io.FileSystemService
06:55:11.514 [FXGL Background Thread 3 ] DEBUG Engine               - class com.almasb.fxgl.localization.LocalizationService
06:55:11.514 [FXGL Background Thread 3 ] DEBUG Engine               - class com.almasb.fxgl.app.services.SystemBundleService
06:55:11.516 [FXGL Background Thread 3 ] DEBUG Engine               - class com.almasb.fxgl.profile.SaveLoadService
06:55:11.516 [FXGL Background Thread 3 ] DEBUG Engine               - class com.almasb.fxgl.ui.FXGLUIFactoryServiceProvider
06:55:11.516 [FXGL Background Thread 3 ] DEBUG Engine               - class com.almasb.fxgl.ui.FXGLDialogFactoryServiceProvider
06:55:11.516 [FXGL Background Thread 3 ] DEBUG Engine               - class com.almasb.fxgl.audio.AudioPlayer
06:55:11.516 [FXGL Background Thread 3 ] DEBUG Engine               - class com.almasb.fxgl.notification.impl.NotificationServiceProvider
06:55:11.516 [FXGL Background Thread 3 ] DEBUG Engine               - class com.almasb.fxgl.achievement.AchievementService
06:55:11.516 [FXGL Background Thread 3 ] DEBUG Engine               - class com.almasb.fxgl.cutscene.CutsceneService
06:55:11.516 [FXGL Background Thread 3 ] DEBUG Engine               - class com.almasb.fxgl.minigames.MiniGameService
06:55:11.517 [FXGL Background Thread 3 ] DEBUG Engine               - class com.almasb.fxgl.net.NetService
06:55:11.517 [FXGL Background Thread 3 ] DEBUG Engine               - class com.almasb.fxgl.app.services.UpdaterService
06:55:11.517 [FXGL Background Thread 3 ] DEBUG Engine               - class com.almasb.fxgl.dev.DevService
06:56:39.557 [JavaFX Application Thread] DEBUG FXGLAssetLoaderServi - Loading from file system: file:/C:/Users/gabri/Metegol/target/classes/assets/textures/FondoSimulacion.png
06:56:49.182 [JavaFX Application Thread] WARN  TMXLevelLoader       - TiledMap generated from 1.12.2. Supported version: 1.9.0. Some features may not be parsed fully.
06:56:49.195 [JavaFX Application Thread] DEBUG TMXLevelLoader       - Parsed TiledMap: file:/C:/Users/gabri/Metegol/target/classes/assets/levels/cancha.tmx
06:56:49.196 [JavaFX Application Thread] DEBUG TMXLevelLoader       - Creating tile layer entities
06:56:49.200 [JavaFX Application Thread] DEBUG TilesetLoader        - Loading view for layer Tile Layer 1
06:56:49.204 [JavaFX Application Thread] DEBUG TilesetLoader        - Created buffer with size 1280.0x1440.0
06:56:49.256 [JavaFX Application Thread] DEBUG TMXLevelLoader       - Creating object layer entities
06:56:49.283 [JavaFX Application Thread] DEBUG GameWorld            - Clearing removable entities
06:56:49.285 [JavaFX Application Thread] DEBUG GameWorld            - Setting level: com.almasb.fxgl.entity.level.Level@41da5f7a
06:56:49.326 [JavaFX Application Thread] DEBUG Input                - Registered new binding: Arriba - W
06:56:49.326 [JavaFX Application Thread] DEBUG Input                - Registered new binding: Abajo - S
06:56:49.327 [JavaFX Application Thread] DEBUG Input                - Registered new binding: Izquierda - A
06:56:49.327 [JavaFX Application Thread] DEBUG Input                - Registered new binding: Derecha - D
06:56:49.327 [JavaFX Application Thread] DEBUG Input                - Registered new binding: Alternar Defensor - Q
06:56:49.327 [JavaFX Application Thread] DEBUG Input                - Registered new binding: Controlar Portero - Space
06:57:05.231 [JavaFX Application Thread] WARN  TMXLevelLoader       - TiledMap generated from 1.12.2. Supported version: 1.9.0. Some features may not be parsed fully.
06:57:05.242 [JavaFX Application Thread] DEBUG TMXLevelLoader       - Parsed TiledMap: file:/C:/Users/gabri/Metegol/target/classes/assets/levels/cancha.tmx
06:57:05.242 [JavaFX Application Thread] DEBUG TMXLevelLoader       - Creating tile layer entities
06:57:05.243 [JavaFX Application Thread] DEBUG TilesetLoader        - Loading view for layer Tile Layer 1
06:57:05.248 [JavaFX Application Thread] DEBUG TilesetLoader        - Created buffer with size 1280.0x1440.0
06:57:05.298 [JavaFX Application Thread] DEBUG TMXLevelLoader       - Creating object layer entities
06:57:05.306 [JavaFX Application Thread] DEBUG GameWorld            - Clearing removable entities
06:57:05.306 [JavaFX Application Thread] DEBUG GameWorld            - Setting level: com.almasb.fxgl.entity.level.Level@45366e87
06:57:17.008 [JavaFX Application Thread] WARN  TMXLevelLoader       - TiledMap generated from 1.12.2. Supported version: 1.9.0. Some features may not be parsed fully.
06:57:17.014 [JavaFX Application Thread] DEBUG TMXLevelLoader       - Parsed TiledMap: file:/C:/Users/gabri/Metegol/target/classes/assets/levels/cancha.tmx
06:57:17.015 [JavaFX Application Thread] DEBUG TMXLevelLoader       - Creating tile layer entities
06:57:17.015 [JavaFX Application Thread] DEBUG TilesetLoader        - Loading view for layer Tile Layer 1
06:57:17.021 [JavaFX Application Thread] DEBUG TilesetLoader        - Created buffer with size 1280.0x1440.0
06:57:17.061 [JavaFX Application Thread] DEBUG TMXLevelLoader       - Creating object layer entities
06:57:17.065 [JavaFX Application Thread] DEBUG GameWorld            - Clearing removable entities
06:57:17.065 [JavaFX Application Thread] DEBUG GameWorld            - Setting level: com.almasb.fxgl.entity.level.Level@70345563
06:57:32.431 [JavaFX Application Thread] WARN  TMXLevelLoader       - TiledMap generated from 1.12.2. Supported version: 1.9.0. Some features may not be parsed fully.
06:57:32.440 [JavaFX Application Thread] DEBUG TMXLevelLoader       - Parsed TiledMap: file:/C:/Users/gabri/Metegol/target/classes/assets/levels/cancha.tmx
06:57:32.440 [JavaFX Application Thread] DEBUG TMXLevelLoader       - Creating tile layer entities
06:57:32.440 [JavaFX Application Thread] DEBUG TilesetLoader        - Loading view for layer Tile Layer 1
06:57:32.446 [JavaFX Application Thread] DEBUG TilesetLoader        - Created buffer with size 1280.0x1440.0
06:57:32.533 [JavaFX Application Thread] DEBUG TMXLevelLoader       - Creating object layer entities
06:57:32.540 [JavaFX Application Thread] DEBUG GameWorld            - Clearing removable entities
06:57:32.540 [JavaFX Application Thread] DEBUG GameWorld            - Setting level: com.almasb.fxgl.entity.level.Level@794e7142
06:57:46.862 [JavaFX Application Thread] DEBUG FXGLApplication      - Exiting FXGL
06:57:46.862 [JavaFX Application Thread] DEBUG LoopRunner           - Stopping loop
06:57:46.863 [JavaFX Application Thread] DEBUG SystemBundleService  - Saving FXGL system data
06:57:46.868 [JavaFX Application Thread] DEBUG FileSystemAccess     - Writing to: C:\Users\gabri\Metegol\system\fxgl.bundle
06:57:46.872 [JavaFX Application Thread] DEBUG Async                - Shutting down background threads
06:57:46.873 [JavaFX Application Thread] DEBUG PrimaryStageWindow   - Closing main window
06:57:46.902 [JavaFX Application Thread] DEBUG Logger               - Closing Logger
